ets Jul 29 2019 12:21:46

rst:0x1 (POWERON_RESET),boot:0x13 (SPI_FAST_FLASH_BOOT)
configsip: 0, SPIWP:0xee
clk_drv:0x00,q_drv:0x00,d_drv:0x00,cs0_drv:0x00,hd_drv:0x00,wp_drv:0x00
mode:DIO, clock div:2
load:0x3fff0030,len:7084
ho 0 tail 12 room 4
load:0x40078000,len:15576
ho 0 tail 12 room 4
load:0x40080400,len:4
load:0x40080404,len:3876
entry 0x4008064c
[0;32mI (33) boot: ESP-IDF v5.1-dirty 2nd stage bootloader[0m
[0;32mI (33) boot: compile time May 21 2024 12:53:41[0m
[0;32mI (33) boot: Multicore bootloader[0m
[0;32mI (38) boot: chip revision: v3.1[0m
[0;32mI (41) boot.esp32: SPI Speed      : 40MHz[0m
[0;32mI (46) boot.esp32: SPI Mode       : DIO[0m
[0;32mI (51) boot.esp32: SPI Flash Size : 2MB[0m
[0;32mI (55) boot: Enabling RNG early entropy source...[0m
[0;32mI (61) boot: Partition Table:[0m
[0;32mI (64) boot: ## Label            Usage          Type ST Offset   Length[0m
[0;32mI (71) boot:  0 nvs              WiFi data        01 02 00009000 00006000[0m
[0;32mI (79) boot:  1 phy_init         RF data          01 01 0000f000 00001000[0m
[0;32mI (86) boot:  2 factory          factory app      00 00 00010000 00100000[0m
[0;32mI (94) boot: End of partition table[0m
[0;32mI (98) esp_image: segment 0: paddr=00010020 vaddr=3f400020 size=257b4h (153524) map[0m
[0;32mI (162) esp_image: segment 1: paddr=000357dc vaddr=3ffbdb60 size=0472ch ( 18220) load[0m
[0;32mI (169) esp_image: segment 2: paddr=00039f10 vaddr=40080000 size=06108h ( 24840) load[0m
[0;32mI (180) esp_image: segment 3: paddr=00040020 vaddr=400d0020 size=8f4c4h (586948) map[0m
[0;32mI (392) esp_image: segment 4: paddr=000cf4ec vaddr=40086108 size=1478ch ( 83852) load[0m
[0;32mI (440) boot: Loaded app from partition at offset 0x10000[0m
[0;32mI (441) boot: Disabling RNG early entropy source...[0m
[0;32mI (452) cpu_start: Multicore app[0m
[0;32mI (452) cpu_start: Pro cpu up.[0m
[0;32mI (453) cpu_start: Starting app cpu, entry point is 0x40081544[0m
[0;32mI (0) cpu_start: App cpu up.[0m
[0;32mI (470) cpu_start: Pro cpu start user code[0m
[0;32mI (470) cpu_start: cpu freq: 160000000 Hz[0m
[0;32mI (470) cpu_start: Application information:[0m
[0;32mI (475) cpu_start: Project name:     Potentio_ESP[0m
[0;32mI (480) cpu_start: App version:      b1d72289b-dirty[0m
[0;32mI (486) cpu_start: Compile time:     Jun 17 2024 14:16:29[0m
[0;32mI (492) cpu_start: ELF file SHA256:  87df602295ee5d13...[0m
[0;32mI (498) cpu_start: ESP-IDF:          v5.1-dirty[0m
[0;32mI (503) cpu_start: Min chip rev:     v0.0[0m
[0;32mI (508) cpu_start: Max chip rev:     v3.99 [0m
[0;32mI (513) cpu_start: Chip rev:         v3.1[0m
[0;32mI (518) heap_init: Initializing. RAM available for dynamic allocation:[0m
[0;32mI (525) heap_init: At 3FFAFF10 len 000000F0 (0 KiB): DRAM[0m
[0;32mI (531) heap_init: At 3FFB6388 len 00001C78 (7 KiB): DRAM[0m
[0;32mI (537) heap_init: At 3FFB9A20 len 00004108 (16 KiB): DRAM[0m
[0;32mI (543) heap_init: At 3FFC7700 len 00018900 (98 KiB): DRAM[0m
[0;32mI (549) heap_init: At 3FFE0440 len 00003AE0 (14 KiB): D/IRAM[0m
[0;32mI (556) heap_init: At 3FFE4350 len 0001BCB0 (111 KiB): D/IRAM[0m
[0;32mI (562) heap_init: At 4009A894 len 0000576C (21 KiB): IRAM[0m
[0;32mI (570) spi_flash: detected chip: generic[0m
[0;32mI (573) spi_flash: flash io: dio[0m
[0;33mW (577) spi_flash: Detected size(16384k) larger than the size in the binary image header(2048k). Using the size in the binary image header.[0m
[0;32mI (591) coexist: coex firmware version: ebddf30[0m
[0;32mI (596) app_start: Starting scheduler on CPU0[0m
[0;32[0;32mI (600) app_start: Starting scheduler on CPU1[0m
mI (600) main_task: Started on CPU0[0m
[0;32mI (610) main_task: Calling app_main()[0m
========================================================= 
.______     ______   .___________. _______ .__   __. .___________. __    ______        _______.___________.    ___   .___________.     
|   _  \  /  __   \ |            ||   ____||  \ |  | |           ||  |  /  __  \      /       |           |   /   \  |           |     
|  |_)  | |  |  |  | `---|  |----`|  |__   |   \|  | `---|  |----`|  | |  |  |  |    |   (----`---|  |----`  /  ^  \ `---|  |----`     
|   ___/  |  |  |  |     |  |     |   __|  |  . `  |     |  |     |  | |  |  |  |     \   \       |  |      /  /_\  \    |  |          
|  |      |  `--'  |     |  |     |  |____ |  |\   |     |  |     |  | |  `--'  | .----)   |      |  |     /  _____  \   |  |          
| _|       \______/      |__|     |_______||__| \__|     |__|     |__|  \______/  |_______/       |__|    /__/     \__\  |__|          
========================================================= 
[0;32mI (700) BTDM_INIT: BT controller compile version [ad2b7cd][0m
[0;32mI (710) phy_init: phy_version 4670,719f9f6,Feb 18 2021,17:07:07[0m
[0;32mI (1140) GATTS_DEMO: REGISTER_APP_EVT, status 0, app_id 0
[0m

***ERROR*** A stack overflow in task SDCARD has been detected.


Backtrace: 0x40081bde:0x3ffcb2b0 0x40092b61:0x3ffcb2d0 0x400955aa:0x3ffcb2f0 0x400941e3:0x3ffcb370 0x400956f8:0x3ffcb390 0x400956aa:0x3ffcb59c |<-CORRUPTED




ELF file SHA256: 87df602295ee5d13

Rebooting...
ets Jul 29 2019 12:21:46

rst:0xc (SW_CPU_RESET),boot:0x13 (SPI_FAST_FLASH_BOOT)
configsip: 0, SPIWP:0xee
clk_drv:0x00,q_drv:0x00,d_drv:0x00,cs0_drv:0x00,hd_drv:0x00,wp_drv:0x00
mode:DIO, clock div:2
load:0x3fff0030,len:7084
ho 0 tail 12 room 4
load:0x40078000,len:15576
ho 0 tail 12 room 4
load:0x40080400,len:4
load:0x40080404,len:3876
entry 0x4008064c
[0;32mI (32) boot: ESP-IDF v5.1-dirty 2nd stage bootloader[0m
[0;32mI (33) boot: compile time May 21 2024 12:53:41[0m
[0;32mI (33) boot: Multicore bootloader[0m
[0;32mI (37) boot: chip revision: v3.1[0m
[0;32mI (41) boot.esp32: SPI Speed      : 40MHz[0m
[0;32mI (46) boot.esp32: SPI Mode       : DIO[0m
[0;32mI (50) boot.esp32: SPI Flash Size : 2MB[0m
[0;32mI (55) boot: Enabling RNG early entropy source...[0m
[0;32mI (60) boot: Partition Table:[0m
[0;32mI (64) boot: ## Label            Usage          Type ST Offset   Length[0m
[0;32mI (71) boot:  0 nvs              WiFi data        01 02 00009000 00006000[0m
[0;32mI (79) boot:  1 phy_init         RF data          01 01 0000f000 00001000[0m
[0;32mI (86) boot:  2 factory          factory app      00 00 00010000 00100000[0m
[0;32mI (94) boot: End of partition table[0m
[0;32mI (98) esp_image: segment 0: paddr=00010020 vaddr=3f400020 size=257b4h (153524) map[0m
[0;32mI (162) esp_image: segment 1: paddr=000357dc vaddr=3ffbdb60 size=0472ch ( 18220) load[0m
[0;32mI (169) esp_image: segment 2: paddr=00039f10 vaddr=40080000 size=06108h ( 24840) load[0m
[0;32mI (180) esp_image: segment 3: paddr=00040020 vaddr=400d0020 size=8f4c4h (586948) map[0m
[0;32mI (392) esp_image: segment 4: paddr=000cf4ec vaddr=40086108 size=1478ch ( 83852) load[0m
[0;32mI (440) boot: Loaded app from partition at offset 0x10000[0m
[0;32mI (440) boot: Disabling RNG early entropy source...[0m
[0;32mI (452) cpu_start: Multicore app[0m
[0;32mI (452) cpu_start: Pro cpu up.[0m
[0;32mI (452) cpu_start: Starting app cpu, entry point is 0x40081544[0m
[0;32mI (439) cpu_start: App cpu up.[0m
[0;32mI (470) cpu_start: Pro cpu start user code[0m
[0;32mI (470) cpu_start: cpu freq: 160000000 Hz[0m
[0;32mI (471) cpu_start: Application information:[0m
[0;32mI (475) cpu_start: Project name:     Potentio_ESP[0m
[0;32mI (481) cpu_start: App version:      b1d72289b-dirty[0m
[0;32mI (486) cpu_start: Compile time:     Jun 17 2024 14:16:29[0m
[0;32mI (492) cpu_start: ELF file SHA256:  87df602295ee5d13...[0m
[0;32mI (498) cpu_start: ESP-IDF:          v5.1-dirty[0m
[0;32mI (503) cpu_start: Min chip rev:     v0.0[0m
[0;32mI (508) cpu_start: Max chip rev:     v3.99 [0m
[0;32mI (513) cpu_start: Chip rev:         v3.1[0m
[0;32mI (518) heap_init: Initializing. RAM available for dynamic allocation:[0m
[0;32mI (525) heap_init: At 3FFAFF10 len 000000F0 (0 KiB): DRAM[0m
[0;32mI (531) heap_init: At 3FFB6388 len 00001C78 (7 KiB): DRAM[0m
[0;32mI (537) heap_init: At 3FFB9A20 len 00004108 (16 KiB): DRAM[0m
[0;32mI (543) heap_init: At 3FFC7700 len 00018900 (98 KiB): DRAM[0m
[0;32mI (549) heap_init: At 3FFE0440 len 00003AE0 (14 KiB): D/IRAM[0m
[0;32mI (556) heap_init: At 3FFE4350 len 0001BCB0 (111 KiB): D/IRAM[0m
[0;32mI (562) heap_init: At 4009A894 len 0000576C (21 KiB): IRAM[0m
[0;32mI (570) spi_flash: detected chip: generic[0m
[0;32mI (573) spi_flash: flash io: dio[0m
[0;33mW (577) spi_flash: Detected size(16384k) larger than the size in the binary image header(2048k). Using the size in the binary image header.[0m
[0;32mI (591) coexist: coex firmware version: ebddf30[0m
[0;32mI (596) app_start: Starting scheduler on CPU0[0m
[0;32[0;32mI (601) app_start: Starting scheduler on CPU1[0m
mI (601) main_task: Started on CPU0[0m
[0;32mI (611) main_task: Calling app_main()[0m
========================================================= 
.______     ______   .___________. _______ .__   __. .___________. __    ______        _______.___________.    ___   .___________.     
|   _  \  /  __   \ |            ||   ____||  \ |  | |           ||  |  /  __  \      /       |           |   /   \  |           |     
|  |_)  | |  |  |  | `---|  |----`|  |__   |   \|  | `---|  |----`|  | |  |  |  |    |   (----`---|  |----`  /  ^  \ `---|  |----`     
|   ___/  |  |  |  |     |  |     |   __|  |  . `  |     |  |     |  | |  |  |  |     \   \       |  |      /  /_\  \    |  |          
|  |      |  `--'  |     |  |     |  |____ |  |\   |     |  |     |  | |  `--'  | .----)   |      |  |     /  _____  \   |  |          
| _|       \______/      |__|     |_______||__| \__|     |__|     |__|  \______/  |_______/       |__|    /__/     \__\  |__|          
========================================================= 
[0;32mI (701) BTDM_INIT: BT controller compile version [ad2b7cd][0m
[0;32mI (711) phy_init: phy_version 4670,719f9f6,Feb 18 2021,17:07:07[0m
[0;32mI (1141) GATTS_DEMO: REGISTER_APP_EVT, status 0, app_id 0
[0m
[0;32mI (1151) GATTS_DEMO: CREATE_SERVICE_EVT, status 0,  service_handle 40
[0m
[0;32mI (1151) GATTS_DEMO: REGISTER_APP_EVT, status 0, app_id 1
[0m
[0;32mI (1161) SDCARD:
***ERROR*** A stack overflow in task SDCARD has been detected.


Backtrace: 0x40081bde:0x3ffcb270 0x40092b61:0x3ffcb290 0x400955aa:0x3ffcb2b0 0x400941e3:0x3ffcb330 0x400956f8:0x3ffcb350 0x400956aa:0xa5a5a5a5 |<-CORRUPTED




ELF file SHA256: 87df602295ee5d13

Rebooting...
ets Jul 29 2019 12:21:46

rst:0xc (SW_CPU_RESET),boot:0x13 (SPI_FAST_FLASH_BOOT)
configsip: 0, SPIWP:0xee
clk_drv:0x00,q_drv:0x00,d_drv:0x00,cs0_drv:0x00,hd_drv:0x00,wp_drv:0x00
mode:DIO, clock div:2
load:0x3fff0030,len:7084
ho 0 tail 12 room 4
load:0x40078000,len:15576
ho 0 tail 12 room 4
load:0x40080400,len:4
load:0x40080404,len:3876
entry 0x4008064c
[0;32mI (32) boot: ESP-IDF v5.1-dirty 2nd stage bootloader[0m
[0;32mI (33) boot: compile time May 21 2024 12:53:41[0m
[0;32mI (33) boot: Multicore bootloader[0m
[0;32mI (37) boot: chip revision: v3.1[0m
[0;32mI (41) boot.esp32: SPI Speed      : 40MHz[0m
[0;32mI (46) boot.esp32: SPI Mode       : DIO[0m
[0;32mI (50) boot.esp32: SPI Flash Size : 2MB[0m
[0;32mI (55) boot: Enabling RNG early entropy source...[0m
[0;32mI (60) boot: Partition Table:[0m
[0;32mI (64) boot: ## Label            Usage          Type ST Offset   Length[0m
[0;32mI (71) boot:  0 nvs              WiFi data        01 02 00009000 00006000[0m
[0;32mI (79) boot:  1 phy_init         RF data          01 01 0000f000 00001000[0m
[0;32mI (86) boot:  2 factory          factory app      00 00 00010000 00100000[0m
[0;32mI (94) boot: End of partition table[0m
[0;32mI (98) esp_image: segment 0: paddr=00010020 vaddr=3f400020 size=257b4h (153524) map[0m
[0;32mI (162) esp_image: segment 1: paddr=000357dc vaddr=3ffbdb60 size=0472ch ( 18220) load[0m
[0;32mI (169) esp_image: segment 2: paddr=00039f10 vaddr=40080000 size=06108h ( 24840) load[0m
[0;32mI (180) esp_image: segment 3: paddr=00040020 vaddr=400d0020 size=8f4c4h (586948) map[0m
[0;32mI (392) esp_image: segment 4: paddr=000cf4ec vaddr=40086108 size=1478ch ( 83852) load[0m
[0;32mI (440) boot: Loaded app from partition at offset 0x10000[0m
[0;32mI (440) boot: Disabling RNG early entropy source...[0m
[0;32mI (452) cpu_start: Multicore app[0m
[0;32mI (452) cpu_start: Pro cpu up.[0m
[0;32mI (452) cpu_start: Starting app cpu, entry point is 0x40081544[0m
[0;32mI (439) cpu_start: App cpu up.[0m
[0;32mI (470) cpu_start: Pro cpu start user code[0m
[0;32mI (470) cpu_start: cpu freq: 160000000 Hz[0m
[0;32mI (471) cpu_start: Application information:[0m
[0;32mI (475) cpu_start: Project name:     Potentio_ESP[0m
[0;32mI (481) cpu_start: App version:      b1d72289b-dirty[0m
[0;32mI (486) cpu_start: Compile time:     Jun 17 2024 14:16:29[0m
[0;32mI (492) cpu_start: ELF file SHA256:  87df602295ee5d13...[0m
[0;32mI (498) cpu_start: ESP-IDF:          v5.1-dirty[0m
[0;32mI (503) cpu_start: Min chip rev:     v0.0[0m
[0;32mI (508) cpu_start: Max chip rev:     v3.99 [0m
[0;32mI (513) cpu_start: Chip rev:         v3.1[0m
[0;32mI (518) heap_init: Initializing. RAM available for dynamic allocation:[0m
[0;32mI (525) heap_init: At 3FFAFF10 len 000000F0 (0 KiB): DRAM[0m
[0;32mI (531) heap_init: At 3FFB6388 len 00001C78 (7 KiB): DRAM[0m
[0;32mI (537) heap_init: At 3FFB9A20 len 00004108 (16 KiB): DRAM[0m
[0;32mI (543) heap_init: At 3FFC7700 len 00018900 (98 KiB): DRAM[0m
[0;32mI (549) heap_init: At 3FFE0440 len 00003AE0 (14 KiB): D/IRAM[0m
[0;32mI (556) heap_init: At 3FFE4350 len 0001BCB0 (111 KiB): D/IRAM[0m
[0;32mI (562) heap_init: At 4009A894 len 0000576C (21 KiB): IRAM[0m
[0;32mI (570) spi_flash: detected chip: generic[0m
[0;32mI (573) spi_flash: flash io: dio[0m
[0;33mW (577) spi_flash: Detected size(16384k) larger than the size in the binary image header(2048k). Using the size in the binary image header.[0m
[0;32mI (591) coexist: coex firmware version: ebddf30[0m
[0;32mI (596) app_start: Starting scheduler on CPU0[0m
[0;32[0;32mI (601) app_start: Starting scheduler on CPU1[0m
mI (601) main_task: Started on CPU0[0m
[0;32mI (611) main_task: Calling app_main()[0m
========================================================= 
.______     ______   .___________. _______ .__   __. .___________. __    ______        _______.___________.    ___   .___________.     
|   _  \  /  __   \ |            ||   ____||  \ |  | |           ||  |  /  __  \      /       |           |   /   \  |           |     
|  |_)  | |  |  |  | `---|  |----`|  |__   |   \|  | `---|  |----`|  | |  |  |  |    |   (----`---|  |----`  /  ^  \ `---|  |----`     
|   ___/  |  |  |  |     |  |     |   __|  |  . `  |     |  |     |  | |  |  |  |     \   \       |  |      /  /_\  \    |  |          
|  |      |  `--'  |     |  |     |  |____ |  |\   |     |  |     |  | |  `--'  | .----)   |      |  |     /  _____  \   |  |          
| _|       \______/      |__|     |_______||__| \__|     |__|     |__|  \______/  |_______/       |__|    /__/     \__\  |__|          
========================================================= 
[0;32mI (701) BTDM_INIT: BT controller compile version [ad2b7cd][0m
[0;32mI (711) phy_init: phy_version 4670,719f9f6,Feb 18 2021,17:07:07[0m
[0;32mI (1131) GATTS_DEMO: REGISTER_APP_EVT, status 0, app_id 0
[0m
[0;32mI (1141) SDCARD: Initializing SD card[0m
[0;32mI (1141) SDCARD: Using SPI peripheral[0m

***ERROR*** A stack overflow in task SDCARD has been detected.


Backtrace: 0x40081bde:0x3ffcb600 0x40092b61:0x3ffcb620 0x400955aa:0x3ffcb640 0x400941e3:0x3ffcb6c0 0x400956f8:0x3ffcb6e0 0x400956aa:0x3f404a0d |<-CORRUPTED




ELF file SHA256: 87df602295ee5d13

Rebooting...
ets Jul 29 2019 12:21:46

rst:0xc (SW_CPU_RESET),boot:0x13 (SPI_FAST_FLASH_BOOT)
configsip: 0, SPIWP:0xee
clk_drv:0x00,q_drv:0x00,d_drv:0x00,cs0_drv:0x00,hd_drv:0x00,wp_drv:0x00
mode:DIO, clock div:2
load:0x3fff0030,len:7084
ho 0 tail 12 room 4
load:0x40078000,len:15576
ho 0 tail 12 room 4
load:0x40080400,len:4
load:0x40080404,len:3876
entry 0x4008064c
[0;32mI (32) boot: ESP-IDF v5.1-dirty 2nd stage bootloader[0m
[0;32mI (33) boot: compile time May 21 2024 12:53:41[0m
[0;32mI (33) boot: Multicore bootloader[0m
[0;32mI (37) boot: chip revision: v3.1[0m
[0;32mI (41) boot.esp32: SPI Speed      : 40MHz[0m
[0;32mI (46) boot.esp32: SPI Mode       : DIO[0m
[0;32mI (50) boot.esp32: SPI Flash Size : 2MB[0m
[0;32mI (55) boot: Enabling RNG early entropy source...[0m
[0;32mI (60) boot: Partition Table:[0m
[0;32mI (64) boot: ## Label            Usage          Type ST Offset   Length[0m
[0;32mI (71) boot:  0 nvs              WiFi data        01 02 00009000 00006000[0m
[0;32mI (79) boot:  1 phy_init         RF data          01 01 0000f000 00001000[0m
[0;32mI (86) boot:  2 factory          factory app      00 00 00010000 00100000[0m
[0;32mI (94) boot: End of partition table[0m
[0;32mI (98) esp_image: segment 0: paddr=00010020 vaddr=3f400020 size=257b4h (153524) map[0m
[0;32mI (162) esp_image: segment 1: paddr=000357dc vaddr=3ffbdb60 size=0472ch ( 18220) load[0m
[0;32mI (169) esp_image: segment 2: paddr=00039f10 vaddr=40080000 size=06108h ( 24840) load[0m
[0;32mI (180) esp_image: segment 3: paddr=00040020 vaddr=400d0020 size=8f4c4h (586948) map[0m
[0;32mI (392) esp_image: segment 4: paddr=000cf4ec vaddr=40086108 size=1478ch ( 83852) load[0m
[0;32mI (440) boot: Loaded app from partition at offset 0x10000[0m
[0;32mI (440) boot: Disabling RNG early entropy source...[0m
[0;32mI (452) cpu_start: Multicore app[0m
[0;32mI (452) cpu_start: Pro cpu up.[0m
[0;32mI (452) cpu_start: Starting app cpu, entry point is 0x40081544[0m
[0;32mI (439) cpu_start: App cpu up.[0m
[0;32mI (470) cpu_start: Pro cpu start user code[0m
[0;32mI (470) cpu_start: cpu freq: 160000000 Hz[0m
[0;32mI (471) cpu_start: Application information:[0m
[0;32mI (475) cpu_start: Project name:     Potentio_ESP[0m
[0;32mI (481) cpu_start: App version:      b1d72289b-dirty[0m
[0;32mI (486) cpu_start: Compile time:     Jun 17 2024 14:16:29[0m
[0;32mI (492) cpu_start: ELF file SHA256:  87df602295ee5d13...[0m
[0;32mI (498) cpu_start: ESP-IDF:          v5.1-dirty[0m
[0;32mI (503) cpu_start: Min chip rev:     v0.0[0m
[0;32mI (508) cpu_start: Max chip rev:     v3.99 [0m
[0;32mI (513) cpu_start: Chip rev:         v3.1[0m
[0;32mI (518) heap_init: Initializing. RAM available for dynamic allocation:[0m
[0;32mI (525) heap_init: At 3FFAFF10 len 000000F0 (0 KiB): DRAM[0m
[0;32mI (531) heap_init: At 3FFB6388 len 00001C78 (7 KiB): DRAM[0m
[0;32mI (537) heap_init: At 3FFB9A20 len 00004108 (16 KiB): DRAM[0m
[0;32mI (543) heap_init: At 3FFC7700 len 00018900 (98 KiB): DRAM[0m
[0;32mI (549) heap_init: At 3FFE0440 len 00003AE0 (14 KiB): D/IRAM[0m
[0;32mI (556) heap_init: At 3FFE4350 len 0001BCB0 (111 KiB): D/IRAM[0m
[0;32mI (562) heap_init: At 4009A894 len 0000576C (21 KiB): IRAM[0m
[0;32mI (570) spi_flash: detected chip: generic[0m
[0;32mI (573) spi_flash: flash io: dio[0m
[0;33mW (577) spi_flash: Detected size(16384k) larger than the size in the binary image header(2048k). Using the size in the binary image header.[0m
[0;32mI (591) coexist: coex firmware version: ebddf30[0m
[0;32mI (596) app_start: Starting scheduler on CPU0[0m
[0;32[0;32mI (601) app_start: Starting scheduler on CPU1[0m
mI (601) main_task: Started on CPU0[0m
[0;32mI (611) main_task: Calling app_main()[0m
========================================================= 
.______     ______   .___________. _______ .__   __. .___________. __    ______        _______.___________.    ___   .___________.     
|   _  \  /  __   \ |            ||   ____||  \ |  | |           ||  |  /  __  \      /       |           |   /   \  |           |     
|  |_)  | |  |  |  | `---|  |----`|  |__   |   \|  | `---|  |----`|  | |  |  |  |    |   (----`---|  |----`  /  ^  \ `---|  |----`     
|   ___/  |  |  |  |     |  |     |   __|  |  . `  |     |  |     |  | |  |  |  |     \   \       |  |      /  /_\  \    |  |          
|  |      |  `--'  |     |  |     |  |____ |  |\   |     |  |     |  | |  `--'  | .----)   |      |  |     /  _____  \   |  |          
| _|       \______/      |__|     |_______||__| \__|     |__|     |__|  \______/  |_______/       |__|    /__/     \__\  |__|          
========================================================= 
[0;32mI (701) BTDM_INIT: BT controller compile version [ad2b7cd][0m
[0;32mI (711) phy_init: phy_version 4670,719f9f6,Feb 18 2021,17:07:07[0m
[0;32mI (1131) GATTS_DEMO: REGISTER_APP_EVT, status 0, app_id 0
[0m
[0;32mI (1141) SDCARD: Initializing SD card[0m
[0;32mI (1141) SDCARD: Using SPI peripheral[0m

***ERROR*** A stack overflow in task SDCARD has been detected.


Backtrace: 0x40081bde:0x3ffcb5b0 0x40092b61:0x3ffcb5d0 0x400955aa:0x3ffcb5f0 0x400941e3:0x3ffcb670 0x400956f8:0x3ffcb690 0x400956aa:0x3ffcb644 |<-CORRUPTED




ELF file SHA256: 87df602295ee5d13

Rebooting...
ets Jul 29 2019 12:21:46

rst:0xc (SW_CPU_RESET),boot:0x13 (SPI_FAST_FLASH_BOOT)
configsip: 0, SPIWP:0xee
clk_drv:0x00,q_drv:0x00,d_drv:0x00,cs0_drv:0x00,hd_drv:0x00,wp_drv:0x00
mode:DIO, clock div:2
load:0x3fff0030,len:7084
ho 0 tail 12 room 4
load:0x40078000,len:15576
ho 0 tail 12 room 4
load:0x40080400,len:4
load:0x40080404,len:3876
entry 0x4008064c
[0;32mI (32) boot: ESP-IDF v5.1-dirty 2nd stage bootloader[0m
[0;32mI (33) boot: compile time May 21 2024 12:53:41[0m
[0;32mI (33) boot: Multicore bootloader[0m
[0;32mI (37) boot: chip revision: v3.1[0m
[0;32mI (41) boot.esp32: SPI Speed      : 40MHz[0m
[0;32mI (46) boot.esp32: SPI Mode       : DIO[0m
[0;32mI (50) boot.esp32: SPI Flash Size : 2MB[0m
[0;32mI (55) boot: Enabling RNG early entropy source...[0m
[0;32mI (60) boot: Partition Table:[0m
[0;32mI (64) boot: ## Label            Usage          Type ST Offset   Length[0m
[0;32mI (71) boot:  0 nvs              WiFi data        01 02 00009000 00006000[0m
[0;32mI (79) boot:  1 phy_init         RF data          01 01 0000f000 00001000[0m
[0;32mI (86) boot:  2 factory          factory app      00 00 00010000 00100000[0m
[0;32mI (94) boot: End of partition table[0m
[0;32mI (98) esp_image: segment 0: paddr=00010020 vaddr=3f400020 size=257b4h (153524) map[0m
[0;32mI (162) esp_image: segment 1: paddr=000357dc vaddr=3ffbdb60 size=0472ch ( 18220) load[0m
[0;32mI (169) esp_image: segment 2: paddr=00039f10 vaddr=40080000 size=06108h ( 24840) load[0m
[0;32mI (180) esp_image: segment 3: paddr=00040020 vaddr=400d0020 size=8f4c4h (586948) map[0m
[0;32mI (392) esp_image: segment 4: paddr=000cf4ec vaddr=40086108 size=1478ch ( 83852) load[0m
[0;32mI (440) boot: Loaded app from partition at offset 0x10000[0m
[0;32mI (440) boot: Disabling RNG early entropy source...[0m
[0;32mI (452) cpu_start: Multicore app[0m
[0;32mI (452) cpu_start: Pro cpu up.[0m
[0;32mI (452) cpu_start: Starting app cpu, entry point is 0x40081544[0m
[0;32mI (439) cpu_start: App cpu up.[0m
[0;32mI (470) cpu_start: Pro cpu start user code[0m
[0;32mI (470) cpu_start: cpu freq: 160000000 Hz[0m
[0;32mI (471) cpu_start: Application information:[0m
[0;32mI (475) cpu_start: Project name:     Potentio_ESP[0m
[0;32mI (481) cpu_start: App version:      b1d72289b-dirty[0m
[0;32mI (486) cpu_start: Compile time:     Jun 17 2024 14:16:29[0m
[0;32mI (492) cpu_start: ELF file SHA256:  87df602295ee5d13...[0m
[0;32mI (498) cpu_start: ESP-IDF:          v5.1-dirty[0m
[0;32mI (503) cpu_start: Min chip rev:     v0.0[0m
[0;32mI (508) cpu_start: Max chip rev:     v3.99 [0m
[0;32mI (513) cpu_start: Chip rev:         v3.1[0m
[0;32mI (518) heap_init: Initializing. RAM available for dynamic allocation:[0m
[0;32mI (525) heap_init: At 3FFAFF10 len 000000F0 (0 KiB): DRAM[0m
[0;32mI (531) heap_init: At 3FFB6388 len 00001C78 (7 KiB): DRAM[0m
[0;32mI (537) heap_init: At 3FFB9A20 len 00004108 (16 KiB): DRAM[0m
[0;32mI (543) heap_init: At 3FFC7700 len 00018900 (98 KiB): DRAM[0m
[0;32mI (549) heap_init: At 3FFE0440 len 00003AE0 (14 KiB): D/IRAM[0m
[0;32mI (556) heap_init: At 3FFE4350 len 0001BCB0 (111 KiB): D/IRAM[0m
[0;32mI (562) heap_init: At 4009A894 len 0000576C (21 KiB): IRAM[0m
[0;32mI (570) spi_flash: detected chip: generic[0m
[0;32mI (573) spi_flash: flash io: dio[0m
[0;33mW (577) spi_flash: Detected size(16384k) larger than the size in the binary image header(2048k). Using the size in the binary image header.[0m
[0;32mI (591) coexist: coex firmware version: ebddf30[0m
[0;32mI (596) app_start: Starting scheduler on CPU0[0m
[0;32[0;32mI (601) app_start: Starting scheduler on CPU1[0m
mI (601) main_task: Started on CPU0[0m
[0;32mI (611) main_task: Calling app_main()[0m
========================================================= 
.______     ______   .___________. _______ .__   __. .___________. __    ______        _______.___________.    ___   .___________.     
|   _  \  /  __   \ |            ||   ____||  \ |  | |           ||  |  /  __  \      /       |           |   /   \  |           |     
|  |_)  | |  |  |  | `---|  |----`|  |__   |   \|  | `---|  |----`|  | |  |  |  |    |   (----`---|  |----`  /  ^  \ `---|  |----`     
|   ___/  |  |  |  |     |  |     |   __|  |  . `  |     |  |     |  | |  |  |  |     \   \       |  |      /  /_\  \    |  |          
|  |      |  `--'  |     |  |     |  |____ |  |\   |     |  |     |  | |  `--'  | .----)   |      |  |     /  _____  \   |  |          
| _|       \______/      |__|     |_______||__| \__|     |__|     |__|  \______/  |_______/       |__|    /__/     \__\  |__|          
========================================================= 
[0;32mI (701) BTDM_INIT: BT controller compile version [ad2b7cd][0m
[0;32mI (711) phy_init: phy_version 4670,719f9f6,Feb 18 2021,17:07:07[0m
[0;32mI (1131) GATTS_DEMO: REGISTER_APP_EVT, status 0, app_id 0
[0m
[0;32mI (1131) SDCARD: Initializing SD card[0m
[0;32mI (1131) SDCARD: Using SPI peripheral[0m

***ERROR*** A stack overflow in task SDCARD has been detected.


Backtrace: 0x40081bde:0x3ffcb5b0 0x40092b61:0x3ffcb5d0 0x400955aa:0x3ffcb5f0 0x400941e3:0x3ffcb670 0x400956f8:0x3ffcb690 0x400956aa:0x3ffcb644 |<-CORRUPTED




ELF file SHA256: 87df602295ee5d13

Rebooting...
ets Jul 29 2019 12:21:46

rst:0xc (SW_CPU_RESET),boot:0x13 (SPI_FAST_FLASH_BOOT)
configsip: 0, SPIWP:0xee
clk_drv:0x00,q_drv:0x00,d_drv:0x00,cs0_drv:0x00,hd_drv:0x00,wp_drv:0x00
mode:DIO, clock div:2
load:0x3fff0030,len:7084
ho 0 tail 12 room 4
load:0x40078000,len:15576
ho 0 tail 12 room 4
load:0x40080400,len:4
load:0x40080404,len:3876
entry 0x4008064c
[0;32mI (32) boot: ESP-IDF v5.1-dirty 2nd stage bootloader[0m
[0;32mI (33) boot: compile time May 21 2024 12:53:41[0m
[0;32mI (33) boot: Multicore bootloader[0m
[0;32mI (37) boot: chip revision: v3.1[0m
[0;32mI (41) boot.esp32: SPI Speed      : 40MHz[0m
[0;32mI (46) boot.esp32: SPI Mode       : DIO[0m
[0;32mI (50) boot.esp32: SPI Flash Size : 2MB[0m
[0;32mI (55) boot: Enabling RNG early entropy source...[0m
[0;32mI (60) boot: Partition Table:[0m
[0;32mI (64) boot: ## Label            Usage          Type ST Offset   Length[0m
[0;32mI (71) boot:  0 nvs              WiFi data        01 02 00009000 00006000[0m
[0;32mI (79) boot:  1 phy_init         RF data          01 01 0000f000 00001000[0m
[0;32mI (86) boot:  2 factory          factory app      00 00 00010000 00100000[0m
[0;32mI (94) boot: End of partition table[0m
[0;32mI (98) esp_image: segment 0: paddr=00010020 vaddr=3f400020 size=257b4h (153524) map[0m
[0;32mI (162) esp_image: segment 1: paddr=000357dc vaddr=3ffbdb60 size=0472ch ( 18220) load[0m
[0;32mI (169) esp_image: segment 2: paddr=00039f10 vaddr=40080000 size=06108h ( 24840) load[0m
[0;32mI (180) esp_image: segment 3: paddr=00040020 vaddr=400d0020 size=8f4c4h (586948) map[0m
[0;32mI (392) esp_image: segment 4: paddr=000cf4ec vaddr=40086108 size=1478ch ( 83852) load[0m
[0;32mI (440) boot: Loaded app from partition at offset 0x10000[0m
[0;32mI (440) boot: Disabling RNG early entropy source...[0m
[0;32mI (452) cpu_start: Multicore app[0m
[0;32mI (452) cpu_start: Pro cpu up.[0m
[0;32mI (452) cpu_start: Starting app cpu, entry point is 0x40081544[0m
[0;32mI (439) cpu_start: App cpu up.[0m
[0;32mI (470) cpu_start: Pro cpu start user code[0m
[0;32mI (470) cpu_start: cpu freq: 160000000 Hz[0m
[0;32mI (471) cpu_start: Application information:[0m
[0;32mI (475) cpu_start: Project name:     Potentio_ESP[0m
[0;32mI (481) cpu_start: App version:      b1d72289b-dirty[0m
[0;32mI (486) cpu_start: Compile time:     Jun 17 2024 14:16:29[0m
[0;32mI (492) cpu_start: ELF file SHA256:  87df602295ee5d13...[0m
[0;32mI (498) cpu_start: ESP-IDF:          v5.1-dirty[0m
[0;32mI (503) cpu_start: Min chip rev:     v0.0[0m
[0;32mI (508) cpu_start: Max chip rev:     v3.99 [0m
[0;32mI (513) cpu_start: Chip rev:         v3.1[0m
[0;32mI (518) heap_init: Initializing. RAM available for dynamic allocation:[0m
[0;32mI (525) heap_init: At 3FFAFF10 len 000000F0 (0 KiB): DRAM[0m
[0;32mI (531) heap_init: At 3FFB6388 len 00001C78 (7 KiB): DRAM[0m
[0;32mI (537) heap_init: At 3FFB9A20 len 00004108 (16 KiB): DRAM[0m
[0;32mI (543) heap_init: At 3FFC7700 len 00018900 (98 KiB): DRAM[0m
[0;32mI (549) heap_init: At 3FFE0440 len 00003AE0 (14 KiB): D/IRAM[0m
[0;32mI (556) heap_init: At 3FFE4350 len 0001BCB0 (111 KiB): D/IRAM[0m
[0;32mI (562) heap_init: At 4009A894 len 0000576C (21 KiB): IRAM[0m
[0;32mI (570) spi_flash: detected chip: generic[0m
[0;32mI (573) spi_flash: flash io: dio[0m
[0;33mW (577) spi_flash: Detected size(16384k) larger than the size in the binary image header(2048k). Using the size in the binary image header.[0m
[0;32mI (591) coexist: coex firmware version: ebddf30[0m
[0;32mI (596) app_start: Starting scheduler on CPU0[0m
[0;32[0;32mI (601) app_start: Starting scheduler on CPU1[0m
mI (601) main_task: Started on CPU0[0m
[0;32mI (611) main_task: Calling app_main()[0m
========================================================= 
.______     ______   .___________. _______ .__   __. .___________. __    ______        _______.___________.    ___   .___________.     
|   _  \  /  __   \ |            ||   ____||  \ |  | |           ||  |  /  __  \      /       |           |   /   \  |           |     
|  |_)  | |  |  |  | `---|  |----`|  |__   |   \|  | `---|  |----`|  | |  |  |  |    |   (----`---|  |----`  /  ^  \ `---|  |----`     
|   ___/  |  |  |  |     |  |     |   __|  |  . `  |     |  |     |  | |  |  |  |     \   \       |  |      /  /_\  \    |  |          
|  |      |  `--'  |     |  |     |  |____ |  |\   |     |  |     |  | |  `--'  | .----)   |      |  |     /  _____  \   |  |          
| _|       \______/      |__|     |_______||__| \__|     |__|     |__|  \______/  |_______/       |__|    /__/     \__\  |__|          
========================================================= 
[0;32mI (701) BTDM_INIT: BT controller compile version [ad2b7cd][0m
[0;32mI (711) phy_init: phy_version 4670,719f9f6,Feb 18 2021,17:07:07[0m
[0;32mI (1141) GATTS_DEMO: REGISTER_APP_EVT, status 0, app_id 0
[0m
[0;32mI (1151) GATTS_DEMO: CREATE_SERVICE_EVT, status 0,  service_handle 40
[0m
[0;32mI (1151) GATTS_DEMO: REGISTER_APP_EVT, status 0, app_id 1
[0m
[0;32mI (1161) SDCARD:
***ERROR*** A stack overflow in task SDCARD has been detected.


Backtrace: 0x40081bde:0x3ffcb270 0x40092b61:0x3ffcb290 0x400955aa:0x3ffcb2b0 0x400941e3:0x3ffcb330 0x400956f8:0x3ffcb350 0x400956aa:0xa5a5a5a5 |<-CORRUPTED




ELF file SHA256: 87df602295ee5d13

Rebooting...
ets Jul 29 2019 12:21:46

rst:0xc (SW_CPU_RESET),boot:0x13 (SPI_FAST_FLASH_BOOT)
configsip: 0, SPIWP:0xee
clk_drv:0x00,q_drv:0x00,d_drv:0x00,cs0_drv:0x00,hd_drv:0x00,wp_drv:0x00
mode:DIO, clock div:2
load:0x3fff0030,len:7084
ho 0 tail 12 room 4
load:0x40078000,len:15576
ho 0 tail 12 room 4
load:0x40080400,len:4
load:0x40080404,len:3876
entry 0x4008064c
[0;32mI (32) boot: ESP-IDF v5.1-dirty 2nd stage bootloader[0m
[0;32mI (33) boot: compile time May 21 2024 12:53:41[0m
[0;32mI (33) boot: Multicore bootloader[0m
[0;32mI (37) boot: chip revision: v3.1[0m
[0;32mI (41) boot.esp32: SPI Speed      : 40MHz[0m
[0;32mI (46) boot.esp32: SPI Mode       : DIO[0m
[0;32mI (50) boot.esp32: SPI Flash Size : 2MB[0m
[0;32mI (55) boot: Enabling RNG early entropy source...[0m
[0;32mI (60) boot: Partition Table:[0m
[0;32mI (64) boot: ## Label            Usage          Type ST Offset   Length[0m
[0;32mI (71) boot:  0 nvs              WiFi data        01 02 00009000 00006000[0m
[0;32mI (79) boot:  1 phy_init         RF data          01 01 0000f000 00001000[0m
[0;32mI (86) boot:  2 factory          factory app      00 00 00010000 00100000[0m
[0;32mI (94) boot: End of partition table[0m
[0;32mI (98) esp_image: segment 0: paddr=00010020 vaddr=3f400020 size=257b4h (153524) map[0m
[0;32mI (162) esp_image: segment 1: paddr=000357dc vaddr=3ffbdb60 size=0472ch ( 18220) load[0m
[0;32mI (169) esp_image: segment 2: paddr=00039f10 vaddr=40080000 size=06108h ( 24840) load[0m
[0;32mI (180) esp_image: segment 3: paddr=00040020 vaddr=400d0020 size=8f4c4h (586948) map[0m
[0;32mI (392) esp_image: segment 4: paddr=000cf4ec vaddr=40086108 size=1478ch ( 83852) load[0m
[0;32mI (440) boot: Loaded app from partition at offset 0x10000[0m
[0;32mI (440) boot: Disabling RNG early entropy source...[0m
[0;32mI (452) cpu_start: Multicore app[0m
[0;32mI (452) cpu_start: Pro cpu up.[0m
[0;32mI (452) cpu_start: Starting app cpu, entry point is 0x40081544[0m
[0;32mI (439) cpu_start: App cpu up.[0m
[0;32mI (470) cpu_start: Pro cpu start user code[0m
[0;32mI (470) cpu_start: cpu freq: 160000000 Hz[0m
[0;32mI (471) cpu_start: Application information:[0m
[0;32mI (475) cpu_start: Project name:     Potentio_ESP[0m
[0;32mI (481) cpu_start: App version:      b1d72289b-dirty[0m
[0;32mI (486) cpu_start: Compile time:     Jun 17 2024 14:16:29[0m
[0;32mI (492) cpu_start: ELF file SHA256:  87df602295ee5d13...[0m
[0;32mI (498) cpu_start: ESP-IDF:          v5.1-dirty[0m
[0;32mI (503) cpu_start: Min chip rev:     v0.0[0m
[0;32mI (508) cpu_start: Max chip rev:     v3.99 [0m
[0;32mI (513) cpu_start: Chip rev:         v3.1[0m
[0;32mI (518) heap_init: Initializing. RAM available for dynamic allocation:[0m
[0;32mI (525) heap_init: At 3FFAFF10 len 000000F0 (0 KiB): DRAM[0m
[0;32mI (531) heap_init: At 3FFB6388 len 00001C78 (7 KiB): DRAM[0m
[0;32mI (537) heap_init: At 3FFB9A20 len 00004108 (16 KiB): DRAM[0m
[0;32mI (543) heap_init: At 3FFC7700 len 00018900 (98 KiB): DRAM[0m
[0;32mI (549) heap_init: At 3FFE0440 len 00003AE0 (14 KiB): D/IRAM[0m
[0;32mI (556) heap_init: At 3FFE4350 len 0001BCB0 (111 KiB): D/IRAM[0m
[0;32mI (562) heap_init: At 4009A894 len 0000576C (21 KiB): IRAM[0m
[0;32mI (570) spi_flash: detected chip: generic[0m
[0;32mI (573) spi_flash: flash io: dio[0m
[0;33mW (577) spi_flash: Detected size(16384k) larger than the size in the binary image header(2048k). Using the size in the binary image header.[0m
[0;32mI (591) coexist: coex firmware version: ebddf30[0m
[0;32mI (596) app_start: Starting scheduler on CPU0[0m
[0;32[0;32mI (601) app_start: Starting scheduler on CPU1[0m
mI (601) main_task: Started on CPU0[0m
[0;32mI (611) main_task: Calling app_main()[0m
========================================================= 
.______     ______   .___________. _______ .__   __. .___________. __    ______        _______.___________.    ___   .___________.     
|   _  \  /  __   \ |            ||   ____||  \ |  | |           ||  |  /  __  \      /       |           |   /   \  |           |     
|  |_)  | |  |  |  | `---|  |----`|  |__   |   \|  | `---|  |----`|  | |  |  |  |    |   (----`---|  |----`  /  ^  \ `---|  |----`     
|   ___/  |  |  |  |     |  |     |   __|  |  . `  |     |  |     |  | |  |  |  |     \   \       |  |      /  /_\  \    |  |          
|  |      |  `--'  |     |  |     |  |____ |  |\   |     |  |     |  | |  `--'  | .----)   |      |  |     /  _____  \   |  |          
| _|       \______/      |__|     |_______||__| \__|     |__|     |__|  \______/  |_______/       |__|    /__/     \__\  |__|          
========================================================= 
[0;32mI (701) BTDM_INIT: BT controller compile version [ad2b7cd][0m
[0;32mI (711) phy_init: phy_version 4670,719f9f6,Feb 18 2021,17:07:07[0m
[0;32mI (1121) GATTS_DEMO: REGISTER_APP_EVT, status 0, app_id 0
[0m
[0;32mI (1131) GATTS_DEMO: CREATE_SERVICE_EVT, status 0,  service_handle 40
[0m
[0;32mI (1131) GATTS_DEMO: REGISTER_APP_EVT, status 0, app_id 1
[0m
[0;32mI (1141) SDCARD: 
***ERROR*** A stack overflow in task SDCARD has been detected.


Backtrace: 0x40081bde:0x3ffcb270 0x40092b61:0x3ffcb290 0x400955aa:0x3ffcb2b0 0x400941e3:0x3ffcb330 0x400956f8:0x3ffcb350 0x400956aa:0xa5a5a5a5 |<-CORRUPTED




ELF file SHA256: 87df602295ee5d13

Rebooting...
ets Jul 29 2019 12:21:46

rst:0xc (SW_CPU_RESET),boot:0x13 (SPI_FAST_FLASH_BOOT)
configsip: 0, SPIWP:0xee
clk_drv:0x00,q_drv:0x00,d_drv:0x00,cs0_drv:0x00,hd_drv:0x00,wp_drv:0x00
mode:DIO, clock div:2
load:0x3fff0030,len:7084
ho 0 tail 12 room 4
load:0x40078000,len:15576
ho 0 tail 12 room 4
load:0x40080400,len:4
load:0x40080404,len:3876
entry 0x4008064c
[0;32mI (32) boot: ESP-IDF v5.1-dirty 2nd stage bootloader[0m
[0;32mI (33) boot: compile time May 21 2024 12:53:41[0m
[0;32mI (33) boot: Multicore bootloader[0m
[0;32mI (37) boot: chip revision: v3.1[0m
[0;32mI (41) boot.esp32: SPI Speed      : 40MHz[0m
[0;32mI (46) boot.esp32: SPI Mode       : DIO[0m
[0;32mI (50) boot.esp32: SPI Flash Size : 2MB[0m
[0;32mI (55) boot: Enabling RNG early entropy source...[0m
[0;32mI (60) boot: Partition Table:[0m
[0;32mI (64) boot: ## Label            Usage          Type ST Offset   Length[0m
[0;32mI (71) boot:  0 nvs              WiFi data        01 02 00009000 00006000[0m
[0;32mI (79) boot:  1 phy_init         RF data          01 01 0000f000 00001000[0m
[0;32mI (86) boot:  2 factory          factory app      00 00 00010000 00100000[0m
[0;32mI (94) boot: End of partition table[0m
[0;32mI (98) esp_image: segment 0: paddr=00010020 vaddr=3f400020 size=257b4h (153524) map[0m
[0;32mI (162) esp_image: segment 1: paddr=000357dc vaddr=3ffbdb60 size=0472ch ( 18220) load[0m
[0;32mI (169) esp_image: segment 2: paddr=00039f10 vaddr=40080000 size=06108h ( 24840) load[0m
[0;32mI (180) esp_image: segment 3: paddr=00040020 vaddr=400d0020 size=8f4c4h (586948) map[0m
[0;32mI (392) esp_image: segment 4: paddr=000cf4ec vaddr=40086108 size=1478ch ( 83852) load[0m
[0;32mI (440) boot: Loaded app from partition at offset 0x10000[0m
[0;32mI (440) boot: Disabling RNG early entropy source...[0m
[0;32mI (452) cpu_start: Multicore app[0m
[0;32mI (452) cpu_start: Pro cpu up.[0m
[0;32mI (452) cpu_start: Starting app cpu, entry point is 0x40081544[0m
[0;32mI (439) cpu_start: App cpu up.[0m
[0;32mI (470) cpu_start: Pro cpu start user code[0m
[0;32mI (470) cpu_start: cpu freq: 160000000 Hz[0m
[0;32mI (471) cpu_start: Application information:[0m
[0;32mI (475) cpu_start: Project name:     Potentio_ESP[0m
[0;32mI (481) cpu_start: App version:      b1d72289b-dirty[0m
[0;32mI (486) cpu_start: Compile time:     Jun 17 2024 14:16:29[0m
[0;32mI (492) cpu_start: ELF file SHA256:  87df602295ee5d13...[0m
[0;32mI (498) cpu_start: ESP-IDF:          v5.1-dirty[0m
[0;32mI (503) cpu_start: Min chip rev:     v0.0[0m
[0;32mI (508) cpu_start: Max chip rev:     v3.99 [0m
[0;32mI (513) cpu_start: Chip rev:         v3.1[0m
[0;32mI (518) heap_init: Initializing. RAM available for dynamic allocation:[0m
[0;32mI (525) heap_init: At 3FFAFF10 len 000000F0 (0 KiB): DRAM[0m
[0;32mI (531) heap_init: At 3FFB6388 len 00001C78 (7 KiB): DRAM[0m
[0;32mI (537) heap_init: At 3FFB9A20 len 00004108 (16 KiB): DRAM[0m
[0;32mI (543) heap_init: At 3FFC7700 len 00018900 (98 KiB): DRAM[0m
[0;32mI (549) heap_init: At 3FFE0440 len 00003AE0 (14 KiB): D/IRAM[0m
[0;32mI (556) heap_init: At 3FFE4350 len 0001BCB0 (111 KiB): D/IRAM[0m
[0;32mI (562) heap_init: At 4009A894 len 0000576C (21 KiB): IRAM[0m
[0;32mI (570) spi_flash: detected chip: generic[0m
[0;32mI (573) spi_flash: flash io: dio[0m
[0;33mW (577) spi_flash: Detected size(16384k) larger than the size in the binary image header(2048k). Using the size in the binary image header.[0m
[0;32mI (591) coexist: coex firmware version: ebddf30[0m
[0;32mI (596) app_start: Starting scheduler on CPU0[0m
[0;32[0;32mI (601) app_start: Starting scheduler on CPU1[0m
mI (601) main_task: Started on CPU0[0m
[0;32mI (611) main_task: Calling app_main()[0m
========================================================= 
.______     ______   .___________. _______ .__   __. .___________. __    ______        _______.___________.    ___   .___________.     
|   _  \  /  __   \ |            ||   ____||  \ |  | |           ||  |  /  __  \      /       |           |   /   \  |           |     
|  |_)  | |  |  |  | `---|  |----`|  |__   |   \|  | `---|  |----`|  | |  |  |  |    |   (----`---|  |----`  /  ^  \ `---|  |----`     
|   ___/  |  |  |  |     |  |     |   __|  |  . `  |     |  |     |  | |  |  |  |     \   \       |  |      /  /_\  \    |  |          
|  |      |  `--'  |     |  |     |  |____ |  |\   |     |  |     |  | |  `--'  | .----)   |      |  |     /  _____  \   |  |          
| _|       \______/      |__|     |_______||__| \__|     |__|     |__|  \______/  |_______/       |__|    /__/     \__\  |__|          
========================================================= 
[0;32mI (701) BTDM_INIT: BT controller compile version [ad2b7cd][0m
[0;32mI (711) phy_init: phy_version 4670,719f9f6,Feb 18 2021,17:07:07[0m
[0;32mI (1131) GATTS_DEMO: REGISTER_APP_EVT, status 0, app_id 0
[0m
[0;32mI (1141) SDCARD: Initializing SD card[0m
[0;32mI (1141) SDCARD: Using SPI peripheral[0m

***ERROR*** A stack overflow in task SDCARD has been detected.


Backtrace: 0x40081bde:0x3ffcb5b0 0x40092b61:0x3ffcb5d0 0x400955aa:0x3ffcb5f0 0x400941e3:0x3ffcb670 0x400956f8:0x3ffcb690 0x400956aa:0x3ffcb644 |<-CORRUPTED




ELF file SHA256: 87df602295ee5d13

Rebooting...
ets Jul 29 2019 12:21:46

rst:0xc (SW_CPU_RESET),boot:0x13 (SPI_FAST_FLASH_BOOT)
configsip: 0, SPIWP:0xee
clk_drv:0x00,q_drv:0x00,d_drv:0x00,cs0_drv:0x00,hd_drv:0x00,wp_drv:0x00
mode:DIO, clock div:2
load:0x3fff0030,len:7084
ho 0 tail 12 room 4
load:0x40078000,len:15576
ho 0 tail 12 room 4
load:0x40080400,len:4
load:0x40080404,len:3876
entry 0x4008064c
[0;32mI (32) boot: ESP-IDF v5.1-dirty 2nd stage bootloader[0m
[0;32mI (33) boot: compile time May 21 2024 12:53:41[0m
[0;32mI (33) boot: Multicore bootloader[0m
[0;32mI (37) boot: chip revision: v3.1[0m
[0;32mI (41) boot.esp32: SPI Speed      : 40MHz[0m
[0;32mI (46) boot.esp32: SPI Mode       : DIO[0m
[0;32mI (50) boot.esp32: SPI Flash Size : 2MB[0m
[0;32mI (55) boot: Enabling RNG early entropy source...[0m
[0;32mI (60) boot: Partition Table:[0m
[0;32mI (64) boot: ## Label            Usage          Type ST Offset   Length[0m
[0;32mI (71) boot:  0 nvs              WiFi data        01 02 00009000 00006000[0m
[0;32mI (79) boot:  1 phy_init         RF data          01 01 0000f000 00001000[0m
[0;32mI (86) boot:  2 factory          factory app      00 00 00010000 00100000[0m
[0;32mI (94) boot: End of partition table[0m
[0;32mI (98) esp_image: segment 0: paddr=00010020 vaddr=3f400020 size=257b4h (153524) map[0m
[0;32mI (162) esp_image: segment 1: paddr=000357dc vaddr=3ffbdb60 size=0472ch ( 18220) load[0m
[0;32mI (169) esp_image: segment 2: paddr=00039f10 vaddr=40080000 size=06108h ( 24840) load[0m
[0;32mI (180) esp_image: segment 3: paddr=00040020 vaddr=400d0020 size=8f4c4h (586948) map[0m
[0;32mI (392) esp_image: segment 4: paddr=000cf4ec vaddr=40086108 size=1478ch ( 83852) load[0m
[0;32mI (440) boot: Loaded app from partition at offset 0x10000[0m
[0;32mI (440) boot: Disabling RNG early entropy source...[0m
[0;32mI (452) cpu_start: Multicore app[0m
[0;32mI (452) cpu_start: Pro cpu up.[0m
[0;32mI (452) cpu_start: Starting app cpu, entry point is 0x40081544[0m
[0;32mI (439) cpu_start: App cpu up.[0m
[0;32mI (470) cpu_start: Pro cpu start user code[0m
[0;32mI (470) cpu_start: cpu freq: 160000000 Hz[0m
[0;32mI (471) cpu_start: Application information:[0m
[0;32mI (475) cpu_start: Project name:     Potentio_ESP[0m
[0;32mI (481) cpu_start: App version:      b1d72289b-dirty[0m
[0;32mI (486) cpu_start: Compile time:     Jun 17 2024 14:16:29[0m
[0;32mI (492) cpu_start: ELF file SHA256:  87df602295ee5d13...[0m
[0;32mI (498) cpu_start: ESP-IDF:          v5.1-dirty[0m
[0;32mI (503) cpu_start: Min chip rev:     v0.0[0m
[0;32mI (508) cpu_start: Max chip rev:     v3.99 [0m
[0;32mI (513) cpu_start: Chip rev:         v3.1[0m
[0;32mI (518) heap_init: Initializing. RAM available for dynamic allocation:[0m
[0;32mI (525) heap_init: At 3FFAFF10 len 000000F0 (0 KiB): DRAM[0m
[0;32mI (531) heap_init: At 3FFB6388 len 00001C78 (7 KiB): DRAM[0m
[0;32mI (537) heap_init: At 3FFB9A20 len 00004108 (16 KiB): DRAM[0m
[0;32mI (543) heap_init: At 3FFC7700 len 00018900 (98 KiB): DRAM[0m
[0;32mI (549) heap_init: At 3FFE0440 len 00003AE0 (14 KiB): D/IRAM[0m
[0;32mI (556) heap_init: At 3FFE4350 len 0001BCB0 (111 KiB): D/IRAM[0m
[0;32mI (562) heap_init: At 4009A894 len 0000576C (21 KiB): IRAM[0m
[0;32mI (570) spi_flash: detected chip: generic[0m
[0;32mI (573) spi_flash: flash io: dio[0m
[0;33mW (577) spi_flash: Detected size(16384k) larger than the size in the binary image header(2048k). Using the size in the binary image header.[0m
[0;32mI (591) coexist: coex firmware version: ebddf30[0m
[0;32mI (596) app_start: Starting scheduler on CPU0[0m
[0;32[0;32mI (601) app_start: Starting scheduler on CPU1[0m
mI (601) main_task: Started on CPU0[0m
[0;32mI (611) main_task: Calling app_main()[0m
========================================================= 
.______     ______   .___________. _______ .__   __. .___________. __    ______        _______.___________.    ___   .___________.     
|   _  \  /  __   \ |            ||   ____||  \ |  | |           ||  |  /  __  \      /       |           |   /   \  |           |     
|  |_)  | |  |  |  | `---|  |----`|  |__   |   \|  | `---|  |----`|  | |  |  |  |    |   (----`---|  |----`  /  ^  \ `---|  |----`     
|   ___/  |  |  |  |     |  |     |   __|  |  . `  |     |  |     |  | |  |  |  |     \   \       |  |      /  /_\  \    |  |          
|  |      |  `--'  |     |  |     |  |____ |  |\   |     |  |     |  | |  `--'  | .----)   |      |  |     /  _____  \   |  |          
| _|       \______/      |__|     |_______||__| \__|     |__|     |__|  \______/  |_______/       |__|    /__/     \__\  |__|          
========================================================= 
[0;32mI (701) BTDM_INIT: BT controller compile version [ad2b7cd][0m
[0;32mI (711) phy_init: phy_version 4670,719f9f6,Feb 18 2021,17:07:07[0m
[0;32mI (1141) GATTS_DEMO: REGISTER_APP_EVT, status 0, app_id 0
[0m
[0;32mI (1151) GATTS_DEMO: CREATE_SERVICE_EVT, status 0,  service_handle 40
[0m
[0;32mI (1151) GATTS_DEMO: REGISTER_APP_EVT, status 0, app_id 1
[0m
[0;32mI (1151) SDCA
***ERROR*** A stack overflow in task SDCARD has been detected.


Backtrace: 0x40081bde:0x3ffcb270 0x40092b61:0x3ffcb290 0x400955aa:0x3ffcb2b0 0x400941e3:0x3ffcb330 0x400956f8:0x3ffcb350 0x400956aa:0xa5a5a5a5 |<-CORRUPTED




ELF file SHA256: 87df602295ee5d13

Rebooting...
ets Jul 29 2019 12:21:46

rst:0xc (SW_CPU_RESET),boot:0x13 (SPI_FAST_FLASH_BOOT)
configsip: 0, SPIWP:0xee
clk_drv:0x00,q_drv:0x00,d_drv:0x00,cs0_drv:0x00,hd_drv:0x00,wp_drv:0x00
mode:DIO, clock div:2
load:0x3fff0030,len:7084
ho 0 tail 12 room 4
load:0x40078000,len:15576
ho 0 tail 12 room 4
load:0x40080400,len:4
load:0x40080404,len:3876
entry 0x4008064c
[0;32mI (32) boot: ESP-IDF v5.1-dirty 2nd stage bootloader[0m
[0;32mI (33) boot: compile time May 21 2024 12:53:41[0m
[0;32mI (33) boot: Multicore bootloader[0m
[0;32mI (37) boot: chip revision: v3.1[0m
[0;32mI (41) boot.esp32: SPI Speed      : 40MHz[0m
[0;32mI (46) boot.esp32: SPI Mode       : DIO[0m
[0;32mI (50) boot.esp32: SPI Flash Size : 2MB[0m
[0;32mI (55) boot: Enabling RNG early entropy source...[0m
[0;32mI (60) boot: Partition Table:[0m
[0;32mI (64) boot: ## Label            Usage          Type ST Offset   Length[0m
[0;32mI (71) boot:  0 nvs              WiFi data        01 02 00009000 00006000[0m
[0;32mI (79) boot:  1 phy_init         RF data          01 01 0000f000 00001000[0m
[0;32mI (86) boot:  2 factory          factory app      00 00 00010000 00100000[0m
[0;32mI (94) boot: End of partition table[0m
[0;32mI (98) esp_image: segment 0: paddr=00010020 vaddr=3f400020 size=257b4h (153524) map[0m
[0;32mI (162) esp_image: segment 1: paddr=000357dc vaddr=3ffbdb60 size=0472ch ( 18220) load[0m
[0;32mI (169) esp_image: segment 2: paddr=00039f10 vaddr=40080000 size=06108h ( 24840) load[0m
[0;32mI (180) esp_image: segment 3: paddr=00040020 vaddr=400d0020 size=8f4c4h (586948) map[0m
[0;32mI (392) esp_image: segment 4: paddr=000cf4ec vaddr=40086108 size=1478ch ( 83852) load[0m
[0;32mI (440) boot: Loaded app from partition at offset 0x10000[0m
[0;32mI (440) boot: Disabling RNG early entropy source...[0m
[0;32mI (452) cpu_start: Multicore app[0m
[0;32mI (452) cpu_start: Pro cpu up.[0m
[0;32mI (452) cpu_start: Starting app cpu, entry point is 0x40081544[0m
[0;32mI (439) cpu_start: App cpu up.[0m
[0;32mI (470) cpu_start: Pro cpu start user code[0m
[0;32mI (470) cpu_start: cpu freq: 160000000 Hz[0m
[0;32mI (471) cpu_start: Application information:[0m
[0;32mI (475) cpu_start: Project name:     Potentio_ESP[0m
[0;32mI (481) cpu_start: App version:      b1d72289b-dirty[0m
[0;32mI (486) cpu_start: Compile time:     Jun 17 2024 14:16:29[0m
[0;32mI (492) cpu_start: ELF file SHA256:  87df602295ee5d13...[0m
[0;32mI (498) cpu_start: ESP-IDF:          v5.1-dirty[0m
[0;32mI (503) cpu_start: Min chip rev:     v0.0[0m
[0;32mI (508) cpu_start: Max chip rev:     v3.99 [0m
[0;32mI (513) cpu_start: Chip rev:         v3.1[0m
[0;32mI (518) heap_init: Initializing. RAM available for dynamic allocation:[0m
[0;32mI (525) heap_init: At 3FFAFF10 len 000000F0 (0 KiB): DRAM[0m
[0;32mI (531) heap_init: At 3FFB6388 len 00001C78 (7 KiB): DRAM[0m
[0;32mI (537) heap_init: At 3FFB9A20 len 00004108 (16 KiB): DRAM[0m
[0;32mI (543) heap_init: At 3FFC7700 len 00018900 (98 KiB): DRAM[0m
[0;32mI (549) heap_init: At 3FFE0440 len 00003AE0 (14 KiB): D/IRAM[0m
[0;32mI (556) heap_init: At 3FFE4350 len 0001BCB0 (111 KiB): D/IRAM[0m
[0;32mI (562) heap_init: At 4009A894 len 0000576C (21 KiB): IRAM[0m
[0;32mI (570) spi_flash: detected chip: generic[0m
[0;32mI (573) spi_flash: flash io: dio[0m
[0;33mW (577) spi_flash: Detected size(16384k) larger than the size in the binary image header(2048k). Using the size in the binary image header.[0m
[0;32mI (591) coexist: coex firmware version: ebddf30[0m
[0;32mI (596) app_start: Starting scheduler on CPU0[0m
[0;32[0;32mI (601) app_start: Starting scheduler on CPU1[0m
mI (601) main_task: Started on CPU0[0m
[0;32mI (611) main_task: Calling app_main()[0m
========================================================= 
.______     ______   .___________. _______ .__   __. .___________. __    ______        _______.___________.    ___   .___________.     
|   _  \  /  __   \ |            ||   ____||  \ |  | |           ||  |  /  __  \      /       |           |   /   \  |           |     
|  |_)  | |  |  |  | `---|  |----`|  |__   |   \|  | `---|  |----`|  | |  |  |  |    |   (----`---|  |----`  /  ^  \ `---|  |----`     
|   ___/  |  |  |  |     |  |     |   __|  |  . `  |     |  |     |  | |  |  |  |     \   \       |  |      /  /_\  \    |  |          
|  |      |  `--'  |     |  |     |  |____ |  |\   |     |  |     |  | |  `--'  | .----)   |      |  |     /  _____  \   |  |          
| _|       \______/      |__|     |_______||__| \__|     |__|     |__|  \______/  |_______/       |__|    /__/     \__\  |__|          
========================================================= 
[0;32mI (701) BTDM_INIT: BT controller compile version [ad2b7cd][0m
[0;32mI (711) phy_init: phy_version 4670,719f9f6,Feb 18 2021,17:07:07[0m
[0;32mI (1131) GATTS_DEMO: REGISTER_APP_EVT, status 0, app_id 0
[0m
[0;32mI (1141) GATTS_DEMO: CREATE_SERVICE_EVT, status 0,  service_handle 40
[0m
[0;32mI (1141) GATTS_DEMO: REGISTER_APP_EVT, status 0, app_id 1
[0m
[0;32mI (1151) SDCARD: 
***ERROR*** A stack overflow in task SDCARD has been detected.


Backtrace: 0x40081bde:0x3ffcb270 0x40092b61:0x3ffcb290 0x400955aa:0x3ffcb2b0 0x400941e3:0x3ffcb330 0x400956f8:0x3ffcb350 0x400956aa:0xa5a5a5a5 |<-CORRUPTED




ELF file SHA256: 87df602295ee5d13

Rebooting...
ets Jul 29 2019 12:21:46

rst:0xc (SW_CPU_RESET),boot:0x13 (SPI_FAST_FLASH_BOOT)
configsip: 0, SPIWP:0xee
clk_drv:0x00,q_drv:0x00,d_drv:0x00,cs0_drv:0x00,hd_drv:0x00,wp_drv:0x00
mode:DIO, clock div:2
load:0x3fff0030,len:7084
ho 0 tail 12 room 4
load:0x40078000,len:15576
ho 0 tail 12 room 4
load:0x40080400,len:4
load:0x40080404,len:3876
entry 0x4008064c
[0;32mI (32) boot: ESP-IDF v5.1-dirty 2nd stage bootloader[0m
[0;32mI (33) boot: compile time May 21 2024 12:53:41[0m
[0;32mI (33) boot: Multicore bootloader[0m
[0;32mI (37) boot: chip revision: v3.1[0m
[0;32mI (41) boot.esp32: SPI Speed      : 40MHz[0m
[0;32mI (46) boot.esp32: SPI Mode       : DIO[0m
[0;32mI (50) boot.esp32: SPI Flash Size : 2MB[0m
[0;32mI (55) boot: Enabling RNG early entropy source...[0m
[0;32mI (60) boot: Partition Table:[0m
[0;32mI (64) boot: ## Label            Usage          Type ST Offset   Length[0m
[0;32mI (71) boot:  0 nvs              WiFi data        01 02 00009000 00006000[0m
[0;32mI (79) boot:  1 phy_init         RF data          01 01 0000f000 00001000[0m
[0;32mI (86) boot:  2 factory          factory app      00 00 00010000 00100000[0m
[0;32mI (94) boot: End of partition table[0m
[0;32mI (98) esp_image: segment 0: paddr=00010020 vaddr=3f400020 size=257b4h (153524) map[0m
[0;32mI (162) esp_image: segment 1: paddr=000357dc vaddr=3ffbdb60 size=0472ch ( 18220) load[0m
[0;32mI (169) esp_image: segment 2: paddr=00039f10 vaddr=40080000 size=06108h ( 24840) load[0m
[0;32mI (180) esp_image: segment 3: paddr=00040020 vaddr=400d0020 size=8f4c4h (586948) map[0m
[0;32mI (392) esp_image: segment 4: paddr=000cf4ec vaddr=40086108 size=1478ch ( 83852) load[0m
[0;32mI (440) boot: Loaded app from partition at offset 0x10000[0m
[0;32mI (440) boot: Disabling RNG early entropy source...[0m
[0;32mI (452) cpu_start: Multicore app[0m
[0;32mI (452) cpu_start: Pro cpu up.[0m
[0;32mI (452) cpu_start: Starting app cpu, entry point is 0x40081544[0m
[0;32mI (439) cpu_start: App cpu up.[0m
[0;32mI (470) cpu_start: Pro cpu start user code[0m
[0;32mI (470) cpu_start: cpu freq: 160000000 Hz[0m
[0;32mI (471) cpu_start: Application information:[0m
[0;32mI (475) cpu_start: Project name:     Potentio_ESP[0m
[0;32mI (481) cpu_start: App version:      b1d72289b-dirty[0m
[0;32mI (486) cpu_start: Compile time:     Jun 17 2024 14:16:29[0m
[0;32mI (492) cpu_start: ELF file SHA256:  87df602295ee5d13...[0m
[0;32mI (498) cpu_start: ESP-IDF:          v5.1-dirty[0m
[0;32mI (503) cpu_start: Min chip rev:     v0.0[0m
[0;32mI (508) cpu_start: Max chip rev:     v3.99 [0m
[0;32mI (513) cpu_start: Chip rev:         v3.1[0m
[0;32mI (518) heap_init: Initializing. RAM available for dynamic allocation:[0m
[0;32mI (525) heap_init: At 3FFAFF10 len 000000F0 (0 KiB): DRAM[0m
[0;32mI (531) heap_init: At 3FFB6388 len 00001C78 (7 KiB): DRAM[0m
[0;32mI (537) heap_init: At 3FFB9A20 len 00004108 (16 KiB): DRAM[0m
[0;32mI (543) heap_init: At 3FFC7700 len 00018900 (98 KiB): DRAM[0m
[0;32mI (549) heap_init: At 3FFE0440 len 00003AE0 (14 KiB): D/IRAM[0m
[0;32mI (556) heap_init: At 3FFE4350 len 0001BCB0 (111 KiB): D/IRAM[0m
[0;32mI (562) heap_init: At 4009A894 len 0000576C (21 KiB): IRAM[0m
[0;32mI (570) spi_flash: detected chip: generic[0m
[0;32mI (573) spi_flash: flash io: dio[0m
[0;33mW (577) spi_flash: Detected size(16384k) larger than the size in the binary image header(2048k). Using the size in the binary image header.[0m
[0;32mI (591) coexist: coex firmware version: ebddf30[0m
[0;32mI (596) app_start: Starting scheduler on CPU0[0m
[0;32[0;32mI (601) app_start: Starting scheduler on CPU1[0m
mI (601) main_task: Started on CPU0[0m
[0;32mI (611) main_task: Calling app_main()[0m
========================================================= 
.______     ______   .___________. _______ .__   __. .___________. __    ______        _______.___________.    ___   .___________.     
|   _  \  /  __   \ |            ||   ____||  \ |  | |           ||  |  /  __  \      /       |           |   /   \  |           |     
|  |_)  | |  |  |  | `---|  |----`|  |__   |   \|  | `---|  |----`|  | |  |  |  |    |   (----`---|  |----`  /  ^  \ `---|  |----`     
|   ___/  |  |  |  |     |  |     |   __|  |  . `  |     |  |     |  | |  |  |  |     \   \       |  |      /  /_\  \    |  |          
|  |      |  `--'  |     |  |     |  |____ |  |\   |     |  |     |  | |  `--'  | .----)   |      |  |     /  _____  \   |  |          
| _|       \______/      |__|     |_______||__| \__|     |__|     |__|  \______/  |_______/       |__|    /__/     \__\  |__|          
========================================================= 
[0;32mI (701) BTDM_INIT: BT controller compile version [ad2b7cd][0m
[0;32mI (711) phy_init: phy_version 4670,719f9f6,Feb 18 2021,17:07:07[0m
[0;32mI (1141) GATTS_DEMO: REGISTER_APP_EVT, status 0, app_id 0
[0m
[0;32mI (1161) GATTS_DEMO: CREATE_SERVICE_EVT, status 0,  service_handle 40
[0m
[0;32mI (1161) GATTS_DEMO: REGISTER_APP_EVT, status 0, app_id 1
[0m
[0;32mI (1161) SDCARD: Initializing SD card[0m
[0;Guru Meditation Error: Core  0 panic'ed (LoadProhibited). Exception was unhandled.

Core  0 register dump:
PC      : 0x40095b8f  PS      : 0x00060e33  A0      : 0x800942de  A1      : 0x3ffca040  
A2      : 0x00000024  A3      : 0x00000002  A4      : 0x00000000  A5      : 0x00060e23  
A6      : 0xb33fffff  A7      : 0xb33fffff  A8      : 0x800953e4  A9      : 0x3ffca010  
A10     : 0x00000001  A11     : 0x00000000  A12     : 0x00000000  A13     : 0x00060023  
A14     : 0xb33fffff  A15     : 0xb33fffff  SAR     : 0x0000001c  EXCCAUSE: 0x0000001c  
EXCVADDR: 0x00000034  LBEG    : 0x4000c2e0  LEND    : 0x4000c2f6  LCOUNT  : 0xffffffff  


Backtrace: 0x40095b8c:0x3ffca040 0x400942db:0x3ffca060 0x4009307b:0x3ffca080 0x40107746:0x3ffca0c0 0x400f11dd:0x3ffca0e0 0x4010ce85:0x3ffca100 0x4010cf83:0x3ffca130 0x4010c535:0x3ffca150 0x4010c7c4:0x3ffca180 0x401073be:0x3ffca1a0 0x4010728a:0x3ffca1c0 0x40095279:0x3ffca1f0




ELF file SHA256: 87df602295ee5d13

Rebooting...
ets Jul 29 2019 12:21:46

rst:0xc (SW_CPU_RESET),boot:0x13 (SPI_FAST_FLASH_BOOT)
configsip: 0, SPIWP:0xee
clk_drv:0x00,q_drv:0x00,d_drv:0x00,cs0_drv:0x00,hd_drv:0x00,wp_drv:0x00
mode:DIO, clock div:2
load:0x3fff0030,len:7084
ho 0 tail 12 room 4
load:0x40078000,len:15576
ho 0 tail 12 room 4
load:0x40080400,len:4
load:0x40080404,len:3876
entry 0x4008064c
[0;32mI (32) boot: ESP-IDF v5.1-dirty 2nd stage bootloader[0m
[0;32mI (33) boot: compile time May 21 2024 12:53:41[0m
[0;32mI (33) boot: Multicore bootloader[0m
[0;32mI (37) boot: chip revision: v3.1[0m
[0;32mI (41) boot.esp32: SPI Speed      : 40MHz[0m
[0;32mI (46) boot.esp32: SPI Mode       : DIO[0m
[0;32mI (50) boot.esp32: SPI Flash Size : 2MB[0m
[0;32mI (55) boot: Enabling RNG early entropy source...[0m
[0;32mI (60) boot: Partition Table:[0m
[0;32mI (64) boot: ## Label            Usage          Type ST Offset   Length[0m
[0;32mI (71) boot:  0 nvs              WiFi data        01 02 00009000 00006000[0m
[0;32mI (79) boot:  1 phy_init         RF data          01 01 0000f000 00001000[0m
[0;32mI (86) boot:  2 factory          factory app      00 00 00010000 00100000[0m
[0;32mI (94) boot: End of partition table[0m
[0;32mI (98) esp_image: segment 0: paddr=00010020 vaddr=3f400020 size=257b4h (153524) map[0m
[0;32mI (162) esp_image: segment 1: paddr=000357dc vaddr=3ffbdb60 size=0472ch ( 18220) load[0m
[0;32mI (169) esp_image: segment 2: paddr=00039f10 vaddr=40080000 size=06108h ( 24840) load[0m
[0;32mI (180) esp_image: segment 3: paddr=00040020 vaddr=400d0020 size=8f4c4h (586948) map[0m
[0;32mI (392) esp_image: segment 4: paddr=000cf4ec vaddr=40086108 size=1478ch ( 83852) load[0m
[0;32mI (440) boot: Loaded app from partition at offset 0x10000[0m
[0;32mI (440) boot: Disabling RNG early entropy source...[0m
[0;32mI (452) cpu_start: Multicore app[0m
[0;32mI (452) cpu_start: Pro cpu up.[0m
[0;32mI (452) cpu_start: Starting app cpu, entry point is 0x40081544[0m
[0;32mI (439) cpu_start: App cpu up.[0m
[0;32mI (470) cpu_start: Pro cpu start user code[0m
[0;32mI (470) cpu_start: cpu freq: 160000000 Hz[0m
[0;32mI (471) cpu_start: Application information:[0m
[0;32mI (475) cpu_start: Project name:     Potentio_ESP[0m
[0;32mI (481) cpu_start: App version:      b1d72289b-dirty[0m
[0;32mI (486) cpu_start: Compile time:     Jun 17 2024 14:16:29[0m
[0;32mI (492) cpu_start: ELF file SHA256:  87df602295ee5d13...[0m
[0;32mI (498) cpu_start: ESP-IDF:          v5.1-dirty[0m
[0;32mI (503) cpu_start: Min chip rev:     v0.0[0m
[0;32mI (508) cpu_start: Max chip rev:     v3.99 [0m
[0;32mI (513) cpu_start: Chip rev:         v3.1[0m
[0;32mI (518) heap_init: Initializing. RAM available for dynamic allocation:[0m
[0;32mI (525) heap_init: At 3FFAFF10 len 000000F0 (0 KiB): DRAM[0m
[0;32mI (531) heap_init: At 3FFB6388 len 00001C78 (7 KiB): DRAM[0m
[0;32mI (537) heap_init: At 3FFB9A20 len 00004108 (16 KiB): DRAM[0m
[0;32mI (543) heap_init: At 3FFC7700 len 00018900 (98 KiB): DRAM[0m
[0;32mI (549) heap_init: At 3FFE0440 len 00003AE0 (14 KiB): D/IRAM[0m
[0;32mI (556) heap_init: At 3FFE4350 len 0001BCB0 (111 KiB): D/IRAM[0m
[0;32mI (562) heap_init: At 4009A894 len 0000576C (21 KiB): IRAM[0m
[0;32mI (570) spi_flash: detected chip: generic[0m
[0;32mI (573) spi_flash: flash io: dio[0m
[0;33mW (577) spi_flash: Detected size(16384k) larger than the size in the binary image header(2048k). Using the size in the binary image header.[0m
[0;32mI (591) coexist: coex firmware version: ebddf30[0m
[0;32mI (596) app_start: Starting scheduler on CPU0[0m
[0;32[0;32mI (601) app_start: Starting scheduler on CPU1[0m
mI (601) main_task: Started on CPU0[0m
[0;32mI (611) main_task: Calling app_main()[0m
========================================================= 
.______     ______   .___________. _______ .__   __. .___________. __    ______        _______.___________.    ___   .___________.     
|   _  \  /  __   \ |            ||   ____||  \ |  | |           ||  |  /  __  \      /       |           |   /   \  |           |     
|  |_)  | |  |  |  | `---|  |----`|  |__   |   \|  | `---|  |----`|  | |  |  |  |    |   (----`---|  |----`  /  ^  \ `---|  |----`     
|   ___/  |  |  |  |     |  |     |   __|  |  . `  |     |  |     |  | |  |  |  |     \   \       |  |      /  /_\  \    |  |          
|  |      |  `--'  |     |  |     |  |____ |  |\   |     |  |     |  | |  `--'  | .----)   |      |  |     /  _____  \   |  |          
| _|       \______/      |__|     |_______||__| \__|     |__|     |__|  \______/  |_______/       |__|    /__/     \__\  |__|          
========================================================= 
[0;32mI (701) BTDM_INIT: BT controller compile version [ad2b7cd][0m
[0;32mI (711) phy_init: phy_version 4670,719f9f6,Feb 18 2021,17:07:07[0m
[0;32mI (1131) GATTS_DEMO: REGISTER_APP_EVT, status 0, app_id 0
[0m
[0;32mI (1141) GATTS_DEMO: CREATE_SERVICE_EVT, status 0,  service_handle 40
[0m
[0;32mI (1141) GATTS_DEMO: REGISTER_APP_EVT, status 0, app_id 1
[0m

***ERROR*** A stack overflow in task SDCARD has been detected.


Backtrace: 0x40081bde:0x3ffcb7a0 0x40092b61:0x3ffcb7c0 0x400955aa:0x3ffcb7e0 0x400941e3:0x3ffcb860 0x400956f8:0x3ffcb880 0x400956aa:0xa5a5a5a5 |<-CORRUPTED




ELF file SHA256: 87df602295ee5d13

Rebooting...
ets Jul 29 2019 12:21:46

rst:0xc (SW_CPU_RESET),boot:0x13 (SPI_FAST_FLASH_BOOT)
configsip: 0, SPIWP:0xee
clk_drv:0x00,q_drv:0x00,d_drv:0x00,cs0_drv:0x00,hd_drv:0x00,wp_drv:0x00
mode:DIO, clock div:2
load:0x3fff0030,len:7084
ho 0 tail 12 room 4
load:0x40078000,len:15576
ho 0 tail 12 room 4
load:0x40080400,len:4
load:0x40080404,len:3876
entry 0x4008064c
[0;32mI (32) boot: ESP-IDF v5.1-dirty 2nd stage bootloader[0m
[0;32mI (33) boot: compile time May 21 2024 12:53:41[0m
[0;32mI (33) boot: Multicore bootloader[0m
[0;32mI (37) boot: chip revision: v3.1[0m
[0;32mI (41) boot.esp32: SPI Speed      : 40MHz[0m
[0;32mI (46) boot.esp32: SPI Mode       : DIO[0m
[0;32mI (50) boot.esp32: SPI Flash Size : 2MB[0m
[0;32mI (55) boot: Enabling RNG early entropy source...[0m
[0;32mI (60) boot: Partition Table:[0m
[0;32mI (64) boot: ## Label            Usage          Type ST Offset   Length[0m
[0;32mI (71) boot:  0 nvs              WiFi data        01 02 00009000 00006000[0m
[0;32mI (79) boot:  1 phy_init         RF data          01 01 0000f000 00001000[0m
[0;32mI (86) boot:  2 factory          factory app      00 00 00010000 00100000[0m
[0;32mI (94) boot: End of partition table[0m
[0;32mI (98) esp_image: segment 0: paddr=00010020 vaddr=3f400020 size=257b4h (153524) map[0m
[0;32mI (162) esp_image: segment 1: paddr=000357dc vaddr=3ffbdb60 size=0472ch ( 18220) load[0m
[0;32mI (169) esp_image: segment 2: paddr=00039f10 vaddr=40080000 size=06108h ( 24840) load[0m
[0;32mI (180) esp_image: segment 3: paddr=00040020 vaddr=400d0020 size=8f4c4h (586948) map[0m
[0;32mI (392) esp_image: segment 4: paddr=000cf4ec vaddr=40086108 size=1478ch ( 83852) load[0m
[0;32mI (440) boot: Loaded app from partition at offset 0x10000[0m
[0;32mI (440) boot: Disabling RNG early entropy source...[0m
[0;32mI (452) cpu_start: Multicore app[0m
[0;32mI (452) cpu_start: Pro cpu up.[0m
[0;32mI (452) cpu_start: Starting app cpu, entry point is 0x40081544[0m
[0;32mI (439) cpu_start: App cpu up.[0m
[0;32mI (470) cpu_start: Pro cpu start user code[0m
[0;32mI (470) cpu_start: cpu freq: 160000000 Hz[0m
[0;32mI (471) cpu_start: Application information:[0m
[0;32mI (475) cpu_start: Project name:     Potentio_ESP[0m
[0;32mI (481) cpu_start: App version:      b1d72289b-dirty[0m
[0;32mI (486) cpu_start: Compile time:     Jun 17 2024 14:16:29[0m
[0;32mI (492) cpu_start: ELF file SHA256:  87df602295ee5d13...[0m
[0;32mI (498) cpu_start: ESP-IDF:          v5.1-dirty[0m
[0;32mI (503) cpu_start: Min chip rev:     v0.0[0m
[0;32mI (508) cpu_start: Max chip rev:     v3.99 [0m
[0;32mI (513) cpu_start: Chip rev:         v3.1[0m
[0;32mI (518) heap_init: Initializing. RAM available for dynamic allocation:[0m
[0;32mI (525) heap_init: At 3FFAFF10 len 000000F0 (0 KiB): DRAM[0m
[0;32mI (531) heap_init: At 3FFB6388 len 00001C78 (7 KiB): DRAM[0m
[0;32mI (537) heap_init: At 3FFB9A20 len 00004108 (16 KiB): DRAM[0m
[0;32mI (543) heap_init: At 3FFC7700 len 00018900 (98 KiB): DRAM[0m
[0;32mI (549) heap_init: At 3FFE0440 len 00003AE0 (14 KiB): D/IRAM[0m
[0;32mI (556) heap_init: At 3FFE4350 len 0001BCB0 (111 KiB): D/IRAM[0m
[0;32mI (562) heap_init: At 4009A894 len 0000576C (21 KiB): IRAM[0m
[0;32mI (570) spi_flash: detected chip: generic[0m
[0;32mI (573) spi_flash: flash io: dio[0m
[0;33mW (577) spi_flash: Detected size(16384k) larger than the size in the binary image header(2048k). Using the size in the binary image header.[0m
[0;32mI (591) coexist: coex firmware version: ebddf30[0m
[0;32mI (596) app_start: Starting scheduler on CPU0[0m
[0;32[0;32mI (601) app_start: Starting scheduler on CPU1[0m
mI (601) main_task: Started on CPU0[0m
[0;32mI (611) main_task: Calling app_main()[0m
========================================================= 
.______     ______   .___________. _______ .__   __. .___________. __    ______        _______.___________.    ___   .___________.     
|   _  \  /  __   \ |            ||   ____||  \ |  | |           ||  |  /  __  \      /       |           |   /   \  |           |     
|  |_)  | |  |  |  | `---|  |----`|  |__   |   \|  | `---|  |----`|  | |  |  |  |    |   (----`---|  |----`  /  ^  \ `---|  |----`     
|   ___/  |  |  |  |     |  |     |   __|  |  . `  |     |  |     |  | |  |  |  |     \   \       |  |      /  /_\  \    |  |          
|  |      |  `--'  |     |  |     |  |____ |  |\   |     |  |     |  | |  `--'  | .----)   |      |  |     /  _____  \   |  |          
| _|       \______/      |__|     |_______||__| \__|     |__|     |__|  \______/  |_______/       |__|    /__/     \__\  |__|          
========================================================= 
[0;32mI (701) BTDM_INIT: BT controller compile version [ad2b7cd][0m
[0;32mI (711) phy_init: phy_version 4670,719f9f6,Feb 18 2021,17:07:07[0m
[0;32mI (1131) GATTS_DEMO: REGISTER_APP_EVT, status 0, app_id 0
[0m

***ERROR*** A stack overflow in task SDCARD has been detected.


Backtrace: 0x40081bde:0x3ffcb2b0 0x40092b61:0x3ffcb2d0 0x400955aa:0x3ffcb2f0 0x400941e3:0x3ffcb370 0x400956f8:0x3ffcb390 0x400956aa:0xa5a5a5a5 |<-CORRUPTED




ELF file SHA256: 87df602295ee5d13

Rebooting...
ets Jul 29 2019 12:21:46

rst:0xc (SW_CPU_RESET),boot:0x13 (SPI_FAST_FLASH_BOOT)
configsip: 0, SPIWP:0xee
clk_drv:0x00,q_drv:0x00,d_drv:0x00,cs0_drv:0x00,hd_drv:0x00,wp_drv:0x00
mode:DIO, clock div:2
load:0x3fff0030,len:7084
ho 0 tail 12 room 4
load:0x40078000,len:15576
ho 0 tail 12 room 4
load:0x40080400,len:4
load:0x40080404,len:3876
entry 0x4008064c
[0;32mI (32) boot: ESP-IDF v5.1-dirty 2nd stage bootloader[0m
[0;32mI (33) boot: compile time May 21 2024 12:53:41[0m
[0;32mI (33) boot: Multicore bootloader[0m
[0;32mI (37) boot: chip revision: v3.1[0m
[0;32mI (41) boot.esp32: SPI Speed      : 40MHz[0m
[0;32mI (46) boot.esp32: SPI Mode       : DIO[0m
[0;32mI (50) boot.esp32: SPI Flash Size : 2MB[0m
[0;32mI (55) boot: Enabling RNG early entropy source...[0m
[0;32mI (60) boot: Partition Table:[0m
[0;32mI (64) boot: ## Label            Usage          Type ST Offset   Length[0m
[0;32mI (71) boot:  0 nvs              WiFi data        01 02 00009000 00006000[0m
[0;32mI (79) boot:  1 phy_init         RF data          01 01 0000f000 00001000[0m
[0;32mI (86) boot:  2 factory          factory app      00 00 00010000 00100000[0m
[0;32mI (94) boot: End of partition table[0m
[0;32mI (98) esp_image: segment 0: paddr=00010020 vaddr=3f400020 size=257b4h (153524) map[0m
[0;32mI (162) esp_image: segment 1: paddr=000357dc vaddr=3ffbdb60 size=0472ch ( 18220) load[0m
[0;32mI (169) esp_image: segment 2: paddr=00039f10 vaddr=40080000 size=06108h ( 24840) load[0m
[0;32mI (180) esp_image: segment 3: paddr=00040020 vaddr=400d0020 size=8f4c4h (586948) map[0m
[0;32mI (392) esp_image: segment 4: paddr=000cf4ec vaddr=40086108 size=1478ch ( 83852) load[0m
[0;32mI (440) boot: Loaded app from partition at offset 0x10000[0m
[0;32mI (440) boot: Disabling RNG early entropy source...[0m
[0;32mI (452) cpu_start: Multicore app[0m
[0;32mI (452) cpu_start: Pro cpu up.[0m
[0;32mI (452) cpu_start: Starting app cpu, entry point is 0x40081544[0m
[0;32mI (439) cpu_start: App cpu up.[0m
[0;32mI (470) cpu_start: Pro cpu start user code[0m
[0;32mI (470) cpu_start: cpu freq: 160000000 Hz[0m
[0;32mI (471) cpu_start: Application information:[0m
[0;32mI (475) cpu_start: Project name:     Potentio_ESP[0m
[0;32mI (481) cpu_start: App version:      b1d72289b-dirty[0m
[0;32mI (486) cpu_start: Compile time:     Jun 17 2024 14:16:29[0m
[0;32mI (492) cpu_start: ELF file SHA256:  87df602295ee5d13...[0m
[0;32mI (498) cpu_start: ESP-IDF:          v5.1-dirty[0m
[0;32mI (503) cpu_start: Min chip rev:     v0.0[0m
[0;32mI (508) cpu_start: Max chip rev:     v3.99 [0m
[0;32mI (513) cpu_start: Chip rev:         v3.1[0m
[0;32mI (518) heap_init: Initializing. RAM available for dynamic allocation:[0m
[0;32mI (525) heap_init: At 3FFAFF10 len 000000F0 (0 KiB): DRAM[0m
[0;32mI (531) heap_init: At 3FFB6388 len 00001C78 (7 KiB): DRAM[0m
[0;32mI (537) heap_init: At 3FFB9A20 len 00004108 (16 KiB): DRAM[0m
[0;32mI (543) heap_init: At 3FFC7700 len 00018900 (98 KiB): DRAM[0m
[0;32mI (549) heap_init: At 3FFE0440 len 00003AE0 (14 KiB): D/IRAM[0m
[0;32mI (556) heap_init: At 3FFE4350 len 0001BCB0 (111 KiB): D/IRAM[0m
[0;32mI (562) heap_init: At 4009A894 len 0000576C (21 KiB): IRAM[0m
[0;32mI (570) spi_flash: detected chip: generic[0m
[0;32mI (573) spi_flash: flash io: dio[0m
[0;33mW (577) spi_flash: Detected size(16384k) larger than the size in the binary image header(2048k). Using the size in the binary image header.[0m
[0;32mI (591) coexist: coex firmware version: ebddf30[0m
[0;32mI (596) app_start: Starting scheduler on CPU0[0m
[0;32[0;32mI (601) app_start: Starting scheduler on CPU1[0m
mI (601) main_task: Started on CPU0[0m
[0;32mI (611) main_task: Calling app_main()[0m
========================================================= 
.______     ______   .___________. _______ .__   __. .___________. __    ______        _______.___________.    ___   .___________.     
|   _  \  /  __   \ |            ||   ____||  \ |  | |           ||  |  /  __  \      /       |           |   /   \  |           |     
|  |_)  | |  |  |  | `---|  |----`|  |__   |   \|  | `---|  |----`|  | |  |  |  |    |   (----`---|  |----`  /  ^  \ `---|  |----`     
|   ___/  |  |  |  |     |  |     |   __|  |  . `  |     |  |     |  | |  |  |  |     \   \       |  |      /  /_\  \    |  |          
|  |      |  `--'  |     |  |     |  |____ |  |\   |     |  |     |  | |  `--'  | .----)   |      |  |     /  _____  \   |  |          
| _|       \______/      |__|     |_______||__| \__|     |__|     |__|  \______/  |_______/       |__|    /__/     \__\  |__|          
========================================================= 
[0;32mI (701) BTDM_INIT: BT controller compile version [ad2b7cd][0m
[0;32mI (711) phy_init: phy_version 4670,719f9f6,Feb 18 2021,17:07:07[0m
[0;32mI (1141) GATTS_DEMO: REGISTER_APP_EVT, status 0, app_id 0
[0m
[0;32mI (1151) GATTS_DEMO: CREATE_SERVICE_EVT, status 0,  service_handle 40
[0m
[0;32mI (1151) GATTS_DEMO: REGISTER_APP_EVT, status 0, app_id 1
[0m
[0;32mI (1151) SDCA
***ERROR*** A stack overflow in task SDCARD has been detected.


Backtrace: 0x40081bde:0x3ffcb270 0x40092b61:0x3ffcb290 0x400955aa:0x3ffcb2b0 0x400941e3:0x3ffcb330 0x400956f8:0x3ffcb350 0x400956aa:0xa5a5a5a5 |<-CORRUPTED




ELF file SHA256: 87df602295ee5d13

Rebooting...
ets Jul 29 2019 12:21:46

rst:0xc (SW_CPU_RESET),boot:0x13 (SPI_FAST_FLASH_BOOT)
configsip: 0, SPIWP:0xee
clk_drv:0x00,q_drv:0x00,d_drv:0x00,cs0_drv:0x00,hd_drv:0x00,wp_drv:0x00
mode:DIO, clock div:2
load:0x3fff0030,len:7084
ho 0 tail 12 room 4
load:0x40078000,len:15576
ho 0 tail 12 room 4
load:0x40080400,len:4
load:0x40080404,len:3876
entry 0x4008064c
[0;32mI (32) boot: ESP-IDF v5.1-dirty 2nd stage bootloader[0m
[0;32mI (33) boot: compile time May 21 2024 12:53:41[0m
[0;32mI (33) boot: Multicore bootloader[0m
[0;32mI (37) boot: chip revision: v3.1[0m
[0;32mI (41) boot.esp32: SPI Speed      : 40MHz[0m
[0;32mI (46) boot.esp32: SPI Mode       : DIO[0m
[0;32mI (50) boot.esp32: SPI Flash Size : 2MB[0m
[0;32mI (55) boot: Enabling RNG early entropy source...[0m
[0;32mI (60) boot: Partition Table:[0m
[0;32mI (64) boot: ## Label            Usage          Type ST Offset   Length[0m
[0;32mI (71) boot:  0 nvs              WiFi data        01 02 00009000 00006000[0m
[0;32mI (79) boot:  1 phy_init         RF data          01 01 0000f000 00001000[0m
[0;32mI (86) boot:  2 factory          factory app      00 00 00010000 00100000[0m
[0;32mI (94) boot: End of partition table[0m
[0;32mI (98) esp_image: segment 0: paddr=00010020 vaddr=3f400020 size=257b4h (153524) map[0m
[0;32mI (162) esp_image: segment 1: paddr=000357dc vaddr=3ffbdb60 size=0472ch ( 18220) load[0m
[0;32mI (169) esp_image: segment 2: paddr=00039f10 vaddr=40080000 size=06108h ( 24840) load[0m
[0;32mI (180) esp_image: segment 3: paddr=00040020 vaddr=400d0020 size=8f4c4h (586948) map[0m
[0;32mI (392) esp_image: segment 4: paddr=000cf4ec vaddr=40086108 size=1478ch ( 83852) load[0m
[0;32mI (440) boot: Loaded app from partition at offset 0x10000[0m
[0;32mI (440) boot: Disabling RNG early entropy source...[0m
[0;32mI (452) cpu_start: Multicore app[0m
[0;32mI (452) cpu_start: Pro cpu up.[0m
[0;32mI (452) cpu_start: Starting app cpu, entry point is 0x40081544[0m
[0;32mI (439) cpu_start: App cpu up.[0m
[0;32mI (470) cpu_start: Pro cpu start user code[0m
[0;32mI (470) cpu_start: cpu freq: 160000000 Hz[0m
[0;32mI (471) cpu_start: Application information:[0m
[0;32mI (475) cpu_start: Project name:     Potentio_ESP[0m
[0;32mI (481) cpu_start: App version:      b1d72289b-dirty[0m
[0;32mI (486) cpu_start: Compile time:     Jun 17 2024 14:16:29[0m
[0;32mI (492) cpu_start: ELF file SHA256:  87df602295ee5d13...[0m
[0;32mI (498) cpu_start: ESP-IDF:          v5.1-dirty[0m
[0;32mI (503) cpu_start: Min chip rev:     v0.0[0m
[0;32mI (508) cpu_start: Max chip rev:     v3.99 [0m
[0;32mI (513) cpu_start: Chip rev:         v3.1[0m
[0;32mI (518) heap_init: Initializing. RAM available for dynamic allocation:[0m
[0;32mI (525) heap_init: At 3FFAFF10 len 000000F0 (0 KiB): DRAM[0m
[0;32mI (531) heap_init: At 3FFB6388 len 00001C78 (7 KiB): DRAM[0m
[0;32mI (537) heap_init: At 3FFB9A20 len 00004108 (16 KiB): DRAM[0m
[0;32mI (543) heap_init: At 3FFC7700 len 00018900 (98 KiB): DRAM[0m
[0;32mI (549) heap_init: At 3FFE0440 len 00003AE0 (14 KiB): D/IRAM[0m
[0;32mI (556) heap_init: At 3FFE4350 len 0001BCB0 (111 KiB): D/IRAM[0m
[0;32mI (562) heap_init: At 4009A894 len 0000576C (21 KiB): IRAM[0m
[0;32mI (570) spi_flash: detected chip: generic[0m
[0;32mI (573) spi_flash: flash io: dio[0m
[0;33mW (577) spi_flash: Detected size(16384k) larger than the size in the binary image header(2048k). Using the size in the binary image header.[0m
[0;32mI (591) coexist: coex firmware version: ebddf30[0m
[0;32mI (596) app_start: Starting scheduler on CPU0[0m
[0;32[0;32mI (601) app_start: Starting scheduler on CPU1[0m
mI (601) main_task: Started on CPU0[0m
[0;32mI (611) main_task: Calling app_main()[0m
========================================================= 
.______     ______   .___________. _______ .__   __. .___________. __    ______        _______.___________.    ___   .___________.     
|   _  \  /  __   \ |            ||   ____||  \ |  | |           ||  |  /  __  \      /       |           |   /   \  |           |     
|  |_)  | |  |  |  | `---|  |----`|  |__   |   \|  | `---|  |----`|  | |  |  |  |    |   (----`---|  |----`  /  ^  \ `---|  |----`     
|   ___/  |  |  |  |     |  |     |   __|  |  . `  |     |  |     |  | |  |  |  |     \   \       |  |      /  /_\  \    |  |          
|  |      |  `--'  |     |  |     |  |____ |  |\   |     |  |     |  | |  `--'  | .----)   |      |  |     /  _____  \   |  |          
| _|       \______/      |__|     |_______||__| \__|     |__|     |__|  \______/  |_______/       |__|    /__/     \__\  |__|          
========================================================= 
[0;32mI (701) BTDM_INIT: BT controller compile version [ad2b7cd][0m
[0;32mI (711) phy_init: phy_version 4670,719f9f6,Feb 18 2021,17:07:07[0m
[0;32mI (1131) GATTS_DEMO: REGISTER_APP_EVT, status 0, app_id 0
[0m
[0;32mI (1131) SDCARD: Initializing SD card[0m

***ERROR*** A stack overflow in task SDCARD has been detected.


Backtrace: 0x40081bde:0x3ffcb210 0x40092b61:0x3ffcb230 0x400955aa:0x3ffcb250 0x400941e3:0x3ffcb2d0 0x400956f8:0x3ffcb2f0 0x400956aa:0xa5a5a5a5 |<-CORRUPTED




ELF file SHA256: 87df602295ee5d13

Rebooting...
ets Jul 29 2019 12:21:46

rst:0xc (SW_CPU_RESET),boot:0x13 (SPI_FAST_FLASH_BOOT)
configsip: 0, SPIWP:0xee
clk_drv:0x00,q_drv:0x00,d_drv:0x00,cs0_drv:0x00,hd_drv:0x00,wp_drv:0x00
mode:DIO, clock div:2
load:0x3fff0030,len:7084
ho 0 tail 12 room 4
load:0x40078000,len:15576
ho 0 tail 12 room 4
load:0x40080400,len:4
load:0x40080404,len:3876
entry 0x4008064c
[0;32mI (32) boot: ESP-IDF v5.1-dirty 2nd stage bootloader[0m
[0;32mI (33) boot: compile time May 21 2024 12:53:41[0m
[0;32mI (33) boot: Multicore bootloader[0m
[0;32mI (37) boot: chip revision: v3.1[0m
[0;32mI (41) boot.esp32: SPI Speed      : 40MHz[0m
[0;32mI (46) boot.esp32: SPI Mode       : DIO[0m
[0;32mI (50) boot.esp32: SPI Flash Size : 2MB[0m
[0;32mI (55) boot: Enabling RNG early entropy source...[0m
[0;32mI (60) boot: Partition Table:[0m
[0;32mI (64) boot: ## Label            Usage          Type ST Offset   Length[0m
[0;32mI (71) boot:  0 nvs              WiFi data        01 02 00009000 00006000[0m
[0;32mI (79) boot:  1 phy_init         RF data          01 01 0000f000 00001000[0m
[0;32mI (86) boot:  2 factory          factory app      00 00 00010000 00100000[0m
[0;32mI (94) boot: End of partition table[0m
[0;32mI (98) esp_image: segment 0: paddr=00010020 vaddr=3f400020 size=257b4h (153524) map[0m
[0;32mI (162) esp_image: segment 1: paddr=000357dc vaddr=3ffbdb60 size=0472ch ( 18220) load[0m
[0;32mI (169) esp_image: segment 2: paddr=00039f10 vaddr=40080000 size=06108h ( 24840) load[0m
[0;32mI (180) esp_image: segment 3: paddr=00040020 vaddr=400d0020 size=8f4c4h (586948) map[0m
[0;32mI (392) esp_image: segment 4: paddr=000cf4ec vaddr=40086108 size=1478ch ( 83852) load[0m
[0;32mI (440) boot: Loaded app from partition at offset 0x10000[0m
[0;32mI (440) boot: Disabling RNG early entropy source...[0m
[0;32mI (452) cpu_start: Multicore app[0m
[0;32mI (452) cpu_start: Pro cpu up.[0m
[0;32mI (452) cpu_start: Starting app cpu, entry point is 0x40081544[0m
[0;32mI (439) cpu_start: App cpu up.[0m
[0;32mI (470) cpu_start: Pro cpu start user code[0m
[0;32mI (470) cpu_start: cpu freq: 160000000 Hz[0m
[0;32mI (471) cpu_start: Application information:[0m
[0;32mI (475) cpu_start: Project name:     Potentio_ESP[0m
[0;32mI (481) cpu_start: App version:      b1d72289b-dirty[0m
[0;32mI (486) cpu_start: Compile time:     Jun 17 2024 14:16:29[0m
[0;32mI (492) cpu_start: ELF file SHA256:  87df602295ee5d13...[0m
[0;32mI (498) cpu_start: ESP-IDF:          v5.1-dirty[0m
[0;32mI (503) cpu_start: Min chip rev:     v0.0[0m
[0;32mI (508) cpu_start: Max chip rev:     v3.99 [0m
[0;32mI (513) cpu_start: Chip rev:         v3.1[0m
[0;32mI (518) heap_init: Initializing. RAM available for dynamic allocation:[0m
[0;32mI (525) heap_init: At 3FFAFF10 len 000000F0 (0 KiB): DRAM[0m
[0;32mI (531) heap_init: At 3FFB6388 len 00001C78 (7 KiB): DRAM[0m
[0;32mI (537) heap_init: At 3FFB9A20 len 00004108 (16 KiB): DRAM[0m
[0;32mI (543) heap_init: At 3FFC7700 len 00018900 (98 KiB): DRAM[0m
[0;32mI (549) heap_init: At 3FFE0440 len 00003AE0 (14 KiB): D/IRAM[0m
[0;32mI (556) heap_init: At 3FFE4350 len 0001BCB0 (111 KiB): D/IRAM[0m
[0;32mI (562) heap_init: At 4009A894 len 0000576C (21 KiB): IRAM[0m
[0;32mI (570) spi_flash: detected chip: generic[0m
[0;32mI (573) spi_flash: flash io: dio[0m
[0;33mW (577) spi_flash: Detected size(16384k) larger than the size in the binary image header(2048k). Using the size in the binary image header.[0m
[0;32mI (591) coexist: coex firmware version: ebddf30[0m
[0;32mI (596) app_start: Starting scheduler on CPU0[0m
[0;32[0;32mI (601) app_start: Starting scheduler on CPU1[0m
mI (601) main_task: Started on CPU0[0m
[0;32mI (611) main_task: Calling app_main()[0m
========================================================= 
.______     ______   .___________. _______ .__   __. .___________. __    ______        _______.___________.    ___   .___________.     
|   _  \  /  __   \ |            ||   ____||  \ |  | |           ||  |  /  __  \      /       |           |   /   \  |           |     
|  |_)  | |  |  |  | `---|  |----`|  |__   |   \|  | `---|  |----`|  | |  |  |  |    |   (----`---|  |----`  /  ^  \ `---|  |----`     
|   ___/  |  |  |  |     |  |     |   __|  |  . `  |     |  |     |  | |  |  |  |     \   \       |  |      /  /_\  \    |  |          
|  |      |  `--'  |     |  |     |  |____ |  |\   |     |  |     |  | |  `--'  | .----)   |      |  |     /  _____  \   |  |          
| _|       \______/      |__|     |_______||__| \__|     |__|     |__|  \______/  |_______/       |__|    /__/     \__\  |__|          
========================================================= 
[0;32mI (701) BTDM_INIT: BT controller compile version [ad2b7cd][0m
[0;32mI (711) phy_init: phy_version 4670,719f9f6,Feb 18 2021,17:07:07[0m
[0;32mI (1141) GATTS_DEMO: REGISTER_APP_EVT, status 0, app_id 0
[0m
[0;32mI (1151) SDCARD: Initializing SD card[0m
[0;32mI (1151) SDCARD: Using SPI peripheral[0m

***ERROR*** A stack overflow in task SDCARD has been detected.


Backtrace: 0x40081bde:0x3ffcb640 0x40092b61:0x3ffcb660 0x400955aa:0x3ffcb680 0x400941e3:0x3ffcb700 0x400956f8:0x3ffcb720 0x400956aa:0x00000000 |<-CORRUPTED




ELF file SHA256: 87df602295ee5d13

Rebooting...
ets Jul 29 2019 12:21:46

rst:0xc (SW_CPU_RESET),boot:0x13 (SPI_FAST_FLASH_BOOT)
configsip: 0, SPIWP:0xee
clk_drv:0x00,q_drv:0x00,d_drv:0x00,cs0_drv:0x00,hd_drv:0x00,wp_drv:0x00
mode:DIO, clock div:2
load:0x3fff0030,len:7084
ho 0 tail 12 room 4
load:0x40078000,len:15576
ho 0 tail 12 room 4
load:0x40080400,len:4
load:0x40080404,len:3876
entry 0x4008064c
[0;32mI (32) boot: ESP-IDF v5.1-dirty 2nd stage bootloader[0m
[0;32mI (33) boot: compile time May 21 2024 12:53:41[0m
[0;32mI (33) boot: Multicore bootloader[0m
[0;32mI (37) boot: chip revision: v3.1[0m
[0;32mI (41) boot.esp32: SPI Speed      : 40MHz[0m
[0;32mI (46) boot.esp32: SPI Mode       : DIO[0m
[0;32mI (50) boot.esp32: SPI Flash Size : 2MB[0m
[0;32mI (55) boot: Enabling RNG early entropy source...[0m
[0;32mI (60) boot: Partition Table:[0m
[0;32mI (64) boot: ## Label            Usage          Type ST Offset   Length[0m
[0;32mI (71) boot:  0 nvs              WiFi data        01 02 00009000 00006000[0m
[0;32mI (79) boot:  1 phy_init         RF data          01 01 0000f000 00001000[0m
[0;32mI (86) boot:  2 factory          factory app      00 00 00010000 00100000[0m
[0;32mI (94) boot: End of partition table[0m
[0;32mI (98) esp_image: segment 0: paddr=00010020 vaddr=3f400020 size=257b4h (153524) map[0m
[0;32mI (162) esp_image: segment 1: paddr=000357dc vaddr=3ffbdb60 size=0472ch ( 18220) load[0m
[0;32mI (169) esp_image: segment 2: paddr=00039f10 vaddr=40080000 size=06108h ( 24840) load[0m
[0;32mI (180) esp_image: segment 3: paddr=00040020 vaddr=400d0020 size=8f4c4h (586948) map[0m
[0;32mI (392) esp_image: segment 4: paddr=000cf4ec vaddr=40086108 size=1478ch ( 83852) load[0m
[0;32mI (440) boot: Loaded app from partition at offset 0x10000[0m
[0;32mI (440) boot: Disabling RNG early entropy source...[0m
[0;32mI (452) cpu_start: Multicore app[0m
[0;32mI (452) cpu_start: Pro cpu up.[0m
[0;32mI (452) cpu_start: Starting app cpu, entry point is 0x40081544[0m
[0;32mI (439) cpu_start: App cpu up.[0m
[0;32mI (470) cpu_start: Pro cpu start user code[0m
[0;32mI (470) cpu_start: cpu freq: 160000000 Hz[0m
[0;32mI (471) cpu_start: Application information:[0m
[0;32mI (475) cpu_start: Project name:     Potentio_ESP[0m
[0;32mI (481) cpu_start: App version:      b1d72289b-dirty[0m
[0;32mI (486) cpu_start: Compile time:     Jun 17 2024 14:16:29[0m
[0;32mI (492) cpu_start: ELF file SHA256:  87df602295ee5d13...[0m
[0;32mI (498) cpu_start: ESP-IDF:          v5.1-dirty[0m
[0;32mI (503) cpu_start: Min chip rev:     v0.0[0m
[0;32mI (508) cpu_start: Max chip rev:     v3.99 [0m
[0;32mI (513) cpu_start: Chip rev:         v3.1[0m
[0;32mI (518) heap_init: Initializing. RAM available for dynamic allocation:[0m
[0;32mI (525) heap_init: At 3FFAFF10 len 000000F0 (0 KiB): DRAM[0m
[0;32mI (531) heap_init: At 3FFB6388 len 00001C78 (7 KiB): DRAM[0m
[0;32mI (537) heap_init: At 3FFB9A20 len 00004108 (16 KiB): DRAM[0m
[0;32mI (543) heap_init: At 3FFC7700 len 00018900 (98 KiB): DRAM[0m
[0;32mI (549) heap_init: At 3FFE0440 len 00003AE0 (14 KiB): D/IRAM[0m
[0;32mI (556) heap_init: At 3FFE4350 len 0001BCB0 (111 KiB): D/IRAM[0m
[0;32mI (562) heap_init: At 4009A894 len 0000576C (21 KiB): IRAM[0m
[0;32mI (570) spi_flash: detected chip: generic[0m
[0;32mI (573) spi_flash: flash io: dio[0m
[0;33mW (577) spi_flash: Detected size(16384k) larger than the size in the binary image header(2048k). Using the size in the binary image header.[0m
[0;32mI (591) coexist: coex firmware version: ebddf30[0m
[0;32mI (596) app_start: Starting scheduler on CPU0[0m
[0;32[0;32mI (601) app_start: Starting scheduler on CPU1[0m
mI (601) main_task: Started on CPU0[0m
[0;32mI (611) main_task: Calling app_main()[0m
========================================================= 
.______     ______   .___________. _______ .__   __. .___________. __    ______        _______.___________.    ___   .___________.     
|   _  \  /  __   \ |            ||   ____||  \ |  | |           ||  |  /  __  \      /       |           |   /   \  |           |     
|  |_)  | |  |  |  | `---|  |----`|  |__   |   \|  | `---|  |----`|  | |  |  |  |    |   (----`---|  |----`  /  ^  \ `---|  |----`     
|   ___/  |  |  |  |     |  |     |   __|  |  . `  |     |  |     |  | |  |  |  |     \   \       |  |      /  /_\  \    |  |          
|  |      |  `--'  |     |  |     |  |____ |  |\   |     |  |     |  | |  `--'  | .----)   |      |  |     /  _____  \   |  |          
| _|       \______/      |__|     |_______||__| \__|     |__|     |__|  \______/  |_______/       |__|    /__/     \__\  |__|          
========================================================= 
[0;32mI (701) BTDM_INIT: BT controller compile version [ad2b7cd][0m
[0;32mI (711) phy_init: phy_version 4670,719f9f6,Feb 18 2021,17:07:07[0m
[0;32mI (1141) GATTS_DEMO: REGISTER_APP_EVT, status 0, app_id 0
[0m

***ERROR*** A stack overflow in task SDCARD has been detected.


Backtrace: 0x40081bde:0x3ffcb2b0 0x40092b61:0x3ffcb2d0 0x400955aa:0x3ffcb2f0 0x400941e3:0x3ffcb370 0x400956f8:0x3ffcb390 0x400956aa:0xa5a5a5a5 |<-CORRUPTED




ELF file SHA256: 87df602295ee5d13

Rebooting...
ets Jul 29 2019 12:21:46

rst:0xc (SW_CPU_RESET),boot:0x13 (SPI_FAST_FLASH_BOOT)
configsip: 0, SPIWP:0xee
clk_drv:0x00,q_drv:0x00,d_drv:0x00,cs0_drv:0x00,hd_drv:0x00,wp_drv:0x00
mode:DIO, clock div:2
load:0x3fff0030,len:7084
ho 0 tail 12 room 4
load:0x40078000,len:15576
ho 0 tail 12 room 4
load:0x40080400,len:4
load:0x40080404,len:3876
entry 0x4008064c
[0;32mI (32) boot: ESP-IDF v5.1-dirty 2nd stage bootloader[0m
[0;32mI (33) boot: compile time May 21 2024 12:53:41[0m
[0;32mI (33) boot: Multicore bootloader[0m
[0;32mI (37) boot: chip revision: v3.1[0m
[0;32mI (41) boot.esp32: SPI Speed      : 40MHz[0m
[0;32mI (46) boot.esp32: SPI Mode       : DIO[0m
[0;32mI (50) boot.esp32: SPI Flash Size : 2MB[0m
[0;32mI (55) boot: Enabling RNG early entropy source...[0m
[0;32mI (60) boot: Partition Table:[0m
[0;32mI (64) boot: ## Label            Usage          Type ST Offset   Length[0m
[0;32mI (71) boot:  0 nvs              WiFi data        01 02 00009000 00006000[0m
[0;32mI (79) boot:  1 phy_init         RF data          01 01 0000f000 00001000[0m
[0;32mI (86) boot:  2 factory          factory app      00 00 00010000 00100000[0m
[0;32mI (94) boot: End of partition table[0m
[0;32mI (98) esp_image: segment 0: paddr=00010020 vaddr=3f400020 size=257b4h (153524) map[0m
[0;32mI (162) esp_image: segment 1: paddr=000357dc vaddr=3ffbdb60 size=0472ch ( 18220) load[0m
[0;32mI (169) esp_image: segment 2: paddr=00039f10 vaddr=40080000 size=06108h ( 24840) load[0m
[0;32mI (180) esp_image: segment 3: paddr=00040020 vaddr=400d0020 size=8f4c4h (586948) map[0m
[0;32mI (392) esp_image: segment 4: paddr=000cf4ec vaddr=40086108 size=1478ch ( 83852) load[0m
[0;32mI (440) boot: Loaded app from partition at offset 0x10000[0m
[0;32mI (440) boot: Disabling RNG early entropy source...[0m
[0;32mI (452) cpu_start: Multicore app[0m
[0;32mI (452) cpu_start: Pro cpu up.[0m
[0;32mI (452) cpu_start: Starting app cpu, entry point is 0x40081544[0m
[0;32mI (439) cpu_start: App cpu up.[0m
[0;32mI (470) cpu_start: Pro cpu start user code[0m
[0;32mI (470) cpu_start: cpu freq: 160000000 Hz[0m
[0;32mI (471) cpu_start: Application information:[0m
[0;32mI (475) cpu_start: Project name:     Potentio_ESP[0m
[0;32mI (481) cpu_start: App version:      b1d72289b-dirty[0m
[0;32mI (486) cpu_start: Compile time:     Jun 17 2024 14:16:29[0m
[0;32mI (492) cpu_start: ELF file SHA256:  87df602295ee5d13...[0m
[0;32mI (498) cpu_start: ESP-IDF:          v5.1-dirty[0m
[0;32mI (503) cpu_start: Min chip rev:     v0.0[0m
[0;32mI (508) cpu_start: Max chip rev:     v3.99 [0m
[0;32mI (513) cpu_start: Chip rev:         v3.1[0m
[0;32mI (518) heap_init: Initializing. RAM available for dynamic allocation:[0m
[0;32mI (525) heap_init: At 3FFAFF10 len 000000F0 (0 KiB): DRAM[0m
[0;32mI (531) heap_init: At 3FFB6388 len 00001C78 (7 KiB): DRAM[0m
[0;32mI (537) heap_init: At 3FFB9A20 len 00004108 (16 KiB): DRAM[0m
[0;32mI (543) heap_init: At 3FFC7700 len 00018900 (98 KiB): DRAM[0m
[0;32mI (549) heap_init: At 3FFE0440 len 00003AE0 (14 KiB): D/IRAM[0m
[0;32mI (556) heap_init: At 3FFE4350 len 0001BCB0 (111 KiB): D/IRAM[0m
[0;32mI (562) heap_init: At 4009A894 len 0000576C (21 KiB): IRAM[0m
[0;32mI (570) spi_flash: detected chip: generic[0m
[0;32mI (573) spi_flash: flash io: dio[0m
[0;33mW (577) spi_flash: Detected size(16384k) larger than the size in the binary image header(2048k). Using the size in the binary image header.[0m
[0;32mI (591) coexist: coex firmware version: ebddf30[0m
[0;32mI (596) app_start: Starting scheduler on CPU0[0m
[0;32[0;32mI (601) app_start: Starting scheduler on CPU1[0m
mI (601) main_task: Started on CPU0[0m
[0;32mI (611) main_task: Calling app_main()[0m
========================================================= 
.______     ______   .___________. _______ .__   __. .___________. __    ______        _______.___________.    ___   .___________.     
|   _  \  /  __   \ |            ||   ____||  \ |  | |           ||  |  /  __  \      /       |           |   /   \  |           |     
|  |_)  | |  |  |  | `---|  |----`|  |__   |   \|  | `---|  |----`|  | |  |  |  |    |   (----`---|  |----`  /  ^  \ `---|  |----`     
|   ___/  |  |  |  |     |  |     |   __|  |  . `  |     |  |     |  | |  |  |  |     \   \       |  |      /  /_\  \    |  |          
|  |      |  `--'  |     |  |     |  |____ |  |\   |     |  |     |  | |  `--'  | .----)   |      |  |     /  _____  \   |  |          
| _|       \______/      |__|     |_______||__| \__|     |__|     |__|  \______/  |_______/       |__|    /__/     \__\  |__|          
========================================================= 
[0;32mI (701) BTDM_INIT: BT controller compile version [ad2b7cd][0m
[0;32mI (711) phy_init: phy_version 4670,719f9f6,Feb 18 2021,17:07:07[0m
[0;32mI (1131) GATTS_DEMO: REGISTER_APP_EVT, status 0, app_id 0
[0m

***ERROR*** A stack overflow in task SDCARD has been detected.


Backtrace: 0x40081bde:0x3ffcb2b0 0x40092b61:0x3ffcb2d0 0x400955aa:0x3ffcb2f0 0x400941e3:0x3ffcb370 0x400956f8:0x3ffcb390 0x400956aa:0xa5a5a5a5 |<-CORRUPTED




ELF file SHA256: 87df602295ee5d13

Rebooting...
ets Jul 29 2019 12:21:46

rst:0xc (SW_CPU_RESET),boot:0x13 (SPI_FAST_FLASH_BOOT)
configsip: 0, SPIWP:0xee
clk_drv:0x00,q_drv:0x00,d_drv:0x00,cs0_drv:0x00,hd_drv:0x00,wp_drv:0x00
mode:DIO, clock div:2
load:0x3fff0030,len:7084
ho 0 tail 12 room 4
load:0x40078000,len:15576
ho 0 tail 12 room 4
load:0x40080400,len:4
load:0x40080404,len:3876
entry 0x4008064c
[0;32mI (32) boot: ESP-IDF v5.1-dirty 2nd stage bootloader[0m
[0;32mI (33) boot: compile time May 21 2024 12:53:41[0m
[0;32mI (33) boot: Multicore bootloader[0m
[0;32mI (37) boot: chip revision: v3.1[0m
