ets Jul 29 2019 12:21:46

rst:0x1 (POWERON_RESET),boot:0x13 (SPI_FAST_FLASH_BOOT)
configsip: 0, SPIWP:0xee
clk_drv:0x00,q_drv:0x00,d_drv:0x00,cs0_drv:0x00,hd_drv:0x00,wp_drv:0x00
mode:DIO, clock div:2
load:0x3fff0030,len:7084
ho 0 tail 12 room 4
load:0x40078000,len:15576
ho 0 tail 12 room 4
load:0x40080400,len:4
load:0x40080404,len:3876
entry 0x4008064c
[0;32mI (33) boot: ESP-IDF v5.1-dirty 2nd stage bootloader[0m
[0;32mI (33) boot: compile time May 21 2024 12:53:41[0m
[0;32mI (33) boot: Multicore bootloader[0m
[0;32mI (38) boot: chip revision: v3.0[0m
[0;32mI (41) boot.esp32: SPI Speed      : 40MHz[0m
[0;32mI (46) boot.esp32: SPI Mode       : DIO[0m
[0;32mI (51) boot.esp32: SPI Flash Size : 2MB[0m
[0;32mI (55) boot: Enabling RNG early entropy source...[0m
[0;32mI (61) boot: Partition Table:[0m
[0;32mI (64) boot: ## Label            Usage          Type ST Offset   Length[0m
[0;32mI (71) boot:  0 nvs              WiFi data        01 02 00009000 00006000[0m
[0;32mI (79) boot:  1 phy_init         RF data          01 01 0000f000 00001000[0m
[0;32mI (86) boot:  2 factory          factory app      00 00 00010000 00100000[0m
[0;32mI (94) boot: End of partition table[0m
[0;32mI (98) esp_image: segment 0: paddr=00010020 vaddr=3f400020 size=212ech (135916) map[0m
[0;32mI (156) esp_image: segment 1: paddr=00031314 vaddr=3ffbdb60 size=0453ch ( 17724) load[0m
[0;32mI (163) esp_image: segment 2: paddr=00035858 vaddr=40080000 size=0a7c0h ( 42944) load[0m
[0;32mI (181) esp_image: segment 3: paddr=00040020 vaddr=400d0020 size=8185ch (530524) map[0m
[0;32mI (373) esp_image: segment 4: paddr=000c1884 vaddr=4008a7c0 size=0e558h ( 58712) load[0m
[0;32mI (410) boot: Loaded app from partition at offset 0x10000[0m
[0;32mI (410) boot: Disabling RNG early entropy source...[0m
[0;32mI (421) cpu_start: Multicore app[0m
[0;32mI (422) cpu_start: Pro cpu up.[0m
[0;32mI (422) cpu_start: Starting app cpu, entry point is 0x40081430[0m
[0;32mI (0) cpu_start: App cpu up.[0m
[0;32mI (440) cpu_start: Pro cpu start user code[0m
[0;32mI (440) cpu_start: cpu freq: 160000000 Hz[0m
[0;32mI (440) cpu_start: Application information:[0m
[0;32mI (444) cpu_start: Project name:     Potentio_ESP[0m
[0;32mI (450) cpu_start: App version:      8e1a9d13-dirty[0m
[0;32mI (455) cpu_start: Compile time:     May 21 2024 12:53:31[0m
[0;32mI (461) cpu_start: ELF file SHA256:  b9b4f165c6508e70...[0m
[0;32mI (467) cpu_start: ESP-IDF:          v5.1-dirty[0m
[0;32mI (473) cpu_start: Min chip rev:     v0.0[0m
[0;32mI (477) cpu_start: Max chip rev:     v3.99 [0m
[0;32mI (482) cpu_start: Chip rev:         v3.0[0m
[0;32mI (487) heap_init: Initializing. RAM available for dynamic allocation:[0m
[0;32mI (494) heap_init: At 3FFAFF10 len 000000F0 (0 KiB): DRAM[0m
[0;32mI (500) heap_init: At 3FFB6388 len 00001C78 (7 KiB): DRAM[0m
[0;32mI (506) heap_init: At 3FFB9A20 len 00004108 (16 KiB): DRAM[0m
[0;32mI (512) heap_init: At 3FFC73A8 len 00018C58 (99 KiB): DRAM[0m
[0;32mI (519) heap_init: At 3FFE0440 len 00003AE0 (14 KiB): D/IRAM[0m
[0;32mI (525) heap_init: At 3FFE4350 len 0001BCB0 (111 KiB): D/IRAM[0m
[0;32mI (531) heap_init: At 40098D18 len 000072E8 (28 KiB): IRAM[0m
[0;32mI (539) spi_flash: detected chip: generic[0m
[0;32mI (542) spi_flash: flash io: dio[0m
[0;33mW (546) spi_flash: Detected size(4096k) larger than the size in the binary image header(2048k). Using the size in the binary image header.[0m
[0;32mI (560) coexist: coex firmware version: ebddf30[0m
[0;32mI (565) app_start: Starting scheduler on CPU0[0m
[0;32m[0;32mI (570) app_start: Starting scheduler on CPU1[0m
I (570) main_task: Started on CPU0[0m
[0;32mI (580) main_task: Calling app_main()[0m
========================================================= 
.______     ______   .___________. _______ .__   __. .___________. __    ______        _______.___________.    ___   .___________.     
|   _  \  /  __   \ |            ||   ____||  \ |  | |           ||  |  /  __  \      /       |           |   /   \  |           |     
|  |_)  | |  |  |  | `---|  |----`|  |__   |   \|  | `---|  |----`|  | |  |  |  |    |   (----`---|  |----`  /  ^  \ `---|  |----`     
|   ___/  |  |  |  |     |  |     |   __|  |  . `  |     |  |     |  | |  |  |  |     \   \       |  |      /  /_\  \    |  |          
|  |      |  `--'  |     |  |     |  |____ |  |\   |     |  |     |  | |  `--'  | .----)   |      |  |     /  _____  \   |  |          
| _|       \______/      |__|     |_______||__| \__|     |__|     |__|  \______/  |_______/       |__|    /__/     \__\  |__|          
========================================================= 
[0;32mI (670) BTDM_INIT: BT controller compile version [ad2b7cd][0m
[0;32mI (680) phy_init: phy_version 4670,719f9f6,Feb 18 2021,17:07:07[0m
[0;32mI (1100) GATTS_DEMO: REGISTER_APP_EVT, status 0, app_id 0
[0m
[0;32mI (1120) GATTS_DEMO: CREATE_SERVICE_EVT, status 0,  service_handle 40
[0m
[0;32mI (1120) main_task: Returned from app_main()[0m
[0;32mI (1130) GATTS_DEMO: SERVICE_START_EVT, status 0, service_handle 40
[0m
[0;32mI (1130) GATTS_DEMO: ADD_CHAR_EVT, status 0,  attr_handle 42, service_handle 40
[0m
[0;32mI (1140) GATTS_DEMO: the gatts demo char length = 3
[0m
[0;32mI (1140) GATTS_DEMO: prf_char[0] =11
[0m
[0;32mI (1150) GATTS_DEMO: prf_char[1] =22
[0m
[0;32mI (1150) GATTS_DEMO: prf_char[2] =33
[0m
[0;32mI (1160) GATTS_DEMO: ADD_DESCR_EVT, status 0, attr_handle 43, service_handle 40
[0m
[0;32mI (47700) GATTS_DEMO: ESP_GATTS_CONNECT_EVT, conn_id 0, remote 61:28:a8:2f:8d:b1:[0m
[0;32mI (48320) GATTS_DEMO: update connection params status = 0, min_int = 16, max_int = 32,conn_int = 18,latency = 0, timeout = 400[0m
[0;32mI (48630) GATTS_DEMO: update connection params status = 0, min_int = 0, max_int = 0,conn_int = 6,latency = 0, timeout = 500[0m
[0;32mI (48780) GATTS_DEMO: update connection params status = 0, min_int = 0, max_int = 0,conn_int = 18,latency = 0, timeout = 400[0m
ets Jul 29 2019 12:21:46

rst:0x1 (POWERON_RESET),boot:0x13 (SPI_FAST_FLASH_BOOT)
configsip: 0, SPIWP:0xee
clk_drv:0x00,q_drv:0x00,d_drv:0x00,cs0_drv:0x00,hd_drv:0x00,wp_drv:0x00
mode:DIO, clock div:2
load:0x3fff0030,len:7084
ho 0 tail 12 room 4
load:0x40078000,len:15576
ho 0 tail 12 room 4
load:0x40080400,len:4
load:0x40080404,len:3876
entry 0x4008064c
[0;32mI (33) boot: ESP-IDF v5.1-dirty 2nd stage bootloader[0m
[0;32mI (33) boot: compile time May 21 2024 12:53:41[0m
[0;32mI (33) boot: Multicore bootloader[0m
[0;32mI (38) boot: chip revision: v3.0[0m
[0;32mI (41) boot.esp32: SPI Speed      : 40MHz[0m
[0;32mI (46) boot.esp32: SPI Mode       : DIO[0m
[0;32mI (51) boot.esp32: SPI Flash Size : 2MB[0m
[0;32mI (55) boot: Enabling RNG early entropy source...[0m
[0;32mI (61) boot: Partition Table:[0m
[0;32mI (64) boot: ## Label            Usage          Type ST Offset   Length[0m
[0;32mI (71) boot:  0 nvs              WiFi data        01 02 00009000 00006000[0m
[0;32mI (79) boot:  1 phy_init         RF data          01 01 0000f000 00001000[0m
[0;32mI (86) boot:  2 factory          factory app      00 00 00010000 00100000[0m
[0;32mI (94) boot: End of partition table[0m
[0;32mI (98) esp_image: segment 0: paddr=00010020 vaddr=3f400020 size=212ech (135916) map[0m
[0;32mI (156) esp_image: segment 1: paddr=00031314 vaddr=3ffbdb60 size=0453ch ( 17724) load[0m
[0;32mI (163) esp_image: segment 2: paddr=00035858 vaddr=40080000 size=0a7c0h ( 42944) load[0m
[0;32mI (181) esp_image: segment 3: paddr=00040020 vaddr=400d0020 size=8185ch (530524) map[0m
[0;32mI (373) esp_image: segment 4: paddr=000c1884 vaddr=4008a7c0 size=0e558h ( 58712) load[0m
[0;32mI (410) boot: Loaded app from partition at offset 0x10000[0m
[0;32mI (410) boot: Disabling RNG early entropy source...[0m
[0;32mI (421) cpu_start: Multicore app[0m
[0;32mI (422) cpu_start: Pro cpu up.[0m
[0;32mI (422) cpu_start: Starting app cpu, entry point is 0x40081430[0m
[0;32mI (0) cpu_start: App cpu up.[0m
[0;32mI (440) cpu_start: Pro cpu start user code[0m
[0;32mI (440) cpu_start: cpu freq: 160000000 Hz[0m
[0;32mI (440) cpu_start: Application information:[0m
[0;32mI (444) cpu_start: Project name:     Potentio_ESP[0m
[0;32mI (450) cpu_start: App version:      8e1a9d13-dirty[0m
[0;32mI (455) cpu_start: Compile time:     May 21 2024 12:53:31[0m
[0;32mI (461) cpu_start: ELF file SHA256:  b9b4f165c6508e70...[0m
[0;32mI (467) cpu_start: ESP-IDF:          v5.1-dirty[0m
[0;32mI (473) cpu_start: Min chip rev:     v0.0[0m
[0;32mI (477) cpu_start: Max chip rev:     v3.99 [0m
[0;32mI (482) cpu_start: Chip rev:         v3.0[0m
[0;32mI (487) heap_init: Initializing. RAM available for dynamic allocation:[0m
[0;32mI (494) heap_init: At 3FFAFF10 len 000000F0 (0 KiB): DRAM[0m
[0;32mI (500) heap_init: At 3FFB6388 len 00001C78 (7 KiB): DRAM[0m
[0;32mI (506) heap_init: At 3FFB9A20 len 00004108 (16 KiB): DRAM[0m
[0;32mI (512) heap_init: At 3FFC73A8 len 00018C58 (99 KiB): DRAM[0m
[0;32mI (519) heap_init: At 3FFE0440 len 00003AE0 (14 KiB): D/IRAM[0m
[0;32mI (525) heap_init: At 3FFE4350 len 0001BCB0 (111 KiB): D/IRAM[0m
[0;32mI (531) heap_init: At 40098D18 len 000072E8 (28 KiB): IRAM[0m
[0;32mI (539) spi_flash: detected chip: generic[0m
[0;32mI (542) spi_flash: flash io: dio[0m
[0;33mW (546) spi_flash: Detected size(4096k) larger than the size in the binary image header(2048k). Using the size in the binary image header.[0m
[0;32mI (560) coexist: coex firmware version: ebddf30[0m
[0;32mI (565) app_start: Starting scheduler on CPU0[0m
[0;32m[0;32mI (570) app_start: Starting scheduler on CPU1[0m
I (570) main_task: Started on CPU0[0m
[0;32mI (580) main_task: Calling app_main()[0m
========================================================= 
.______     ______   .___________. _______ .__   __. .___________. __    ______        _______.___________.    ___   .___________.     
|   _  \  /  __   \ |            ||   ____||  \ |  | |           ||  |  /  __  \      /       |           |   /   \  |           |     
|  |_)  | |  |  |  | `---|  |----`|  |__   |   \|  | `---|  |----`|  | |  |  |  |    |   (----`---|  |----`  /  ^  \ `---|  |----`     
|   ___/  |  |  |  |     |  |     |   __|  |  . `  |     |  |     |  | |  |  |  |     \   \       |  |      /  /_\  \    |  |          
|  |      |  `--'  |     |  |     |  |____ |  |\   |     |  |     |  | |  `--'  | .----)   |      |  |     /  _____  \   |  |          
| _|       \______/      |__|     |_______||__| \__|     |__|     |__|  \______/  |_______/       |__|    /__/     \__\  |__|          
========================================================= 
[0;32mI (670) BTDM_INIT: BT controller compile version [ad2b7cd][0m
[0;32mI (680) phy_init: phy_version 4670,719f9f6,Feb 18 2021,17:07:07[0m
[0;32mI (1100) GATTS_DEMO: REGISTER_APP_EVT, status 0, app_id 0
[0m
[0;32mI (1100) main_task: Returned from app_main()[0m
[0;32mI (1110) GATTS_DEMO: CREATE_SERVICE_EVT, status 0,  service_handle 40
[0m
[0;32mI (1120) GATTS_DEMO: SERVICE_START_EVT, status 0, service_handle 40
[0m
[0;32mI (1130) GATTS_DEMO: ADD_CHAR_EVT, status 0,  attr_handle 42, service_handle 40
[0m
[0;32mI (1130) GATTS_DEMO: the gatts demo char length = 3
[0m
[0;32mI (1140) GATTS_DEMO: prf_char[0] =11
[0m
[0;32mI (1140) GATTS_DEMO: prf_char[1] =22
[0m
[0;32mI (1140) GATTS_DEMO: prf_char[2] =33
[0m
[0;32mI (1150) GATTS_DEMO: ADD_DESCR_EVT, status 0, attr_handle 43, service_handle 40
[0m
[0;32mI (6060) GATTS_DEMO: ESP_GATTS_CONNECT_EVT, conn_id 0, remote 61:28:a8:2f:8d:b1:[0m
[0;32mI (6680) GATTS_DEMO: update connection params status = 0, min_int = 16, max_int = 32,conn_int = 18,latency = 0, timeout = 400[0m
[0;32mI (6990) GATTS_DEMO: update connection params status = 0, min_int = 0, max_int = 0,conn_int = 6,latency = 0, timeout = 500[0m
[0;32mI (7120) GATTS_DEMO: update connection params status = 0, min_int = 0, max_int = 0,conn_int = 18,latency = 0, timeout = 400[0m
ets Jul 29 2019 12:21:46

rst:0x1 (POWERON_RESET),boot:0x13 (SPI_FAST_FLASH_BOOT)
configsip: 0, SPIWP:0xee
clk_drv:0x00,q_drv:0x00,d_drv:0x00,cs0_drv:0x00,hd_drv:0x00,wp_drv:0x00
mode:DIO, clock div:2
load:0x3fff0030,len:7084
ho 0 tail 12 room 4
load:0x40078000,len:15576
ho 0 tail 12 room 4
load:0x40080400,len:4
load:0x40080404,len:3876
entry 0x4008064c
[0;32mI (33) boot: ESP-IDF v5.1-dirty 2nd stage bootloader[0m
[0;32mI (33) boot: compile time May 21 2024 12:53:41[0m
[0;32mI (33) boot: Multicore bootloader[0m
[0;32mI (38) boot: chip revision: v3.0[0m
[0;32mI (41) boot.esp32: SPI Speed      : 40MHz[0m
[0;32mI (46) boot.esp32: SPI Mode       : DIO[0m
[0;32mI (51) boot.esp32: SPI Flash Size : 2MB[0m
[0;32mI (55) boot: Enabling RNG early entropy source...[0m
[0;32mI (61) boot: Partition Table:[0m
[0;32mI (64) boot: ## Label            Usage          Type ST Offset   Length[0m
[0;32mI (71) boot:  0 nvs              WiFi data        01 02 00009000 00006000[0m
[0;32mI (79) boot:  1 phy_init         RF data          01 01 0000f000 00001000[0m
[0;32mI (86) boot:  2 factory          factory app      00 00 00010000 00100000[0m
[0;32mI (94) boot: End of partition table[0m
[0;32mI (98) esp_image: segment 0: paddr=00010020 vaddr=3f400020 size=212ech (135916) map[0m
[0;32mI (156) esp_image: segment 1: paddr=00031314 vaddr=3ffbdb60 size=0453ch ( 17724) load[0m
[0;32mI (163) esp_image: segment 2: paddr=00035858 vaddr=40080000 size=0a7c0h ( 42944) load[0m
[0;32mI (181) esp_image: segment 3: paddr=00040020 vaddr=400d0020 size=8185ch (530524) map[0m
[0;32mI (373) esp_image: segment 4: paddr=000c1884 vaddr=4008a7c0 size=0e558h ( 58712) load[0m
[0;32mI (410) boot: Loaded app from partition at offset 0x10000[0m
[0;32mI (410) boot: Disabling RNG early entropy source...[0m
[0;32mI (421) cpu_start: Multicore app[0m
[0;32mI (422) cpu_start: Pro cpu up.[0m
[0;32mI (422) cpu_start: Starting app cpu, entry point is 0x40081430[0m
[0;32mI (0) cpu_start: App cpu up.[0m
[0;32mI (440) cpu_start: Pro cpu start user code[0m
[0;32mI (440) cpu_start: cpu freq: 160000000 Hz[0m
[0;32mI (440) cpu_start: Application information:[0m
[0;32mI (444) cpu_start: Project name:     Potentio_ESP[0m
[0;32mI (450) cpu_start: App version:      8e1a9d13-dirty[0m
[0;32mI (455) cpu_start: Compile time:     May 21 2024 12:53:31[0m
[0;32mI (461) cpu_start: ELF file SHA256:  b9b4f165c6508e70...[0m
[0;32mI (467) cpu_start: ESP-IDF:          v5.1-dirty[0m
[0;32mI (473) cpu_start: Min chip rev:     v0.0[0m
[0;32mI (477) cpu_start: Max chip rev:     v3.99 [0m
[0;32mI (482) cpu_start: Chip rev:         v3.0[0m
[0;32mI (487) heap_init: Initializing. RAM available for dynamic allocation:[0m
[0;32mI (494) heap_init: At 3FFAFF10 len 000000F0 (0 KiB): DRAM[0m
[0;32mI (500) heap_init: At 3FFB6388 len 00001C78 (7 KiB): DRAM[0m
[0;32mI (506) heap_init: At 3FFB9A20 len 00004108 (16 KiB): DRAM[0m
[0;32mI (512) heap_init: At 3FFC73A8 len 00018C58 (99 KiB): DRAM[0m
[0;32mI (519) heap_init: At 3FFE0440 len 00003AE0 (14 KiB): D/IRAM[0m
[0;32mI (525) heap_init: At 3FFE4350 len 0001BCB0 (111 KiB): D/IRAM[0m
[0;32mI (531) heap_init: At 40098D18 len 000072E8 (28 KiB): IRAM[0m
[0;32mI (539) spi_flash: detected chip: generic[0m
[0;32mI (542) spi_flash: flash io: dio[0m
[0;33mW (546) spi_flash: Detected size(4096k) larger than the size in the binary image header(2048k). Using the size in the binary image header.[0m
[0;32mI (560) coexist: coex firmware version: ebddf30[0m
[0;32mI (565) app_start: Starting scheduler on CPU0[0m
[0;32m[0;32mI (570) app_start: Starting scheduler on CPU1[0m
I (570) main_task: Started on CPU0[0m
[0;32mI (580) main_task: Calling app_main()[0m
========================================================= 
.______     ______   .___________. _______ .__   __. .___________. __    ______        _______.___________.    ___   .___________.     
|   _  \  /  __   \ |            ||   ____||  \ |  | |           ||  |  /  __  \      /       |           |   /   \  |           |     
|  |_)  | |  |  |  | `---|  |----`|  |__   |   \|  | `---|  |----`|  | |  |  |  |    |   (----`---|  |----`  /  ^  \ `---|  |----`     
|   ___/  |  |  |  |     |  |     |   __|  |  . `  |     |  |     |  | |  |  |  |     \   \       |  |      /  /_\  \    |  |          
|  |      |  `--'  |     |  |     |  |____ |  |\   |     |  |     |  | |  `--'  | .----)   |      |  |     /  _____  \   |  |          
| _|       \______/      |__|     |_______||__| \__|     |__|     |__|  \______/  |_______/       |__|    /__/     \__\  |__|          
========================================================= 
[0;32mI (670) BTDM_INIT: BT controller compile version [ad2b7cd][0m
[0;32mI (680) phy_init: phy_version 4670,719f9f6,Feb 18 2021,17:07:07[0m
[0;32mI (1100) GATTS_DEMO: REGISTER_APP_EVT, status 0, app_id 0
[0m
[0;32mI (1110) GATTS_DEMO: CREATE_SERVICE_EVT, status 0,  service_handle 40
[0m
[0;32mI (1110) main_task: Returned from app_main()[0m
[0;32mI (1130) GATTS_DEMO: SERVICE_START_EVT, status 0, service_handle 40
[0m
[0;32mI (1130) GATTS_DEMO: ADD_CHAR_EVT, status 0,  attr_handle 42, service_handle 40
[0m
[0;32mI (1130) GATTS_DEMO: the gatts demo char length = 3
[0m
[0;32mI (1140) GATTS_DEMO: prf_char[0] =11
[0m
[0;32mI (1140) GATTS_DEMO: prf_char[1] =22
[0m
[0;32mI (1150) GATTS_DEMO: prf_char[2] =33
[0m
[0;32mI (1150) GATTS_DEMO: ADD_DESCR_EVT, status 0, attr_handle 43, service_handle 40
[0m
[0;32mI (29660) GATTS_DEMO: ESP_GATTS_CONNECT_EVT, conn_id 0, remote 77:96:c8:ed:f7:13:[0m
[0;32mI (30290) GATTS_DEMO: update connection params status = 0, min_int = 16, max_int = 32,conn_int = 18,latency = 0, timeout = 400[0m
[0;32mI (30580) GATTS_DEMO: update connection params status = 0, min_int = 0, max_int = 0,conn_int = 6,latency = 0, timeout = 500[0m
[0;32mI (30720) GATTS_DEMO: update connection params status = 0, min_int = 0, max_int = 0,conn_int = 18,latency = 0, timeout = 400[0m
ets Jul 29 2019 12:21:46

rst:0x1 (POWERON_RESET),boot:0x13 (SPI_FAST_FLASH_BOOT)
configsip: 0, SPIWP:0xee
clk_drv:0x00,q_drv:0x00,d_drv:0x00,cs0_drv:0x00,hd_drv:0x00,wp_drv:0x00
mode:DIO, clock div:2
load:0x3fff0030,len:7084
ho 0 tail 12 room 4
load:0x40078000,len:15576
ho 0 tail 12 room 4
load:0x40080400,len:4
load:0x40080404,len:3876
entry 0x4008064c
[0;32mI (33) boot: ESP-IDF v5.1-dirty 2nd stage bootloader[0m
[0;32mI (33) boot: compile time May 21 2024 12:53:41[0m
[0;32mI (33) boot: Multicore bootloader[0m
[0;32mI (38) boot: chip revision: v3.0[0m
[0;32mI (41) boot.esp32: SPI Speed      : 40MHz[0m
[0;32mI (46) boot.esp32: SPI Mode       : DIO[0m
[0;32mI (51) boot.esp32: SPI Flash Size : 2MB[0m
[0;32mI (55) boot: Enabling RNG early entropy source...[0m
[0;32mI (61) boot: Partition Table:[0m
[0;32mI (64) boot: ## Label            Usage          Type ST Offset   Length[0m
[0;32mI (71) boot:  0 nvs              WiFi data        01 02 00009000 00006000[0m
[0;32mI (79) boot:  1 phy_init         RF data          01 01 0000f000 00001000[0m
[0;32mI (86) boot:  2 factory          factory app      00 00 00010000 00100000[0m
[0;32mI (94) boot: End of partition table[0m
[0;32mI (98) esp_image: segment 0: paddr=00010020 vaddr=3f400020 size=212ech (135916) map[0m
[0;32mI (156) esp_image: segment 1: paddr=00031314 vaddr=3ffbdb60 size=0453ch ( 17724) load[0m
[0;32mI (163) esp_image: segment 2: paddr=00035858 vaddr=40080000 size=0a7c0h ( 42944) load[0m
[0;32mI (181) esp_image: segment 3: paddr=00040020 vaddr=400d0020 size=8185ch (530524) map[0m
[0;32mI (373) esp_image: segment 4: paddr=000c1884 vaddr=4008a7c0 size=0e558h ( 58712) load[0m
[0;32mI (410) boot: Loaded app from partition at offset 0x10000[0m
[0;32mI (410) boot: Disabling RNG early entropy source...[0m
[0;32mI (421) cpu_start: Multicore app[0m
[0;32mI (422) cpu_start: Pro cpu up.[0m
[0;32mI (422) cpu_start: Starting app cpu, entry point is 0x40081430[0m
[0;32mI (0) cpu_start: App cpu up.[0m
[0;32mI (440) cpu_start: Pro cpu start user code[0m
[0;32mI (440) cpu_start: cpu freq: 160000000 Hz[0m
[0;32mI (440) cpu_start: Application information:[0m
[0;32mI (444) cpu_start: Project name:     Potentio_ESP[0m
[0;32mI (450) cpu_start: App version:      8e1a9d13-dirty[0m
[0;32mI (455) cpu_start: Compile time:     May 21 2024 12:53:31[0m
[0;32mI (461) cpu_start: ELF file SHA256:  b9b4f165c6508e70...[0m
[0;32mI (467) cpu_start: ESP-IDF:          v5.1-dirty[0m
[0;32mI (473) cpu_start: Min chip rev:     v0.0[0m
[0;32mI (477) cpu_start: Max chip rev:     v3.99 [0m
[0;32mI (482) cpu_start: Chip rev:         v3.0[0m
[0;32mI (487) heap_init: Initializing. RAM available for dynamic allocation:[0m
[0;32mI (494) heap_init: At 3FFAFF10 len 000000F0 (0 KiB): DRAM[0m
[0;32mI (500) heap_init: At 3FFB6388 len 00001C78 (7 KiB): DRAM[0m
[0;32mI (506) heap_init: At 3FFB9A20 len 00004108 (16 KiB): DRAM[0m
[0;32mI (512) heap_init: At 3FFC73A8 len 00018C58 (99 KiB): DRAM[0m
[0;32mI (519) heap_init: At 3FFE0440 len 00003AE0 (14 KiB): D/IRAM[0m
[0;32mI (525) heap_init: At 3FFE4350 len 0001BCB0 (111 KiB): D/IRAM[0m
[0;32mI (531) heap_init: At 40098D18 len 000072E8 (28 KiB): IRAM[0m
[0;32mI (539) spi_flash: detected chip: generic[0m
[0;32mI (542) spi_flash: flash io: dio[0m
[0;33mW (546) spi_flash: Detected size(4096k) larger than the size in the binary image header(2048k). Using the size in the binary image header.[0m
[0;32mI (560) coexist: coex firmware version: ebddf30[0m
[0;32mI (565) app_start: Starting scheduler on CPU0[0m
[0;32m[0;32mI (570) app_start: Starting scheduler on CPU1[0m
I (570) main_task: Started on CPU0[0m
[0;32mI (580) main_task: Calling app_main()[0m
========================================================= 
.______     ______   .___________. _______ .__   __. .___________. __    ______        _______.___________.    ___   .___________.     
|   _  \  /  __   \ |            ||   ____||  \ |  | |           ||  |  /  __  \      /       |           |   /   \  |           |     
|  |_)  | |  |  |  | `---|  |----`|  |__   |   \|  | `---|  |----`|  | |  |  |  |    |   (----`---|  |----`  /  ^  \ `---|  |----`     
|   ___/  |  |  |  |     |  |     |   __|  |  . `  |     |  |     |  | |  |  |  |     \   \       |  |      /  /_\  \    |  |          
|  |      |  `--'  |     |  |     |  |____ |  |\   |     |  |     |  | |  `--'  | .----)   |      |  |     /  _____  \   |  |          
| _|       \______/      |__|     |_______||__| \__|     |__|     |__|  \______/  |_______/       |__|    /__/     \__\  |__|          
========================================================= 
[0;32mI (670) BTDM_INIT: BT controller compile version [ad2b7cd][0m
[0;32mI (680) phy_init: phy_version 4670,719f9f6,Feb 18 2021,17:07:07[0m
[0;32mI (1100) GATTS_DEMO: REGISTER_APP_EVT, status 0, app_id 0
[0m
[0;32mI (1100) main_task: Returned from app_main()[0m
[0;32mI (1110) GATTS_DEMO: CREATE_SERVICE_EVT, status 0,  service_handle 40
[0m
[0;32mI (1130) GATTS_DEMO: SERVICE_START_EVT, status 0, service_handle 40
[0m
[0;32mI (1130) GATTS_DEMO: ADD_CHAR_EVT, status 0,  attr_handle 42, service_handle 40
[0m
[0;32mI (1130) GATTS_DEMO: the gatts demo char length = 3
[0m
[0;32mI (1140) GATTS_DEMO: prf_char[0] =11
[0m
[0;32mI (1140) GATTS_DEMO: prf_char[1] =22
[0m
[0;32mI (1140) GATTS_DEMO: prf_char[2] =33
[0m
[0;32mI (1150) GATTS_DEMO: ADD_DESCR_EVT, status 0, attr_handle 43, service_handle 40
[0m
[0;32mI (76660) GATTS_DEMO: ESP_GATTS_CONNECT_EVT, conn_id 0, remote 77:96:c8:ed:f7:13:[0m
[0;32mI (77290) GATTS_DEMO: update connection params status = 0, min_int = 16, max_int = 32,conn_int = 18,latency = 0, timeout = 400[0m
[0;32mI (77580) GATTS_DEMO: update connection params status = 0, min_int = 0, max_int = 0,conn_int = 6,latency = 0, timeout = 500[0m
[0;32mI (77720) GATTS_DEMO: update connection params status = 0, min_int = 0, max_int = 0,conn_int = 18,latency = 0, timeout = 400[0m
ets Jul 29 2019 12:21:46

rst:0x1 (POWERON_RESET),boot:0x13 (SPI_FAST_FLASH_BOOT)
configsip: 0, SPIWP:0xee
clk_drv:0x00,q_drv:0x00,d_drv:0x00,cs0_drv:0x00,hd_drv:0x00,wp_drv:0x00
mode:DIO, clock div:2
load:0x3fff0030,len:7084
ho 0 tail 12 room 4
load:0x40078000,len:15576
ho 0 tail 12 room 4
load:0x40080400,len:4
load:0x40080404,len:3876
entry 0x4008064c
[0;32mI (33) boot: ESP-IDF v5.1-dirty 2nd stage bootloader[0m
[0;32mI (33) boot: compile time May 21 2024 12:53:41[0m
[0;32mI (33) boot: Multicore bootloader[0m
[0;32mI (38) boot: chip revision: v3.0[0m
[0;32mI (41) boot.esp32: SPI Speed      : 40MHz[0m
[0;32mI (46) boot.esp32: SPI Mode       : DIO[0m
[0;32mI (51) boot.esp32: SPI Flash Size : 2MB[0m
[0;32mI (55) boot: Enabling RNG early entropy source...[0m
[0;32mI (61) boot: Partition Table:[0m
[0;32mI (64) boot: ## Label            Usage          Type ST Offset   Length[0m
[0;32mI (71) boot:  0 nvs              WiFi data        01 02 00009000 00006000[0m
[0;32mI (79) boot:  1 phy_init         RF data          01 01 0000f000 00001000[0m
[0;32mI (86) boot:  2 factory          factory app      00 00 00010000 00100000[0m
[0;32mI (94) boot: End of partition table[0m
[0;32mI (98) esp_image: segment 0: paddr=00010020 vaddr=3f400020 size=212ech (135916) map[0m
[0;32mI (156) esp_image: segment 1: paddr=00031314 vaddr=3ffbdb60 size=0453ch ( 17724) load[0m
[0;32mI (163) esp_image: segment 2: paddr=00035858 vaddr=40080000 size=0a7c0h ( 42944) load[0m
[0;32mI (181) esp_image: segment 3: paddr=00040020 vaddr=400d0020 size=8185ch (530524) map[0m
[0;32mI (373) esp_image: segment 4: paddr=000c1884 vaddr=4008a7c0 size=0e558h ( 58712) load[0m
[0;32mI (410) boot: Loaded app from partition at offset 0x10000[0m
[0;32mI (410) boot: Disabling RNG early entropy source...[0m
[0;32mI (421) cpu_start: Multicore app[0m
[0;32mI (422) cpu_start: Pro cpu up.[0m
[0;32mI (422) cpu_start: Starting app cpu, entry point is 0x40081430[0m
[0;32mI (0) cpu_start: App cpu up.[0m
[0;32mI (440) cpu_start: Pro cpu start user code[0m
[0;32mI (440) cpu_start: cpu freq: 160000000 Hz[0m
[0;32mI (440) cpu_start: Application information:[0m
[0;32mI (444) cpu_start: Project name:     Potentio_ESP[0m
[0;32mI (450) cpu_start: App version:      8e1a9d13-dirty[0m
[0;32mI (455) cpu_start: Compile time:     May 21 2024 12:53:31[0m
[0;32mI (461) cpu_start: ELF file SHA256:  b9b4f165c6508e70...[0m
[0;32mI (467) cpu_start: ESP-IDF:          v5.1-dirty[0m
[0;32mI (473) cpu_start: Min chip rev:     v0.0[0m
[0;32mI (477) cpu_start: Max chip rev:     v3.99 [0m
[0;32mI (482) cpu_start: Chip rev:         v3.0[0m
[0;32mI (487) heap_init: Initializing. RAM available for dynamic allocation:[0m
[0;32mI (494) heap_init: At 3FFAFF10 len 000000F0 (0 KiB): DRAM[0m
[0;32mI (500) heap_init: At 3FFB6388 len 00001C78 (7 KiB): DRAM[0m
[0;32mI (506) heap_init: At 3FFB9A20 len 00004108 (16 KiB): DRAM[0m
[0;32mI (512) heap_init: At 3FFC73A8 len 00018C58 (99 KiB): DRAM[0m
[0;32mI (519) heap_init: At 3FFE0440 len 00003AE0 (14 KiB): D/IRAM[0m
[0;32mI (525) heap_init: At 3FFE4350 len 0001BCB0 (111 KiB): D/IRAM[0m
[0;32mI (531) heap_init: At 40098D18 len 000072E8 (28 KiB): IRAM[0m
[0;32mI (539) spi_flash: detected chip: generic[0m
[0;32mI (542) spi_flash: flash io: dio[0m
[0;33mW (546) spi_flash: Detected size(4096k) larger than the size in the binary image header(2048k). Using the size in the binary image header.[0m
[0;32mI (560) coexist: coex firmware version: ebddf30[0m
[0;32mI (565) app_start: Starting scheduler on CPU0[0m
[0;32m[0;32mI (570) app_start: Starting scheduler on CPU1[0m
I (570) main_task: Started on CPU0[0m
[0;32mI (580) main_task: Calling app_main()[0m
========================================================= 
.______     ______   .___________. _______ .__   __. .___________. __    ______        _______.___________.    ___   .___________.     
|   _  \  /  __   \ |            ||   ____||  \ |  | |           ||  |  /  __  \      /       |           |   /   \  |           |     
|  |_)  | |  |  |  | `---|  |----`|  |__   |   \|  | `---|  |----`|  | |  |  |  |    |   (----`---|  |----`  /  ^  \ `---|  |----`     
|   ___/  |  |  |  |     |  |     |   __|  |  . `  |     |  |     |  | |  |  |  |     \   \       |  |      /  /_\  \    |  |          
|  |      |  `--'  |     |  |     |  |____ |  |\   |     |  |     |  | |  `--'  | .----)   |      |  |     /  _____  \   |  |          
| _|       \______/      |__|     |_______||__| \__|     |__|     |__|  \______/  |_______/       |__|    /__/     \__\  |__|          
========================================================= 
[0;32mI (670) BTDM_INIT: BT controller compile version [ad2b7cd][0m
[0;32mI (680) phy_init: phy_version 4670,719f9f6,Feb 18 2021,17:07:07[0m
[0;32mI (1090) GATTS_DEMO: REGISTER_APP_EVT, status 0, app_id 0
[0m
[0;32mI (1100) GATTS_DEMO: CREATE_SERVICE_EVT, status 0,  service_handle 40
[0m
[0;32mI (1100) main_task: Returned from app_main()[0m
[0;32mI (1120) GATTS_DEMO: SERVICE_START_EVT, status 0, service_handle 40
[0m
[0;32mI (1120) GATTS_DEMO: ADD_CHAR_EVT, status 0,  attr_handle 42, service_handle 40
[0m
[0;32mI (1120) GATTS_DEMO: the gatts demo char length = 3
[0m
[0;32mI (1130) GATTS_DEMO: prf_char[0] =11
[0m
[0;32mI (1130) GATTS_DEMO: prf_char[1] =22
[0m
[0;32mI (1140) GATTS_DEMO: prf_char[2] =33
[0m
[0;32mI (1140) GATTS_DEMO: ADD_DESCR_EVT, status 0, attr_handle 43, service_handle 40
[0m
ets Jul 29 2019 12:21:46

rst:0x1 (POWERON_RESET),boot:0x13 (SPI_FAST_FLASH_BOOT)
configsip: 0, SPIWP:0xee
clk_drv:0x00,q_drv:0x00,d_drv:0x00,cs0_drv:0x00,hd_drv:0x00,wp_drv:0x00
mode:DIO, clock div:2
load:0x3fff0030,len:7084
ho 0 tail 12 room 4
load:0x40078000,len:15576
ho 0 tail 12 room 4
load:0x40080400,len:4
load:0x40080404,len:3876
entry 0x4008064c
[0;32mI (33) boot: ESP-IDF v5.1-dirty 2nd stage bootloader[0m
[0;32mI (33) boot: compile time May 21 2024 12:53:41[0m
[0;32mI (33) boot: Multicore bootloader[0m
[0;32mI (38) boot: chip revision: v3.0[0m
[0;32mI (41) boot.esp32: SPI Speed      : 40MHz[0m
[0;32mI (46) boot.esp32: SPI Mode       : DIO[0m
[0;32mI (51) boot.esp32: SPI Flash Size : 2MB[0m
[0;32mI (55) boot: Enabling RNG early entropy source...[0m
[0;32mI (61) boot: Partition Table:[0m
[0;32mI (64) boot: ## Label            Usage          Type ST Offset   Length[0m
[0;32mI (71) boot:  0 nvs              WiFi data        01 02 00009000 00006000[0m
[0;32mI (79) boot:  1 phy_init         RF data          01 01 0000f000 00001000[0m
[0;32mI (86) boot:  2 factory          factory app      00 00 00010000 00100000[0m
[0;32mI (94) boot: End of partition table[0m
[0;32mI (98) esp_image: segment 0: paddr=00010020 vaddr=3f400020 size=212ech (135916) map[0m
[0;32mI (156) esp_image: segment 1: paddr=00031314 vaddr=3ffbdb60 size=0453ch ( 17724) load[0m
[0;32mI (163) esp_image: segment 2: paddr=00035858 vaddr=40080000 size=0a7c0h ( 42944) load[0m
[0;32mI (181) esp_image: segment 3: paddr=00040020 vaddr=400d0020 size=8185ch (530524) map[0m
[0;32mI (373) esp_image: segment 4: paddr=000c1884 vaddr=4008a7c0 size=0e558h ( 58712) load[0m
[0;32mI (410) boot: Loaded app from partition at offset 0x10000[0m
[0;32mI (410) boot: Disabling RNG early entropy source...[0m
[0;32mI (421) cpu_start: Multicore app[0m
[0;32mI (422) cpu_start: Pro cpu up.[0m
[0;32mI (422) cpu_start: Starting app cpu, entry point is 0x40081430[0m
[0;32mI (0) cpu_start: App cpu up.[0m
[0;32mI (440) cpu_start: Pro cpu start user code[0m
[0;32mI (440) cpu_start: cpu freq: 160000000 Hz[0m
[0;32mI (440) cpu_start: Application information:[0m
[0;32mI (444) cpu_start: Project name:     Potentio_ESP[0m
[0;32mI (450) cpu_start: App version:      8e1a9d13-dirty[0m
[0;32mI (455) cpu_start: Compile time:     May 21 2024 12:53:31[0m
[0;32mI (461) cpu_start: ELF file SHA256:  b9b4f165c6508e70...[0m
[0;32mI (467) cpu_start: ESP-IDF:          v5.1-dirty[0m
[0;32mI (473) cpu_start: Min chip rev:     v0.0[0m
[0;32mI (477) cpu_start: Max chip rev:     v3.99 [0m
[0;32mI (482) cpu_start: Chip rev:         v3.0[0m
[0;32mI (487) heap_init: Initializing. RAM available for dynamic allocation:[0m
[0;32mI (494) heap_init: At 3FFAFF10 len 000000F0 (0 KiB): DRAM[0m
[0;32mI (500) heap_init: At 3FFB6388 len 00001C78 (7 KiB): DRAM[0m
[0;32mI (506) heap_init: At 3FFB9A20 len 00004108 (16 KiB): DRAM[0m
[0;32mI (512) heap_init: At 3FFC73A8 len 00018C58 (99 KiB): DRAM[0m
[0;32mI (519) heap_init: At 3FFE0440 len 00003AE0 (14 KiB): D/IRAM[0m
[0;32mI (525) heap_init: At 3FFE4350 len 0001BCB0 (111 KiB): D/IRAM[0m
[0;32mI (531) heap_init: At 40098D18 len 000072E8 (28 KiB): IRAM[0m
[0;32mI (539) spi_flash: detected chip: generic[0m
[0;32mI (542) spi_flash: flash io: dio[0m
[0;33mW (546) spi_flash: Detected size(4096k) larger than the size in the binary image header(2048k). Using the size in the binary image header.[0m
[0;32mI (560) coexist: coex firmware version: ebddf30[0m
[0;32mI (565) app_start: Starting scheduler on CPU0[0m
[0;32m[0;32mI (570) app_start: Starting scheduler on CPU1[0m
I (570) main_task: Started on CPU0[0m
[0;32mI (580) main_task: Calling app_main()[0m
========================================================= 
.______     ______   .___________. _______ .__   __. .___________. __    ______        _______.___________.    ___   .___________.     
|   _  \  /  __   \ |            ||   ____||  \ |  | |           ||  |  /  __  \      /       |           |   /   \  |           |     
|  |_)  | |  |  |  | `---|  |----`|  |__   |   \|  | `---|  |----`|  | |  |  |  |    |   (----`---|  |----`  /  ^  \ `---|  |----`     
|   ___/  |  |  |  |     |  |     |   __|  |  . `  |     |  |     |  | |  |  |  |     \   \       |  |      /  /_\  \    |  |          
|  |      |  `--'  |     |  |     |  |____ |  |\   |     |  |     |  | |  `--'  | .----)   |      |  |     /  _____  \   |  |          
| _|       \______/      |__|     |_______||__| \__|     |__|     |__|  \______/  |_______/       |__|    /__/     \__\  |__|          
========================================================= 
[0;32mI (670) BTDM_INIT: BT controller compile version [ad2b7cd][0m
[0;32mI (680) phy_init: phy_version 4670,719f9f6,Feb 18 2021,17:07:07[0m
[0;32mI (1090) GATTS_DEMO: REGISTER_APP_EVT, status 0, app_id 0
[0m
[0;32mI (1100) GATTS_DEMO: CREATE_SERVICE_EVT, status 0,  service_handle 40
[0m
[0;32mI (1110) main_task: Returned from app_main()[0m
[0;32mI (1120) GATTS_DEMO: SERVICE_START_EVT, status 0, service_handle 40
[0m
[0;32mI (1120) GATTS_DEMO: ADD_CHAR_EVT, status 0,  attr_handle 42, service_handle 40
[0m
[0;32mI (1130) GATTS_DEMO: the gatts demo char length = 3
[0m
[0;32mI (1130) GATTS_DEMO: prf_char[0] =11
[0m
[0;32mI (1140) GATTS_DEMO: prf_char[1] =22
[0m
[0;32mI (1140) GATTS_DEMO: prf_char[2] =33
[0m
[0;32mI (1150) GATTS_DEMO: ADD_DESCR_EVT, status 0, attr_handle 43, service_handle 40
[0m
[0;32mI (36370) GATTS_DEMO: ESP_GATTS_CONNECT_EVT, conn_id 0, remote 77:96:c8:ed:f7:13:[0m
[0;32mI (36990) GATTS_DEMO: update connection params status = 0, min_int = 16, max_int = 32,conn_int = 18,latency = 0, timeout = 400[0m
[0;32mI (37290) GATTS_DEMO: update connection params status = 0, min_int = 0, max_int = 0,conn_int = 6,latency = 0, timeout = 500[0m
[0;32mI (37420) GATTS_DEMO: update connection params status = 0, min_int = 0, max_int = 0,conn_int = 18,latency = 0, timeout = 400[0m
[0;33mW (43020) BT_HCI: hcif disc complete: hdl 0x0, rsn 0x13[0m
[0;32mI (43020) GATTS_DEMO: ESP_GATTS_DISCONNECT_EVT, disconnect reason 0x13[0m
[0;32mI (169340) GATTS_DEMO: ESP_GATTS_CONNECT_EVT, conn_id 0, remote 77:96:c8:ed:f7:13:[0m
[0;32mI (169970) GATTS_DEMO: update connection params status = 0, min_int = 16, max_int = 32,conn_int = 18,latency = 0, timeout = 400[0m
[0;32mI (170280) GATTS_DEMO: update connection params status = 0, min_int = 0, max_int = 0,conn_int = 6,latency = 0, timeout = 500[0m
[0;32mI (170440) GATTS_DEMO: update connection params status = 0, min_int = 0, max_int = 0,conn_int = 18,latency = 0, timeout = 400[0m
[0;33mW (299160) BT_HCI: hcif disc complete: hdl 0x0, rsn 0x13[0m
[0;32mI (299170) GATTS_DEMO: ESP_GATTS_DISCONNECT_EVT, disconnect reason 0x13[0m
[0;32mI (445650) GATTS_DEMO: ESP_GATTS_CONNECT_EVT, conn_id 0, remote 69:5c:92:31:76:e3:[0m
[0;32mI (446270) GATTS_DEMO: update connection params status = 0, min_int = 16, max_int = 32,conn_int = 18,latency = 0, timeout = 400[0m
[0;32mI (446580) GATTS_DEMO: update connection params status = 0, min_int = 0, max_int = 0,conn_int = 6,latency = 0, timeout = 500[0m
[0;32mI (446720) GATTS_DEMO: update connection params status = 0, min_int = 0, max_int = 0,conn_int = 18,latency = 0, timeout = 400[0m
ets Jul 29 2019 12:21:46

rst:0x1 (POWERON_RESET),boot:0x13 (SPI_FAST_FLASH_BOOT)
configsip: 0, SPIWP:0xee
clk_drv:0x00,q_drv:0x00,d_drv:0x00,cs0_drv:0x00,hd_drv:0x00,wp_drv:0x00
mode:DIO, clock div:2
load:0x3fff0030,len:7084
ho 0 tail 12 room 4
load:0x40078000,len:15576
ho 0 tail 12 room 4
load:0x40080400,len:4
load:0x40080404,len:3876
entry 0x4008064c
[0;32mI (33) boot: ESP-IDF v5.1-dirty 2nd stage bootloader[0m
[0;32mI (33) boot: compile time May 21 2024 12:53:41[0m
[0;32mI (33) boot: Multicore bootloader[0m
[0;32mI (38) boot: chip revision: v3.0[0m
[0;32mI (41) boot.esp32: SPI Speed      : 40MHz[0m
[0;32mI (46) boot.esp32: SPI Mode       : DIO[0m
[0;32mI (51) boot.esp32: SPI Flash Size : 2MB[0m
[0;32mI (55) boot: Enabling RNG early entropy source...[0m
[0;32mI (61) boot: Partition Table:[0m
[0;32mI (64) boot: ## Label            Usage          Type ST Offset   Length[0m
[0;32mI (71) boot:  0 nvs              WiFi data        01 02 00009000 00006000[0m
[0;32mI (79) boot:  1 phy_init         RF data          01 01 0000f000 00001000[0m
[0;32mI (86) boot:  2 factory          factory app      00 00 00010000 00100000[0m
[0;32mI (94) boot: End of partition table[0m
[0;32mI (98) esp_image: segment 0: paddr=00010020 vaddr=3f400020 size=212ech (135916) map[0m
[0;32mI (156) esp_image: segment 1: paddr=00031314 vaddr=3ffbdb60 size=0453ch ( 17724) load[0m
[0;32mI (163) esp_image: segment 2: paddr=00035858 vaddr=40080000 size=0a7c0h ( 42944) load[0m
[0;32mI (181) esp_image: segment 3: paddr=00040020 vaddr=400d0020 size=8185ch (530524) map[0m
[0;32mI (373) esp_image: segment 4: paddr=000c1884 vaddr=4008a7c0 size=0e558h ( 58712) load[0m
[0;32mI (410) boot: Loaded app from partition at offset 0x10000[0m
[0;32mI (410) boot: Disabling RNG early entropy source...[0m
[0;32mI (421) cpu_start: Multicore app[0m
[0;32mI (422) cpu_start: Pro cpu up.[0m
[0;32mI (422) cpu_start: Starting app cpu, entry point is 0x40081430[0m
[0;32mI (0) cpu_start: App cpu up.[0m
[0;32mI (440) cpu_start: Pro cpu start user code[0m
[0;32mI (440) cpu_start: cpu freq: 160000000 Hz[0m
[0;32mI (440) cpu_start: Application information:[0m
[0;32mI (444) cpu_start: Project name:     Potentio_ESP[0m
[0;32mI (450) cpu_start: App version:      8e1a9d13-dirty[0m
[0;32mI (455) cpu_start: Compile time:     May 21 2024 12:53:31[0m
[0;32mI (461) cpu_start: ELF file SHA256:  b9b4f165c6508e70...[0m
[0;32mI (467) cpu_start: ESP-IDF:          v5.1-dirty[0m
[0;32mI (473) cpu_start: Min chip rev:     v0.0[0m
[0;32mI (477) cpu_start: Max chip rev:     v3.99 [0m
[0;32mI (482) cpu_start: Chip rev:         v3.0[0m
[0;32mI (487) heap_init: Initializing. RAM available for dynamic allocation:[0m
[0;32mI (494) heap_init: At 3FFAFF10 len 000000F0 (0 KiB): DRAM[0m
[0;32mI (500) heap_init: At 3FFB6388 len 00001C78 (7 KiB): DRAM[0m
[0;32mI (506) heap_init: At 3FFB9A20 len 00004108 (16 KiB): DRAM[0m
[0;32mI (512) heap_init: At 3FFC73A8 len 00018C58 (99 KiB): DRAM[0m
[0;32mI (519) heap_init: At 3FFE0440 len 00003AE0 (14 KiB): D/IRAM[0m
[0;32mI (525) heap_init: At 3FFE4350 len 0001BCB0 (111 KiB): D/IRAM[0m
[0;32mI (531) heap_init: At 40098D18 len 000072E8 (28 KiB): IRAM[0m
[0;32mI (539) spi_flash: detected chip: generic[0m
[0;32mI (542) spi_flash: flash io: dio[0m
[0;33mW (546) spi_flash: Detected size(4096k) larger than the size in the binary image header(2048k). Using the size in the binary image header.[0m
[0;32mI (560) coexist: coex firmware version: ebddf30[0m
[0;32mI (565) app_start: Starting scheduler on CPU0[0m
[0;32m[0;32mI (570) app_start: Starting scheduler on CPU1[0m
I (570) main_task: Started on CPU0[0m
[0;32mI (580) main_task: Calling app_main()[0m
========================================================= 
.______     ______   .___________. _______ .__   __. .___________. __    ______        _______.___________.    ___   .___________.     
|   _  \  /  __   \ |            ||   ____||  \ |  | |           ||  |  /  __  \      /       |           |   /   \  |           |     
|  |_)  | |  |  |  | `---|  |----`|  |__   |   \|  | `---|  |----`|  | |  |  |  |    |   (----`---|  |----`  /  ^  \ `---|  |----`     
|   ___/  |  |  |  |     |  |     |   __|  |  . `  |     |  |     |  | |  |  |  |     \   \       |  |      /  /_\  \    |  |          
|  |      |  `--'  |     |  |     |  |____ |  |\   |     |  |     |  | |  `--'  | .----)   |      |  |     /  _____  \   |  |          
| _|       \______/      |__|     |_______||__| \__|     |__|     |__|  \______/  |_______/       |__|    /__/     \__\  |__|          
========================================================= 
[0;32mI (670) BTDM_INIT: BT controller compile version [ad2b7cd][0m
[0;32mI (680) phy_init: phy_version 4670,719f9f6,Feb 18 2021,17:07:07[0m
[0;32mI (1100) GATTS_DEMO: REGISTER_APP_EVT, status 0, app_id 0
[0m
[0;32mI (1110) GATTS_DEMO: CREATE_SERVICE_EVT, status 0,  service_handle 40
[0m
[0;32mI (1110) main_task: Returned from app_main()[0m
[0;32mI (1130) GATTS_DEMO: SERVICE_START_EVT, status 0, service_handle 40
[0m
[0;32mI (1130) GATTS_DEMO: ADD_CHAR_EVT, status 0,  attr_handle 42, service_handle 40
[0m
[0;32mI (1130) GATTS_DEMO: the gatts demo char length = 3
[0m
[0;32mI (1140) GATTS_DEMO: prf_char[0] =11
[0m
[0;32mI (1140) GATTS_DEMO: prf_char[1] =22
[0m
[0;32mI (1150) GATTS_DEMO: prf_char[2] =33
[0m
[0;32mI (1150) GATTS_DEMO: ADD_DESCR_EVT, status 0, attr_handle 43, service_handle 40
[0m
[0;32mI (10710) GATTS_DEMO: ESP_GATTS_CONNECT_EVT, conn_id 0, remote 62:94:04:b7:3e:20:[0m
[0;32mI (11330) GATTS_DEMO: update connection params status = 0, min_int = 16, max_int = 32,conn_int = 18,latency = 0, timeout = 400[0m
[0;32mI (11620) GATTS_DEMO: update connection params status = 0, min_int = 0, max_int = 0,conn_int = 6,latency = 0, timeout = 500[0m
[0;32mI (11770) GATTS_DEMO: update connection params status = 0, min_int = 0, max_int = 0,conn_int = 18,latency = 0, timeout = 400[0m
ets Jul 29 2019 12:21:46

rst:0x1 (POWERON_RESET),boot:0x13 (SPI_FAST_FLASH_BOOT)
configsip: 0, SPIWP:0xee
clk_drv:0x00,q_drv:0x00,d_drv:0x00,cs0_drv:0x00,hd_drv:0x00,wp_drv:0x00
mode:DIO, clock div:2
load:0x3fff0030,len:7084
ho 0 tail 12 room 4
load:0x40078000,len:15576
ho 0 tail 12 room 4
load:0x40080400,len:4
load:0x40080404,len:3876
entry 0x4008064c
[0;32mI (33) boot: ESP-IDF v5.1-dirty 2nd stage bootloader[0m
[0;32mI (33) boot: compile time May 21 2024 12:53:41[0m
[0;32mI (33) boot: Multicore bootloader[0m
[0;32mI (38) boot: chip revision: v3.0[0m
[0;32mI (41) boot.esp32: SPI Speed      : 40MHz[0m
[0;32mI (46) boot.esp32: SPI Mode       : DIO[0m
[0;32mI (51) boot.esp32: SPI Flash Size : 2MB[0m
[0;32mI (55) boot: Enabling RNG early entropy source...[0m
[0;32mI (61) boot: Partition Table:[0m
[0;32mI (64) boot: ## Label            Usage          Type ST Offset   Length[0m
[0;32mI (71) boot:  0 nvs              WiFi data        01 02 00009000 00006000[0m
[0;32mI (79) boot:  1 phy_init         RF data          01 01 0000f000 00001000[0m
[0;32mI (86) boot:  2 factory          factory app      00 00 00010000 00100000[0m
[0;32mI (94) boot: End of partition table[0m
[0;32mI (98) esp_image: segment 0: paddr=00010020 vaddr=3f400020 size=212ech (135916) map[0m
[0;32mI (156) esp_image: segment 1: paddr=00031314 vaddr=3ffbdb60 size=0453ch ( 17724) load[0m
[0;32mI (163) esp_image: segment 2: paddr=00035858 vaddr=40080000 size=0a7c0h ( 42944) load[0m
[0;32mI (181) esp_image: segment 3: paddr=00040020 vaddr=400d0020 size=8185ch (530524) map[0m
[0;32mI (373) esp_image: segment 4: paddr=000c1884 vaddr=4008a7c0 size=0e558h ( 58712) load[0m
[0;32mI (410) boot: Loaded app from partition at offset 0x10000[0m
[0;32mI (410) boot: Disabling RNG early entropy source...[0m
[0;32mI (421) cpu_start: Multicore app[0m
[0;32mI (422) cpu_start: Pro cpu up.[0m
[0;32mI (422) cpu_start: Starting app cpu, entry point is 0x40081430[0m
[0;32mI (0) cpu_start: App cpu up.[0m
[0;32mI (440) cpu_start: Pro cpu start user code[0m
[0;32mI (440) cpu_start: cpu freq: 160000000 Hz[0m
[0;32mI (440) cpu_start: Application information:[0m
[0;32mI (444) cpu_start: Project name:     Potentio_ESP[0m
[0;32mI (450) cpu_start: App version:      8e1a9d13-dirty[0m
[0;32mI (455) cpu_start: Compile time:     May 21 2024 12:53:31[0m
[0;32mI (461) cpu_start: ELF file SHA256:  b9b4f165c6508e70...[0m
[0;32mI (467) cpu_start: ESP-IDF:          v5.1-dirty[0m
[0;32mI (473) cpu_start: Min chip rev:     v0.0[0m
[0;32mI (477) cpu_start: Max chip rev:     v3.99 [0m
[0;32mI (482) cpu_start: Chip rev:         v3.0[0m
[0;32mI (487) heap_init: Initializing. RAM available for dynamic allocation:[0m
[0;32mI (494) heap_init: At 3FFAFF10 len 000000F0 (0 KiB): DRAM[0m
[0;32mI (500) heap_init: At 3FFB6388 len 00001C78 (7 KiB): DRAM[0m
[0;32mI (506) heap_init: At 3FFB9A20 len 00004108 (16 KiB): DRAM[0m
[0;32mI (512) heap_init: At 3FFC73A8 len 00018C58 (99 KiB): DRAM[0m
[0;32mI (519) heap_init: At 3FFE0440 len 00003AE0 (14 KiB): D/IRAM[0m
[0;32mI (525) heap_init: At 3FFE4350 len 0001BCB0 (111 KiB): D/IRAM[0m
[0;32mI (531) heap_init: At 40098D18 len 000072E8 (28 KiB): IRAM[0m
[0;32mI (539) spi_flash: detected chip: generic[0m
[0;32mI (542) spi_flash: flash io: dio[0m
[0;33mW (546) spi_flash: Detected size(4096k) larger than the size in the binary image header(2048k). Using the size in the binary image header.[0m
[0;32mI (560) coexist: coex firmware version: ebddf30[0m
[0;32mI (565) app_start: Starting scheduler on CPU0[0m
[0;32m[0;32mI (570) app_start: Starting scheduler on CPU1[0m
I (570) main_task: Started on CPU0[0m
[0;32mI (580) main_task: Calling app_main()[0m
========================================================= 
.______     ______   .___________. _______ .__   __. .___________. __    ______        _______.___________.    ___   .___________.     
|   _  \  /  __   \ |            ||   ____||  \ |  | |           ||  |  /  __  \      /       |           |   /   \  |           |     
|  |_)  | |  |  |  | `---|  |----`|  |__   |   \|  | `---|  |----`|  | |  |  |  |    |   (----`---|  |----`  /  ^  \ `---|  |----`     
|   ___/  |  |  |  |     |  |     |   __|  |  . `  |     |  |     |  | |  |  |  |     \   \       |  |      /  /_\  \    |  |          
|  |      |  `--'  |     |  |     |  |____ |  |\   |     |  |     |  | |  `--'  | .----)   |      |  |     /  _____  \   |  |          
| _|       \______/      |__|     |_______||__| \__|     |__|     |__|  \______/  |_______/       |__|    /__/     \__\  |__|          
========================================================= 
[0;32mI (670) BTDM_INIT: BT controller compile version [ad2b7cd][0m
[0;32mI (680) phy_init: phy_version 4670,719f9f6,Feb 18 2021,17:07:07[0m
[0;32mI (1100) GATTS_DEMO: REGISTER_APP_EVT, status 0, app_id 0
[0m
[0;32mI (1110) GATTS_DEMO: CREATE_SERVICE_EVT, status 0,  service_handle 40
[0m
[0;32mI (1110) main_task: Returned from app_main()[0m
[0;32mI (1130) GATTS_DEMO: SERVICE_START_EVT, status 0, service_handle 40
[0m
[0;32mI (1130) GATTS_DEMO: ADD_CHAR_EVT, status 0,  attr_handle 42, service_handle 40
[0m
[0;32mI (1130) GATTS_DEMO: the gatts demo char length = 3
[0m
[0;32mI (1140) GATTS_DEMO: prf_char[0] =11
[0m
[0;32mI (1140) GATTS_DEMO: prf_char[1] =22
[0m
[0;32mI (1150) GATTS_DEMO: prf_char[2] =33
[0m
[0;32mI (1150) GATTS_DEMO: ADD_DESCR_EVT, status 0, attr_handle 43, service_handle 40
[0m
[0;32mI (5350) GATTS_DEMO: ESP_GATTS_CONNECT_EVT, conn_id 0, remote 62:94:04:b7:3e:20:[0m
[0;32mI (6020) GATTS_DEMO: update connection params status = 0, min_int = 16, max_int = 32,conn_int = 18,latency = 0, timeout = 400[0m
[0;32mI (6320) GATTS_DEMO: update connection params status = 0, min_int = 0, max_int = 0,conn_int = 6,latency = 0, timeout = 500[0m
[0;32mI (6450) GATTS_DEMO: update connection params status = 0, min_int = 0, max_int = 0,conn_int = 18,latency = 0, timeout = 400[0m
ets Jul 29 2019 12:21:46

rst:0x1 (POWERON_RESET),boot:0x13 (SPI_FAST_FLASH_BOOT)
configsip: 0, SPIWP:0xee
clk_drv:0x00,q_drv:0x00,d_drv:0x00,cs0_drv:0x00,hd_drv:0x00,wp_drv:0x00
mode:DIO, clock div:2
load:0x3fff0030,len:7084
ho 0 tail 12 room 4
load:0x40078000,len:15576
ho 0 tail 12 room 4
load:0x40080400,len:4
load:0x40080404,len:3876
entry 0x4008064c
[0;32mI (33) boot: ESP-IDF v5.1-dirty 2nd stage bootloader[0m
[0;32mI (33) boot: compile time May 21 2024 12:53:41[0m
[0;32mI (33) boot: Multicore bootloader[0m
[0;32mI (38) boot: chip revision: v3.0[0m
[0;32mI (41) boot.esp32: SPI Speed      : 40MHz[0m
[0;32mI (46) boot.esp32: SPI Mode       : DIO[0m
[0;32mI (51) boot.esp32: SPI Flash Size : 2MB[0m
[0;32mI (55) boot: Enabling RNG early entropy source...[0m
[0;32mI (61) boot: Partition Table:[0m
[0;32mI (64) boot: ## Label            Usage          Type ST Offset   Length[0m
[0;32mI (71) boot:  0 nvs              WiFi data        01 02 00009000 00006000[0m
[0;32mI (79) boot:  1 phy_init         RF data          01 01 0000f000 00001000[0m
[0;32mI (86) boot:  2 factory          factory app      00 00 00010000 00100000[0m
[0;32mI (94) boot: End of partition table[0m
[0;32mI (98) esp_image: segment 0: paddr=00010020 vaddr=3f400020 size=212ech (135916) map[0m
[0;32mI (156) esp_image: segment 1: paddr=00031314 vaddr=3ffbdb60 size=0453ch ( 17724) load[0m
[0;32mI (163) esp_image: segment 2: paddr=00035858 vaddr=40080000 size=0a7c0h ( 42944) load[0m
[0;32mI (181) esp_image: segment 3: paddr=00040020 vaddr=400d0020 size=8185ch (530524) map[0m
[0;32mI (373) esp_image: segment 4: paddr=000c1884 vaddr=4008a7c0 size=0e558h ( 58712) load[0m
[0;32mI (410) boot: Loaded app from partition at offset 0x10000[0m
[0;32mI (410) boot: Disabling RNG early entropy source...[0m
[0;32mI (421) cpu_start: Multicore app[0m
[0;32mI (422) cpu_start: Pro cpu up.[0m
[0;32mI (422) cpu_start: Starting app cpu, entry point is 0x40081430[0m
[0;32mI (0) cpu_start: App cpu up.[0m
[0;32mI (440) cpu_start: Pro cpu start user code[0m
[0;32mI (440) cpu_start: cpu freq: 160000000 Hz[0m
[0;32mI (440) cpu_start: Application information:[0m
[0;32mI (444) cpu_start: Project name:     Potentio_ESP[0m
[0;32mI (450) cpu_start: App version:      8e1a9d13-dirty[0m
[0;32mI (455) cpu_start: Compile time:     May 21 2024 12:53:31[0m
[0;32mI (461) cpu_start: ELF file SHA256:  b9b4f165c6508e70...[0m
[0;32mI (467) cpu_start: ESP-IDF:          v5.1-dirty[0m
[0;32mI (473) cpu_start: Min chip rev:     v0.0[0m
[0;32mI (477) cpu_start: Max chip rev:     v3.99 [0m
[0;32mI (482) cpu_start: Chip rev:         v3.0[0m
[0;32mI (487) heap_init: Initializing. RAM available for dynamic allocation:[0m
[0;32mI (494) heap_init: At 3FFAFF10 len 000000F0 (0 KiB): DRAM[0m
[0;32mI (500) heap_init: At 3FFB6388 len 00001C78 (7 KiB): DRAM[0m
[0;32mI (506) heap_init: At 3FFB9A20 len 00004108 (16 KiB): DRAM[0m
[0;32mI (512) heap_init: At 3FFC73A8 len 00018C58 (99 KiB): DRAM[0m
[0;32mI (519) heap_init: At 3FFE0440 len 00003AE0 (14 KiB): D/IRAM[0m
[0;32mI (525) heap_init: At 3FFE4350 len 0001BCB0 (111 KiB): D/IRAM[0m
[0;32mI (531) heap_init: At 40098D18 len 000072E8 (28 KiB): IRAM[0m
[0;32mI (539) spi_flash: detected chip: generic[0m
[0;32mI (542) spi_flash: flash io: dio[0m
[0;33mW (546) spi_flash: Detected size(4096k) larger than the size in the binary image header(2048k). Using the size in the binary image header.[0m
[0;32mI (560) coexist: coex firmware version: ebddf30[0m
[0;32mI (565) app_start: Starting scheduler on CPU0[0m
[0;32m[0;32mI (570) app_start: Starting scheduler on CPU1[0m
I (570) main_task: Started on CPU0[0m
[0;32mI (580) main_task: Calling app_main()[0m
========================================================= 
.______     ______   .___________. _______ .__   __. .___________. __    ______        _______.___________.    ___   .___________.     
|   _  \  /  __   \ |            ||   ____||  \ |  | |           ||  |  /  __  \      /       |           |   /   \  |           |     
|  |_)  | |  |  |  | `---|  |----`|  |__   |   \|  | `---|  |----`|  | |  |  |  |    |   (----`---|  |----`  /  ^  \ `---|  |----`     
|   ___/  |  |  |  |     |  |     |   __|  |  . `  |     |  |     |  | |  |  |  |     \   \       |  |      /  /_\  \    |  |          
|  |      |  `--'  |     |  |     |  |____ |  |\   |     |  |     |  | |  `--'  | .----)   |      |  |     /  _____  \   |  |          
| _|       \______/      |__|     |_______||__| \__|     |__|     |__|  \______/  |_______/       |__|    /__/     \__\  |__|          
========================================================= 
[0;32mI (670) BTDM_INIT: BT controller compile version [ad2b7cd][0m
[0;32mI (680) phy_init: phy_version 4670,719f9f6,Feb 18 2021,17:07:07[0m
[0;32mI (1090) GATTS_DEMO: REGISTER_APP_EVT, status 0, app_id 0
[0m
[0;32mI (1100) GATTS_DEMO: CREATE_SERVICE_EVT, status 0,  service_handle 40
[0m
[0;32mI (1110) main_task: Returned from app_main()[0m
[0;32mI (1120) GATTS_DEMO: SERVICE_START_EVT, status 0, service_handle 40
[0m
[0;32mI (1120) GATTS_DEMO: ADD_CHAR_EVT, status 0,  attr_handle 42, service_handle 40
[0m
[0;32mI (1130) GATTS_DEMO: the gatts demo char length = 3
[0m
[0;32mI (1130) GATTS_DEMO: prf_char[0] =11
[0m
[0;32mI (1140) GATTS_DEMO: prf_char[1] =22
[0m
[0;32mI (1140) GATTS_DEMO: prf_char[2] =33
[0m
[0;32mI (1140) GATTS_DEMO: ADD_DESCR_EVT, status 0, attr_handle 43, service_handle 40
[0m
[0;32mI (45630) GATTS_DEMO: ESP_GATTS_CONNECT_EVT, conn_id 0, remote 65:5d:3f:40:45:c6:[0m
[0;32mI (46250) GATTS_DEMO: update connection params status = 0, min_int = 16, max_int = 32,conn_int = 18,latency = 0, timeout = 400[0m
[0;32mI (46560) GATTS_DEMO: update connection params status = 0, min_int = 0, max_int = 0,conn_int = 6,latency = 0, timeout = 500[0m
[0;32mI (46710) GATTS_DEMO: update connection params status = 0, min_int = 0, max_int = 0,conn_int = 18,latency = 0, timeout = 400[0m
[0;33mW (52890) BT_HCI: hcif disc complete: hdl 0x0, rsn 0x13[0m
[0;32mI (52890) GATTS_DEMO: ESP_GATTS_DISCONNECT_EVT, disconnect reason 0x13[0m
[0;32mI (54360) GATTS_DEMO: ESP_GATTS_CONNECT_EVT, conn_id 0, remote 65:5d:3f:40:45:c6:[0m
[0;32mI (54990) GATTS_DEMO: update connection params status = 0, min_int = 16, max_int = 32,conn_int = 18,latency = 0, timeout = 400[0m
[0;32mI (55300) GATTS_DEMO: update connection params status = 0, min_int = 0, max_int = 0,conn_int = 6,latency = 0, timeout = 500[0m
[0;32mI (55440) GATTS_DEMO: update connection params status = 0, min_int = 0, max_int = 0,conn_int = 18,latency = 0, timeout = 400[0m
ets Jul 29 2019 12:21:46

rst:0x1 (POWERON_RESET),boot:0x13 (SPI_FAST_FLASH_BOOT)
configsip: 0, SPIWP:0xee
clk_drv:0x00,q_drv:0x00,d_drv:0x00,cs0_drv:0x00,hd_drv:0x00,wp_drv:0x00
mode:DIO, clock div:2
load:0x3fff0030,len:7084
ho 0 tail 12 room 4
load:0x40078000,len:15576
ho 0 tail 12 room 4
load:0x40080400,len:4
load:0x40080404,len:3876
entry 0x4008064c
[0;32mI (33) boot: ESP-IDF v5.1-dirty 2nd stage bootloader[0m
[0;32mI (33) boot: compile time May 21 2024 12:53:41[0m
[0;32mI (33) boot: Multicore bootloader[0m
[0;32mI (38) boot: chip revision: v3.0[0m
[0;32mI (41) boot.esp32: SPI Speed      : 40MHz[0m
[0;32mI (46) boot.esp32: SPI Mode       : DIO[0m
[0;32mI (51) boot.esp32: SPI Flash Size : 2MB[0m
[0;32mI (55) boot: Enabling RNG early entropy source...[0m
[0;32mI (61) boot: Partition Table:[0m
[0;32mI (64) boot: ## Label            Usage          Type ST Offset   Length[0m
[0;32mI (71) boot:  0 nvs              WiFi data        01 02 00009000 00006000[0m
[0;32mI (79) boot:  1 phy_init         RF data          01 01 0000f000 00001000[0m
[0;32mI (86) boot:  2 factory          factory app      00 00 00010000 00100000[0m
[0;32mI (94) boot: End of partition table[0m
[0;32mI (98) esp_image: segment 0: paddr=00010020 vaddr=3f400020 size=212ech (135916) map[0m
[0;32mI (156) esp_image: segment 1: paddr=00031314 vaddr=3ffbdb60 size=0453ch ( 17724) load[0m
[0;32mI (163) esp_image: segment 2: paddr=00035858 vaddr=40080000 size=0a7c0h ( 42944) load[0m
[0;32mI (181) esp_image: segment 3: paddr=00040020 vaddr=400d0020 size=8185ch (530524) map[0m
[0;32mI (373) esp_image: segment 4: paddr=000c1884 vaddr=4008a7c0 size=0e558h ( 58712) load[0m
[0;32mI (410) boot: Loaded app from partition at offset 0x10000[0m
[0;32mI (410) boot: Disabling RNG early entropy source...[0m
[0;32mI (421) cpu_start: Multicore app[0m
[0;32mI (422) cpu_start: Pro cpu up.[0m
[0;32mI (422) cpu_start: Starting app cpu, entry point is 0x40081430[0m
[0;32mI (0) cpu_start: App cpu up.[0m
[0;32mI (440) cpu_start: Pro cpu start user code[0m
[0;32mI (440) cpu_start: cpu freq: 160000000 Hz[0m
[0;32mI (440) cpu_start: Application information:[0m
[0;32mI (444) cpu_start: Project name:     Potentio_ESP[0m
[0;32mI (450) cpu_start: App version:      8e1a9d13-dirty[0m
[0;32mI (455) cpu_start: Compile time:     May 21 2024 12:53:31[0m
[0;32mI (461) cpu_start: ELF file SHA256:  b9b4f165c6508e70...[0m
[0;32mI (467) cpu_start: ESP-IDF:          v5.1-dirty[0m
[0;32mI (473) cpu_start: Min chip rev:     v0.0[0m
[0;32mI (477) cpu_start: Max chip rev:     v3.99 [0m
[0;32mI (482) cpu_start: Chip rev:         v3.0[0m
[0;32mI (487) heap_init: Initializing. RAM available for dynamic allocation:[0m
[0;32mI (494) heap_init: At 3FFAFF10 len 000000F0 (0 KiB): DRAM[0m
[0;32mI (500) heap_init: At 3FFB6388 len 00001C78 (7 KiB): DRAM[0m
[0;32mI (506) heap_init: At 3FFB9A20 len 00004108 (16 KiB): DRAM[0m
[0;32mI (512) heap_init: At 3FFC73A8 len 00018C58 (99 KiB): DRAM[0m
[0;32mI (519) heap_init: At 3FFE0440 len 00003AE0 (14 KiB): D/IRAM[0m
[0;32mI (525) heap_init: At 3FFE4350 len 0001BCB0 (111 KiB): D/IRAM[0m
[0;32mI (531) heap_init: At 40098D18 len 000072E8 (28 KiB): IRAM[0m
[0;32mI (539) spi_flash: detected chip: generic[0m
[0;32mI (542) spi_flash: flash io: dio[0m
[0;33mW (546) spi_flash: Detected size(4096k) larger than the size in the binary image header(2048k). Using the size in the binary image header.[0m
[0;32mI (560) coexist: coex firmware version: ebddf30[0m
[0;32mI (565) app_start: Starting scheduler on CPU0[0m
[0;32m[0;32mI (570) app_start: Starting scheduler on CPU1[0m
I (570) main_task: Started on CPU0[0m
[0;32mI (580) main_task: Calling app_main()[0m
========================================================= 
.______     ______   .___________. _______ .__   __. .___________. __    ______        _______.___________.    ___   .___________.     
|   _  \  /  __   \ |            ||   ____||  \ |  | |           ||  |  /  __  \      /       |           |   /   \  |           |     
|  |_)  | |  |  |  | `---|  |----`|  |__   |   \|  | `---|  |----`|  | |  |  |  |    |   (----`---|  |----`  /  ^  \ `---|  |----`     
|   ___/  |  |  |  |     |  |     |   __|  |  . `  |     |  |     |  | |  |  |  |     \   \       |  |      /  /_\  \    |  |          
|  |      |  `--'  |     |  |     |  |____ |  |\   |     |  |     |  | |  `--'  | .----)   |      |  |     /  _____  \   |  |          
| _|       \______/      |__|     |_______||__| \__|     |__|     |__|  \______/  |_______/       |__|    /__/     \__\  |__|          
========================================================= 
[0;32mI (670) BTDM_INIT: BT controller compile version [ad2b7cd][0m
[0;32mI (680) phy_init: phy_version 4670,719f9f6,Feb 18 2021,17:07:07[0m
[0;32mI (1100) GATTS_DEMO: REGISTER_APP_EVT, status 0, app_id 0
[0m
[0;32mI (1110) GATTS_DEMO: CREATE_SERVICE_EVT, status 0,  service_handle 40
[0m
[0;32mI (1110) main_task: Returned from app_main()[0m
[0;32mI (1130) GATTS_DEMO: SERVICE_START_EVT, status 0, service_handle 40
[0m
[0;32mI (1130) GATTS_DEMO: ADD_CHAR_EVT, status 0,  attr_handle 42, service_handle 40
[0m
[0;32mI (1130) GATTS_DEMO: the gatts demo char length = 3
[0m
[0;32mI (1140) GATTS_DEMO: prf_char[0] =11
[0m
[0;32mI (1140) GATTS_DEMO: prf_char[1] =22
[0m
[0;32mI (1150) GATTS_DEMO: prf_char[2] =33
[0m
[0;32mI (1150) GATTS_DEMO: ADD_DESCR_EVT, status 0, attr_handle 43, service_handle 40
[0m
[0;32mI (17470) GATTS_DEMO: ESP_GATTS_CONNECT_EVT, conn_id 0, remote 70:83:ef:f4:e5:cb:[0m
[0;32mI (18100) GATTS_DEMO: update connection params status = 0, min_int = 16, max_int = 32,conn_int = 18,latency = 0, timeout = 400[0m
[0;32mI (18390) GATTS_DEMO: update connection params status = 0, min_int = 0, max_int = 0,conn_int = 6,latency = 0, timeout = 500[0m
[0;32mI (18530) GATTS_DEMO: update connection params status = 0, min_int = 0, max_int = 0,conn_int = 18,latency = 0, timeout = 400[0m
[0;33mW (1919500) BT_HCI: hcif disc complete: hdl 0x0, rsn 0x13[0m
[0;32mI (1919500) GATTS_DEMO: ESP_GATTS_DISCONNECT_EVT, disconnect reason 0x13[0m
[0;32mI (4069980) GATTS_DEMO: ESP_GATTS_CONNECT_EVT, conn_id 0, remote 56:a9:95:a3:bb:df:[0m
[0;32mI (4070610) GATTS_DEMO: update connection params status = 0, min_int = 16, max_int = 32,conn_int = 18,latency = 0, timeout = 400[0m
[0;32mI (4070920) GATTS_DEMO: update connection params status = 0, min_int = 0, max_int = 0,conn_int = 6,latency = 0, timeout = 500[0m
[0;32mI (4071050) GATTS_DEMO: update connection params status = 0, min_int = 0, max_int = 0,conn_int = 18,latency = 0, timeout = 400[0m
[0;33mW (4862860) BT_HCI: hcif disc complete: hdl 0x0, rsn 0x13[0m
[0;32mI (4862860) GATTS_DEMO: ESP_GATTS_DISCONNECT_EVT, disconnect reason 0x13[0m
ets Jul 29 2019 12:21:46

rst:0x1 (POWERON_RESET),boot:0x13 (SPI_FAST_FLASH_BOOT)
configsip: 0, SPIWP:0xee
clk_drv:0x00,q_drv:0x00,d_drv:0x00,cs0_drv:0x00,hd_drv:0x00,wp_drv:0x00
mode:DIO, clock div:2
load:0x3fff0030,len:7084
ho 0 tail 12 room 4
load:0x40078000,len:15576
ho 0 tail 12 room 4
load:0x40080400,len:4
load:0x40080404,len:3876
entry 0x4008064c
[0;32mI (33) boot: ESP-IDF v5.1-dirty 2nd stage bootloader[0m
[0;32mI (33) boot: compile time May 21 2024 12:53:41[0m
[0;32mI (33) boot: Multicore bootloader[0m
[0;32mI (38) boot: chip revision: v3.0[0m
[0;32mI (41) boot.esp32: SPI Speed      : 40MHz[0m
[0;32mI (46) boot.esp32: SPI Mode       : DIO[0m
[0;32mI (51) boot.esp32: SPI Flash Size : 2MB[0m
[0;32mI (55) boot: Enabling RNG early entropy source...[0m
[0;32mI (61) boot: Partition Table:[0m
[0;32mI (64) boot: ## Label            Usage          Type ST Offset   Length[0m
[0;32mI (71) boot:  0 nvs              WiFi data        01 02 00009000 00006000[0m
[0;32mI (79) boot:  1 phy_init         RF data          01 01 0000f000 00001000[0m
[0;32mI (86) boot:  2 factory          factory app      00 00 00010000 00100000[0m
[0;32mI (94) boot: End of partition table[0m
[0;32mI (98) esp_image: segment 0: paddr=00010020 vaddr=3f400020 size=212ech (135916) map[0m
[0;32mI (156) esp_image: segment 1: paddr=00031314 vaddr=3ffbdb60 size=0453ch ( 17724) load[0m
[0;32mI (163) esp_image: segment 2: paddr=00035858 vaddr=40080000 size=0a7c0h ( 42944) load[0m
[0;32mI (181) esp_image: segment 3: paddr=00040020 vaddr=400d0020 size=8185ch (530524) map[0m
[0;32mI (373) esp_image: segment 4: paddr=000c1884 vaddr=4008a7c0 size=0e558h ( 58712) load[0m
[0;32mI (410) boot: Loaded app from partition at offset 0x10000[0m
[0;32mI (410) boot: Disabling RNG early entropy source...[0m
[0;32mI (421) cpu_start: Multicore app[0m
[0;32mI (422) cpu_start: Pro cpu up.[0m
[0;32mI (422) cpu_start: Starting app cpu, entry point is 0x40081430[0m
[0;32mI (0) cpu_start: App cpu up.[0m
[0;32mI (440) cpu_start: Pro cpu start user code[0m
[0;32mI (440) cpu_start: cpu freq: 160000000 Hz[0m
[0;32mI (440) cpu_start: Application information:[0m
[0;32mI (444) cpu_start: Project name:     Potentio_ESP[0m
[0;32mI (450) cpu_start: App version:      8e1a9d13-dirty[0m
[0;32mI (455) cpu_start: Compile time:     May 21 2024 12:53:31[0m
[0;32mI (461) cpu_start: ELF file SHA256:  b9b4f165c6508e70...[0m
[0;32mI (467) cpu_start: ESP-IDF:          v5.1-dirty[0m
[0;32mI (473) cpu_start: Min chip rev:     v0.0[0m
[0;32mI (477) cpu_start: Max chip rev:     v3.99 [0m
[0;32mI (482) cpu_start: Chip rev:         v3.0[0m
[0;32mI (487) heap_init: Initializing. RAM available for dynamic allocation:[0m
[0;32mI (494) heap_init: At 3FFAFF10 len 000000F0 (0 KiB): DRAM[0m
[0;32mI (500) heap_init: At 3FFB6388 len 00001C78 (7 KiB): DRAM[0m
[0;32mI (506) heap_init: At 3FFB9A20 len 00004108 (16 KiB): DRAM[0m
[0;32mI (512) heap_init: At 3FFC73A8 len 00018C58 (99 KiB): DRAM[0m
[0;32mI (519) heap_init: At 3FFE0440 len 00003AE0 (14 KiB): D/IRAM[0m
[0;32mI (525) heap_init: At 3FFE4350 len 0001BCB0 (111 KiB): D/IRAM[0m
[0;32mI (531) heap_init: At 40098D18 len 000072E8 (28 KiB): IRAM[0m
[0;32mI (539) spi_flash: detected chip: generic[0m
[0;32mI (542) spi_flash: flash io: dio[0m
[0;33mW (546) spi_flash: Detected size(4096k) larger than the size in the binary image header(2048k). Using the size in the binary image header.[0m
[0;32mI (560) coexist: coex firmware version: ebddf30[0m
[0;32mI (565) app_start: Starting scheduler on CPU0[0m
[0;32m[0;32mI (570) app_start: Starting scheduler on CPU1[0m
I (570) main_task: Started on CPU0[0m
[0;32mI (580) main_task: Calling app_main()[0m
========================================================= 
.______     ______   .___________. _______ .__   __. .___________. __    ______        _______.___________.    ___   .___________.     
|   _  \  /  __   \ |            ||   ____||  \ |  | |           ||  |  /  __  \      /       |           |   /   \  |           |     
|  |_)  | |  |  |  | `---|  |----`|  |__   |   \|  | `---|  |----`|  | |  |  |  |    |   (----`---|  |----`  /  ^  \ `---|  |----`     
|   ___/  |  |  |  |     |  |     |   __|  |  . `  |     |  |     |  | |  |  |  |     \   \       |  |      /  /_\  \    |  |          
|  |      |  `--'  |     |  |     |  |____ |  |\   |     |  |     |  | |  `--'  | .----)   |      |  |     /  _____  \   |  |          
| _|       \______/      |__|     |_______||__| \__|     |__|     |__|  \______/  |_______/       |__|    /__/     \__\  |__|          
========================================================= 
[0;32mI (670) BTDM_INIT: BT controller compile version [ad2b7cd][0m
[0;32mI (680) phy_init: phy_version 4670,719f9f6,Feb 18 2021,17:07:07[0m
[0;32mI (1100) GATTS_DEMO: REGISTER_APP_EVT, status 0, app_id 0
[0m
[0;32mI (1100) main_task: Returned from app_main()[0m
[0;32mI (1110) GATTS_DEMO: CREATE_SERVICE_EVT, status 0,  service_handle 40
[0m
[0;32mI (1130) GATTS_DEMO: SERVICE_START_EVT, status 0, service_handle 40
[0m
[0;32mI (1130) GATTS_DEMO: ADD_CHAR_EVT, status 0,  attr_handle 42, service_handle 40
[0m
[0;32mI (1130) GATTS_DEMO: the gatts demo char length = 3
[0m
[0;32mI (1140) GATTS_DEMO: prf_char[0] =11
[0m
[0;32mI (1140) GATTS_DEMO: prf_char[1] =22
[0m
[0;32mI (1140) GATTS_DEMO: prf_char[2] =33
[0m
[0;32mI (1150) GATTS_DEMO: ADD_DESCR_EVT, status 0, attr_handle 43, service_handle 40
[0m
[0;32mI (707530) GATTS_DEMO: ESP_GATTS_CONNECT_EVT, conn_id 0, remote 4e:12:cd:b0:89:89:[0m
[0;32mI (708150) GATTS_DEMO: update connection params status = 0, min_int = 16, max_int = 32,conn_int = 18,latency = 0, timeout = 400[0m
[0;32mI (708460) GATTS_DEMO: update connection params status = 0, min_int = 0, max_int = 0,conn_int = 6,latency = 0, timeout = 500[0m
[0;32mI (708610) GATTS_DEMO: update connection params status = 0, min_int = 0, max_int = 0,conn_int = 18,latency = 0, timeout = 400[0m
ets Jul 29 2019 12:21:46

rst:0x1 (POWERON_RESET),boot:0x13 (SPI_FAST_FLASH_BOOT)
configsip: 0, SPIWP:0xee
clk_drv:0x00,q_drv:0x00,d_drv:0x00,cs0_drv:0x00,hd_drv:0x00,wp_drv:0x00
mode:DIO, clock div:2
load:0x3fff0030,len:7084
ho 0 tail 12 room 4
load:0x40078000,len:15576
ho 0 tail 12 room 4
load:0x40080400,len:4
load:0x40080404,len:3876
entry 0x4008064c
[0;32mI (33) boot: ESP-IDF v5.1-dirty 2nd stage bootloader[0m
[0;32mI (33) boot: compile time May 21 2024 12:53:41[0m
[0;32mI (33) boot: Multicore bootloader[0m
[0;32mI (38) boot: chip revision: v3.0[0m
[0;32mI (41) boot.esp32: SPI Speed      : 40MHz[0m
[0;32mI (46) boot.esp32: SPI Mode       : DIO[0m
[0;32mI (51) boot.esp32: SPI Flash Size : 2MB[0m
[0;32mI (55) boot: Enabling RNG early entropy source...[0m
[0;32mI (61) boot: Partition Table:[0m
[0;32mI (64) boot: ## Label            Usage          Type ST Offset   Length[0m
[0;32mI (71) boot:  0 nvs              WiFi data        01 02 00009000 00006000[0m
[0;32mI (79) boot:  1 phy_init         RF data          01 01 0000f000 00001000[0m
[0;32mI (86) boot:  2 factory          factory app      00 00 00010000 00100000[0m
[0;32mI (94) boot: End of partition table[0m
[0;32mI (98) esp_image: segment 0: paddr=00010020 vaddr=3f400020 size=212ech (135916) map[0m
[0;32mI (156) esp_image: segment 1: paddr=00031314 vaddr=3ffbdb60 size=0453ch ( 17724) load[0m
[0;32mI (163) esp_image: segment 2: paddr=00035858 vaddr=40080000 size=0a7c0h ( 42944) load[0m
[0;32mI (181) esp_image: segment 3: paddr=00040020 vaddr=400d0020 size=8185ch (530524) map[0m
[0;32mI (373) esp_image: segment 4: paddr=000c1884 vaddr=4008a7c0 size=0e558h ( 58712) load[0m
[0;32mI (410) boot: Loaded app from partition at offset 0x10000[0m
[0;32mI (410) boot: Disabling RNG early entropy source...[0m
[0;32mI (421) cpu_start: Multicore app[0m
[0;32mI (422) cpu_start: Pro cpu up.[0m
[0;32mI (422) cpu_start: Starting app cpu, entry point is 0x40081430[0m
[0;32mI (0) cpu_start: App cpu up.[0m
[0;32mI (440) cpu_start: Pro cpu start user code[0m
[0;32mI (440) cpu_start: cpu freq: 160000000 Hz[0m
[0;32mI (440) cpu_start: Application information:[0m
[0;32mI (444) cpu_start: Project name:     Potentio_ESP[0m
[0;32mI (450) cpu_start: App version:      8e1a9d13-dirty[0m
[0;32mI (455) cpu_start: Compile time:     May 21 2024 12:53:31[0m
[0;32mI (461) cpu_start: ELF file SHA256:  b9b4f165c6508e70...[0m
[0;32mI (467) cpu_start: ESP-IDF:          v5.1-dirty[0m
[0;32mI (473) cpu_start: Min chip rev:     v0.0[0m
[0;32mI (477) cpu_start: Max chip rev:     v3.99 [0m
[0;32mI (482) cpu_start: Chip rev:         v3.0[0m
[0;32mI (487) heap_init: Initializing. RAM available for dynamic allocation:[0m
[0;32mI (494) heap_init: At 3FFAFF10 len 000000F0 (0 KiB): DRAM[0m
[0;32mI (500) heap_init: At 3FFB6388 len 00001C78 (7 KiB): DRAM[0m
[0;32mI (506) heap_init: At 3FFB9A20 len 00004108 (16 KiB): DRAM[0m
[0;32mI (512) heap_init: At 3FFC73A8 len 00018C58 (99 KiB): DRAM[0m
[0;32mI (519) heap_init: At 3FFE0440 len 00003AE0 (14 KiB): D/IRAM[0m
[0;32mI (525) heap_init: At 3FFE4350 len 0001BCB0 (111 KiB): D/IRAM[0m
[0;32mI (531) heap_init: At 40098D18 len 000072E8 (28 KiB): IRAM[0m
[0;32mI (539) spi_flash: detected chip: generic[0m
[0;32mI (542) spi_flash: flash io: dio[0m
[0;33mW (546) spi_flash: Detected size(4096k) larger than the size in the binary image header(2048k). Using the size in the binary image header.[0m
[0;32mI (560) coexist: coex firmware version: ebddf30[0m
[0;32mI (565) app_start: Starting scheduler on CPU0[0m
[0;32m[0;32mI (570) app_start: Starting scheduler on CPU1[0m
I (570) main_task: Started on CPU0[0m
[0;32mI (580) main_task: Calling app_main()[0m
========================================================= 
.______     ______   .___________. _______ .__   __. .___________. __    ______        _______.___________.    ___   .___________.     
|   _  \  /  __   \ |            ||   ____||  \ |  | |           ||  |  /  __  \      /       |           |   /   \  |           |     
|  |_)  | |  |  |  | `---|  |----`|  |__   |   \|  | `---|  |----`|  | |  |  |  |    |   (----`---|  |----`  /  ^  \ `---|  |----`     
|   ___/  |  |  |  |     |  |     |   __|  |  . `  |     |  |     |  | |  |  |  |     \   \       |  |      /  /_\  \    |  |          
|  |      |  `--'  |     |  |     |  |____ |  |\   |     |  |     |  | |  `--'  | .----)   |      |  |     /  _____  \   |  |          
| _|       \______/      |__|     |_______||__| \__|     |__|     |__|  \______/  |_______/       |__|    /__/     \__\  |__|          
========================================================= 
[0;32mI (670) BTDM_INIT: BT controller compile version [ad2b7cd][0m
[0;32mI (680) phy_init: phy_version 4670,719f9f6,Feb 18 2021,17:07:07[0m
[0;32mI (1090) GATTS_DEMO: REGISTER_APP_EVT, status 0, app_id 0
[0m
[0;32mI (1100) GATTS_DEMO: CREATE_SERVICE_EVT, status 0,  service_handle 40
[0m
[0;32mI (1110) main_task: Returned from app_main()[0m
[0;32mI (1120) GATTS_DEMO: SERVICE_START_EVT, status 0, service_handle 40
[0m
[0;32mI (1120) GATTS_DEMO: ADD_CHAR_EVT, status 0,  attr_handle 42, service_handle 40
[0m
[0;32mI (1130) GATTS_DEMO: the gatts demo char length = 3
[0m
[0;32mI (1130) GATTS_DEMO: prf_char[0] =11
[0m
[0;32mI (1140) GATTS_DEMO: prf_char[1] =22
[0m
[0;32mI (1140) GATTS_DEMO: prf_char[2] =33
[0m
[0;32mI (1140) GATTS_DEMO: ADD_DESCR_EVT, status 0, attr_handle 43, service_handle 40
[0m
[0;32mI (12500) GATTS_DEMO: ESP_GATTS_CONNECT_EVT, conn_id 0, remote 4e:12:cd:b0:89:89:[0m
[0;32mI (13130) GATTS_DEMO: update connection params status = 0, min_int = 16, max_int = 32,conn_int = 18,latency = 0, timeout = 400[0m
[0;32mI (13440) GATTS_DEMO: update connection params status = 0, min_int = 0, max_int = 0,conn_int = 6,latency = 0, timeout = 500[0m
[0;32mI (13570) GATTS_DEMO: update connection params status = 0, min_int = 0, max_int = 0,conn_int = 18,latency = 0, timeout = 400[0m
[0;32mI (31280) GATTS_DEMO: GATT_WRITE_EVT, conn_id 0, trans_id 1, handle 42[0m
[0;32mI (31280) GATTS_DEMO: GATT_WRITE_EVT, value len 6, value :[0m
[0;32mI (31280) GATTS_DEMO: 68 65 6c 6c 6f 00 [0m
[0;32mI (31290) GATTS_DEMO: hello, len: 5[0m
[0;32mI (56910) GATTS_DEMO: GATT_WRITE_EVT, conn_id 0, trans_id 2, handle 42[0m
[0;32mI (56910) GATTS_DEMO: GATT_WRITE_EVT, value len 16, value :[0m
[0;32mI (56910) GATTS_DEMO: 66 61 6c 73 65 66 61 6c 73 65 66 61 6c 73 65 00 [0m
[0;32mI (56920) GATTS_DEMO: falsefalsefalse, len: 15[0m
[0;32mI (65640) GATTS_DEMO: GATT_WRITE_EVT, conn_id 0, trans_id 3, handle 42[0m
[0;32mI (65640) GATTS_DEMO: GATT_WRITE_EVT, value len 16, value :[0m
[0;32mI (65640) GATTS_DEMO: 66 61 6c 73 65 66 61 6c 73 65 66 61 6c 73 65 00 [0m
[0;32mI (65650) GATTS_DEMO: falsefalsefalse, len: 15[0m
[0;33mW (113940) BT_HCI: hcif disc complete: hdl 0x0, rsn 0x13[0m
[0;32mI (113940) GATTS_DEMO: ESP_GATTS_DISCONNECT_EVT, disconnect reason 0x13[0m
[0;32mI (142960) GATTS_DEMO: ESP_GATTS_CONNECT_EVT, conn_id 0, remote 43:39:f7:cb:66:eb:[0m
[0;32mI (143630) GATTS_DEMO: update connection params status = 0, min_int = 16, max_int = 32,conn_int = 18,latency = 0, timeout = 400[0m
[0;32mI (143920) GATTS_DEMO: update connection params status = 0, min_int = 0, max_int = 0,conn_int = 6,latency = 0, timeout = 500[0m
[0;32mI (144060) GATTS_DEMO: update connection params status = 0, min_int = 0, max_int = 0,conn_int = 18,latency = 0, timeout = 400[0m
[0;33mW (146300) BT_HCI: hcif disc complete: hdl 0x0, rsn 0x13[0m
[0;32mI (146300) GATTS_DEMO: ESP_GATTS_DISCONNECT_EVT, disconnect reason 0x13[0m
[0;32mI (149350) GATTS_DEMO: ESP_GATTS_CONNECT_EVT, conn_id 0, remote 43:39:f7:cb:66:eb:[0m
[0;32mI (149980) GATTS_DEMO: update connection params status = 0, min_int = 16, max_int = 32,conn_int = 18,latency = 0, timeout = 400[0m
[0;32mI (150270) GATTS_DEMO: update connection params status = 0, min_int = 0, max_int = 0,conn_int = 6,latency = 0, timeout = 500[0m
[0;32mI (150400) GATTS_DEMO: update connection params status = 0, min_int = 0, max_int = 0,conn_int = 18,latency = 0, timeout = 400[0m
[0;32mI (155460) GATTS_DEMO: GATT_WRITE_EVT, conn_id 0, trans_id 1, handle 42[0m
[0;32mI (155470) GATTS_DEMO: GATT_WRITE_EVT, value len 20, value :[0m
[0;32mI (155470) GATTS_DEMO: 43 56 66 61 6c 73 65 66 61 6c 73 65 66 61 6c 73 [0m
[0;32mI (155480) GATTS_DEMO: 65 66 61 6c [0m
[0;32mI (155480) GATTS_DEMO: CVfalsefalsefalsefal, len: 20[0m
[0;32mI (169680) GATTS_DEMO: GATT_WRITE_EVT, conn_id 0, trans_id 2, handle 42[0m
[0;32mI (169690) GATTS_DEMO: GATT_WRITE_EVT, value len 20, value :[0m
[0;32mI (169690) GATTS_DEMO: 43 56 66 61 6c 73 65 66 61 6c 73 65 66 61 6c 73 [0m
[0;32mI (169700) GATTS_DEMO: 65 66 61 6c [0m
[0;32mI (169700) GATTS_DEMO: CVfalsefalsefalsefal, len: 20[0m
[0;32mI (173060) GATTS_DEMO: GATT_WRITE_EVT, conn_id 0, trans_id 3, handle 42[0m
[0;32mI (173060) GATTS_DEMO: GATT_WRITE_EVT, value len 20, value :[0m
[0;32mI (173060) GATTS_DEMO: 43 56 66 61 6c 73 65 66 61 6c 73 65 66 61 6c 73 [0m
[0;32mI (173070) GATTS_DEMO: 65 66 61 6c [0m
[0;32mI (173080) GATTS_DEMO: CVfalsefalsefalsefal, len: 20[0m
[0;32mI (173710) GATTS_DEMO: GATT_WRITE_EVT, conn_id 0, trans_id 4, handle 42[0m
[0;32mI (173710) GATTS_DEMO: GATT_WRITE_EVT, value len 20, value :[0m
[0;32mI (173720) GATTS_DEMO: 43 56 66 61 6c 73 65 66 61 6c 73 65 66 61 6c 73 [0m
[0;32mI (173720) GATTS_DEMO: 65 66 61 6c [0m
[0;32mI (173730) GATTS_DEMO: CVfalsefalsefalsefal, len: 20[0m
ets Jul 29 2019 12:21:46

rst:0x1 (POWERON_RESET),boot:0x13 (SPI_FAST_FLASH_BOOT)
configsip: 0, SPIWP:0xee
clk_drv:0x00,q_drv:0x00,d_drv:0x00,cs0_drv:0x00,hd_drv:0x00,wp_drv:0x00
mode:DIO, clock div:2
load:0x3fff0030,len:7084
ho 0 tail 12 room 4
load:0x40078000,len:15576
ho 0 tail 12 room 4
load:0x40080400,len:4
load:0x40080404,len:3876
entry 0x4008064c
[0;32mI (33) boot: ESP-IDF v5.1-dirty 2nd stage bootloader[0m
[0;32mI (33) boot: compile time May 21 2024 12:53:41[0m
[0;32mI (33) boot: Multicore bootloader[0m
[0;32mI (38) boot: chip revision: v3.0[0m
[0;32mI (41) boot.esp32: SPI Speed      : 40MHz[0m
[0;32mI (46) boot.esp32: SPI Mode       : DIO[0m
[0;32mI (51) boot.esp32: SPI Flash Size : 2MB[0m
[0;32mI (55) boot: Enabling RNG early entropy source...[0m
[0;32mI (61) boot: Partition Table:[0m
[0;32mI (64) boot: ## Label            Usage          Type ST Offset   Length[0m
[0;32mI (71) boot:  0 nvs              WiFi data        01 02 00009000 00006000[0m
[0;32mI (79) boot:  1 phy_init         RF data          01 01 0000f000 00001000[0m
[0;32mI (86) boot:  2 factory          factory app      00 00 00010000 00100000[0m
[0;32mI (94) boot: End of partition table[0m
[0;32mI (98) esp_image: segment 0: paddr=00010020 vaddr=3f400020 size=212ech (135916) map[0m
[0;32mI (156) esp_image: segment 1: paddr=00031314 vaddr=3ffbdb60 size=0453ch ( 17724) load[0m
[0;32mI (163) esp_image: segment 2: paddr=00035858 vaddr=40080000 size=0a7c0h ( 42944) load[0m
[0;32mI (181) esp_image: segment 3: paddr=00040020 vaddr=400d0020 size=8185ch (530524) map[0m
[0;32mI (373) esp_image: segment 4: paddr=000c1884 vaddr=4008a7c0 size=0e558h ( 58712) load[0m
[0;32mI (410) boot: Loaded app from partition at offset 0x10000[0m
[0;32mI (410) boot: Disabling RNG early entropy source...[0m
[0;32mI (421) cpu_start: Multicore app[0m
[0;32mI (422) cpu_start: Pro cpu up.[0m
[0;32mI (422) cpu_start: Starting app cpu, entry point is 0x40081430[0m
[0;32mI (0) cpu_start: App cpu up.[0m
[0;32mI (440) cpu_start: Pro cpu start user code[0m
[0;32mI (440) cpu_start: cpu freq: 160000000 Hz[0m
[0;32mI (440) cpu_start: Application information:[0m
[0;32mI (444) cpu_start: Project name:     Potentio_ESP[0m
[0;32mI (450) cpu_start: App version:      8e1a9d13-dirty[0m
[0;32mI (455) cpu_start: Compile time:     May 21 2024 12:53:31[0m
[0;32mI (461) cpu_start: ELF file SHA256:  b9b4f165c6508e70...[0m
[0;32mI (467) cpu_start: ESP-IDF:          v5.1-dirty[0m
[0;32mI (473) cpu_start: Min chip rev:     v0.0[0m
[0;32mI (477) cpu_start: Max chip rev:     v3.99 [0m
[0;32mI (482) cpu_start: Chip rev:         v3.0[0m
[0;32mI (487) heap_init: Initializing. RAM available for dynamic allocation:[0m
[0;32mI (494) heap_init: At 3FFAFF10 len 000000F0 (0 KiB): DRAM[0m
[0;32mI (500) heap_init: At 3FFB6388 len 00001C78 (7 KiB): DRAM[0m
[0;32mI (506) heap_init: At 3FFB9A20 len 00004108 (16 KiB): DRAM[0m
[0;32mI (512) heap_init: At 3FFC73A8 len 00018C58 (99 KiB): DRAM[0m
[0;32mI (519) heap_init: At 3FFE0440 len 00003AE0 (14 KiB): D/IRAM[0m
[0;32mI (525) heap_init: At 3FFE4350 len 0001BCB0 (111 KiB): D/IRAM[0m
[0;32mI (531) heap_init: At 40098D18 len 000072E8 (28 KiB): IRAM[0m
[0;32mI (539) spi_flash: detected chip: generic[0m
[0;32mI (542) spi_flash: flash io: dio[0m
[0;33mW (546) spi_flash: Detected size(4096k) larger than the size in the binary image header(2048k). Using the size in the binary image header.[0m
[0;32mI (560) coexist: coex firmware version: ebddf30[0m
[0;32mI (565) app_start: Starting scheduler on CPU0[0m
[0;32m[0;32mI (570) app_start: Starting scheduler on CPU1[0m
I (570) main_task: Started on CPU0[0m
[0;32mI (580) main_task: Calling app_main()[0m
========================================================= 
.______     ______   .___________. _______ .__   __. .___________. __    ______        _______.___________.    ___   .___________.     
|   _  \  /  __   \ |            ||   ____||  \ |  | |           ||  |  /  __  \      /       |           |   /   \  |           |     
|  |_)  | |  |  |  | `---|  |----`|  |__   |   \|  | `---|  |----`|  | |  |  |  |    |   (----`---|  |----`  /  ^  \ `---|  |----`     
|   ___/  |  |  |  |     |  |     |   __|  |  . `  |     |  |     |  | |  |  |  |     \   \       |  |      /  /_\  \    |  |          
|  |      |  `--'  |     |  |     |  |____ |  |\   |     |  |     |  | |  `--'  | .----)   |      |  |     /  _____  \   |  |          
| _|       \______/      |__|     |_______||__| \__|     |__|     |__|  \______/  |_______/       |__|    /__/     \__\  |__|          
========================================================= 
[0;32mI (670) BTDM_INIT: BT controller compile version [ad2b7cd][0m
[0;32mI (680) phy_init: phy_version 4670,719f9f6,Feb 18 2021,17:07:07[0m
[0;32mI (1080) GATTS_DEMO: REGISTER_APP_EVT, status 0, app_id 0
[0m
[0;32mI (1090) main_task: Returned from app_main()[0m
[0;32mI (1100) GATTS_DEMO: CREATE_SERVICE_EVT, status 0,  service_handle 40
[0m
[0;32mI (1110) GATTS_DEMO: SERVICE_START_EVT, status 0, service_handle 40
[0m
[0;32mI (1110) GATTS_DEMO: ADD_CHAR_EVT, status 0,  attr_handle 42, service_handle 40
[0m
[0;32mI (1120) GATTS_DEMO: the gatts demo char length = 3
[0m
[0;32mI (1120) GATTS_DEMO: prf_char[0] =11
[0m
[0;32mI (1130) GATTS_DEMO: prf_char[1] =22
[0m
[0;32mI (1130) GATTS_DEMO: prf_char[2] =33
[0m
[0;32mI (1140) GATTS_DEMO: ADD_DESCR_EVT, status 0, attr_handle 43, service_handle 40
[0m
[0;32mI (7210) GATTS_DEMO: ESP_GATTS_CONNECT_EVT, conn_id 0, remote 43:39:f7:cb:66:eb:[0m
[0;32mI (7840) GATTS_DEMO: update connection params status = 0, min_int = 16, max_int = 32,conn_int = 18,latency = 0, timeout = 400[0m
[0;32mI (8130) GATTS_DEMO: update connection params status = 0, min_int = 0, max_int = 0,conn_int = 6,latency = 0, timeout = 500[0m
[0;32mI (8270) GATTS_DEMO: update connection params status = 0, min_int = 0, max_int = 0,conn_int = 18,latency = 0, timeout = 400[0m
[0;33mW (11180) BT_HCI: hcif disc complete: hdl 0x0, rsn 0x13[0m
[0;32mI (11180) GATTS_DEMO: ESP_GATTS_DISCONNECT_EVT, disconnect reason 0x13[0m
[0;32mI (12300) GATTS_DEMO: ESP_GATTS_CONNECT_EVT, conn_id 0, remote 43:39:f7:cb:66:eb:[0m
[0;32mI (12920) GATTS_DEMO: update connection params status = 0, min_int = 16, max_int = 32,conn_int = 18,latency = 0, timeout = 400[0m
[0;32mI (13230) GATTS_DEMO: update connection params status = 0, min_int = 0, max_int = 0,conn_int = 6,latency = 0, timeout = 500[0m
[0;32mI (13370) GATTS_DEMO: update connection params status = 0, min_int = 0, max_int = 0,conn_int = 18,latency = 0, timeout = 400[0m
[0;32mI (14380) GATTS_DEMO: GATT_WRITE_EVT, conn_id 0, trans_id 1, handle 42[0m
[0;32mI (14380) GATTS_DEMO: GATT_WRITE_EVT, value len 1, value :[0m
[0;32mI (14380) GATTS_DEMO: 00 [0m
[0;32mI (14380) GATTS_DEMO: , len: 0[0m
[0;32mI (30640) GATTS_DEMO: GATT_WRITE_EVT, conn_id 0, trans_id 2, handle 42[0m
[0;32mI (30650) GATTS_DEMO: GATT_WRITE_EVT, value len 3, value :[0m
[0;32mI (30650) GATTS_DEMO: 43 56 00 [0m
[0;32mI (30650) GATTS_DEMO: CV, len: 2[0m
[0;32mI (62780) GATTS_DEMO: GATT_WRITE_EVT, conn_id 0, trans_id 3, handle 42[0m
[0;32mI (62780) GATTS_DEMO: GATT_WRITE_EVT, value len 3, value :[0m
[0;32mI (62780) GATTS_DEMO: 43 56 00 [0m
[0;32mI (62780) GATTS_DEMO: CV, len: 2[0m
[0;32mI (69680) GATTS_DEMO: GATT_WRITE_EVT, conn_id 0, trans_id 4, handle 42[0m
[0;32mI (69680) GATTS_DEMO: GATT_WRITE_EVT, value len 10, value :[0m
[0;32mI (69690) GATTS_DEMO: 43 56 31 30 32 30 30 31 32 00 [0m
[0;32mI (69690) GATTS_DEMO: CV1020012, len: 9[0m
[0;32mI (224460) GATTS_DEMO: GATT_WRITE_EVT, conn_id 0, trans_id 5, handle 42[0m
[0;32mI (224470) GATTS_DEMO: GATT_WRITE_EVT, value len 20, value :[0m
[0;32mI (224470) GATTS_DEMO: 7b 5c 22 4d 6f 64 65 5c 22 3a 43 56 5c 22 52 65 [0m
[0;32mI (224470) GATTS_DEMO: 73 5c 22 3a [0m
[0;32mI (224480) GATTS_DEMO: {\"Mode\":CV\"Res\":, len: 20[0m
[0;32mI (255670) GATTS_DEMO: GATT_WRITE_EVT, conn_id 0, trans_id 6, handle 42[0m
[0;32mI (255670) GATTS_DEMO: GATT_WRITE_EVT, value len 20, value :[0m
[0;32mI (255680) GATTS_DEMO: 7b 5c 22 4d 6f 64 65 5c 22 3a 43 56 5c 22 52 65 [0m
[0;32mI (255680) GATTS_DEMO: 73 5c 22 3a [0m
[0;32mI (255690) GATTS_DEMO: {\"Mode\":CV\"Res\":, len: 20[0m
[0;32mI (263500) GATTS_DEMO: GATT_WRITE_EVT, conn_id 0, trans_id 7, handle 42[0m
[0;32mI (263500) GATTS_DEMO: GATT_WRITE_EVT, value len 10, value :[0m
[0;32mI (263510) GATTS_DEMO: 4c 53 56 31 30 32 30 30 31 00 [0m
[0;32mI (263510) GATTS_DEMO: LSV102001, len: 9[0m
[0;32mI (270720) GATTS_DEMO: GATT_WRITE_EVT, conn_id 0, trans_id 8, handle 42[0m
[0;32mI (270730) GATTS_DEMO: GATT_WRITE_EVT, value len 20, value :[0m
[0;32mI (270730) GATTS_DEMO: 7b 5c 22 4d 6f 64 65 5c 22 3a 43 56 5c 22 52 65 [0m
[0;32mI (270730) GATTS_DEMO: 73 5c 22 3a [0m
[0;32mI (270740) GATTS_DEMO: {\"Mode\":CV\"Res\":, len: 20[0m
[0;32mI (291600) GATTS_DEMO: GATT_WRITE_EVT, conn_id 0, trans_id 9, handle 42[0m
[0;32mI (291610) GATTS_DEMO: GATT_WRITE_EVT, value len 20, value :[0m
[0;32mI (291610) GATTS_DEMO: 7b 5c 22 4d 6f 64 65 5c 22 3a 43 56 5c 22 52 65 [0m
[0;32mI (291620) GATTS_DEMO: 73 5c 22 3a [0m
[0;32mI (291620) GATTS_DEMO: {\"Mode\":CV\"Res\":, len: 20[0m
[0;32mI (390580) GATTS_DEMO: GATT_WRITE_EVT, conn_id 0, trans_id 10, handle 42[0m
[0;32mI (390580) GATTS_DEMO: GATT_WRITE_EVT, value len 20, value :[0m
[0;32mI (390590) GATTS_DEMO: 7b 5c 22 4d 6f 64 65 5c 22 3a 43 56 5c 22 52 65 [0m
[0;32mI (390590) GATTS_DEMO: 73 5c 22 3a [0m
[0;32mI (390600) GATTS_DEMO: {\"Mode\":CV\"Res\":, len: 20[0m
[0;32mI (391660) GATTS_DEMO: GATT_WRITE_EVT, conn_id 0, trans_id 11, handle 42[0m
[0;32mI (391660) GATTS_DEMO: GATT_WRITE_EVT, value len 20, value :[0m
[0;32mI (391670) GATTS_DEMO: 7b 5c 22 4d 6f 64 65 5c 22 3a 43 56 5c 22 52 65 [0m
[0;32mI (391670) GATTS_DEMO: 73 5c 22 3a [0m
[0;32mI (391680) GATTS_DEMO: {\"Mode\":CV\"Res\":, len: 20[0m
[0;32mI (392000) GATTS_DEMO: GATT_WRITE_EVT, conn_id 0, trans_id 12, handle 42[0m
[0;32mI (392000) GATTS_DEMO: GATT_WRITE_EVT, value len 20, value :[0m
[0;32mI (392000) GATTS_DEMO: 7b 5c 22 4d 6f 64 65 5c 22 3a 43 56 5c 22 52 65 [0m
[0;32mI (392010) GATTS_DEMO: 73 5c 22 3a [0m
[0;32mI (392020) GATTS_DEMO: {\"Mode\":CV\"Res\":, len: 20[0m
[0;32mI (392180) GATTS_DEMO: GATT_WRITE_EVT, conn_id 0, trans_id 13, handle 42[0m
[0;32mI (392180) GATTS_DEMO: GATT_WRITE_EVT, value len 20, value :[0m
[0;32mI (392180) GATTS_DEMO: 7b 5c 22 4d 6f 64 65 5c 22 3a 43 56 5c 22 52 65 [0m
[0;32mI (392190) GATTS_DEMO: 73 5c 22 3a [0m
[0;32mI (392200) GATTS_DEMO: {\"Mode\":CV\"Res\":, len: 20[0m
[0;32mI (392380) GATTS_DEMO: GATT_WRITE_EVT, conn_id 0, trans_id 14, handle 42[0m
[0;32mI (392380) GATTS_DEMO: GATT_WRITE_EVT, value len 20, value :[0m
[0;32mI (392390) GATTS_DEMO: 7b 5c 22 4d 6f 64 65 5c 22 3a 43 56 5c 22 52 65 [0m
[0;32mI (392390) GATTS_DEMO: 73 5c 22 3a [0m
[0;32mI (392400) GATTS_DEMO: {\"Mode\":CV\"Res\":, len: 20[0m
[0;32mI (392520) GATTS_DEMO: GATT_WRITE_EVT, conn_id 0, trans_id 15, handle 42[0m
[0;32mI (392520) GATTS_DEMO: GATT_WRITE_EVT, value len 20, value :[0m
[0;32mI (392520) GATTS_DEMO: 7b 5c 22 4d 6f 64 65 5c 22 3a 43 56 5c 22 52 65 [0m
[0;32mI (392530) GATTS_DEMO: 73 5c 22 3a [0m
[0;32mI (392530) GATTS_DEMO: {\"Mode\":CV\"Res\":, len: 20[0m
[0;32mI (419650) GATTS_DEMO: GATT_WRITE_EVT, conn_id 0, trans_id 16, handle 42[0m
[0;32mI (419650) GATTS_DEMO: GATT_WRITE_EVT, value len 14, value :[0m
[0;32mI (419660) GATTS_DEMO: 4c 53 56 c2 b5 41 31 31 30 32 32 34 32 00 [0m
[0;32mI (419660) GATTS_DEMO: LSVµA1102242, len: 13[0m
[0;32mI (473790) GATTS_DEMO: GATT_WRITE_EVT, conn_id 0, trans_id 17, handle 42[0m
[0;32mI (473790) GATTS_DEMO: GATT_WRITE_EVT, value len 19, value :[0m
[0;32mI (473790) GATTS_DEMO: 43 56 40 c2 b5 41 40 31 31 30 40 32 32 34 40 32 [0m
[0;32mI (473800) GATTS_DEMO: 40 33 00 [0m
[0;32mI (473800) GATTS_DEMO: CV@µA@110@224@2@3, len: 18[0m
ets Jul 29 2019 12:21:46

rst:0x1 (POWERON_RESET),boot:0x13 (SPI_FAST_FLASH_BOOT)
configsip: 0, SPIWP:0xee
clk_drv:0x00,q_drv:0x00,d_drv:0x00,cs0_drv:0x00,hd_drv:0x00,wp_drv:0x00
mode:DIO, clock div:2
load:0x3fff0030,len:7084
ho 0 tail 12 room 4
load:0x40078000,len:15576
ho 0 tail 12 room 4
load:0x40080400,len:4
load:0x40080404,len:3876
entry 0x4008064c
[0;32mI (33) boot: ESP-IDF v5.1-dirty 2nd stage bootloader[0m
[0;32mI (33) boot: compile time May 21 2024 12:53:41[0m
[0;32mI (33) boot: Multicore bootloader[0m
[0;32mI (38) boot: chip revision: v3.0[0m
[0;32mI (41) boot.esp32: SPI Speed      : 40MHz[0m
[0;32mI (46) boot.esp32: SPI Mode       : DIO[0m
[0;32mI (51) boot.esp32: SPI Flash Size : 2MB[0m
[0;32mI (55) boot: Enabling RNG early entropy source...[0m
[0;32mI (61) boot: Partition Table:[0m
[0;32mI (64) boot: ## Label            Usage          Type ST Offset   Length[0m
[0;32mI (71) boot:  0 nvs              WiFi data        01 02 00009000 00006000[0m
[0;32mI (79) boot:  1 phy_init         RF data          01 01 0000f000 00001000[0m
[0;32mI (86) boot:  2 factory          factory app      00 00 00010000 00100000[0m
[0;32mI (94) boot: End of partition table[0m
[0;32mI (98) esp_image: segment 0: paddr=00010020 vaddr=3f400020 size=212ech (135916) map[0m
[0;32mI (156) esp_image: segment 1: paddr=00031314 vaddr=3ffbdb60 size=0453ch ( 17724) load[0m
[0;32mI (163) esp_image: segment 2: paddr=00035858 vaddr=40080000 size=0a7c0h ( 42944) load[0m
[0;32mI (181) esp_image: segment 3: paddr=00040020 vaddr=400d0020 size=8185ch (530524) map[0m
[0;32mI (373) esp_image: segment 4: paddr=000c1884 vaddr=4008a7c0 size=0e558h ( 58712) load[0m
[0;32mI (410) boot: Loaded app from partition at offset 0x10000[0m
[0;32mI (410) boot: Disabling RNG early entropy source...[0m
[0;32mI (421) cpu_start: Multicore app[0m
[0;32mI (422) cpu_start: Pro cpu up.[0m
[0;32mI (422) cpu_start: Starting app cpu, entry point is 0x40081430[0m
[0;32mI (0) cpu_start: App cpu up.[0m
[0;32mI (440) cpu_start: Pro cpu start user code[0m
[0;32mI (440) cpu_start: cpu freq: 160000000 Hz[0m
[0;32mI (440) cpu_start: Application information:[0m
[0;32mI (444) cpu_start: Project name:     Potentio_ESP[0m
[0;32mI (450) cpu_start: App version:      8e1a9d13-dirty[0m
[0;32mI (455) cpu_start: Compile time:     May 21 2024 12:53:31[0m
[0;32mI (461) cpu_start: ELF file SHA256:  b9b4f165c6508e70...[0m
[0;32mI (467) cpu_start: ESP-IDF:          v5.1-dirty[0m
[0;32mI (473) cpu_start: Min chip rev:     v0.0[0m
[0;32mI (477) cpu_start: Max chip rev:     v3.99 [0m
[0;32mI (482) cpu_start: Chip rev:         v3.0[0m
[0;32mI (487) heap_init: Initializing. RAM available for dynamic allocation:[0m
[0;32mI (494) heap_init: At 3FFAFF10 len 000000F0 (0 KiB): DRAM[0m
[0;32mI (500) heap_init: At 3FFB6388 len 00001C78 (7 KiB): DRAM[0m
[0;32mI (506) heap_init: At 3FFB9A20 len 00004108 (16 KiB): DRAM[0m
[0;32mI (512) heap_init: At 3FFC73A8 len 00018C58 (99 KiB): DRAM[0m
[0;32mI (519) heap_init: At 3FFE0440 len 00003AE0 (14 KiB): D/IRAM[0m
[0;32mI (525) heap_init: At 3FFE4350 len 0001BCB0 (111 KiB): D/IRAM[0m
[0;32mI (531) heap_init: At 40098D18 len 000072E8 (28 KiB): IRAM[0m
[0;32mI (539) spi_flash: detected chip: generic[0m
[0;32mI (542) spi_flash: flash io: dio[0m
[0;33mW (546) spi_flash: Detected size(4096k) larger than the size in the binary image header(2048k). Using the size in the binary image header.[0m
[0;32mI (560) coexist: coex firmware version: ebddf30[0m
[0;32mI (565) app_start: Starting scheduler on CPU0[0m
[0;32m[0;32mI (570) app_start: Starting scheduler on CPU1[0m
I (570) main_task: Started on CPU0[0m
[0;32mI (580) main_task: Calling app_main()[0m
========================================================= 
.______     ______   .___________. _______ .__   __. .___________. __    ______        _______.___________.    ___   .___________.     
|   _  \  /  __   \ |            ||   ____||  \ |  | |           ||  |  /  __  \      /       |           |   /   \  |           |     
|  |_)  | |  |  |  | `---|  |----`|  |__   |   \|  | `---|  |----`|  | |  |  |  |    |   (----`---|  |----`  /  ^  \ `---|  |----`     
|   ___/  |  |  |  |     |  |     |   __|  |  . `  |     |  |     |  | |  |  |  |     \   \       |  |      /  /_\  \    |  |          
|  |      |  `--'  |     |  |     |  |____ |  |\   |     |  |     |  | |  `--'  | .----)   |      |  |     /  _____  \   |  |          
| _|       \______/      |__|     |_______||__| \__|     |__|     |__|  \______/  |_______/       |__|    /__/     \__\  |__|          
========================================================= 
[0;32mI (670) BTDM_INIT: BT controller compile version [ad2b7cd][0m
[0;32mI (680) phy_init: phy_version 4670,719f9f6,Feb 18 2021,17:07:07[0m
[0;32mI (1100) GATTS_DEMO: REGISTER_APP_EVT, status 0, app_id 0
[0m
[0;32mI (1100) main_task: Returned from app_main()[0m
[0;32mI (1110) GATTS_DEMO: CREATE_SERVICE_EVT, status 0,  service_handle 40
[0m
[0;32mI (1120) GATTS_DEMO: SERVICE_START_EVT, status 0, service_handle 40
[0m
[0;32mI (1120) GATTS_DEMO: ADD_CHAR_EVT, status 0,  attr_handle 42, service_handle 40
[0m
[0;32mI (1130) GATTS_DEMO: the gatts demo char length = 3
[0m
[0;32mI (1130) GATTS_DEMO: prf_char[0] =11
[0m
[0;32mI (1140) GATTS_DEMO: prf_char[1] =22
[0m
[0;32mI (1140) GATTS_DEMO: prf_char[2] =33
[0m
[0;32mI (1150) GATTS_DEMO: ADD_DESCR_EVT, status 0, attr_handle 43, service_handle 40
[0m
[0;32mI (7890) GATTS_DEMO: ESP_GATTS_CONNECT_EVT, conn_id 0, remote 68:64:b6:04:7a:c8:[0m
[0;32mI (8510) GATTS_DEMO: update connection params status = 0, min_int = 16, max_int = 32,conn_int = 18,latency = 0, timeout = 400[0m
[0;32mI (8820) GATTS_DEMO: update connection params status = 0, min_int = 0, max_int = 0,conn_int = 6,latency = 0, timeout = 500[0m
[0;32mI (8970) GATTS_DEMO: update connection params status = 0, min_int = 0, max_int = 0,conn_int = 18,latency = 0, timeout = 400[0m
[0;32mI (11060) GATTS_DEMO: GATT_WRITE_EVT, conn_id 0, trans_id 1, handle 42[0m
[0;32mI (11060) GATTS_DEMO: GATT_WRITE_EVT, value len 1, value :[0m
[0;32mI (11060) GATTS_DEMO: 00 [0m
[0;32mI (11070) GATTS_DEMO: , len: 0[0m
[0;32mI (11070) GATTS_DEMO: GATT_READ_EVT, conn_id 0, trans_id 2, handle 42
[0m
[0;32mI (37200) GATTS_DEMO: GATT_WRITE_EVT, conn_id 0, trans_id 3, handle 42[0m
[0;32mI (37210) GATTS_DEMO: GATT_WRITE_EVT, value len 19, value :[0m
[0;32mI (37210) GATTS_DEMO: 43 56 40 c2 b5 41 40 30 40 31 30 30 30 40 31 30 [0m
[0;32mI (37210) GATTS_DEMO: 40 32 00 [0m
[0;32mI (37220) GATTS_DEMO: CV@µA@0@1000@10@2, len: 18[0m
