ets Jun  8 2016 00:22:57

rst:0x1 (POWERON_RESET),boot:0x13 (SPI_FAST_FLASH_BOOT)
configsip: 0, SPIWP:0xee
clk_drv:0x00,q_drv:0x00,d_drv:0x00,cs0_drv:0x00,hd_drv:0x00,wp_drv:0x00
mode:DIO, clock div:2
load:0x3fff0030,len:7084
ho 0 tail 12 room 4
load:0x40078000,len:15576
ho 0 tail 12 room 4
load:0x40080400,len:4
load:0x40080404,len:3876
entry 0x4008064c
[0;32mI (32) boot: ESP-IDF v5.1-dirty 2nd stage bootloader[0m
[0;32mI (32) boot: compile time May 18 2024 15:10:40[0m
[0;32mI (33) boot: Multicore bootloader[0m
[0;32mI (37) boot: chip revision: v1.1[0m
[0;32mI (41) boot.esp32: SPI Speed      : 40MHz[0m
[0;32mI (45) boot.esp32: SPI Mode       : DIO[0m
[0;32mI (50) boot.esp32: SPI Flash Size : 2MB[0m
[0;32mI (55) boot: Enabling RNG early entropy source...[0m
[0;32mI (60) boot: Partition Table:[0m
[0;32mI (64) boot: ## Label            Usage          Type ST Offset   Length[0m
[0;32mI (71) boot:  0 nvs              WiFi data        01 02 00009000 00006000[0m
[0;32mI (78) boot:  1 phy_init         RF data          01 01 0000f000 00001000[0m
[0;32mI (86) boot:  2 factory          factory app      00 00 00010000 00100000[0m
[0;32mI (93) boot: End of partition table[0m
[0;32mI (97) esp_image: segment 0: paddr=00010020 vaddr=3f400020 size=21914h (137492) map[0m
[0;32mI (156) esp_image: segment 1: paddr=0003193c vaddr=3ffbdb60 size=04570h ( 17776) load[0m
[0;32mI (163) esp_image: segment 2: paddr=00035eb4 vaddr=40080000 size=0a164h ( 41316) load[0m
[0;32mI (180) esp_image: segment 3: paddr=00040020 vaddr=400d0020 size=8236ch (533356) map[0m
[0;32mI (373) esp_image: segment 4: paddr=000c2394 vaddr=4008a164 size=0ec80h ( 60544) load[0m
[0;32mI (411) boot: Loaded app from partition at offset 0x10000[0m
[0;32mI (411) boot: Disabling RNG early entropy source...[0m
[0;32mI (423) cpu_start: Multicore app[0m
[0;32mI (423) cpu_start: Pro cpu up.[0m
[0;32mI (423) cpu_start: Starting app cpu, entry point is 0x40081448[0m
[0;32mI (0) cpu_start: App cpu up.[0m
[0;32mI (441) cpu_start: Pro cpu start user code[0m
[0;32mI (441) cpu_start: cpu freq: 160000000 Hz[0m
[0;32mI (441) cpu_start: Application information:[0m
[0;32mI (446) cpu_start: Project name:     Potentio_ESP[0m
[0;32mI (451) cpu_start: App version:      8e1a9d13-dirty[0m
[0;32mI (457) cpu_start: Compile time:     May 18 2024 15:10:32[0m
[0;32mI (463) cpu_start: ELF file SHA256:  e5326bdabaef7fba...[0m
[0;32mI (469) cpu_start: ESP-IDF:          v5.1-dirty[0m
[0;32mI (474) cpu_start: Min chip rev:     v0.0[0m
[0;32mI (479) cpu_start: Max chip rev:     v3.99 [0m
[0;32mI (483) cpu_start: Chip rev:         v1.1[0m
[0;32mI (488) heap_init: Initializing. RAM available for dynamic allocation:[0m
[0;32mI (495) heap_init: At 3FFAFF10 len 000000F0 (0 KiB): DRAM[0m
[0;32mI (501) heap_init: At 3FFB6388 len 00001C78 (7 KiB): DRAM[0m
[0;32mI (507) heap_init: At 3FFB9A20 len 00004108 (16 KiB): DRAM[0m
[0;32mI (514) heap_init: At 3FFC6CF0 len 00019310 (100 KiB): DRAM[0m
[0;32mI (520) heap_init: At 3FFE0440 len 00003AE0 (14 KiB): D/IRAM[0m
[0;32mI (526) heap_init: At 3FFE4350 len 0001BCB0 (111 KiB): D/IRAM[0m
[0;32mI (533) heap_init: At 40098DE4 len 0000721C (28 KiB): IRAM[0m
[0;32mI (540) spi_flash: detected chip: gd[0m
[0;32mI (543) spi_flash: flash io: dio[0m
[0;33mW (547) spi_flash: Detected size(16384k) larger than the size in the binary image header(2048k). Using the size in the binary image header.[0m
[0;32mI (561) coexist: coex firmware version: ebddf30[0m
[0;32mI (566) app_start: Starting scheduler on CPU0[0m
[0;32[0;32mI (570) app_start: Starting scheduler on CPU1[0m
mI (570) main_task: Started on CPU0[0m
[0;32mI (580) main_task: Calling app_main()[0m
========================================================= 
.______     ______   .___________. _______ .__   __. .___________. __    ______        _______.___________.    ___   .___________.     
|   _  \  /  __   \ |            ||   ____||  \ |  | |           ||  |  /  __  \      /       |           |   /   \  |           |     
|  |_)  | |  |  |  | `---|  |----`|  |__   |   \|  | `---|  |----`|  | |  |  |  |    |   (----`---|  |----`  /  ^  \ `---|  |----`     
|   ___/  |  |  |  |     |  |     |   __|  |  . `  |     |  |     |  | |  |  |  |     \   \       |  |      /  /_\  \    |  |          
|  |      |  `--'  |     |  |     |  |____ |  |\   |     |  |     |  | |  `--'  | .----)   |      |  |     /  _____  \   |  |          
| _|       \______/      |__|     |_______||__| \__|     |__|     |__|  \______/  |_______/       |__|    /__/     \__\  |__|          
========================================================= 
[0;32mI (660) BTDM_INIT: BT controller compile version [ad2b7cd][0m
[0;32mI (670) phy_init: phy_version 4670,719f9f6,Feb 18 2021,17:07:07[0m
[0;33mW (680) phy_init: failed to load RF calibration data (0x1102), falling back to full calibration[0m

Brownout detector was triggered

ets Jun  8 2016 00:22:57

rst:0xc (SW_CPU_RESET),boot:0x13 (SPI_FAST_FLASH_BOOT)
configsip: 0, SPIWP:0xee
clk_drv:0x00,q_drv:0x00,d_drv:0x00,cs0_drv:0x00,hd_drv:0x00,wp_drv:0x00
mode:DIO, clock div:2
load:0x3fff0030,len:7084
ho 0 tail 12 room 4
load:0x40078000,len:15576
ho 0 tail 12 room 4
load:0x40080400,len:4
load:0x40080404,len:3876
entry 0x4008064c
[0;32mI (32) boot: ESP-IDF v5.1-dirty 2nd stage bootloader[0m
[0;32mI (32) boot: compile time May 18 2024 15:10:40[0m
[0;32mI (33) boot: Multicore bootloader[0m
[0;32mI (37) boot: chip revision: v1.1[0m
[0;32mI (41) boot.esp32: SPI Speed      : 40MHz[0m
[0;32mI (46) boot.esp32: SPI Mode       : DIO[0m
[0;32mI (50) boot.esp32: SPI Flash Size : 2MB[0m
[0;32mI (55) boot: Enabling RNG early entropy source...[0m
[0;32mI (60) boot: Partition Table:[0m
[0;32mI (64) boot: ## Label            Usage          Type ST Offset   Length[0m
[0;32mI (71) boot:  0 nvs              WiFi data        01 02 00009000 00006000[0m
[0;32mI (79) boot:  1 phy_init         RF data          01 01 0000f000 00001000[0m
[0;32mI (86) boot:  2 factory          factory app      00 00 00010000 00100000[0m
[0;32mI (94) boot: End of partition table[0m
[0;32mI (98) esp_image: segment 0: paddr=00010020 vaddr=3f400020 size=21914h (137492) map[0m
[0;32mI (156) esp_image: segment 1: paddr=0003193c vaddr=3ffbdb60 size=04570h ( 17776) load[0m
[0;32mI (163) esp_image: segment 2: paddr=00035eb4 vaddr=40080000 size=0a164h ( 41316) load[0m
[0;32mI (181) esp_image: segment 3: paddr=00040020 vaddr=400d0020 size=8236ch (533356) map[0m
[0;32mI (373) esp_image: segment 4: paddr=000c2394 vaddr=4008a164 size=0ec80h ( 60544) load[0m
[0;32mI (411) boot: Loaded app from partition at offset 0x10000[0m
[0;32mI (411) boot: Disabling RNG early entropy source...[0m
[0;32mI (423) cpu_start: Multicore app[0m
[0;32mI (423) cpu_start: Pro cpu up.[0m
[0;32mI (423) cpu_start: Starting app cpu, entry point is 0x40081448[0m
[0;32mI (410) cpu_start: App cpu up.[0m
[0;32mI (441) cpu_start: Pro cpu start user code[0m
[0;32mI (441) cpu_start: cpu freq: 160000000 Hz[0m
[0;32mI (441) cpu_start: Application information:[0m
[0;32mI (446) cpu_start: Project name:     Potentio_ESP[0m
[0;32mI (452) cpu_start: App version:      8e1a9d13-dirty[0m
[0;32mI (457) cpu_start: Compile time:     May 18 2024 15:10:32[0m
[0;32mI (463) cpu_start: ELF file SHA256:  e5326bdabaef7fba...[0m
[0;32mI (469) cpu_start: ESP-IDF:          v5.1-dirty[0m
[0;32mI (474) cpu_start: Min chip rev:     v0.0[0m
[0;32mI (479) cpu_start: Max chip rev:     v3.99 [0m
[0;32mI (484) cpu_start: Chip rev:         v1.1[0m
[0;32mI (489) heap_init: Initializing. RAM available for dynamic allocation:[0m
[0;32mI (496) heap_init: At 3FFAFF10 len 000000F0 (0 KiB): DRAM[0m
[0;32mI (502) heap_init: At 3FFB6388 len 00001C78 (7 KiB): DRAM[0m
[0;32mI (508) heap_init: At 3FFB9A20 len 00004108 (16 KiB): DRAM[0m
[0;32mI (514) heap_init: At 3FFC6CF0 len 00019310 (100 KiB): DRAM[0m
[0;32mI (520) heap_init: At 3FFE0440 len 00003AE0 (14 KiB): D/IRAM[0m
[0;32mI (527) heap_init: At 3FFE4350 len 0001BCB0 (111 KiB): D/IRAM[0m
[0;32mI (533) heap_init: At 40098DE4 len 0000721C (28 KiB): IRAM[0m
[0;32mI (541) spi_flash: detected chip: gd[0m
[0;32mI (544) spi_flash: flash io: dio[0m
[0;33mW (547) spi_flash: Detected size(16384k) larger than the size in the binary image header(2048k). Using the size in the binary image header.[0m
[0;32mI (562) coexist: coex firmware version: ebddf30[0m
[0;32mI (567) app_start: Starting scheduler on CPU0[0m
[0;32[0;32mI (571) app_start: Starting scheduler on CPU1[0m
mI (571) main_task: Started on CPU0[0m
[0;32mI (581) main_task: Calling app_main()[0m
========================================================= 
.______     ______   .___________. _______ .__   __. .___________. __    ______        _______.___________.    ___   .___________.     
|   _  \  /  __   \ |            ||   ____||  \ |  | |           ||  |  /  __  \      /       |           |   /   \  |           |     
|  |_)  | |  |  |  | `---|  |----`|  |__   |   \|  | `---|  |----`|  | |  |  |  |    |   (----`---|  |----`  /  ^  \ `---|  |----`     
|   ___/  |  |  |  |     |  |     |   __|  |  . `  |     |  |     |  | |  |  |  |     \   \       |  |      /  /_\  \    |  |          
|  |      |  `--'  |     |  |     |  |____ |  |\   |     |  |     |  | |  `--'  | .----)   |      |  |     /  _____  \   |  |          
| _|       \______/      |__|     |_______||__| \__|     |__|     |__|  \______/  |_______/       |__|    /__/     \__\  |__|          
========================================================= 
[0;32mI (661) BTDM_INIT: BT controller compile version [ad2b7cd][0m
[0;32mI (671) phy_init: phy_version 4670,719f9f6,Feb 18 2021,17:07:07[0m
[0;33mW (681) phy_init: failed to load RF calibration data (0x1102), falling back to full calibration[0m

Brownout detector was triggered

ets Jun  8 2016 00:22:57

rst:0xc (SW_CPU_RESET),boot:0x13 (SPI_FAST_FLASH_BOOT)
configsip: 0, SPIWP:0xee
clk_drv:0x00,q_drv:0x00,d_drv:0x00,cs0_drv:0x00,hd_drv:0x00,wp_drv:0x00
mode:DIO, clock div:2
load:0x3fff0030,len:7084
ho 0 tail 12 room 4
load:0x40078000,len:15576
ho 0 tail 12 room 4
load:0x40080400,len:4
load:0x40080404,len:3876
entry 0x4008064c
[0;32mI (32) boot: ESP-IDF v5.1-dirty 2nd stage bootloader[0m
[0;32mI (32) boot: compile time May 18 2024 15:10:40[0m
[0;32mI (33) boot: Multicore bootloader[0m
[0;32mI (37) boot: chip revision: v1.1[0m
[0;32mI (41) boot.esp32: SPI Speed      : 40MHz[0m
[0;32mI (46) boot.esp32: SPI Mode       : DIO[0m
[0;32mI (50) boot.esp32: SPI Flash Size : 2MB[0m
[0;32mI (55) boot: Enabling RNG early entropy source...[0m
[0;32mI (60) boot: Partition Table:[0m
[0;32mI (64) boot: ## Label            Usage          Type ST Offset   Length[0m
[0;32mI (71) boot:  0 nvs              WiFi data        01 02 00009000 00006000[0m
[0;32mI (79) boot:  1 phy_init         RF data          01 01 0000f000 00001000[0m
[0;32mI (86) boot:  2 factory          factory app      00 00 00010000 00100000[0m
[0;32mI (94) boot: End of partition table[0m
[0;32mI (98) esp_image: segment 0: paddr=00010020 vaddr=3f400020 size=21914h (137492) map[0m
[0;32mI (156) esp_image: segment 1: paddr=0003193c vaddr=3ffbdb60 size=04570h ( 17776) load[0m
[0;32mI (163) esp_image: segment 2: paddr=00035eb4 vaddr=40080000 size=0a164h ( 41316) load[0m
[0;32mI (181) esp_image: segment 3: paddr=00040020 vaddr=400d0020 size=8236ch (533356) map[0m
[0;32mI (373) esp_image: segment 4: paddr=000c2394 vaddr=4008a164 size=0ec80h ( 60544) load[0m
[0;32mI (411) boot: Loaded app from partition at offset 0x10000[0m
[0;32mI (411) boot: Disabling RNG early entropy source...[0m
[0;32mI (423) cpu_start: Multicore app[0m
[0;32mI (423) cpu_start: Pro cpu up.[0m
[0;32mI (423) cpu_start: Starting app cpu, entry point is 0x40081448[0m
[0;32mI (410) cpu_start: App cpu up.[0m
[0;32mI (441) cpu_start: Pro cpu start user code[0m
[0;32mI (441) cpu_start: cpu freq: 160000000 Hz[0m
[0;32mI (441) cpu_start: Application information:[0m
[0;32mI (446) cpu_start: Project name:     Potentio_ESP[0m
[0;32mI (452) cpu_start: App version:      8e1a9d13-dirty[0m
[0;32mI (457) cpu_start: Compile time:     May 18 2024 15:10:32[0m
[0;32mI (463) cpu_start: ELF file SHA256:  e5326bdabaef7fba...[0m
[0;32mI (469) cpu_start: ESP-IDF:          v5.1-dirty[0m
[0;32mI (474) cpu_start: Min chip rev:     v0.0[0m
[0;32mI (479) cpu_start: Max chip rev:     v3.99 [0m
[0;32mI (484) cpu_start: Chip rev:         v1.1[0m
[0;32mI (489) heap_init: Initializing. RAM available for dynamic allocation:[0m
[0;32mI (496) heap_init: At 3FFAFF10 len 000000F0 (0 KiB): DRAM[0m
[0;32mI (502) heap_init: At 3FFB6388 len 00001C78 (7 KiB): DRAM[0m
[0;32mI (508) heap_init: At 3FFB9A20 len 00004108 (16 KiB): DRAM[0m
[0;32mI (514) heap_init: At 3FFC6CF0 len 00019310 (100 KiB): DRAM[0m
[0;32mI (520) heap_init: At 3FFE0440 len 00003AE0 (14 KiB): D/IRAM[0m
[0;32mI (527) heap_init: At 3FFE4350 len 0001BCB0 (111 KiB): D/IRAM[0m
[0;32mI (533) heap_init: At 40098DE4 len 0000721C (28 KiB): IRAM[0m
[0;32mI (541) spi_flash: detected chip: gd[0m
[0;32mI (544) spi_flash: flash io: dio[0m
[0;33mW (547) spi_flash: Detected size(16384k) larger than the size in the binary image header(2048k). Using the size in the binary image header.[0m
[0;32mI (562) coexist: coex firmware version: ebddf30[0m
[0;32mI (567) app_start: Starting scheduler on CPU0[0m
[0;32[0;32mI (571) app_start: Starting scheduler on CPU1[0m
mI (571) main_task: Started on CPU0[0m
[0;32mI (581) main_task: Calling app_main()[0m
========================================================= 
.______     ______   .___________. _______ .__   __. .___________. __    ______        _______.___________.    ___   .___________.     
|   _  \  /  __   \ |            ||   ____||  \ |  | |           ||  |  /  __  \      /       |           |   /   \  |           |     
|  |_)  | |  |  |  | `---|  |----`|  |__   |   \|  | `---|  |----`|  | |  |  |  |    |   (----`---|  |----`  /  ^  \ `---|  |----`     
|   ___/  |  |  |  |     |  |     |   __|  |  . `  |     |  |     |  | |  |  |  |     \   \       |  |      /  /_\  \    |  |          
|  |      |  `--'  |     |  |     |  |____ |  |\   |     |  |     |  | |  `--'  | .----)   |      |  |     /  _____  \   |  |          
| _|       \______/      |__|     |_______||__| \__|     |__|     |__|  \______/  |_______/       |__|    /__/     \__\  |__|          
========================================================= 
[0;32mI (661) BTDM_INIT: BT controller compile version [ad2b7cd][0m
[0;32mI (671) phy_init: phy_version 4670,719f9f6,Feb 18 2021,17:07:07[0m
[0;33mW (681) phy_init: failed to load RF calibration data (0x1102), falling back to full calibration[0m

Brownout detector was triggered

ets Jun  8 2016 00:22:57

rst:0xc (SW_CPU_RESET),boot:0x13 (SPI_FAST_FLASH_BOOT)
configsip: 0, SPIWP:0xee
clk_drv:0x00,q_drv:0x00,d_drv:0x00,cs0_drv:0x00,hd_drv:0x00,wp_drv:0x00
mode:DIO, clock div:2
load:0x3fff0030,len:7084
ho 0 tail 12 room 4
load:0x40078000,len:15576
ho 0 tail 12 room 4
load:0x40080400,len:4
load:0x40080404,len:3876
entry 0x4008064c
[0;32mI (32) boot: ESP-IDF v5.1-dirty 2nd stage bootloader[0m
[0;32mI (32) boot: compile time May 18 2024 15:10:40[0m
[0;32mI (33) boot: Multicore bootloader[0m
[0;32mI (37) boot: chip revision: v1.1[0m
[0;32mI (41) boot.esp32: SPI Speed      : 40MHz[0m
[0;32mI (46) boot.esp32: SPI Mode       : DIO[0m
[0;32mI (50) boot.esp32: SPI Flash Size : 2MB[0m
[0;32mI (55) boot: Enabling RNG early entropy source...[0m
[0;32mI (60) boot: Partition Table:[0m
[0;32mI (64) boot: ## Label            Usage          Type ST Offset   Length[0m
[0;32mI (71) boot:  0 nvs              WiFi data        01 02 00009000 00006000[0m
[0;32mI (79) boot:  1 phy_init         RF data          01 01 0000f000 00001000[0m
[0;32mI (86) boot:  2 factory          factory app      00 00 00010000 00100000[0m
[0;32mI (94) boot: End of partition table[0m
[0;32mI (98) esp_image: segment 0: paddr=00010020 vaddr=3f400020 size=21914h (137492) map[0m
[0;32mI (156) esp_image: segment 1: paddr=0003193c vaddr=3ffbdb60 size=04570h ( 17776) load[0m
[0;32mI (163) esp_image: segment 2: paddr=00035eb4 vaddr=40080000 size=0a164h ( 41316) load[0m
[0;32mI (181) esp_image: segment 3: paddr=00040020 vaddr=400d0020 size=8236ch (533356) map[0m
[0;32mI (373) esp_image: segment 4: paddr=000c2394 vaddr=4008a164 size=0ec80h ( 60544) load[0m
[0;32mI (411) boot: Loaded app from partition at offset 0x10000[0m
[0;32mI (411) boot: Disabling RNG early entropy source...[0m
[0;32mI (423) cpu_start: Multicore app[0m
[0;32mI (423) cpu_start: Pro cpu up.[0m
[0;32mI (423) cpu_start: Starting app cpu, entry point is 0x40081448[0m
[0;32mI (410) cpu_start: App cpu up.[0m
[0;32mI (441) cpu_start: Pro cpu start user code[0m
[0;32mI (441) cpu_start: cpu freq: 160000000 Hz[0m
[0;32mI (441) cpu_start: Application information:[0m
[0;32mI (446) cpu_start: Project name:     Potentio_ESP[0m
[0;32mI (452) cpu_start: App version:      8e1a9d13-dirty[0m
[0;32mI (457) cpu_start: Compile time:     May 18 2024 15:10:32[0m
[0;32mI (463) cpu_start: ELF file SHA256:  e5326bdabaef7fba...[0m
[0;32mI (469) cpu_start: ESP-IDF:          v5.1-dirty[0m
[0;32mI (474) cpu_start: Min chip rev:     v0.0[0m
[0;32mI (479) cpu_start: Max chip rev:     v3.99 [0m
[0;32mI (484) cpu_start: Chip rev:         v1.1[0m
[0;32mI (489) heap_init: Initializing. RAM available for dynamic allocation:[0m
[0;32mI (496) heap_init: At 3FFAFF10 len 000000F0 (0 KiB): DRAM[0m
[0;32mI (502) heap_init: At 3FFB6388 len 00001C78 (7 KiB): DRAM[0m
[0;32mI (508) heap_init: At 3FFB9A20 len 00004108 (16 KiB): DRAM[0m
[0;32mI (514) heap_init: At 3FFC6CF0 len 00019310 (100 KiB): DRAM[0m
[0;32mI (520) heap_init: At 3FFE0440 len 00003AE0 (14 KiB): D/IRAM[0m
[0;32mI (527) heap_init: At 3FFE4350 len 0001BCB0 (111 KiB): D/IRAM[0m
[0;32mI (533) heap_init: At 40098DE4 len 0000721C (28 KiB): IRAM[0m
[0;32mI (541) spi_flash: detected chip: gd[0m
[0;32mI (544) spi_flash: flash io: dio[0m
[0;33mW (547) spi_flash: Detected size(16384k) larger than the size in the binary image header(2048k). Using the size in the binary image header.[0m
[0;32mI (562) coexist: coex firmware version: ebddf30[0m
[0;32mI (567) app_start: Starting scheduler on CPU0[0m
[0;32[0;32mI (571) app_start: Starting scheduler on CPU1[0m
mI (571) main_task: Started on CPU0[0m
[0;32mI (581) main_task: Calling app_main()[0m
========================================================= 
.______     ______   .___________. _______ .__   __. .___________. __    ______        _______.___________.    ___   .___________.     
|   _  \  /  __   \ |            ||   ____||  \ |  | |           ||  |  /  __  \      /       |           |   /   \  |           |     
|  |_)  | |  |  |  | `---|  |----`|  |__   |   \|  | `---|  |----`|  | |  |  |  |    |   (----`---|  |----`  /  ^  \ `---|  |----`     
|   ___/  |  |  |  |     |  |     |   __|  |  . `  |     |  |     |  | |  |  |  |     \   \       |  |      /  /_\  \    |  |          
|  |      |  `--'  |     |  |     |  |____ |  |\   |     |  |     |  | |  `--'  | .----)   |      |  |     /  _____  \   |  |          
| _|       \______/      |__|     |_______||__| \__|     |__|     |__|  \______/  |_______/       |__|    /__/     \__\  |__|          
========================================================= 
[0;32mI (661) BTDM_INIT: BT controller compile version [ad2b7cd][0m
[0;32mI (671) phy_init: phy_version 4670,719f9f6,Feb 18 2021,17:07:07[0m
[0;33mW (681) phy_init: failed to load RF calibration data (0x1102), falling back to full calibration[0m

Brownout detector was triggered

ets Jun  8 2016 00:22:57

rst:0xc (SW_CPU_RESET),boot:0x13 (SPI_FAST_FLASH_BOOT)
configsip: 0, SPIWP:0xee
clk_drv:0x00,q_drv:0x00,d_drv:0x00,cs0_drv:0x00,hd_drv:0x00,wp_drv:0x00
mode:DIO, clock div:2
load:0x3fff0030,len:7084
ho 0 tail 12 room 4
load:0x40078000,len:15576
ho 0 tail 12 room 4
load:0x40080400,len:4
load:0x40080404,len:3876
entry 0x4008064c
[0;32mI (32) boot: ESP-IDF v5.1-dirty 2nd stage bootloader[0m
[0;32mI (32) boot: compile time May 18 2024 15:10:40[0m
[0;32mI (33) boot: Multicore bootloader[0m
[0;32mI (37) boot: chip revision: v1.1[0m
[0;32mI (41) boot.esp32: SPI Speed      : 40MHz[0m
[0;32mI (46) boot.esp32: SPI Mode       : DIO[0m
[0;32mI (50) boot.esp32: SPI Flash Size : 2MB[0m
[0;32mI (55) boot: Enabling RNG early entropy source...[0m
[0;32mI (60) boot: Partition Table:[0m
[0;32mI (64) boot: ## Label            Usage          Type ST Offset   Length[0m
[0;32mI (71) boot:  0 nvs              WiFi data        01 02 00009000 00006000[0m
[0;32mI (79) boot:  1 phy_init         RF data          01 01 0000f000 00001000[0m
[0;32mI (86) boot:  2 factory          factory app      00 00 00010000 00100000[0m
[0;32mI (94) boot: End of partition table[0m
[0;32mI (98) esp_image: segment 0: paddr=00010020 vaddr=3f400020 size=21914h (137492) map[0m
[0;32mI (156) esp_image: segment 1: paddr=0003193c vaddr=3ffbdb60 size=04570h ( 17776) load[0m
[0;32mI (163) esp_image: segment 2: paddr=00035eb4 vaddr=40080000 size=0a164h ( 41316) load[0m
[0;32mI (181) esp_image: segment 3: paddr=00040020 vaddr=400d0020 size=8236ch (533356) map[0m
[0;32mI (373) esp_image: segment 4: paddr=000c2394 vaddr=4008a164 size=0ec80h ( 60544) load[0m
[0;32mI (411) boot: Loaded app from partition at offset 0x10000[0m
[0;32mI (411) boot: Disabling RNG early entropy source...[0m
[0;32mI (423) cpu_start: Multicore app[0m
[0;32mI (423) cpu_start: Pro cpu up.[0m
[0;32mI (423) cpu_start: Starting app cpu, entry point is 0x40081448[0m
[0;32mI (410) cpu_start: App cpu up.[0m
[0;32mI (441) cpu_start: Pro cpu start user code[0m
[0;32mI (441) cpu_start: cpu freq: 160000000 Hz[0m
[0;32mI (441) cpu_start: Application information:[0m
[0;32mI (446) cpu_start: Project name:     Potentio_ESP[0m
[0;32mI (452) cpu_start: App version:      8e1a9d13-dirty[0m
[0;32mI (457) cpu_start: Compile time:     May 18 2024 15:10:32[0m
[0;32mI (463) cpu_start: ELF file SHA256:  e5326bdabaef7fba...[0m
[0;32mI (469) cpu_start: ESP-IDF:          v5.1-dirty[0m
[0;32mI (474) cpu_start: Min chip rev:     v0.0[0m
[0;32mI (479) cpu_start: Max chip rev:     v3.99 [0m
[0;32mI (484) cpu_start: Chip rev:         v1.1[0m
[0;32mI (489) heap_init: Initializing. RAM available for dynamic allocation:[0m
[0;32mI (496) heap_init: At 3FFAFF10 len 000000F0 (0 KiB): DRAM[0m
[0;32mI (502) heap_init: At 3FFB6388 len 00001C78 (7 KiB): DRAM[0m
[0;32mI (508) heap_init: At 3FFB9A20 len 00004108 (16 KiB): DRAM[0m
[0;32mI (514) heap_init: At 3FFC6CF0 len 00019310 (100 KiB): DRAM[0m
[0;32mI (520) heap_init: At 3FFE0440 len 00003AE0 (14 KiB): D/IRAM[0m
[0;32mI (527) heap_init: At 3FFE4350 len 0001BCB0 (111 KiB): D/IRAM[0m
[0;32mI (533) heap_init: At 40098DE4 len 0000721C (28 KiB): IRAM[0m
[0;32mI (541) spi_flash: detected chip: gd[0m
[0;32mI (544) spi_flash: flash io: dio[0m
[0;33mW (547) spi_flash: Detected size(16384k) larger than the size in the binary image header(2048k). Using the size in the binary image header.[0m
[0;32mI (562) coexist: coex firmware version: ebddf30[0m
[0;32mI (567) app_start: Starting scheduler on CPU0[0m
[0;32[0;32mI (571) app_start: Starting scheduler on CPU1[0m
mI (571) main_task: Started on CPU0[0m
[0;32mI (581) main_task: Calling app_main()[0m
========================================================= 
.______     ______   .___________. _______ .__   __. .___________. __    ______        _______.___________.    ___   .___________.     
|   _  \  /  __   \ |            ||   ____||  \ |  | |           ||  |  /  __  \      /       |           |   /   \  |           |     
|  |_)  | |  |  |  | `---|  |----`|  |__   |   \|  | `---|  |----`|  | |  |  |  |    |   (----`---|  |----`  /  ^  \ `---|  |----`     
|   ___/  |  |  |  |     |  |     |   __|  |  . `  |     |  |     |  | |  |  |  |     \   \       |  |      /  /_\  \    |  |          
|  |      |  `--'  |     |  |     |  |____ |  |\   |     |  |     |  | |  `--'  | .----)   |      |  |     /  _____  \   |  |          
| _|       \______/      |__|     |_______||__| \__|     |__|     |__|  \______/  |_______/       |__|    /__/     \__\  |__|          
========================================================= 
[0;32mI (661) BTDM_INIT: BT controller compile version [ad2b7cd][0m
[0;32mI (671) phy_init: phy_version 4670,719f9f6,Feb 18 2021,17:07:07[0m
[0;33mW (681) phy_init: failed to load RF calibration data (0x1102), falling back to full calibration[0m

Brownout detector was triggered

ets Jun  8 2016 00:22:57

rst:0xc (SW_CPU_RESET),boot:0x13 (SPI_FAST_FLASH_BOOT)
configsip: 0, SPIWP:0xee
clk_drv:0x00,q_drv:0x00,d_drv:0x00,cs0_drv:0x00,hd_drv:0x00,wp_drv:0x00
mode:DIO, clock div:2
load:0x3fff0030,len:7084
ho 0 tail 12 room 4
load:0x40078000,len:15576
ho 0 tail 12 room 4
load:0x40080400,len:4
load:0x40080404,len:3876
entry 0x4008064c
[0;32mI (32) boot: ESP-IDF v5.1-dirty 2nd stage bootloader[0m
[0;32mI (32) boot: compile time May 18 2024 15:10:40[0m
[0;32mI (33) boot: Multicore bootloader[0m
[0;32mI (37) boot: chip revision: v1.1[0m
[0;32mI (41) boot.esp32: SPI Speed      : 40MHz[0m
[0;32mI (46) boot.esp32: SPI Mode       : DIO[0m
[0;32mI (50) boot.esp32: SPI Flash Size : 2MB[0m
[0;32mI (55) boot: Enabling RNG early entropy source...[0m
[0;32mI (60) boot: Partition Table:[0m
[0;32mI (64) boot: ## Label            Usage          Type ST Offset   Length[0m
[0;32mI (71) boot:  0 nvs              WiFi data        01 02 00009000 00006000[0m
[0;32mI (79) boot:  1 phy_init         RF data          01 01 0000f000 00001000[0m
[0;32mI (86) boot:  2 factory          factory app      00 00 00010000 00100000[0m
[0;32mI (94) boot: End of partition table[0m
[0;32mI (98) esp_image: segment 0: paddr=00010020 vaddr=3f400020 size=21914h (137492) map[0m
[0;32mI (156) esp_image: segment 1: paddr=0003193c vaddr=3ffbdb60 size=04570h ( 17776) load[0m
[0;32mI (163) esp_image: segment 2: paddr=00035eb4 vaddr=40080000 size=0a164h ( 41316) load[0m
[0;32mI (181) esp_image: segment 3: paddr=00040020 vaddr=400d0020 size=8236ch (533356) map[0m
[0;32mI (373) esp_image: segment 4: paddr=000c2394 vaddr=4008a164 size=0ec80h ( 60544) load[0m
[0;32mI (411) boot: Loaded app from partition at offset 0x10000[0m
[0;32mI (411) boot: Disabling RNG early entropy source...[0m
[0;32mI (423) cpu_start: Multicore app[0m
[0;32mI (423) cpu_start: Pro cpu up.[0m
[0;32mI (423) cpu_start: Starting app cpu, entry point is 0x40081448[0m
[0;32mI (410) cpu_start: App cpu up.[0m
[0;32mI (441) cpu_start: Pro cpu start user code[0m
[0;32mI (441) cpu_start: cpu freq: 160000000 Hz[0m
[0;32mI (441) cpu_start: Application information:[0m
[0;32mI (446) cpu_start: Project name:     Potentio_ESP[0m
[0;32mI (452) cpu_start: App version:      8e1a9d13-dirty[0m
[0;32mI (457) cpu_start: Compile time:     May 18 2024 15:10:32[0m
[0;32mI (463) cpu_start: ELF file SHA256:  e5326bdabaef7fba...[0m
[0;32mI (469) cpu_start: ESP-IDF:          v5.1-dirty[0m
[0;32mI (474) cpu_start: Min chip rev:     v0.0[0m
[0;32mI (479) cpu_start: Max chip rev:     v3.99 [0m
[0;32mI (484) cpu_start: Chip rev:         v1.1[0m
[0;32mI (489) heap_init: Initializing. RAM available for dynamic allocation:[0m
[0;32mI (496) heap_init: At 3FFAFF10 len 000000F0 (0 KiB): DRAM[0m
[0;32mI (502) heap_init: At 3FFB6388 len 00001C78 (7 KiB): DRAM[0m
[0;32mI (508) heap_init: At 3FFB9A20 len 00004108 (16 KiB): DRAM[0m
[0;32mI (514) heap_init: At 3FFC6CF0 len 00019310 (100 KiB): DRAM[0m
[0;32mI (520) heap_init: At 3FFE0440 len 00003AE0 (14 KiB): D/IRAM[0m
[0;32mI (527) heap_init: At 3FFE4350 len 0001BCB0 (111 KiB): D/IRAM[0m
[0;32mI (533) heap_init: At 40098DE4 len 0000721C (28 KiB): IRAM[0m
[0;32mI (541) spi_flash: detected chip: gd[0m
[0;32mI (544) spi_flash: flash io: dio[0m
[0;33mW (547) spi_flash: Detected size(16384k) larger than the size in the binary image header(2048k). Using the size in the binary image header.[0m
[0;32mI (562) coexist: coex firmware version: ebddf30[0m
[0;32mI (567) app_start: Starting scheduler on CPU0[0m
[0;32[0;32mI (571) app_start: Starting scheduler on CPU1[0m
mI (571) main_task: Started on CPU0[0m
[0;32mI (581) main_task: Calling app_main()[0m
========================================================= 
.______     ______   .___________. _______ .__   __. .___________. __    ______        _______.___________.    ___   .___________.     
|   _  \  /  __   \ |            ||   ____||  \ |  | |           ||  |  /  __  \      /       |           |   /   \  |           |     
|  |_)  | |  |  |  | `---|  |----`|  |__   |   \|  | `---|  |----`|  | |  |  |  |    |   (----`---|  |----`  /  ^  \ `---|  |----`     
|   ___/  |  |  |  |     |  |     |   __|  |  . `  |     |  |     |  | |  |  |  |     \   \       |  |      /  /_\  \    |  |          
|  |      |  `--'  |     |  |     |  |____ |  |\   |     |  |     |  | |  `--'  | .----)   |      |  |     /  _____  \   |  |          
| _|       \______/      |__|     |_______||__| \__|     |__|     |__|  \______/  |_______/       |__|    /__/     \__\  |__|          
========================================================= 
[0;32mI (661) BTDM_INIT: BT controller compile version [ad2b7cd][0m
[0;32mI (671) phy_init: phy_version 4670,719f9f6,Feb 18 2021,17:07:07[0m
[0;33mW (681) phy_init: failed to load RF calibration data (0x1102), falling back to full calibration[0m

Brownout detector was triggered

ets Jun  8 2016 00:22:57

rst:0xc (SW_CPU_RESET),boot:0x13 (SPI_FAST_FLASH_BOOT)
configsip: 0, SPIWP:0xee
clk_drv:0x00,q_drv:0x00,d_drv:0x00,cs0_drv:0x00,hd_drv:0x00,wp_drv:0x00
mode:DIO, clock div:2
load:0x3fff0030,len:7084
ho 0 tail 12 room 4
load:0x40078000,len:15576
ho 0 tail 12 room 4
load:0x40080400,len:4
load:0x40080404,len:3876
entry 0x4008064c
[0;32mI (32) boot: ESP-IDF v5.1-dirty 2nd stage bootloader[0m
[0;32mI (32) boot: compile time May 18 2024 15:10:40[0m
[0;32mI (33) boot: Multicore bootloader[0m
[0;32mI (37) boot: chip revision: v1.1[0m
[0;32mI (41) boot.esp32: SPI Speed      : 40MHz[0m
[0;32mI (46) boot.esp32: SPI Mode       : DIO[0m
[0;32mI (50) boot.esp32: SPI Flash Size : 2MB[0m
[0;32mI (55) boot: Enabling RNG early entropy source...[0m
[0;32mI (60) boot: Partition Table:[0m
[0;32mI (64) boot: ## Label            Usage          Type ST Offset   Length[0m
[0;32mI (71) boot:  0 nvs              WiFi data        01 02 00009000 00006000[0m
[0;32mI (79) boot:  1 phy_init         RF data          01 01 0000f000 00001000[0m
[0;32mI (86) boot:  2 factory          factory app      00 00 00010000 00100000[0m
[0;32mI (94) boot: End of partition table[0m
[0;32mI (98) esp_image: segment 0: paddr=00010020 vaddr=3f400020 size=21914h (137492) map[0m
[0;32mI (156) esp_image: segment 1: paddr=0003193c vaddr=3ffbdb60 size=04570h ( 17776) load[0m
[0;32mI (163) esp_image: segment 2: paddr=00035eb4 vaddr=40080000 size=0a164h ( 41316) load[0m
[0;32mI (181) esp_image: segment 3: paddr=00040020 vaddr=400d0020 size=8236ch (533356) map[0m
[0;32mI (373) esp_image: segment 4: paddr=000c2394 vaddr=4008a164 size=0ec80h ( 60544) load[0m
[0;32mI (411) boot: Loaded app from partition at offset 0x10000[0m
[0;32mI (411) boot: Disabling RNG early entropy source...[0m
[0;32mI (423) cpu_start: Multicore app[0m
[0;32mI (423) cpu_start: Pro cpu up.[0m
[0;32mI (423) cpu_start: Starting app cpu, entry point is 0x40081448[0m
[0;32mI (410) cpu_start: App cpu up.[0m
[0;32mI (441) cpu_start: Pro cpu start user code[0m
[0;32mI (441) cpu_start: cpu freq: 160000000 Hz[0m
[0;32mI (441) cpu_start: Application information:[0m
[0;32mI (446) cpu_start: Project name:     Potentio_ESP[0m
[0;32mI (452) cpu_start: App version:      8e1a9d13-dirty[0m
[0;32mI (457) cpu_start: Compile time:     May 18 2024 15:10:32[0m
[0;32mI (463) cpu_start: ELF file SHA256:  e5326bdabaef7fba...[0m
[0;32mI (469) cpu_start: ESP-IDF:          v5.1-dirty[0m
[0;32mI (474) cpu_start: Min chip rev:     v0.0[0m
[0;32mI (479) cpu_start: Max chip rev:     v3.99 [0m
[0;32mI (484) cpu_start: Chip rev:         v1.1[0m
[0;32mI (489) heap_init: Initializing. RAM available for dynamic allocation:[0m
[0;32mI (496) heap_init: At 3FFAFF10 len 000000F0 (0 KiB): DRAM[0m
[0;32mI (502) heap_init: At 3FFB6388 len 00001C78 (7 KiB): DRAM[0m
[0;32mI (508) heap_init: At 3FFB9A20 len 00004108 (16 KiB): DRAM[0m
[0;32mI (514) heap_init: At 3FFC6CF0 len 00019310 (100 KiB): DRAM[0m
[0;32mI (520) heap_init: At 3FFE0440 len 00003AE0 (14 KiB): D/IRAM[0m
[0;32mI (527) heap_init: At 3FFE4350 len 0001BCB0 (111 KiB): D/IRAM[0m
[0;32mI (533) heap_init: At 40098DE4 len 0000721C (28 KiB): IRAM[0m
[0;32mI (541) spi_flash: detected chip: gd[0m
[0;32mI (544) spi_flash: flash io: dio[0m
[0;33mW (547) spi_flash: Detected size(16384k) larger than the size in the binary image header(2048k). Using the size in the binary image header.[0m
[0;32mI (562) coexist: coex firmware version: ebddf30[0m
[0;32mI (567) app_start: Starting scheduler on CPU0[0m
[0;32[0;32mI (571) app_start: Starting scheduler on CPU1[0m
mI (571) main_task: Started on CPU0[0m
[0;32mI (581) main_task: Calling app_main()[0m
========================================================= 
.______     ______   .___________. _______ .__   __. .___________. __    ______        _______.___________.    ___   .___________.     
|   _  \  /  __   \ |            ||   ____||  \ |  | |           ||  |  /  __  \      /       |           |   /   \  |           |     
|  |_)  | |  |  |  | `---|  |----`|  |__   |   \|  | `---|  |----`|  | |  |  |  |    |   (----`---|  |----`  /  ^  \ `---|  |----`     
|   ___/  |  |  |  |     |  |     |   __|  |  . `  |     |  |     |  | |  |  |  |     \   \       |  |      /  /_\  \    |  |          
|  |      |  `--'  |     |  |     |  |____ |  |\   |     |  |     |  | |  `--'  | .----)   |      |  |     /  _____  \   |  |          
| _|       \______/      |__|     |_______||__| \__|     |__|     |__|  \______/  |_______/       |__|    /__/     \__\  |__|          
========================================================= 
[0;32mI (661) BTDM_INIT: BT controller compile version [ad2b7cd][0m
[0;32mI (671) phy_init: phy_version 4670,719f9f6,Feb 18 2021,17:07:07[0m
[0;33mW (681) phy_init: failed to load RF calibration data (0x1102), falling back to full calibration[0m

Brownout detector was triggered

ets Jun  8 2016 00:22:57

rst:0xc (SW_CPU_RESET),boot:0x13 (SPI_FAST_FLASH_BOOT)
configsip: 0, SPIWP:0xee
clk_drv:0x00,q_drv:0x00,d_drv:0x00,cs0_drv:0x00,hd_drv:0x00,wp_drv:0x00
mode:DIO, clock div:2
load:0x3fff0030,len:7084
ho 0 tail 12 room 4
load:0x40078000,len:15576
ho 0 tail 12 room 4
load:0x40080400,len:4
load:0x40080404,len:3876
entry 0x4008064c
[0;32mI (32) boot: ESP-IDF v5.1-dirty 2nd stage bootloader[0m
[0;32mI (32) boot: compile time May 18 2024 15:10:40[0m
[0;32mI (33) boot: Multicore bootloader[0m
[0;32mI (37) boot: chip revision: v1.1[0m
[0;32mI (41) boot.esp32: SPI Speed      : 40MHz[0m
[0;32mI (46) boot.esp32: SPI Mode       : DIO[0m
[0;32mI (50) boot.esp32: SPI Flash Size : 2MB[0m
[0;32mI (55) boot: Enabling RNG early entropy source...[0m
[0;32mI (60) boot: Partition Table:[0m
[0;32mI (64) boot: ## Label            Usage          Type ST Offset   Length[0m
[0;32mI (71) boot:  0 nvs              WiFi data        01 02 00009000 00006000[0m
[0;32mI (79) boot:  1 phy_init         RF data          01 01 0000f000 00001000[0m
[0;32mI (86) boot:  2 factory          factory app      00 00 00010000 00100000[0m
[0;32mI (94) boot: End of partition table[0m
[0;32mI (98) esp_image: segment 0: paddr=00010020 vaddr=3f400020 size=21914h (137492) map[0m
[0;32mI (156) esp_image: segment 1: paddr=0003193c vaddr=3ffbdb60 size=04570h ( 17776) load[0m
[0;32mI (163) esp_image: segment 2: paddr=00035eb4 vaddr=40080000 size=0a164h ( 41316) load[0m
[0;32mI (181) esp_image: segment 3: paddr=00040020 vaddr=400d0020 size=8236ch (533356) map[0m
[0;32mI (373) esp_image: segment 4: paddr=000c2394 vaddr=4008a164 size=0ec80h ( 60544) load[0m
[0;32mI (411) boot: Loaded app from partition at offset 0x10000[0m
[0;32mI (411) boot: Disabling RNG early entropy source...[0m
[0;32mI (423) cpu_start: Multicore app[0m
[0;32mI (423) cpu_start: Pro cpu up.[0m
[0;32mI (423) cpu_start: Starting app cpu, entry point is 0x40081448[0m
[0;32mI (410) cpu_start: App cpu up.[0m
[0;32mI (441) cpu_start: Pro cpu start user code[0m
[0;32mI (441) cpu_start: cpu freq: 160000000 Hz[0m
[0;32mI (441) cpu_start: Application information:[0m
[0;32mI (446) cpu_start: Project name:     Potentio_ESP[0m
[0;32mI (452) cpu_start: App version:      8e1a9d13-dirty[0m
[0;32mI (457) cpu_start: Compile time:     May 18 2024 15:10:32[0m
[0;32mI (463) cpu_start: ELF file SHA256:  e5326bdabaef7fba...[0m
[0;32mI (469) cpu_start: ESP-IDF:          v5.1-dirty[0m
[0;32mI (474) cpu_start: Min chip rev:     v0.0[0m
[0;32mI (479) cpu_start: Max chip rev:     v3.99 [0m
[0;32mI (484) cpu_start: Chip rev:         v1.1[0m
[0;32mI (489) heap_init: Initializing. RAM available for dynamic allocation:[0m
[0;32mI (496) heap_init: At 3FFAFF10 len 000000F0 (0 KiB): DRAM[0m
[0;32mI (502) heap_init: At 3FFB6388 len 00001C78 (7 KiB): DRAM[0m
[0;32mI (508) heap_init: At 3FFB9A20 len 00004108 (16 KiB): DRAM[0m
[0;32mI (514) heap_init: At 3FFC6CF0 len 00019310 (100 KiB): DRAM[0m
[0;32mI (520) heap_init: At 3FFE0440 len 00003AE0 (14 KiB): D/IRAM[0m
[0;32mI (527) heap_init: At 3FFE4350 len 0001BCB0 (111 KiB): D/IRAM[0m
[0;32mI (533) heap_init: At 40098DE4 len 0000721C (28 KiB): IRAM[0m
[0;32mI (541) spi_flash: detected chip: gd[0m
[0;32mI (544) spi_flash: flash io: dio[0m
[0;33mW (547) spi_flash: Detected size(16384k) larger than the size in the binary image header(2048k). Using the size in the binary image header.[0m
[0;32mI (562) coexist: coex firmware version: ebddf30[0m
[0;32mI (567) app_start: Starting scheduler on CPU0[0m
[0;32[0;32mI (571) app_start: Starting scheduler on CPU1[0m
mI (571) main_task: Started on CPU0[0m
[0;32mI (581) main_task: Calling app_main()[0m
========================================================= 
.______     ______   .___________. _______ .__   __. .___________. __    ______        _______.___________.    ___   .___________.     
|   _  \  /  __   \ |            ||   ____||  \ |  | |           ||  |  /  __  \      /       |           |   /   \  |           |     
|  |_)  | |  |  |  | `---|  |----`|  |__   |   \|  | `---|  |----`|  | |  |  |  |    |   (----`---|  |----`  /  ^  \ `---|  |----`     
|   ___/  |  |  |  |     |  |     |   __|  |  . `  |     |  |     |  | |  |  |  |     \   \       |  |      /  /_\  \    |  |          
|  |      |  `--'  |     |  |     |  |____ |  |\   |     |  |     |  | |  `--'  | .----)   |      |  |     /  _____  \   |  |          
| _|       \______/      |__|     |_______||__| \__|     |__|     |__|  \______/  |_______/       |__|    /__/     \__\  |__|          
========================================================= 
[0;32mI (661) BTDM_INIT: BT controller compile version [ad2b7cd][0m
[0;32mI (671) phy_init: phy_version 4670,719f9f6,Feb 18 2021,17:07:07[0m
[0;33mW (681) phy_init: failed to load RF calibration data (0x1102), falling back to full calibration[0m

Brownout detector was triggered

ets Jun  8 2016 00:22:57

rst:0xc (SW_CPU_RESET),boot:0x13 (SPI_FAST_FLASH_BOOT)
configsip: 0, SPIWP:0xee
clk_drv:0x00,q_drv:0x00,d_drv:0x00,cs0_drv:0x00,hd_drv:0x00,wp_drv:0x00
mode:DIO, clock div:2
load:0x3fff0030,len:7084
ho 0 tail 12 room 4
load:0x40078000,len:15576
ho 0 tail 12 room 4
load:0x40080400,len:4
load:0x40080404,len:3876
entry 0x4008064c
[0;32mI (32) boot: ESP-IDF v5.1-dirty 2nd stage bootloader[0m
[0;32mI (32) boot: compile time May 18 2024 15:10:40[0m
[0;32mI (33) boot: Multicore bootloader[0m
[0;32mI (37) boot: chip revision: v1.1[0m
[0;32mI (41) boot.esp32: SPI Speed      : 40MHz[0m
[0;32mI (46) boot.esp32: SPI Mode       : DIO[0m
[0;32mI (50) boot.esp32: SPI Flash Size : 2MB[0m
[0;32mI (55) boot: Enabling RNG early entropy source...[0m
[0;32mI (60) boot: Partition Table:[0m
[0;32mI (64) boot: ## Label            Usage          Type ST Offset   Length[0m
[0;32mI (71) boot:  0 nvs              WiFi data        01 02 00009000 00006000[0m
[0;32mI (79) boot:  1 phy_init         RF data          01 01 0000f000 00001000[0m
[0;32mI (86) boot:  2 factory          factory app      00 00 00010000 00100000[0m
[0;32mI (94) boot: End of partition table[0m
[0;32mI (98) esp_image: segment 0: paddr=00010020 vaddr=3f400020 size=21914h (137492) map[0m
[0;32mI (156) esp_image: segment 1: paddr=0003193c vaddr=3ffbdb60 size=04570h ( 17776) load[0m
[0;32mI (163) esp_image: segment 2: paddr=00035eb4 vaddr=40080000 size=0a164h ( 41316) load[0m
[0;32mI (181) esp_image: segment 3: paddr=00040020 vaddr=400d0020 size=8236ch (533356) map[0m
[0;32mI (373) esp_image: segment 4: paddr=000c2394 vaddr=4008a164 size=0ec80h ( 60544) load[0m
[0;32mI (411) boot: Loaded app from partition at offset 0x10000[0m
[0;32mI (411) boot: Disabling RNG early entropy source...[0m
[0;32mI (423) cpu_start: Multicore app[0m
[0;32mI (423) cpu_start: Pro cpu up.[0m
[0;32mI (423) cpu_start: Starting app cpu, entry point is 0x40081448[0m
[0;32mI (410) cpu_start: App cpu up.[0m
[0;32mI (441) cpu_start: Pro cpu start user code[0m
[0;32mI (441) cpu_start: cpu freq: 160000000 Hz[0m
[0;32mI (441) cpu_start: Application information:[0m
[0;32mI (446) cpu_start: Project name:     Potentio_ESP[0m
[0;32mI (452) cpu_start: App version:      8e1a9d13-dirty[0m
[0;32mI (457) cpu_start: Compile time:     May 18 2024 15:10:32[0m
[0;32mI (463) cpu_start: ELF file SHA256:  e5326bdabaef7fba...[0m
[0;32mI (469) cpu_start: ESP-IDF:          v5.1-dirty[0m
[0;32mI (474) cpu_start: Min chip rev:     v0.0[0m
[0;32mI (479) cpu_start: Max chip rev:     v3.99 [0m
[0;32mI (484) cpu_start: Chip rev:         v1.1[0m
[0;32mI (489) heap_init: Initializing. RAM available for dynamic allocation:[0m
[0;32mI (496) heap_init: At 3FFAFF10 len 000000F0 (0 KiB): DRAM[0m
[0;32mI (502) heap_init: At 3FFB6388 len 00001C78 (7 KiB): DRAM[0m
[0;32mI (508) heap_init: At 3FFB9A20 len 00004108 (16 KiB): DRAM[0m
[0;32mI (514) heap_init: At 3FFC6CF0 len 00019310 (100 KiB): DRAM[0m
[0;32mI (520) heap_init: At 3FFE0440 len 00003AE0 (14 KiB): D/IRAM[0m
[0;32mI (527) heap_init: At 3FFE4350 len 0001BCB0 (111 KiB): D/IRAM[0m
[0;32mI (533) heap_init: At 40098DE4 len 0000721C (28 KiB): IRAM[0m
[0;32mI (541) spi_flash: detected chip: gd[0m
[0;32mI (544) spi_flash: flash io: dio[0m
[0;33mW (547) spi_flash: Detected size(16384k) larger than the size in the binary image header(2048k). Using the size in the binary image header.[0m
[0;32mI (562) coexist: coex firmware version: ebddf30[0m
[0;32mI (567) app_start: Starting scheduler on CPU0[0m
[0;32[0;32mI (571) app_start: Starting scheduler on CPU1[0m
mI (571) main_task: Started on CPU0[0m
[0;32mI (581) main_task: Calling app_main()[0m
========================================================= 
.______     ______   .___________. _______ .__   __. .___________. __    ______        _______.___________.    ___   .___________.     
|   _  \  /  __   \ |            ||   ____||  \ |  | |           ||  |  /  __  \      /       |           |   /   \  |           |     
|  |_)  | |  |  |  | `---|  |----`|  |__   |   \|  | `---|  |----`|  | |  |  |  |    |   (----`---|  |----`  /  ^  \ `---|  |----`     
|   ___/  |  |  |  |     |  |     |   __|  |  . `  |     |  |     |  | |  |  |  |     \   \       |  |      /  /_\  \    |  |          
|  |      |  `--'  |     |  |     |  |____ |  |\   |     |  |     |  | |  `--'  | .----)   |      |  |     /  _____  \   |  |          
| _|       \______/      |__|     |_______||__| \__|     |__|     |__|  \______/  |_______/       |__|    /__/     \__\  |__|          
========================================================= 
[0;32mI (661) BTDM_INIT: BT controller compile version [ad2b7cd][0m
[0;32mI (671) phy_init: phy_version 4670,719f9f6,Feb 18 2021,17:07:07[0m
[0;33mW (681) phy_init: failed to load RF calibration data (0x1102), falling back to full calibration[0m

Brownout detector was triggered

ets Jun  8 2016 00:22:57

rst:0xc (SW_CPU_RESET),boot:0x13 (SPI_FAST_FLASH_BOOT)
configsip: 0, SPIWP:0xee
clk_drv:0x00,q_drv:0x00,d_drv:0x00,cs0_drv:0x00,hd_drv:0x00,wp_drv:0x00
mode:DIO, clock div:2
load:0x3fff0030,len:7084
ho 0 tail 12 room 4
load:0x40078000,len:15576
ho 0 tail 12 room 4
load:0x40080400,len:4
load:0x40080404,len:3876
entry 0x4008064c
[0;32mI (32) boot: ESP-IDF v5.1-dirty 2nd stage bootloader[0m
[0;32mI (32) boot: compile time May 18 2024 15:10:40[0m
[0;32mI (33) boot: Multicore bootloader[0m
[0;32mI (37) boot: chip revision: v1.1[0m
[0;32mI (41) boot.esp32: SPI Speed      : 40MHz[0m
[0;32mI (46) boot.esp32: SPI Mode       : DIO[0m
[0;32mI (50) boot.esp32: SPI Flash Size : 2MB[0m
[0;32mI (55) boot: Enabling RNG early entropy source...[0m
[0;32mI (60) boot: Partition Table:[0m
[0;32mI (64) boot: ## Label            Usage          Type ST Offset   Length[0m
[0;32mI (71) boot:  0 nvs              WiFi data        01 02 00009000 00006000[0m
[0;32mI (79) boot:  1 phy_init         RF data          01 01 0000f000 00001000[0m
[0;32mI (86) boot:  2 factory          factory app      00 00 00010000 00100000[0m
[0;32mI (94) boot: End of partition table[0m
[0;32mI (98) esp_image: segment 0: paddr=00010020 vaddr=3f400020 size=21914h (137492) map[0m
[0;32mI (156) esp_image: segment 1: paddr=0003193c vaddr=3ffbdb60 size=04570h ( 17776) load[0m
[0;32mI (163) esp_image: segment 2: paddr=00035eb4 vaddr=40080000 size=0a164h ( 41316) load[0m
[0;32mI (181) esp_image: segment 3: paddr=00040020 vaddr=400d0020 size=8236ch (533356) map[0m
[0;32mI (373) esp_image: segment 4: paddr=000c2394 vaddr=4008a164 size=0ec80h ( 60544) load[0m
[0;32mI (411) boot: Loaded app from partition at offset 0x10000[0m
[0;32mI (411) boot: Disabling RNG early entropy source...[0m
[0;32mI (423) cpu_start: Multicore app[0m
[0;32mI (423) cpu_start: Pro cpu up.[0m
[0;32mI (423) cpu_start: Starting app cpu, entry point is 0x40081448[0m
[0;32mI (410) cpu_start: App cpu up.[0m
[0;32mI (441) cpu_start: Pro cpu start user code[0m
[0;32mI (441) cpu_start: cpu freq: 160000000 Hz[0m
[0;32mI (441) cpu_start: Application information:[0m
[0;32mI (446) cpu_start: Project name:     Potentio_ESP[0m
[0;32mI (452) cpu_start: App version:      8e1a9d13-dirty[0m
[0;32mI (457) cpu_start: Compile time:     May 18 2024 15:10:32[0m
[0;32mI (463) cpu_start: ELF file SHA256:  e5326bdabaef7fba...[0m
[0;32mI (469) cpu_start: ESP-IDF:          v5.1-dirty[0m
[0;32mI (474) cpu_start: Min chip rev:     v0.0[0m
[0;32mI (479) cpu_start: Max chip rev:     v3.99 [0m
[0;32mI (484) cpu_start: Chip rev:         v1.1[0m
[0;32mI (489) heap_init: Initializing. RAM available for dynamic allocation:[0m
[0;32mI (496) heap_init: At 3FFAFF10 len 000000F0 (0 KiB): DRAM[0m
[0;32mI (502) heap_init: At 3FFB6388 len 00001C78 (7 KiB): DRAM[0m
[0;32mI (508) heap_init: At 3FFB9A20 len 00004108 (16 KiB): DRAM[0m
[0;32mI (514) heap_init: At 3FFC6CF0 len 00019310 (100 KiB): DRAM[0m
[0;32mI (520) heap_init: At 3FFE0440 len 00003AE0 (14 KiB): D/IRAM[0m
[0;32mI (527) heap_init: At 3FFE4350 len 0001BCB0 (111 KiB): D/IRAM[0m
[0;32mI (533) heap_init: At 40098DE4 len 0000721C (28 KiB): IRAM[0m
[0;32mI (541) spi_flash: detected chip: gd[0m
[0;32mI (544) spi_flash: flash io: dio[0m
[0;33mW (547) spi_flash: Detected size(16384k) larger than the size in the binary image header(2048k). Using the size in the binary image header.[0m
[0;32mI (562) coexist: coex firmware version: ebddf30[0m
[0;32mI (567) app_start: Starting scheduler on CPU0[0m
[0;32[0;32mI (571) app_start: Starting scheduler on CPU1[0m
mI (571) main_task: Started on CPU0[0m
[0;32mI (581) main_task: Calling app_main()[0m
========================================================= 
.______     ______   .___________. _______ .__   __. .___________. __    ______        _______.___________.    ___   .___________.     
|   _  \  /  __   \ |            ||   ____||  \ |  | |           ||  |  /  __  \      /       |           |   /   \  |           |     
|  |_)  | |  |  |  | `---|  |----`|  |__   |   \|  | `---|  |----`|  | |  |  |  |    |   (----`---|  |----`  /  ^  \ `---|  |----`     
|   ___/  |  |  |  |     |  |     |   __|  |  . `  |     |  |     |  | |  |  |  |     \   \       |  |      /  /_\  \    |  |          
|  |      |  `--'  |     |  |     |  |____ |  |\   |     |  |     |  | |  `--'  | .----)   |      |  |     /  _____  \   |  |          
| _|       \______/      |__|     |_______||__| \__|     |__|     |__|  \______/  |_______/       |__|    /__/     \__\  |__|          
========================================================= 
[0;32mI (661) BTDM_INIT: BT controller compile version [ad2b7cd][0m
[0;32mI (671) phy_init: phy_version 4670,719f9f6,Feb 18 2021,17:07:07[0m
[0;33mW (681) phy_init: failed to load RF calibration data (0x1102), falling back to full calibration[0m

Brownout detector was triggered

ets Jun  8 2016 00:22:57

rst:0xc (SW_CPU_RESET),boot:0x13 (SPI_FAST_FLASH_BOOT)
configsip: 0, SPIWP:0xee
clk_drv:0x00,q_drv:0x00,d_drv:0x00,cs0_drv:0x00,hd_drv:0x00,wp_drv:0x00
mode:DIO, clock div:2
load:0x3fff0030,len:7084
ho 0 tail 12 room 4
load:0x40078000,len:15576
ho 0 tail 12 room 4
load:0x40080400,len:4
load:0x40080404,len:3876
entry 0x4008064c
[0;32mI (32) boot: ESP-IDF v5.1-dirty 2nd stage bootloader[0m
[0;32mI (32) boot: compile time May 18 2024 15:10:40[0m
[0;32mI (33) boot: Multicore bootloader[0m
[0;32mI (37) boot: chip revision: v1.1[0m
[0;32mI (41) boot.esp32: SPI Speed      : 40MHz[0m
[0;32mI (46) boot.esp32: SPI Mode       : DIO[0m
[0;32mI (50) boot.esp32: SPI Flash Size : 2MB[0m
[0;32mI (55) boot: Enabling RNG early entropy source...[0m
[0;32mI (60) boot: Partition Table:[0m
[0;32mI (64) boot: ## Label            Usage          Type ST Offset   Length[0m
[0;32mI (71) boot:  0 nvs              WiFi data        01 02 00009000 00006000[0m
[0;32mI (79) boot:  1 phy_init         RF data          01 01 0000f000 00001000[0m
[0;32mI (86) boot:  2 factory          factory app      00 00 00010000 00100000[0m
[0;32mI (94) boot: End of partition table[0m
[0;32mI (98) esp_image: segment 0: paddr=00010020 vaddr=3f400020 size=21914h (137492) map[0m
[0;32mI (156) esp_image: segment 1: paddr=0003193c vaddr=3ffbdb60 size=04570h ( 17776) load[0m
[0;32mI (163) esp_image: segment 2: paddr=00035eb4 vaddr=40080000 size=0a164h ( 41316) load[0m
[0;32mI (181) esp_image: segment 3: paddr=00040020 vaddr=400d0020 size=8236ch (533356) map[0m
[0;32mI (373) esp_image: segment 4: paddr=000c2394 vaddr=4008a164 size=0ec80h ( 60544) load[0m
[0;32mI (411) boot: Loaded app from partition at offset 0x10000[0m
[0;32mI (411) boot: Disabling RNG early entropy source...[0m
[0;32mI (423) cpu_start: Multicore app[0m
[0;32mI (423) cpu_start: Pro cpu up.[0m
[0;32mI (423) cpu_start: Starting app cpu, entry point is 0x40081448[0m
[0;32mI (410) cpu_start: App cpu up.[0m
[0;32mI (441) cpu_start: Pro cpu start user code[0m
[0;32mI (441) cpu_start: cpu freq: 160000000 Hz[0m
[0;32mI (441) cpu_start: Application information:[0m
[0;32mI (446) cpu_start: Project name:     Potentio_ESP[0m
[0;32mI (452) cpu_start: App version:      8e1a9d13-dirty[0m
[0;32mI (457) cpu_start: Compile time:     May 18 2024 15:10:32[0m
[0;32mI (463) cpu_start: ELF file SHA256:  e5326bdabaef7fba...[0m
[0;32mI (469) cpu_start: ESP-IDF:          v5.1-dirty[0m
[0;32mI (474) cpu_start: Min chip rev:     v0.0[0m
[0;32mI (479) cpu_start: Max chip rev:     v3.99 [0m
[0;32mI (484) cpu_start: Chip rev:         v1.1[0m
[0;32mI (489) heap_init: Initializing. RAM available for dynamic allocation:[0m
[0;32mI (496) heap_init: At 3FFAFF10 len 000000F0 (0 KiB): DRAM[0m
[0;32mI (502) heap_init: At 3FFB6388 len 00001C78 (7 KiB): DRAM[0m
[0;32mI (508) heap_init: At 3FFB9A20 len 00004108 (16 KiB): DRAM[0m
[0;32mI (514) heap_init: At 3FFC6CF0 len 00019310 (100 KiB): DRAM[0m
[0;32mI (520) heap_init: At 3FFE0440 len 00003AE0 (14 KiB): D/IRAM[0m
[0;32mI (527) heap_init: At 3FFE4350 len 0001BCB0 (111 KiB): D/IRAM[0m
[0;32mI (533) heap_init: At 40098DE4 len 0000721C (28 KiB): IRAM[0m
[0;32mI (541) spi_flash: detected chip: gd[0m
[0;32mI (544) spi_flash: flash io: dio[0m
[0;33mW (547) spi_flash: Detected size(16384k) larger than the size in the binary image header(2048k). Using the size in the binary image header.[0m
[0;32mI (562) coexist: coex firmware version: ebddf30[0m
[0;32mI (567) app_start: Starting scheduler on CPU0[0m
[0;32[0;32mI (571) app_start: Starting scheduler on CPU1[0m
mI (571) main_task: Started on CPU0[0m
[0;32mI (581) main_task: Calling app_main()[0m
========================================================= 
.______     ______   .___________. _______ .__   __. .___________. __    ______        _______.___________.    ___   .___________.     
|   _  \  /  __   \ |            ||   ____||  \ |  | |           ||  |  /  __  \      /       |           |   /   \  |           |     
|  |_)  | |  |  |  | `---|  |----`|  |__   |   \|  | `---|  |----`|  | |  |  |  |    |   (----`---|  |----`  /  ^  \ `---|  |----`     
|   ___/  |  |  |  |     |  |     |   __|  |  . `  |     |  |     |  | |  |  |  |     \   \       |  |      /  /_\  \    |  |          
|  |      |  `--'  |     |  |     |  |____ |  |\   |     |  |     |  | |  `--'  | .----)   |      |  |     /  _____  \   |  |          
| _|       \______/      |__|     |_______||__| \__|     |__|     |__|  \______/  |_______/       |__|    /__/     \__\  |__|          
========================================================= 
[0;32mI (661) BTDM_INIT: BT controller compile version [ad2b7cd][0m
[0;32mI (671) phy_init: phy_version 4670,719f9f6,Feb 18 2021,17:07:07[0m
[0;33mW (681) phy_init: failed to load RF calibration data (0x1102), falling back to full calibration[0m

Brownout detector was triggered

ets Jun  8 2016 00:22:57

rst:0xc (SW_CPU_RESET),boot:0x13 (SPI_FAST_FLASH_BOOT)
configsip: 0, SPIWP:0xee
clk_drv:0x00,q_drv:0x00,d_drv:0x00,cs0_drv:0x00,hd_drv:0x00,wp_drv:0x00
mode:DIO, clock div:2
load:0x3fff0030,len:7084
ho 0 tail 12 room 4
load:0x40078000,len:15576
ho 0 tail 12 room 4
load:0x40080400,len:4
load:0x40080404,len:3876
entry 0x4008064c
[0;32mI (32) boot: ESP-IDF v5.1-dirty 2nd stage bootloader[0m
[0;32mI (32) boot: compile time May 18 2024 15:10:40[0m
[0;32mI (33) boot: Multicore bootloader[0m
[0;32mI (37) boot: chip revision: v1.1[0m
[0;32mI (41) boot.esp32: SPI Speed      : 40MHz[0m
[0;32mI (46) boot.esp32: SPI Mode       : DIO[0m
[0;32mI (50) boot.esp32: SPI Flash Size : 2MB[0m
[0;32mI (55) boot: Enabling RNG early entropy source...[0m
[0;32mI (60) boot: Partition Table:[0m
[0;32mI (64) boot: ## Label            Usage          Type ST Offset   Length[0m
[0;32mI (71) boot:  0 nvs              WiFi data        01 02 00009000 00006000[0m
[0;32mI (79) boot:  1 phy_init         RF data          01 01 0000f000 00001000[0m
[0;32mI (86) boot:  2 factory          factory app      00 00 00010000 00100000[0m
[0;32mI (94) boot: End of partition table[0m
[0;32mI (98) esp_image: segment 0: paddr=00010020 vaddr=3f400020 size=21914h (137492) map[0m
[0;32mI (156) esp_image: segment 1: paddr=0003193c vaddr=3ffbdb60 size=04570h ( 17776) load[0m
[0;32mI (163) esp_image: segment 2: paddr=00035eb4 vaddr=40080000 size=0a164h ( 41316) load[0m
[0;32mI (181) esp_image: segment 3: paddr=00040020 vaddr=400d0020 size=8236ch (533356) map[0m
[0;32mI (373) esp_image: segment 4: paddr=000c2394 vaddr=4008a164 size=0ec80h ( 60544) load[0m
[0;32mI (411) boot: Loaded app from partition at offset 0x10000[0m
[0;32mI (411) boot: Disabling RNG early entropy source...[0m
[0;32mI (423) cpu_start: Multicore app[0m
[0;32mI (423) cpu_start: Pro cpu up.[0m
[0;32mI (423) cpu_start: Starting app cpu, entry point is 0x40081448[0m
[0;32mI (410) cpu_start: App cpu up.[0m
[0;32mI (441) cpu_start: Pro cpu start user code[0m
[0;32mI (441) cpu_start: cpu freq: 160000000 Hz[0m
[0;32mI (441) cpu_start: Application information:[0m
[0;32mI (446) cpu_start: Project name:     Potentio_ESP[0m
[0;32mI (452) cpu_start: App version:      8e1a9d13-dirty[0m
[0;32mI (457) cpu_start: Compile time:     May 18 2024 15:10:32[0m
[0;32mI (463) cpu_start: ELF file SHA256:  e5326bdabaef7fba...[0m
[0;32mI (469) cpu_start: ESP-IDF:          v5.1-dirty[0m
[0;32mI (474) cpu_start: Min chip rev:     v0.0[0m
[0;32mI (479) cpu_start: Max chip rev:     v3.99 [0m
[0;32mI (484) cpu_start: Chip rev:         v1.1[0m
[0;32mI (489) heap_init: Initializing. RAM available for dynamic allocation:[0m
[0;32mI (496) heap_init: At 3FFAFF10 len 000000F0 (0 KiB): DRAM[0m
[0;32mI (502) heap_init: At 3FFB6388 len 00001C78 (7 KiB): DRAM[0m
[0;32mI (508) heap_init: At 3FFB9A20 len 00004108 (16 KiB): DRAM[0m
[0;32mI (514) heap_init: At 3FFC6CF0 len 00019310 (100 KiB): DRAM[0m
[0;32mI (520) heap_init: At 3FFE0440 len 00003AE0 (14 KiB): D/IRAM[0m
[0;32mI (527) heap_init: At 3FFE4350 len 0001BCB0 (111 KiB): D/IRAM[0m
[0;32mI (533) heap_init: At 40098DE4 len 0000721C (28 KiB): IRAM[0m
[0;32mI (541) spi_flash: detected chip: gd[0m
[0;32mI (544) spi_flash: flash io: dio[0m
[0;33mW (547) spi_flash: Detected size(16384k) larger than the size in the binary image header(2048k). Using the size in the binary image header.[0m
[0;32mI (562) coexist: coex firmware version: ebddf30[0m
[0;32mI (567) app_start: Starting scheduler on CPU0[0m
[0;32[0;32mI (571) app_start: Starting scheduler on CPU1[0m
mI (571) main_task: Started on CPU0[0m
[0;32mI (581) main_task: Calling app_main()[0m
========================================================= 
.______     ______   .___________. _______ .__   __. .___________. __    ______        _______.___________.    ___   .___________.     
|   _  \  /  __   \ |            ||   ____||  \ |  | |           ||  |  /  __  \      /       |           |   /   \  |           |     
|  |_)  | |  |  |  | `---|  |----`|  |__   |   \|  | `---|  |----`|  | |  |  |  |    |   (----`---|  |----`  /  ^  \ `---|  |----`     
|   ___/  |  |  |  |     |  |     |   __|  |  . `  |     |  |     |  | |  |  |  |     \   \       |  |      /  /_\  \    |  |          
|  |      |  `--'  |     |  |     |  |____ |  |\   |     |  |     |  | |  `--'  | .----)   |      |  |     /  _____  \   |  |          
| _|       \______/      |__|     |_______||__| \__|     |__|     |__|  \______/  |_______/       |__|    /__/     \__\  |__|          
========================================================= 
[0;32mI (661) BTDM_INIT: BT controller compile version [ad2b7cd][0m
[0;32mI (671) phy_init: phy_version 4670,719f9f6,Feb 18 2021,17:07:07[0m
[0;33mW (681) phy_init: failed to load RF calibration data (0x1102), falling back to full calibration[0m

Brownout detector was triggered

ets Jun  8 2016 00:22:57

rst:0xc (SW_CPU_RESET),boot:0x13 (SPI_FAST_FLASH_BOOT)
configsip: 0, SPIWP:0xee
clk_drv:0x00,q_drv:0x00,d_drv:0x00,cs0_drv:0x00,hd_drv:0x00,wp_drv:0x00
mode:DIO, clock div:2
load:0x3fff0030,len:7084
ho 0 tail 12 room 4
load:0x40078000,len:15576
ho 0 tail 12 room 4
load:0x40080400,len:4
load:0x40080404,len:3876
entry 0x4008064c
[0;32mI (32) boot: ESP-IDF v5.1-dirty 2nd stage bootloader[0m
[0;32mI (32) boot: compile time May 18 2024 15:10:40[0m
[0;32mI (33) boot: Multicore bootloader[0m
[0;32mI (37) boot: chip revision: v1.1[0m
[0;32mI (41) boot.esp32: SPI Speed      : 40MHz[0m
[0;32mI (46) boot.esp32: SPI Mode       : DIO[0m
[0;32mI (50) boot.esp32: SPI Flash Size : 2MB[0m
[0;32mI (55) boot: Enabling RNG early entropy source...[0m
[0;32mI (60) boot: Partition Table:[0m
[0;32mI (64) boot: ## Label            Usage          Type ST Offset   Length[0m
[0;32mI (71) boot:  0 nvs              WiFi data        01 02 00009000 00006000[0m
[0;32mI (79) boot:  1 phy_init         RF data          01 01 0000f000 00001000[0m
[0;32mI (86) boot:  2 factory          factory app      00 00 00010000 00100000[0m
[0;32mI (94) boot: End of partition table[0m
[0;32mI (98) esp_image: segment 0: paddr=00010020 vaddr=3f400020 size=21914h (137492) map[0m
[0;32mI (156) esp_image: segment 1: paddr=0003193c vaddr=3ffbdb60 size=04570h ( 17776) load[0m
[0;32mI (163) esp_image: segment 2: paddr=00035eb4 vaddr=40080000 size=0a164h ( 41316) load[0m
[0;32mI (181) esp_image: segment 3: paddr=00040020 vaddr=400d0020 size=8236ch (533356) map[0m
[0;32mI (373) esp_image: segment 4: paddr=000c2394 vaddr=4008a164 size=0ec80h ( 60544) load[0m
[0;32mI (411) boot: Loaded app from partition at offset 0x10000[0m
[0;32mI (411) boot: Disabling RNG early entropy source...[0m
[0;32mI (423) cpu_start: Multicore app[0m
[0;32mI (423) cpu_start: Pro cpu up.[0m
[0;32mI (423) cpu_start: Starting app cpu, entry point is 0x40081448[0m
[0;32mI (410) cpu_start: App cpu up.[0m
[0;32mI (441) cpu_start: Pro cpu start user code[0m
[0;32mI (441) cpu_start: cpu freq: 160000000 Hz[0m
[0;32mI (441) cpu_start: Application information:[0m
[0;32mI (446) cpu_start: Project name:     Potentio_ESP[0m
[0;32mI (452) cpu_start: App version:      8e1a9d13-dirty[0m
[0;32mI (457) cpu_start: Compile time:     May 18 2024 15:10:32[0m
[0;32mI (463) cpu_start: ELF file SHA256:  e5326bdabaef7fba...[0m
[0;32mI (469) cpu_start: ESP-IDF:          v5.1-dirty[0m
[0;32mI (474) cpu_start: Min chip rev:     v0.0[0m
[0;32mI (479) cpu_start: Max chip rev:     v3.99 [0m
[0;32mI (484) cpu_start: Chip rev:         v1.1[0m
[0;32mI (489) heap_init: Initializing. RAM available for dynamic allocation:[0m
[0;32mI (496) heap_init: At 3FFAFF10 len 000000F0 (0 KiB): DRAM[0m
[0;32mI (502) heap_init: At 3FFB6388 len 00001C78 (7 KiB): DRAM[0m
[0;32mI (508) heap_init: At 3FFB9A20 len 00004108 (16 KiB): DRAM[0m
[0;32mI (514) heap_init: At 3FFC6CF0 len 00019310 (100 KiB): DRAM[0m
[0;32mI (520) heap_init: At 3FFE0440 len 00003AE0 (14 KiB): D/IRAM[0m
[0;32mI (527) heap_init: At 3FFE4350 len 0001BCB0 (111 KiB): D/IRAM[0m
[0;32mI (533) heap_init: At 40098DE4 len 0000721C (28 KiB): IRAM[0m
[0;32mI (541) spi_flash: detected chip: gd[0m
[0;32mI (544) spi_flash: flash io: dio[0m
[0;33mW (547) spi_flash: Detected size(16384k) larger than the size in the binary image header(2048k). Using the size in the binary image header.[0m
[0;32mI (562) coexist: coex firmware version: ebddf30[0m
[0;32mI (567) app_start: Starting scheduler on CPU0[0m
[0;32[0;32mI (571) app_start: Starting scheduler on CPU1[0m
mI (571) main_task: Started on CPU0[0m
[0;32mI (581) main_task: Calling app_main()[0m
========================================================= 
.______     ______   .___________. _______ .__   __. .___________. __    ______        _______.___________.    ___   .___________.     
|   _  \  /  __   \ |            ||   ____||  \ |  | |           ||  |  /  __  \      /       |           |   /   \  |           |     
|  |_)  | |  |  |  | `---|  |----`|  |__   |   \|  | `---|  |----`|  | |  |  |  |    |   (----`---|  |----`  /  ^  \ `---|  |----`     
|   ___/  |  |  |  |     |  |     |   __|  |  . `  |     |  |     |  | |  |  |  |     \   \       |  |      /  /_\  \    |  |          
|  |      |  `--'  |     |  |     |  |____ |  |\   |     |  |     |  | |  `--'  | .----)   |      |  |     /  _____  \   |  |          
| _|       \______/      |__|     |_______||__| \__|     |__|     |__|  \______/  |_______/       |__|    /__/     \__\  |__|          
========================================================= 
[0;32mI (661) BTDM_INIT: BT controller compile version [ad2b7cd][0m
[0;32mI (671) phy_init: phy_version 4670,719f9f6,Feb 18 2021,17:07:07[0m
[0;33mW (681) phy_init: failed to load RF calibration data (0x1102), falling back to full calibration[0m

Brownout detector was triggered

ets Jun  8 2016 00:22:57

rst:0xc (SW_CPU_RESET),boot:0x13 (SPI_FAST_FLASH_BOOT)
configsip: 0, SPIWP:0xee
clk_drv:0x00,q_drv:0x00,d_drv:0x00,cs0_drv:0x00,hd_drv:0x00,wp_drv:0x00
mode:DIO, clock div:2
load:0x3fff0030,len:7084
ho 0 tail 12 room 4
load:0x40078000,len:15576
ho 0 tail 12 room 4
load:0x40080400,len:4
load:0x40080404,len:3876
entry 0x4008064c
[0;32mI (32) boot: ESP-IDF v5.1-dirty 2nd stage bootloader[0m
[0;32mI (32) boot: compile time May 18 2024 15:10:40[0m
[0;32mI (33) boot: Multicore bootloader[0m
[0;32mI (37) boot: chip revision: v1.1[0m
[0;32mI (41) boot.esp32: SPI Speed      : 40MHz[0m
[0;32mI (46) boot.esp32: SPI Mode       : DIO[0m
[0;32mI (50) boot.esp32: SPI Flash Size : 2MB[0m
[0;32mI (55) boot: Enabling RNG early entropy source...[0m
[0;32mI (60) boot: Partition Table:[0m
[0;32mI (64) boot: ## Label            Usage          Type ST Offset   Length[0m
[0;32mI (71) boot:  0 nvs              WiFi data        01 02 00009000 00006000[0m
[0;32mI (79) boot:  1 phy_init         RF data          01 01 0000f000 00001000[0m
[0;32mI (86) boot:  2 factory          factory app      00 00 00010000 00100000[0m
[0;32mI (94) boot: End of partition table[0m
[0;32mI (98) esp_image: segment 0: paddr=00010020 vaddr=3f400020 size=21914h (137492) map[0m
[0;32mI (156) esp_image: segment 1: paddr=0003193c vaddr=3ffbdb60 size=04570h ( 17776) load[0m
[0;32mI (163) esp_image: segment 2: paddr=00035eb4 vaddr=40080000 size=0a164h ( 41316) load[0m
[0;32mI (181) esp_image: segment 3: paddr=00040020 vaddr=400d0020 size=8236ch (533356) map[0m
[0;32mI (373) esp_image: segment 4: paddr=000c2394 vaddr=4008a164 size=0ec80h ( 60544) load[0m
[0;32mI (411) boot: Loaded app from partition at offset 0x10000[0m
[0;32mI (411) boot: Disabling RNG early entropy source...[0m
[0;32mI (423) cpu_start: Multicore app[0m
[0;32mI (423) cpu_start: Pro cpu up.[0m
[0;32mI (423) cpu_start: Starting app cpu, entry point is 0x40081448[0m
[0;32mI (410) cpu_start: App cpu up.[0m
[0;32mI (441) cpu_start: Pro cpu start user code[0m
[0;32mI (441) cpu_start: cpu freq: 160000000 Hz[0m
[0;32mI (441) cpu_start: Application information:[0m
[0;32mI (446) cpu_start: Project name:     Potentio_ESP[0m
[0;32mI (452) cpu_start: App version:      8e1a9d13-dirty[0m
[0;32mI (457) cpu_start: Compile time:     May 18 2024 15:10:32[0m
[0;32mI (463) cpu_start: ELF file SHA256:  e5326bdabaef7fba...[0m
[0;32mI (469) cpu_start: ESP-IDF:          v5.1-dirty[0m
[0;32mI (474) cpu_start: Min chip rev:     v0.0[0m
[0;32mI (479) cpu_start: Max chip rev:     v3.99 [0m
[0;32mI (484) cpu_start: Chip rev:         v1.1[0m
[0;32mI (489) heap_init: Initializing. RAM available for dynamic allocation:[0m
[0;32mI (496) heap_init: At 3FFAFF10 len 000000F0 (0 KiB): DRAM[0m
[0;32mI (502) heap_init: At 3FFB6388 len 00001C78 (7 KiB): DRAM[0m
[0;32mI (508) heap_init: At 3FFB9A20 len 00004108 (16 KiB): DRAM[0m
[0;32mI (514) heap_init: At 3FFC6CF0 len 00019310 (100 KiB): DRAM[0m
[0;32mI (520) heap_init: At 3FFE0440 len 00003AE0 (14 KiB): D/IRAM[0m
[0;32mI (527) heap_init: At 3FFE4350 len 0001BCB0 (111 KiB): D/IRAM[0m
[0;32mI (533) heap_init: At 40098DE4 len 0000721C (28 KiB): IRAM[0m
[0;32mI (541) spi_flash: detected chip: gd[0m
[0;32mI (544) spi_flash: flash io: dio[0m
[0;33mW (547) spi_flash: Detected size(16384k) larger than the size in the binary image header(2048k). Using the size in the binary image header.[0m
[0;32mI (562) coexist: coex firmware version: ebddf30[0m
[0;32mI (567) app_start: Starting scheduler on CPU0[0m
[0;32[0;32mI (571) app_start: Starting scheduler on CPU1[0m
mI (571) main_task: Started on CPU0[0m
[0;32mI (581) main_task: Calling app_main()[0m
========================================================= 
.______     ______   .___________. _______ .__   __. .___________. __    ______        _______.___________.    ___   .___________.     
|   _  \  /  __   \ |            ||   ____||  \ |  | |           ||  |  /  __  \      /       |           |   /   \  |           |     
|  |_)  | |  |  |  | `---|  |----`|  |__   |   \|  | `---|  |----`|  | |  |  |  |    |   (----`---|  |----`  /  ^  \ `---|  |----`     
|   ___/  |  |  |  |     |  |     |   __|  |  . `  |     |  |     |  | |  |  |  |     \   \       |  |      /  /_\  \    |  |          
|  |      |  `--'  |     |  |     |  |____ |  |\   |     |  |     |  | |  `--'  | .----)   |      |  |     /  _____  \   |  |          
| _|       \______/      |__|     |_______||__| \__|     |__|     |__|  \______/  |_______/       |__|    /__/     \__\  |__|          
========================================================= 
[0;32mI (661) BTDM_INIT: BT controller compile version [ad2b7cd][0m
[0;32mI (671) phy_init: phy_version 4670,719f9f6,Feb 18 2021,17:07:07[0m
[0;33mW (681) phy_init: failed to load RF calibration data (0x1102), falling back to full calibration[0m

Brownout detector was triggered

ets Jun  8 2016 00:22:57

rst:0xc (SW_CPU_RESET),boot:0x13 (SPI_FAST_FLASH_BOOT)
configsip: 0, SPIWP:0xee
clk_drv:0x00,q_drv:0x00,d_drv:0x00,cs0_drv:0x00,hd_drv:0x00,wp_drv:0x00
mode:DIO, clock div:2
load:0x3fff0030,len:7084
ho 0 tail 12 room 4
load:0x40078000,len:15576
ho 0 tail 12 room 4
load:0x40080400,len:4
load:0x40080404,len:3876
entry 0x4008064c
[0;32mI (32) boot: ESP-IDF v5.1-dirty 2nd stage bootloader[0m
[0;32mI (32) boot: compile time May 18 2024 15:10:40[0m
[0;32mI (33) boot: Multicore bootloader[0m
[0;32mI (37) boot: chip revision: v1.1[0m
[0;32mI (41) boot.esp32: SPI Speed      : 40MHz[0m
[0;32mI (46) boot.esp32: SPI Mode       : DIO[0m
[0;32mI (50) boot.esp32: SPI Flash Size : 2MB[0m
[0;32mI (55) boot: Enabling RNG early entropy source...[0m
[0;32mI (60) boot: Partition Table:[0m
[0;32mI (64) boot: ## Label            Usage          Type ST Offset   Length[0m
[0;32mI (71) boot:  0 nvs              WiFi data        01 02 00009000 00006000[0m
[0;32mI (79) boot:  1 phy_init         RF data          01 01 0000f000 00001000[0m
[0;32mI (86) boot:  2 factory          factory app      00 00 00010000 00100000[0m
[0;32mI (94) boot: End of partition table[0m
[0;32mI (98) esp_image: segment 0: paddr=00010020 vaddr=3f400020 size=21914h (137492) map[0m
[0;32mI (156) esp_image: segment 1: paddr=0003193c vaddr=3ffbdb60 size=04570h ( 17776) load[0m
[0;32mI (163) esp_image: segment 2: paddr=00035eb4 vaddr=40080000 size=0a164h ( 41316) load[0m
[0;32mI (181) esp_image: segment 3: paddr=00040020 vaddr=400d0020 size=8236ch (533356) map[0m
[0;32mI (373) esp_image: segment 4: paddr=000c2394 vaddr=4008a164 size=0ec80h ( 60544) load[0m
[0;32mI (411) boot: Loaded app from partition at offset 0x10000[0m
[0;32mI (411) boot: Disabling RNG early entropy source...[0m
[0;32mI (423) cpu_start: Multicore app[0m
[0;32mI (423) cpu_start: Pro cpu up.[0m
[0;32mI (423) cpu_start: Starting app cpu, entry point is 0x40081448[0m
[0;32mI (410) cpu_start: App cpu up.[0m
[0;32mI (441) cpu_start: Pro cpu start user code[0m
[0;32mI (441) cpu_start: cpu freq: 160000000 Hz[0m
[0;32mI (441) cpu_start: Application information:[0m
[0;32mI (446) cpu_start: Project name:     Potentio_ESP[0m
[0;32mI (452) cpu_start: App version:      8e1a9d13-dirty[0m
[0;32mI (457) cpu_start: Compile time:     May 18 2024 15:10:32[0m
[0;32mI (463) cpu_start: ELF file SHA256:  e5326bdabaef7fba...[0m
[0;32mI (469) cpu_start: ESP-IDF:          v5.1-dirty[0m
[0;32mI (474) cpu_start: Min chip rev:     v0.0[0m
[0;32mI (479) cpu_start: Max chip rev:     v3.99 [0m
[0;32mI (484) cpu_start: Chip rev:         v1.1[0m
[0;32mI (489) heap_init: Initializing. RAM available for dynamic allocation:[0m
[0;32mI (496) heap_init: At 3FFAFF10 len 000000F0 (0 KiB): DRAM[0m
[0;32mI (502) heap_init: At 3FFB6388 len 00001C78 (7 KiB): DRAM[0m
[0;32mI (508) heap_init: At 3FFB9A20 len 00004108 (16 KiB): DRAM[0m
[0;32mI (514) heap_init: At 3FFC6CF0 len 00019310 (100 KiB): DRAM[0m
[0;32mI (520) heap_init: At 3FFE0440 len 00003AE0 (14 KiB): D/IRAM[0m
[0;32mI (527) heap_init: At 3FFE4350 len 0001BCB0 (111 KiB): D/IRAM[0m
[0;32mI (533) heap_init: At 40098DE4 len 0000721C (28 KiB): IRAM[0m
[0;32mI (541) spi_flash: detected chip: gd[0m
[0;32mI (544) spi_flash: flash io: dio[0m
[0;33mW (547) spi_flash: Detected size(16384k) larger than the size in the binary image header(2048k). Using the size in the binary image header.[0m
[0;32mI (562) coexist: coex firmware version: ebddf30[0m
[0;32mI (567) app_start: Starting scheduler on CPU0[0m
[0;32[0;32mI (571) app_start: Starting scheduler on CPU1[0m
mI (571) main_task: Started on CPU0[0m
[0;32mI (581) main_task: Calling app_main()[0m
========================================================= 
.______     ______   .___________. _______ .__   __. .___________. __    ______        _______.___________.    ___   .___________.     
|   _  \  /  __   \ |            ||   ____||  \ |  | |           ||  |  /  __  \      /       |           |   /   \  |           |     
|  |_)  | |  |  |  | `---|  |----`|  |__   |   \|  | `---|  |----`|  | |  |  |  |    |   (----`---|  |----`  /  ^  \ `---|  |----`     
|   ___/  |  |  |  |     |  |     |   __|  |  . `  |     |  |     |  | |  |  |  |     \   \       |  |      /  /_\  \    |  |          
|  |      |  `--'  |     |  |     |  |____ |  |\   |     |  |     |  | |  `--'  | .----)   |      |  |     /  _____  \   |  |          
| _|       \______/      |__|     |_______||__| \__|     |__|     |__|  \______/  |_______/       |__|    /__/     \__\  |__|          
========================================================= 
[0;32mI (661) BTDM_INIT: BT controller compile version [ad2b7cd][0m
[0;32mI (671) phy_init: phy_version 4670,719f9f6,Feb 18 2021,17:07:07[0m
[0;33mW (681) phy_init: failed to load RF calibration data (0x1102), falling back to full calibration[0m

Brownout detector was triggered

ets Jun  8 2016 00:22:57

rst:0xc (SW_CPU_RESET),boot:0x13 (SPI_FAST_FLASH_BOOT)
configsip: 0, SPIWP:0xee
clk_drv:0x00,q_drv:0x00,d_drv:0x00,cs0_drv:0x00,hd_drv:0x00,wp_drv:0x00
mode:DIO, clock div:2
load:0x3fff0030,len:7084
ho 0 tail 12 room 4
load:0x40078000,len:15576
ho 0 tail 12 room 4
load:0x40080400,len:4
load:0x40080404,len:3876
entry 0x4008064c
[0;32mI (32) boot: ESP-IDF v5.1-dirty 2nd stage bootloader[0m
[0;32mI (32) boot: compile time May 18 2024 15:10:40[0m
[0;32mI (33) boot: Multicore bootloader[0m
[0;32mI (37) boot: chip revision: v1.1[0m
[0;32mI (41) boot.esp32: SPI Speed      : 40MHz[0m
[0;32mI (46) boot.esp32: SPI Mode       : DIO[0m
[0;32mI (50) boot.esp32: SPI Flash Size : 2MB[0m
[0;32mI (55) boot: Enabling RNG early entropy source...[0m
[0;32mI (60) boot: Partition Table:[0m
[0;32mI (64) boot: ## Label            Usage          Type ST Offset   Length[0m
[0;32mI (71) boot:  0 nvs              WiFi data        01 02 00009000 00006000[0m
[0;32mI (79) boot:  1 phy_init         RF data          01 01 0000f000 00001000[0m
[0;32mI (86) boot:  2 factory          factory app      00 00 00010000 00100000[0m
[0;32mI (94) boot: End of partition table[0m
[0;32mI (98) esp_image: segment 0: paddr=00010020 vaddr=3f400020 size=21914h (137492) map[0m
[0;32mI (156) esp_image: segment 1: paddr=0003193c vaddr=3ffbdb60 size=04570h ( 17776) load[0m
[0;32mI (163) esp_image: segment 2: paddr=00035eb4 vaddr=40080000 size=0a164h ( 41316) load[0m
[0;32mI (181) esp_image: segment 3: paddr=00040020 vaddr=400d0020 size=8236ch (533356) map[0m
[0;32mI (373) esp_image: segment 4: paddr=000c2394 vaddr=4008a164 size=0ec80h ( 60544) load[0m
[0;32mI (411) boot: Loaded app from partition at offset 0x10000[0m
[0;32mI (411) boot: Disabling RNG early entropy source...[0m
[0;32mI (423) cpu_start: Multicore app[0m
[0;32mI (423) cpu_start: Pro cpu up.[0m
[0;32mI (423) cpu_start: Starting app cpu, entry point is 0x40081448[0m
[0;32mI (410) cpu_start: App cpu up.[0m
[0;32mI (441) cpu_start: Pro cpu start user code[0m
[0;32mI (441) cpu_start: cpu freq: 160000000 Hz[0m
[0;32mI (441) cpu_start: Application information:[0m
[0;32mI (446) cpu_start: Project name:     Potentio_ESP[0m
[0;32mI (452) cpu_start: App version:      8e1a9d13-dirty[0m
[0;32mI (457) cpu_start: Compile time:     May 18 2024 15:10:32[0m
[0;32mI (463) cpu_start: ELF file SHA256:  e5326bdabaef7fba...[0m
[0;32mI (469) cpu_start: ESP-IDF:          v5.1-dirty[0m
[0;32mI (474) cpu_start: Min chip rev:     v0.0[0m
[0;32mI (479) cpu_start: Max chip rev:     v3.99 [0m
[0;32mI (484) cpu_start: Chip rev:         v1.1[0m
[0;32mI (489) heap_init: Initializing. RAM available for dynamic allocation:[0m
[0;32mI (496) heap_init: At 3FFAFF10 len 000000F0 (0 KiB): DRAM[0m
[0;32mI (502) heap_init: At 3FFB6388 len 00001C78 (7 KiB): DRAM[0m
[0;32mI (508) heap_init: At 3FFB9A20 len 00004108 (16 KiB): DRAM[0m
[0;32mI (514) heap_init: At 3FFC6CF0 len 00019310 (100 KiB): DRAM[0m
[0;32mI (520) heap_init: At 3FFE0440 len 00003AE0 (14 KiB): D/IRAM[0m
[0;32mI (527) heap_init: At 3FFE4350 len 0001BCB0 (111 KiB): D/IRAM[0m
[0;32mI (533) heap_init: At 40098DE4 len 0000721C (28 KiB): IRAM[0m
[0;32mI (541) spi_flash: detected chip: gd[0m
[0;32mI (544) spi_flash: flash io: dio[0m
[0;33mW (547) spi_flash: Detected size(16384k) larger than the size in the binary image header(2048k). Using the size in the binary image header.[0m
[0;32mI (562) coexist: coex firmware version: ebddf30[0m
[0;32mI (567) app_start: Starting scheduler on CPU0[0m
[0;32[0;32mI (571) app_start: Starting scheduler on CPU1[0m
mI (571) main_task: Started on CPU0[0m
[0;32mI (581) main_task: Calling app_main()[0m
========================================================= 
.______     ______   .___________. _______ .__   __. .___________. __    ______        _______.___________.    ___   .___________.     
|   _  \  /  __   \ |            ||   ____||  \ |  | |           ||  |  /  __  \      /       |           |   /   \  |           |     
|  |_)  | |  |  |  | `---|  |----`|  |__   |   \|  | `---|  |----`|  | |  |  |  |    |   (----`---|  |----`  /  ^  \ `---|  |----`     
|   ___/  |  |  |  |     |  |     |   __|  |  . `  |     |  |     |  | |  |  |  |     \   \       |  |      /  /_\  \    |  |          
|  |      |  `--'  |     |  |     |  |____ |  |\   |     |  |     |  | |  `--'  | .----)   |      |  |     /  _____  \   |  |          
| _|       \______/      |__|     |_______||__| \__|     |__|     |__|  \______/  |_______/       |__|    /__/     \__\  |__|          
========================================================= 
[0;32mI (661) BTDM_INIT: BT controller compile version [ad2b7cd][0m
[0;32mI (671) phy_init: phy_version 4670,719f9f6,Feb 18 2021,17:07:07[0m
[0;33mW (681) phy_init: failed to load RF calibration data (0x1102), falling back to full calibration[0m

Brownout detector was triggered

ets Jun  8 2016 00:22:57

rst:0xc (SW_CPU_RESET),boot:0x13 (SPI_FAST_FLASH_BOOT)
configsip: 0, SPIWP:0xee
clk_drv:0x00,q_drv:0x00,d_drv:0x00,cs0_drv:0x00,hd_drv:0x00,wp_drv:0x00
mode:DIO, clock div:2
load:0x3fff0030,len:7084
ho 0 tail 12 room 4
load:0x40078000,len:15576
ho 0 tail 12 room 4
load:0x40080400,len:4
load:0x40080404,len:3876
entry 0x4008064c
[0;32mI (32) boot: ESP-IDF v5.1-dirty 2nd stage bootloader[0m
[0;32mI (32) boot: compile time May 18 2024 15:10:40[0m
[0;32mI (33) boot: Multicore bootloader[0m
[0;32mI (37) boot: chip revision: v1.1[0m
[0;32mI (41) boot.esp32: SPI Speed      : 40MHz[0m
[0;32mI (46) boot.esp32: SPI Mode       : DIO[0m
[0;32mI (50) boot.esp32: SPI Flash Size : 2MB[0m
[0;32mI (55) boot: Enabling RNG early entropy source...[0m
[0;32mI (60) boot: Partition Table:[0m
[0;32mI (64) boot: ## Label            Usage          Type ST Offset   Length[0m
[0;32mI (71) boot:  0 nvs              WiFi data        01 02 00009000 00006000[0m
[0;32mI (79) boot:  1 phy_init         RF data          01 01 0000f000 00001000[0m
[0;32mI (86) boot:  2 factory          factory app      00 00 00010000 00100000[0m
[0;32mI (94) boot: End of partition table[0m
[0;32mI (98) esp_image: segment 0: paddr=00010020 vaddr=3f400020 size=21914h (137492) map[0m
[0;32mI (156) esp_image: segment 1: paddr=0003193c vaddr=3ffbdb60 size=04570h ( 17776) load[0m
[0;32mI (163) esp_image: segment 2: paddr=00035eb4 vaddr=40080000 size=0a164h ( 41316) load[0m
[0;32mI (181) esp_image: segment 3: paddr=00040020 vaddr=400d0020 size=8236ch (533356) map[0m
[0;32mI (373) esp_image: segment 4: paddr=000c2394 vaddr=4008a164 size=0ec80h ( 60544) load[0m
[0;32mI (411) boot: Loaded app from partition at offset 0x10000[0m
[0;32mI (411) boot: Disabling RNG early entropy source...[0m
[0;32mI (423) cpu_start: Multicore app[0m
[0;32mI (423) cpu_start: Pro cpu up.[0m
[0;32mI (423) cpu_start: Starting app cpu, entry point is 0x40081448[0m
[0;32mI (410) cpu_start: App cpu up.[0m
[0;32mI (441) cpu_start: Pro cpu start user code[0m
[0;32mI (441) cpu_start: cpu freq: 160000000 Hz[0m
[0;32mI (441) cpu_start: Application information:[0m
[0;32mI (446) cpu_start: Project name:     Potentio_ESP[0m
[0;32mI (452) cpu_start: App version:      8e1a9d13-dirty[0m
[0;32mI (457) cpu_start: Compile time:     May 18 2024 15:10:32[0m
[0;32mI (463) cpu_start: ELF file SHA256:  e5326bdabaef7fba...[0m
[0;32mI (469) cpu_start: ESP-IDF:          v5.1-dirty[0m
[0;32mI (474) cpu_start: Min chip rev:     v0.0[0m
[0;32mI (479) cpu_start: Max chip rev:     v3.99 [0m
[0;32mI (484) cpu_start: Chip rev:         v1.1[0m
[0;32mI (489) heap_init: Initializing. RAM available for dynamic allocation:[0m
[0;32mI (496) heap_init: At 3FFAFF10 len 000000F0 (0 KiB): DRAM[0m
[0;32mI (502) heap_init: At 3FFB6388 len 00001C78 (7 KiB): DRAM[0m
[0;32mI (508) heap_init: At 3FFB9A20 len 00004108 (16 KiB): DRAM[0m
[0;32mI (514) heap_init: At 3FFC6CF0 len 00019310 (100 KiB): DRAM[0m
[0;32mI (520) heap_init: At 3FFE0440 len 00003AE0 (14 KiB): D/IRAM[0m
[0;32mI (527) heap_init: At 3FFE4350 len 0001BCB0 (111 KiB): D/IRAM[0m
[0;32mI (533) heap_init: At 40098DE4 len 0000721C (28 KiB): IRAM[0m
[0;32mI (541) spi_flash: detected chip: gd[0m
[0;32mI (544) spi_flash: flash io: dio[0m
[0;33mW (547) spi_flash: Detected size(16384k) larger than the size in the binary image header(2048k). Using the size in the binary image header.[0m
[0;32mI (562) coexist: coex firmware version: ebddf30[0m
[0;32mI (567) app_start: Starting scheduler on CPU0[0m
[0;32[0;32mI (571) app_start: Starting scheduler on CPU1[0m
mI (571) main_task: Started on CPU0[0m
[0;32mI (581) main_task: Calling app_main()[0m
========================================================= 
.______     ______   .___________. _______ .__   __. .___________. __    ______        _______.___________.    ___   .___________.     
|   _  \  /  __   \ |            ||   ____||  \ |  | |           ||  |  /  __  \      /       |           |   /   \  |           |     
|  |_)  | |  |  |  | `---|  |----`|  |__   |   \|  | `---|  |----`|  | |  |  |  |    |   (----`---|  |----`  /  ^  \ `---|  |----`     
|   ___/  |  |  |  |     |  |     |   __|  |  . `  |     |  |     |  | |  |  |  |     \   \       |  |      /  /_\  \    |  |          
|  |      |  `--'  |     |  |     |  |____ |  |\   |     |  |     |  | |  `--'  | .----)   |      |  |     /  _____  \   |  |          
| _|       \______/      |__|     |_______||__| \__|     |__|     |__|  \______/  |_______/       |__|    /__/     \__\  |__|          
========================================================= 
[0;32mI (661) BTDM_INIT: BT controller compile version [ad2b7cd][0m
[0;32mI (671) phy_init: phy_version 4670,719f9f6,Feb 18 2021,17:07:07[0m
[0;33mW (681) phy_init: failed to load RF calibration data (0x1102), falling back to full calibration[0m

Brownout detector was triggered

ets Jun  8 2016 00:22:57

rst:0xc (SW_CPU_RESET),boot:0x13 (SPI_FAST_FLASH_BOOT)
configsip: 0, SPIWP:0xee
clk_drv:0x00,q_drv:0x00,d_drv:0x00,cs0_drv:0x00,hd_drv:0x00,wp_drv:0x00
mode:DIO, clock div:2
load:0x3fff0030,len:7084
ho 0 tail 12 room 4
load:0x40078000,len:15576
ho 0 tail 12 room 4
load:0x40080400,len:4
load:0x40080404,len:3876
entry 0x4008064c
[0;32mI (32) boot: ESP-IDF v5.1-dirty 2nd stage bootloader[0m
[0;32mI (32) boot: compile time May 18 2024 15:10:40[0m
[0;32mI (33) boot: Multicore bootloader[0m
[0;32mI (37) boot: chip revision: v1.1[0m
[0;32mI (41) boot.esp32: SPI Speed      : 40MHz[0m
[0;32mI (46) boot.esp32: SPI Mode       : DIO[0m
[0;32mI (50) boot.esp32: SPI Flash Size : 2MB[0m
[0;32mI (55) boot: Enabling RNG early entropy source...[0m
[0;32mI (60) boot: Partition Table:[0m
[0;32mI (64) boot: ## Label            Usage          Type ST Offset   Length[0m
[0;32mI (71) boot:  0 nvs              WiFi data        01 02 00009000 00006000[0m
[0;32mI (79) boot:  1 phy_init         RF data          01 01 0000f000 00001000[0m
[0;32mI (86) boot:  2 factory          factory app      00 00 00010000 00100000[0m
[0;32mI (94) boot: End of partition table[0m
[0;32mI (98) esp_image: segment 0: paddr=00010020 vaddr=3f400020 size=21914h (137492) map[0m
[0;32mI (156) esp_image: segment 1: paddr=0003193c vaddr=3ffbdb60 size=04570h ( 17776) load[0m
[0;32mI (163) esp_image: segment 2: paddr=00035eb4 vaddr=40080000 size=0a164h ( 41316) load[0m
[0;32mI (181) esp_image: segment 3: paddr=00040020 vaddr=400d0020 size=8236ch (533356) map[0m
[0;32mI (373) esp_image: segment 4: paddr=000c2394 vaddr=4008a164 size=0ec80h ( 60544) load[0m
[0;32mI (411) boot: Loaded app from partition at offset 0x10000[0m
[0;32mI (411) boot: Disabling RNG early entropy source...[0m
[0;32mI (423) cpu_start: Multicore app[0m
[0;32mI (423) cpu_start: Pro cpu up.[0m
[0;32mI (423) cpu_start: Starting app cpu, entry point is 0x40081448[0m
[0;32mI (410) cpu_start: App cpu up.[0m
[0;32mI (441) cpu_start: Pro cpu start user code[0m
[0;32mI (441) cpu_start: cpu freq: 160000000 Hz[0m
[0;32mI (441) cpu_start: Application information:[0m
[0;32mI (446) cpu_start: Project name:     Potentio_ESP[0m
[0;32mI (452) cpu_start: App version:      8e1a9d13-dirty[0m
[0;32mI (457) cpu_start: Compile time:     May 18 2024 15:10:32[0m
[0;32mI (463) cpu_start: ELF file SHA256:  e5326bdabaef7fba...[0m
[0;32mI (469) cpu_start: ESP-IDF:          v5.1-dirty[0m
[0;32mI (474) cpu_start: Min chip rev:     v0.0[0m
[0;32mI (479) cpu_start: Max chip rev:     v3.99 [0m
[0;32mI (484) cpu_start: Chip rev:         v1.1[0m
[0;32mI (489) heap_init: Initializing. RAM available for dynamic allocation:[0m
[0;32mI (496) heap_init: At 3FFAFF10 len 000000F0 (0 KiB): DRAM[0m
[0;32mI (502) heap_init: At 3FFB6388 len 00001C78 (7 KiB): DRAM[0m
[0;32mI (508) heap_init: At 3FFB9A20 len 00004108 (16 KiB): DRAM[0m
[0;32mI (514) heap_init: At 3FFC6CF0 len 00019310 (100 KiB): DRAM[0m
[0;32mI (520) heap_init: At 3FFE0440 len 00003AE0 (14 KiB): D/IRAM[0m
[0;32mI (527) heap_init: At 3FFE4350 len 0001BCB0 (111 KiB): D/IRAM[0m
[0;32mI (533) heap_init: At 40098DE4 len 0000721C (28 KiB): IRAM[0m
[0;32mI (541) spi_flash: detected chip: gd[0m
[0;32mI (544) spi_flash: flash io: dio[0m
[0;33mW (547) spi_flash: Detected size(16384k) larger than the size in the binary image header(2048k). Using the size in the binary image header.[0m
[0;32mI (562) coexist: coex firmware version: ebddf30[0m
[0;32mI (567) app_start: Starting scheduler on CPU0[0m
[0;32[0;32mI (571) app_start: Starting scheduler on CPU1[0m
mI (571) main_task: Started on CPU0[0m
[0;32mI (581) main_task: Calling app_main()[0m
========================================================= 
.______     ______   .___________. _______ .__   __. .___________. __    ______        _______.___________.    ___   .___________.     
|   _  \  /  __   \ |            ||   ____||  \ |  | |           ||  |  /  __  \      /       |           |   /   \  |           |     
|  |_)  | |  |  |  | `---|  |----`|  |__   |   \|  | `---|  |----`|  | |  |  |  |    |   (----`---|  |----`  /  ^  \ `---|  |----`     
|   ___/  |  |  |  |     |  |     |   __|  |  . `  |     |  |     |  | |  |  |  |     \   \       |  |      /  /_\  \    |  |          
|  |      |  `--'  |     |  |     |  |____ |  |\   |     |  |     |  | |  `--'  | .----)   |      |  |     /  _____  \   |  |          
| _|       \______/      |__|     |_______||__| \__|     |__|     |__|  \______/  |_______/       |__|    /__/     \__\  |__|          
========================================================= 
[0;32mI (661) BTDM_INIT: BT controller compile version [ad2b7cd][0m
[0;32mI (671) phy_init: phy_version 4670,719f9f6,Feb 18 2021,17:07:07[0m
[0;33mW (681) phy_init: failed to load RF calibration data (0x1102), falling back to full calibration[0m

Brownout detector was triggered

ets Jun  8 2016 00:22:57

rst:0xc (SW_CPU_RESET),boot:0x13 (SPI_FAST_FLASH_BOOT)
configsip: 0, SPIWP:0xee
clk_drv:0x00,q_drv:0x00,d_drv:0x00,cs0_drv:0x00,hd_drv:0x00,wp_drv:0x00
mode:DIO, clock div:2
load:0x3fff0030,len:7084
ho 0 tail 12 room 4
load:0x40078000,len:15576
ho 0 tail 12 room 4
load:0x40080400,len:4
load:0x40080404,len:3876
entry 0x4008064c
[0;32mI (32) boot: ESP-IDF v5.1-dirty 2nd stage bootloader[0m
[0;32mI (32) boot: compile time May 18 2024 15:10:40[0m
[0;32mI (33) boot: Multicore bootloader[0m
[0;32mI (37) boot: chip revision: v1.1[0m
[0;32mI (41) boot.esp32: SPI Speed      : 40MHz[0m
[0;32mI (46) boot.esp32: SPI Mode       : DIO[0m
[0;32mI (50) boot.esp32: SPI Flash Size : 2MB[0m
[0;32mI (55) boot: Enabling RNG early entropy source...[0m
[0;32mI (60) boot: Partition Table:[0m
[0;32mI (64) boot: ## Label            Usage          Type ST Offset   Length[0m
[0;32mI (71) boot:  0 nvs              WiFi data        01 02 00009000 00006000[0m
[0;32mI (79) boot:  1 phy_init         RF data          01 01 0000f000 00001000[0m
[0;32mI (86) boot:  2 factory          factory app      00 00 00010000 00100000[0m
[0;32mI (94) boot: End of partition table[0m
[0;32mI (98) esp_image: segment 0: paddr=00010020 vaddr=3f400020 size=21914h (137492) map[0m
[0;32mI (156) esp_image: segment 1: paddr=0003193c vaddr=3ffbdb60 size=04570h ( 17776) load[0m
[0;32mI (163) esp_image: segment 2: paddr=00035eb4 vaddr=40080000 size=0a164h ( 41316) load[0m
[0;32mI (181) esp_image: segment 3: paddr=00040020 vaddr=400d0020 size=8236ch (533356) map[0m
[0;32mI (373) esp_image: segment 4: paddr=000c2394 vaddr=4008a164 size=0ec80h ( 60544) load[0m
[0;32mI (411) boot: Loaded app from partition at offset 0x10000[0m
[0;32mI (411) boot: Disabling RNG early entropy source...[0m
[0;32mI (423) cpu_start: Multicore app[0m
[0;32mI (423) cpu_start: Pro cpu up.[0m
[0;32mI (423) cpu_start: Starting app cpu, entry point is 0x40081448[0m
[0;32mI (410) cpu_start: App cpu up.[0m
[0;32mI (441) cpu_start: Pro cpu start user code[0m
[0;32mI (441) cpu_start: cpu freq: 160000000 Hz[0m
[0;32mI (441) cpu_start: Application information:[0m
[0;32mI (446) cpu_start: Project name:     Potentio_ESP[0m
[0;32mI (452) cpu_start: App version:      8e1a9d13-dirty[0m
[0;32mI (457) cpu_start: Compile time:     May 18 2024 15:10:32[0m
[0;32mI (463) cpu_start: ELF file SHA256:  e5326bdabaef7fba...[0m
[0;32mI (469) cpu_start: ESP-IDF:          v5.1-dirty[0m
[0;32mI (474) cpu_start: Min chip rev:     v0.0[0m
[0;32mI (479) cpu_start: Max chip rev:     v3.99 [0m
[0;32mI (484) cpu_start: Chip rev:         v1.1[0m
[0;32mI (489) heap_init: Initializing. RAM available for dynamic allocation:[0m
[0;32mI (496) heap_init: At 3FFAFF10 len 000000F0 (0 KiB): DRAM[0m
[0;32mI (502) heap_init: At 3FFB6388 len 00001C78 (7 KiB): DRAM[0m
[0;32mI (508) heap_init: At 3FFB9A20 len 00004108 (16 KiB): DRAM[0m
[0;32mI (514) heap_init: At 3FFC6CF0 len 00019310 (100 KiB): DRAM[0m
[0;32mI (520) heap_init: At 3FFE0440 len 00003AE0 (14 KiB): D/IRAM[0m
[0;32mI (527) heap_init: At 3FFE4350 len 0001BCB0 (111 KiB): D/IRAM[0m
[0;32mI (533) heap_init: At 40098DE4 len 0000721C (28 KiB): IRAM[0m
[0;32mI (541) spi_flash: detected chip: gd[0m
[0;32mI (544) spi_flash: flash io: dio[0m
[0;33mW (547) spi_flash: Detected size(16384k) larger than the size in the binary image header(2048k). Using the size in the binary image header.[0m
[0;32mI (562) coexist: coex firmware version: ebddf30[0m
[0;32mI (567) app_start: Starting scheduler on CPU0[0m
[0;32[0;32mI (571) app_start: Starting scheduler on CPU1[0m
mI (571) main_task: Started on CPU0[0m
[0;32mI (581) main_task: Calling app_main()[0m
========================================================= 
.______     ______   .___________. _______ .__   __. .___________. __    ______        _______.___________.    ___   .___________.     
|   _  \  /  __   \ |            ||   ____||  \ |  | |           ||  |  /  __  \      /       |           |   /   \  |           |     
|  |_)  | |  |  |  | `---|  |----`|  |__   |   \|  | `---|  |----`|  | |  |  |  |    |   (----`---|  |----`  /  ^  \ `---|  |----`     
|   ___/  |  |  |  |     |  |     |   __|  |  . `  |     |  |     |  | |  |  |  |     \   \       |  |      /  /_\  \    |  |          
|  |      |  `--'  |     |  |     |  |____ |  |\   |     |  |     |  | |  `--'  | .----)   |      |  |     /  _____  \   |  |          
| _|       \______/      |__|     |_______||__| \__|     |__|     |__|  \______/  |_______/       |__|    /__/     \__\  |__|          
========================================================= 
[0;32mI (661) BTDM_INIT: BT controller compile version [ad2b7cd][0m
[0;32mI (671) phy_init: phy_version 4670,719f9f6,Feb 18 2021,17:07:07[0m
[0;33mW (681) phy_init: failed to load RF calibration data (0x1102), falling back to full calibration[0m

Brownout detector was triggered

ets Jun  8 2016 00:22:57

rst:0xc (SW_CPU_RESET),boot:0x13 (SPI_FAST_FLASH_BOOT)
configsip: 0, SPIWP:0xee
clk_drv:0x00,q_drv:0x00,d_drv:0x00,cs0_drv:0x00,hd_drv:0x00,wp_drv:0x00
mode:DIO, clock div:2
load:0x3fff0030,len:7084
ho 0 tail 12 room 4
load:0x40078000,len:15576
ho 0 tail 12 room 4
load:0x40080400,len:4
load:0x40080404,len:3876
entry 0x4008064c
[0;32mI (32) boot: ESP-IDF v5.1-dirty 2nd stage bootloader[0m
[0;32mI (32) boot: compile time May 18 2024 15:10:40[0m
[0;32mI (33) boot: Multicore bootloader[0m
[0;32mI (37) boot: chip revision: v1.1[0m
[0;32mI (41) boot.esp32: SPI Speed      : 40MHz[0m
[0;32mI (46) boot.esp32: SPI Mode       : DIO[0m
[0;32mI (50) boot.esp32: SPI Flash Size : 2MB[0m
[0;32mI (55) boot: Enabling RNG early entropy source...[0m
[0;32mI (60) boot: Partition Table:[0m
[0;32mI (64) boot: ## Label            Usage          Type ST Offset   Length[0m
[0;32mI (71) boot:  0 nvs              WiFi data        01 02 00009000 00006000[0m
[0;32mI (79) boot:  1 phy_init         RF data          01 01 0000f000 00001000[0m
[0;32mI (86) boot:  2 factory          factory app      00 00 00010000 00100000[0m
[0;32mI (94) boot: End of partition table[0m
[0;32mI (98) esp_image: segment 0: paddr=00010020 vaddr=3f400020 size=21914h (137492) map[0m
[0;32mI (156) esp_image: segment 1: paddr=0003193c vaddr=3ffbdb60 size=04570h ( 17776) load[0m
[0;32mI (163) esp_image: segment 2: paddr=00035eb4 vaddr=40080000 size=0a164h ( 41316) load[0m
[0;32mI (181) esp_image: segment 3: paddr=00040020 vaddr=400d0020 size=8236ch (533356) map[0m
[0;32mI (373) esp_image: segment 4: paddr=000c2394 vaddr=4008a164 size=0ec80h ( 60544) load[0m
[0;32mI (411) boot: Loaded app from partition at offset 0x10000[0m
[0;32mI (411) boot: Disabling RNG early entropy source...[0m
[0;32mI (423) cpu_start: Multicore app[0m
[0;32mI (423) cpu_start: Pro cpu up.[0m
[0;32mI (423) cpu_start: Starting app cpu, entry point is 0x40081448[0m
[0;32mI (410) cpu_start: App cpu up.[0m
[0;32mI (441) cpu_start: Pro cpu start user code[0m
[0;32mI (441) cpu_start: cpu freq: 160000000 Hz[0m
[0;32mI (441) cpu_start: Application information:[0m
[0;32mI (446) cpu_start: Project name:     Potentio_ESP[0m
