ets Jul 29 2019 12:21:46

rst:0x1 (POWERON_RESET),boot:0x13 (SPI_FAST_FLASH_BOOT)
configsip: 0, SPIWP:0xee
clk_drv:0x00,q_drv:0x00,d_drv:0x00,cs0_drv:0x00,hd_drv:0x00,wp_drv:0x00
mode:DIO, clock div:2
load:0x3fff0030,len:7084
ho 0 tail 12 room 4
load:0x40078000,len:15576
ho 0 tail 12 room 4
load:0x40080400,len:4
load:0x40080404,len:3876
entry 0x4008064c
[0;32mI (33) boot: ESP-IDF v5.1-dirty 2nd stage bootloader[0m
[0;32mI (33) boot: compile time May 21 2024 12:53:41[0m
[0;32mI (33) boot: Multicore bootloader[0m
[0;32mI (38) boot: chip revision: v3.1[0m
[0;32mI (41) boot.esp32: SPI Speed      : 40MHz[0m
[0;32mI (46) boot.esp32: SPI Mode       : DIO[0m
[0;32mI (51) boot.esp32: SPI Flash Size : 2MB[0m
[0;32mI (55) boot: Enabling RNG early entropy source...[0m
[0;32mI (61) boot: Partition Table:[0m
[0;32mI (64) boot: ## Label            Usage          Type ST Offset   Length[0m
[0;32mI (71) boot:  0 nvs              WiFi data        01 02 00009000 00006000[0m
[0;32mI (79) boot:  1 phy_init         RF data          01 01 0000f000 00001000[0m
[0;32mI (86) boot:  2 factory          factory app      00 00 00010000 00100000[0m
[0;32mI (94) boot: End of partition table[0m
[0;32mI (98) esp_image: segment 0: paddr=00010020 vaddr=3f400020 size=25794h (153492) map[0m
[0;32mI (162) esp_image: segment 1: paddr=000357bc vaddr=3ffbdb60 size=0476ch ( 18284) load[0m
[0;32mI (169) esp_image: segment 2: paddr=00039f30 vaddr=40080000 size=060e8h ( 24808) load[0m
[0;32mI (180) esp_image: segment 3: paddr=00040020 vaddr=400d0020 size=8f548h (587080) map[0m
[0;32mI (392) esp_image: segment 4: paddr=000cf570 vaddr=400860e8 size=147ach ( 83884) load[0m
[0;32mI (441) boot: Loaded app from partition at offset 0x10000[0m
[0;32mI (441) boot: Disabling RNG early entropy source...[0m
[0;32mI (452) cpu_start: Multicore app[0m
[0;32mI (453) cpu_start: Pro cpu up.[0m
[0;32mI (453) cpu_start: Starting app cpu, entry point is 0x40081544[0m
[0;32mI (0) cpu_start: App cpu up.[0m
[0;32mI (470) cpu_start: Pro cpu start user code[0m
[0;32mI (470) cpu_start: cpu freq: 160000000 Hz[0m
[0;32mI (470) cpu_start: Application information:[0m
[0;32mI (475) cpu_start: Project name:     Potentio_ESP[0m
[0;32mI (481) cpu_start: App version:      b1d72289b-dirty[0m
[0;32mI (486) cpu_start: Compile time:     Jun 17 2024 14:16:29[0m
[0;32mI (492) cpu_start: ELF file SHA256:  f89a04ceeef545cd...[0m
[0;32mI (498) cpu_start: ESP-IDF:          v5.1-dirty[0m
[0;32mI (503) cpu_start: Min chip rev:     v0.0[0m
[0;32mI (508) cpu_start: Max chip rev:     v3.99 [0m
[0;32mI (513) cpu_start: Chip rev:         v3.1[0m
[0;32mI (518) heap_init: Initializing. RAM available for dynamic allocation:[0m
[0;32mI (525) heap_init: At 3FFAFF10 len 000000F0 (0 KiB): DRAM[0m
[0;32mI (531) heap_init: At 3FFB6388 len 00001C78 (7 KiB): DRAM[0m
[0;32mI (537) heap_init: At 3FFB9A20 len 00004108 (16 KiB): DRAM[0m
[0;32mI (543) heap_init: At 3FFC7C60 len 000183A0 (96 KiB): DRAM[0m
[0;32mI (549) heap_init: At 3FFE0440 len 00003AE0 (14 KiB): D/IRAM[0m
[0;32mI (556) heap_init: At 3FFE4350 len 0001BCB0 (111 KiB): D/IRAM[0m
[0;32mI (562) heap_init: At 4009A894 len 0000576C (21 KiB): IRAM[0m
[0;32mI (570) spi_flash: detected chip: generic[0m
[0;32mI (573) spi_flash: flash io: dio[0m
[0;33mW (577) spi_flash: Detected size(16384k) larger than the size in the binary image header(2048k). Using the size in the binary image header.[0m
[0;32mI (591) coexist: coex firmware version: ebddf30[0m
[0;32mI (596) app_start: Starting scheduler on CPU0[0m
[0;32m[0;32mI (601) app_start: Starting scheduler on CPU1[0m
I (601) main_task: Started on CPU0[0m
[0;32mI (611) main_task: Calling app_main()[0m
========================================================= 
.______     ______   .___________. _______ .__   __. .___________. __    ______        _______.___________.    ___   .___________.     
|   _  \  /  __   \ |            ||   ____||  \ |  | |           ||  |  /  __  \      /       |           |   /   \  |           |     
|  |_)  | |  |  |  | `---|  |----`|  |__   |   \|  | `---|  |----`|  | |  |  |  |    |   (----`---|  |----`  /  ^  \ `---|  |----`     
|   ___/  |  |  |  |     |  |     |   __|  |  . `  |     |  |     |  | |  |  |  |     \   \       |  |      /  /_\  \    |  |          
|  |      |  `--'  |     |  |     |  |____ |  |\   |     |  |     |  | |  `--'  | .----)   |      |  |     /  _____  \   |  |          
| _|       \______/      |__|     |_______||__| \__|     |__|     |__|  \______/  |_______/       |__|    /__/     \__\  |__|          
========================================================= 
[0;32mI (701) BTDM_INIT: BT controller compile version [ad2b7cd][0m
[0;32mI (711) phy_init: phy_version 4670,719f9f6,Feb 18 2021,17:07:07[0m
[0;32mI (1131) GATTS_DEMO: REGISTER_APP_EVT, status 0, app_id 0
[0m
[0;32mI (1141) GATTS_DEMO: CREATE_SERVICE_EVT, status 0,  service_handle 40
[0m
[0;32mI (1151) GATTS_DEMO: REGISTER_APP_EVT, status 0, app_id 1
[0m
[0;32mI (1151) SDCARD: Initializing SD card[0m
[0;32mI (1151) SDCARD: Using SPI peripheral[0m
[0;32mI (1161) SDCARD: Mounting filesystem[0m
[0;32mI (1171) GATTS_DEMO: SERVICE_START_EVT, status 0, service_handle 40
[0m
[0;32mI (1171) GATTS_DEMO: ADD_CHAR_EVT, status 0,  attr_handle 42, service_handle 40
[0m
[0;32mI (1171) gpio: GPIO[13]| InputEn: 0| OutputEn: 1| OpenDrain: 0| Pullup: 0| Pulldown: 0| Intr:0 [0m
[0;32mI (1181) GATTS_DEMO: the gatts demo char length = 3
[0m
[0;32mI (1191) GATTS_DEMO: prf_char[0] =11
[0m
[0;32mI (1201) GATTS_DEMO: prf_char[1] =22
[0m
[0;32mI (1201) GATTS_DEMO: prf_char[2] =33
[0m
[0;32mI (1201) GATTS_DEMO: CREATE_SERVICE_EVT, status 0,  service_handle 44
[0m
[0;31mE (1211) vfs_fat_sdmmc: sdmmc_card_init failed (0x107).[0m
[0;32mI (1211) GATTS_DEMO: ADD_DESCR_EVT, status 0, attr_handle 43, service_handle 40
[0m
[0;32mI (1221) gpio: GPIO[13]| InputEn: 1| OutputEn: 0| OpenDrain: 0| Pullup: 0| Pulldown: 0| Intr:0 [0m
[0;32mI (1231) GATTS_DEMO: SERVICE_START_EVT, status 0, service_handle 44
[0m
[0;31mE (1231) SDCARD: Failed to initialize the card (ESP_ERR_TIMEOUT). Make sure SD card lines have pull-up resistors in place.[0m
[0;32mI (1241) GATTS_DEMO: ADD_CHAR_EVT, status 0,  attr_handle 46, service_handle 44
[0m
[0;32mI (1251) SDCARD: Filesystem mounted[0m
[0;32mI (1261) GATTS_DEMO: the gatts demo char length = 3
[0m
Guru Meditation Error: Core  1 panic'ed (LoadProhibited). Exception was unhandled.

Core  1 register dump:
PC      : 0x400014fd  PS      : 0x00060330  A0      : 0x801502e2  A1      : 0x3ffd08f0  
A2      : 0x0000004c  A3      : 0x00000048  A4      : 0x000000ff  A5      : 0x0000ff00  
A6      : 0x00ff0000  A7      : 0xff000000  A8      : 0x00000000  A9      : 0x3ffd08b0  
A10     : 0x3ffd08d0  A11     : 0x00060d23  A12     : 0x00060d20  A13     : 0x00000010  
A14     : 0x00ff0000  A15     : 0xff000000  SAR     : 0x00000004  EXCCAUSE: 0x0000001c  
EXCVADDR: 0x0000004c  LBEG    : 0x400014fd  LEND    : 0x4000150d  LCOUNT  : 0xffffffff  


Backtrace: 0x400014fa:0x3ffd08f0 0x401502df:0x3ffd0900 0x401455d5:0x3ffd0c20 0x400deb87:0x3ffd0c70 0x400d7b2d:0x3ffd0cb0 0x400d7b3a:0x3ffd0d30 0x40095279:0x3ffd0d50




ELF file SHA256: f89a04ceeef545cd

Rebooting...
ets Jul 29 2019 12:21:46

rst:0xc (SW_CPU_RESET),boot:0x13 (SPI_FAST_FLASH_BOOT)
configsip: 0, SPIWP:0xee
clk_drv:0x00,q_drv:0x00,d_drv:0x00,cs0_drv:0x00,hd_drv:0x00,wp_drv:0x00
mode:DIO, clock div:2
load:0x3fff0030,len:7084
ho 0 tail 12 room 4
load:0x40078000,len:15576
ho 0 tail 12 room 4
load:0x40080400,len:4
load:0x40080404,len:3876
entry 0x4008064c
[0;32mI (32) boot: ESP-IDF v5.1-dirty 2nd stage bootloader[0m
[0;32mI (33) boot: compile time May 21 2024 12:53:41[0m
[0;32mI (33) boot: Multicore bootloader[0m
[0;32mI (37) boot: chip revision: v3.1[0m
[0;32mI (41) boot.esp32: SPI Speed      : 40MHz[0m
[0;32mI (46) boot.esp32: SPI Mode       : DIO[0m
[0;32mI (50) boot.esp32: SPI Flash Size : 2MB[0m
[0;32mI (55) boot: Enabling RNG early entropy source...[0m
[0;32mI (60) boot: Partition Table:[0m
[0;32mI (64) boot: ## Label            Usage          Type ST Offset   Length[0m
[0;32mI (71) boot:  0 nvs              WiFi data        01 02 00009000 00006000[0m
[0;32mI (79) boot:  1 phy_init         RF data          01 01 0000f000 00001000[0m
[0;32mI (86) boot:  2 factory          factory app      00 00 00010000 00100000[0m
[0;32mI (94) boot: End of partition table[0m
[0;32mI (98) esp_image: segment 0: paddr=00010020 vaddr=3f400020 size=25794h (153492) map[0m
[0;32mI (162) esp_image: segment 1: paddr=000357bc vaddr=3ffbdb60 size=0476ch ( 18284) load[0m
[0;32mI (169) esp_image: segment 2: paddr=00039f30 vaddr=40080000 size=060e8h ( 24808) load[0m
[0;32mI (180) esp_image: segment 3: paddr=00040020 vaddr=400d0020 size=8f548h (587080) map[0m
[0;32mI (392) esp_image: segment 4: paddr=000cf570 vaddr=400860e8 size=147ach ( 83884) load[0m
[0;32mI (440) boot: Loaded app from partition at offset 0x10000[0m
[0;32mI (441) boot: Disabling RNG early entropy source...[0m
[0;32mI (452) cpu_start: Multicore app[0m
[0;32mI (452) cpu_start: Pro cpu up.[0m
[0;32mI (453) cpu_start: Starting app cpu, entry point is 0x40081544[0m
[0;32mI (439) cpu_start: App cpu up.[0m
[0;32mI (470) cpu_start: Pro cpu start user code[0m
[0;32mI (470) cpu_start: cpu freq: 160000000 Hz[0m
[0;32mI (471) cpu_start: Application information:[0m
[0;32mI (475) cpu_start: Project name:     Potentio_ESP[0m
[0;32mI (481) cpu_start: App version:      b1d72289b-dirty[0m
[0;32mI (486) cpu_start: Compile time:     Jun 17 2024 14:16:29[0m
[0;32mI (492) cpu_start: ELF file SHA256:  f89a04ceeef545cd...[0m
[0;32mI (498) cpu_start: ESP-IDF:          v5.1-dirty[0m
[0;32mI (504) cpu_start: Min chip rev:     v0.0[0m
[0;32mI (508) cpu_start: Max chip rev:     v3.99 [0m
[0;32mI (513) cpu_start: Chip rev:         v3.1[0m
[0;32mI (518) heap_init: Initializing. RAM available for dynamic allocation:[0m
[0;32mI (525) heap_init: At 3FFAFF10 len 000000F0 (0 KiB): DRAM[0m
[0;32mI (531) heap_init: At 3FFB6388 len 00001C78 (7 KiB): DRAM[0m
[0;32mI (537) heap_init: At 3FFB9A20 len 00004108 (16 KiB): DRAM[0m
[0;32mI (543) heap_init: At 3FFC7C60 len 000183A0 (96 KiB): DRAM[0m
[0;32mI (549) heap_init: At 3FFE0440 len 00003AE0 (14 KiB): D/IRAM[0m
[0;32mI (556) heap_init: At 3FFE4350 len 0001BCB0 (111 KiB): D/IRAM[0m
[0;32mI (562) heap_init: At 4009A894 len 0000576C (21 KiB): IRAM[0m
[0;32mI (570) spi_flash: detected chip: generic[0m
[0;32mI (573) spi_flash: flash io: dio[0m
[0;33mW (577) spi_flash: Detected size(16384k) larger than the size in the binary image header(2048k). Using the size in the binary image header.[0m
[0;32mI (591) coexist: coex firmware version: ebddf30[0m
[0;32mI (596) app_start: Starting scheduler on CPU0[0m
[0;32m[0;32mI (601) app_start: Starting scheduler on CPU1[0m
I (601) main_task: Started on CPU0[0m
[0;32mI (611) main_task: Calling app_main()[0m
========================================================= 
.______     ______   .___________. _______ .__   __. .___________. __    ______        _______.___________.    ___   .___________.     
|   _  \  /  __   \ |            ||   ____||  \ |  | |           ||  |  /  __  \      /       |           |   /   \  |           |     
|  |_)  | |  |  |  | `---|  |----`|  |__   |   \|  | `---|  |----`|  | |  |  |  |    |   (----`---|  |----`  /  ^  \ `---|  |----`     
|   ___/  |  |  |  |     |  |     |   __|  |  . `  |     |  |     |  | |  |  |  |     \   \       |  |      /  /_\  \    |  |          
|  |      |  `--'  |     |  |     |  |____ |  |\   |     |  |     |  | |  `--'  | .----)   |      |  |     /  _____  \   |  |          
| _|       \______/      |__|     |_______||__| \__|     |__|     |__|  \______/  |_______/       |__|    /__/     \__\  |__|          
========================================================= 
[0;32mI (701) BTDM_INIT: BT controller compile version [ad2b7cd][0m
[0;32mI (711) phy_init: phy_version 4670,719f9f6,Feb 18 2021,17:07:07[0m
[0;32mI (1131) GATTS_DEMO: REGISTER_APP_EVT, status 0, app_id 0
[0m
[0;32mI (1141) GATTS_DEMO: CREATE_SERVICE_EVT, status 0,  service_handle 40
[0m
[0;32mI (1141) GATTS_DEMO: REGISTER_APP_EVT, status 0, app_id 1
[0m
[0;32mI (1151) SDCARD: Initializing SD card[0m
[0;32mI (1151) SDCARD: Using SPI peripheral[0m
[0;32mI (1151) main_task: Returned from app_main()[0m
[0;32mI (1161) GATTS_DEMO: SERVICE_START_EVT, status 0, service_handle 40
[0m
[0;32mI (1151) SDCARD: Mounting filesystem[0m
[0;32mI (1171) GATTS_DEMO: ADD_CHAR_EVT, status 0,  attr_handle 42, service_handle 40
[0m
[0;32mI (1171) gpio: GPIO[13]| InputEn: 0| OutputEn: 1| OpenDrain: 0| Pullup: 0| Pulldown: 0| Intr:0 [0m
[0;32mI (1181) GATTS_DEMO: the gatts demo char length = 3
[0m
[0;32mI (1191) GATTS_DEMO: prf_char[0] =11
[0m
[0;32mI (1201) GATTS_DEMO: prf_char[1] =22
[0m
[0;32mI (1201) GATTS_DEMO: prf_char[2] =33
[0m
[0;32mI (1211) GATTS_DEMO: CREATE_SERVICE_EVT, status 0,  service_handle 44
[0m
[0;31mE (1211) vfs_fat_sdmmc: sdmmc_card_init failed (0x107).[0m
[0;32mI (1221) GATTS_DEMO: ADD_DESCR_EVT, status 0, attr_handle 43, service_handle 40
[0m
[0;32mI (1221) gpio: GPIO[13]| InputEn: 1| OutputEn: 0| OpenDrain: 0| Pullup: 0| Pulldown: 0| Intr:0 [0m
[0;32mI (1231) GATTS_DEMO: SERVICE_START_EVT, status 0, service_handle 44
[0m
[0;31mE (1241) SDCARD: Failed to initialize the card (ESP_ERR_TIMEOUT). Make sure SD card lines have pull-up resistors in place.[0m
[0;32mI (1241) GATTS_DEMO: ADD_CHAR_EVT, status 0,  attr_handle 46, service_handle 44
[0m
[0;32mI (1261) SDCARD: Filesystem mounted[0m
[0;32mI (1261) GATTS_DEMO: the gatts demo char length = 3
[0m
Guru Meditation Error: Core  1 panic'ed (LoadProhibited). Exception was unhandled.

Core  1 register dump:
PC      : 0x400014fd  PS      : 0x00060b30  A0      : 0x801502e2  A1      : 0x3ffd0920  
A2      : 0x0000004c  A3      : 0x00000048  A4      : 0x000000ff  A5      : 0x0000ff00  
A6      : 0x00ff0000  A7      : 0xff000000  A8      : 0x00000000  A9      : 0x3ffd08e0  
A10     : 0x3ffd0900  A11     : 0x00060523  A12     : 0x00060520  A13     : 0x00000010  
A14     : 0x00ff0000  A15     : 0xff000000  SAR     : 0x00000004  EXCCAUSE: 0x0000001c  
EXCVADDR: 0x0000004c  LBEG    : 0x400014fd  LEND    : 0x4000150d  LCOUNT  : 0xffffffff  


Backtrace: 0x400014fa:0x3ffd0920 0x401502df:0x3ffd0930 0x401455d5:0x3ffd0c50 0x400deb87:0x3ffd0ca0 0x400d7b2d:0x3ffd0ce0 0x400d7b3a:0x3ffd0d60 0x40095279:0x3ffd0d80




ELF file SHA256: f89a04ceeef545cd

Rebooting...
ets Jul 29 2019 12:21:46

rst:0xc (SW_CPU_RESET),boot:0x13 (SPI_FAST_FLASH_BOOT)
configsip: 0, SPIWP:0xee
clk_drv:0x00,q_drv:0x00,d_drv:0x00,cs0_drv:0x00,hd_drv:0x00,wp_drv:0x00
mode:DIO, clock div:2
load:0x3fff0030,len:7084
ho 0 tail 12 room 4
load:0x40078000,len:15576
ho 0 tail 12 room 4
load:0x40080400,len:4
load:0x40080404,len:3876
entry 0x4008064c
[0;32mI (32) boot: ESP-IDF v5.1-dirty 2nd stage bootloader[0m
[0;32mI (33) boot: compile time May 21 2024 12:53:41[0m
[0;32mI (33) boot: Multicore bootloader[0m
[0;32mI (37) boot: chip revision: v3.1[0m
[0;32mI (41) boot.esp32: SPI Speed      : 40MHz[0m
[0;32mI (46) boot.esp32: SPI Mode       : DIO[0m
[0;32mI (50) boot.esp32: SPI Flash Size : 2MB[0m
[0;32mI (55) boot: Enabling RNG early entropy source...[0m
[0;32mI (60) boot: Partition Table:[0m
[0;32mI (64) boot: ## Label            Usage          Type ST Offset   Length[0m
[0;32mI (71) boot:  0 nvs              WiFi data        01 02 00009000 00006000[0m
[0;32mI (79) boot:  1 phy_init         RF data          01 01 0000f000 00001000[0m
[0;32mI (86) boot:  2 factory          factory app      00 00 00010000 00100000[0m
[0;32mI (94) boot: End of partition table[0m
[0;32mI (98) esp_image: segment 0: paddr=00010020 vaddr=3f400020 size=25794h (153492) map[0m
[0;32mI (162) esp_image: segment 1: paddr=000357bc vaddr=3ffbdb60 size=0476ch ( 18284) load[0m
[0;32mI (169) esp_image: segment 2: paddr=00039f30 vaddr=40080000 size=060e8h ( 24808) load[0m
[0;32mI (180) esp_image: segment 3: paddr=00040020 vaddr=400d0020 size=8f548h (587080) map[0m
[0;32mI (392) esp_image: segment 4: paddr=000cf570 vaddr=400860e8 size=147ach ( 83884) load[0m
[0;32mI (440) boot: Loaded app from partition at offset 0x10000[0m
[0;32mI (441) boot: Disabling RNG early entropy source...[0m
[0;32mI (452) cpu_start: Multicore app[0m
[0;32mI (452) cpu_start: Pro cpu up.[0m
[0;32mI (453) cpu_start: Starting app cpu, entry point is 0x40081544[0m
[0;32mI (439) cpu_start: App cpu up.[0m
[0;32mI (470) cpu_start: Pro cpu start user code[0m
[0;32mI (470) cpu_start: cpu freq: 160000000 Hz[0m
[0;32mI (471) cpu_start: Application information:[0m
[0;32mI (475) cpu_start: Project name:     Potentio_ESP[0m
[0;32mI (481) cpu_start: App version:      b1d72289b-dirty[0m
[0;32mI (486) cpu_start: Compile time:     Jun 17 2024 14:16:29[0m
[0;32mI (492) cpu_start: ELF file SHA256:  f89a04ceeef545cd...[0m
[0;32mI (498) cpu_start: ESP-IDF:          v5.1-dirty[0m
[0;32mI (504) cpu_start: Min chip rev:     v0.0[0m
[0;32mI (508) cpu_start: Max chip rev:     v3.99 [0m
[0;32mI (513) cpu_start: Chip rev:         v3.1[0m
[0;32mI (518) heap_init: Initializing. RAM available for dynamic allocation:[0m
[0;32mI (525) heap_init: At 3FFAFF10 len 000000F0 (0 KiB): DRAM[0m
[0;32mI (531) heap_init: At 3FFB6388 len 00001C78 (7 KiB): DRAM[0m
[0;32mI (537) heap_init: At 3FFB9A20 len 00004108 (16 KiB): DRAM[0m
[0;32mI (543) heap_init: At 3FFC7C60 len 000183A0 (96 KiB): DRAM[0m
[0;32mI (549) heap_init: At 3FFE0440 len 00003AE0 (14 KiB): D/IRAM[0m
[0;32mI (556) heap_init: At 3FFE4350 len 0001BCB0 (111 KiB): D/IRAM[0m
[0;32mI (562) heap_init: At 4009A894 len 0000576C (21 KiB): IRAM[0m
[0;32mI (570) spi_flash: detected chip: generic[0m
[0;32mI (573) spi_flash: flash io: dio[0m
[0;33mW (577) spi_flash: Detected size(16384k) larger than the size in the binary image header(2048k). Using the size in the binary image header.[0m
[0;32mI (591) coexist: coex firmware version: ebddf30[0m
[0;32mI (596) app_start: Starting scheduler on CPU0[0m
[0;32m[0;32mI (601) app_start: Starting scheduler on CPU1[0m
I (601) main_task: Started on CPU0[0m
[0;32mI (611) main_task: Calling app_main()[0m
========================================================= 
.______     ______   .___________. _______ .__   __. .___________. __    ______        _______.___________.    ___   .___________.     
|   _  \  /  __   \ |            ||   ____||  \ |  | |           ||  |  /  __  \      /       |           |   /   \  |           |     
|  |_)  | |  |  |  | `---|  |----`|  |__   |   \|  | `---|  |----`|  | |  |  |  |    |   (----`---|  |----`  /  ^  \ `---|  |----`     
|   ___/  |  |  |  |     |  |     |   __|  |  . `  |     |  |     |  | |  |  |  |     \   \       |  |      /  /_\  \    |  |          
|  |      |  `--'  |     |  |     |  |____ |  |\   |     |  |     |  | |  `--'  | .----)   |      |  |     /  _____  \   |  |          
| _|       \______/      |__|     |_______||__| \__|     |__|     |__|  \______/  |_______/       |__|    /__/     \__\  |__|          
========================================================= 
[0;32mI (701) BTDM_INIT: BT controller compile version [ad2b7cd][0m
[0;32mI (711) phy_init: phy_version 4670,719f9f6,Feb 18 2021,17:07:07[0m
[0;32mI (1131) GATTS_DEMO: REGISTER_APP_EVT, status 0, app_id 0
[0m
[0;32mI (1151) GATTS_DEMO: CREATE_SERVICE_EVT, status 0,  service_handle 40
[0m
[0;32mI (1151) GATTS_DEMO: REGISTER_APP_EVT, status 0, app_id 1
[0m
[0;32mI (1151) SDCARD: Initializing SD card[0m
[0;32mI (1151) SDCARD: Using SPI peripheral[0m
[0;32mI (1161) main_task: Returned from app_main()[0m
[0;32mI (1171) GATTS_DEMO: SERVICE_START_EVT, status 0, service_handle 40
[0m
[0;32mI (1161) SDCARD: Mounting filesystem[0m
[0;32mI (1171) GATTS_DEMO: ADD_CHAR_EVT, status 0,  attr_handle 42, service_handle 40
[0m
[0;32mI (1171) gpio: GPIO[13]| InputEn: 0| OutputEn: 1| OpenDrain: 0| Pullup: 0| Pulldown: 0| Intr:0 [0m
[0;32mI (1181) GATTS_DEMO: the gatts demo char length = 3
[0m
[0;32mI (1201) GATTS_DEMO: prf_char[0] =11
[0m
[0;32mI (1201) GATTS_DEMO: prf_char[1] =22
[0m
[0;32mI (1211) GATTS_DEMO: prf_char[2] =33
[0m
[0;32mI (1211) GATTS_DEMO: CREATE_SERVICE_EVT, status 0,  service_handle 44
[0m
[0;31mE (1211) vfs_fat_sdmmc: sdmmc_card_init failed (0x107).[0m
[0;32mI (1221) GATTS_DEMO: ADD_DESCR_EVT, status 0, attr_handle 43, service_handle 40
[0m
[0;32mI (1221) gpio: GPIO[13]| InputEn: 1| OutputEn: 0| OpenDrain: 0| Pullup: 0| Pulldown: 0| Intr:0 [0m
[0;32mI (1231) GATTS_DEMO: SERVICE_START_EVT, status 0, service_handle 44
[0m
[0;31mE (1241) SDCARD: Failed to initialize the card (ESP_ERR_TIMEOUT). Make sure SD card lines have pull-up resistors in place.[0m
[0;32mI (1251) GATTS_DEMO: ADD_CHAR_EVT, status 0,  attr_handle 46, service_handle 44
[0m
[0;32mI (1261) SDCARD: Filesystem mounted[0m
[0;32mI (1271) GATTS_DEMO: the gatts demo char length = 3
[0m
Guru Meditation Error: Core  1 panic'ed (LoadProhibited). Exception was unhandled.

Core  1 register dump:
PC      : 0x400014fd  PS      : 0x00060d30  A0      : 0x801502e2  A1      : 0x3ffd08f0  
A2      : 0x0000004c  A3      : 0x00000048  A4      : 0x000000ff  A5      : 0x0000ff00  
A6      : 0x00ff0000  A7      : 0xff000000  A8      : 0x00000000  A9      : 0x3ffd08b0  
A10     : 0x3ffd08d0  A11     : 0x00060723  A12     : 0x00060720  A13     : 0x00000010  
A14     : 0x00ff0000  A15     : 0xff000000  SAR     : 0x00000004  EXCCAUSE: 0x0000001c  
EXCVADDR: 0x0000004c  LBEG    : 0x400014fd  LEND    : 0x4000150d  LCOUNT  : 0xffffffff  


Backtrace: 0x400014fa:0x3ffd08f0 0x401502df:0x3ffd0900 0x401455d5:0x3ffd0c20 0x400deb87:0x3ffd0c70 0x400d7b2d:0x3ffd0cb0 0x400d7b3a:0x3ffd0d30 0x40095279:0x3ffd0d50




ELF file SHA256: f89a04ceeef545cd

Rebooting...
ets Jul 29 2019 12:21:46

rst:0xc (SW_CPU_RESET),boot:0x13 (SPI_FAST_FLASH_BOOT)
configsip: 0, SPIWP:0xee
clk_drv:0x00,q_drv:0x00,d_drv:0x00,cs0_drv:0x00,hd_drv:0x00,wp_drv:0x00
mode:DIO, clock div:2
load:0x3fff0030,len:7084
ho 0 tail 12 room 4
load:0x40078000,len:15576
ho 0 tail 12 room 4
load:0x40080400,len:4
load:0x40080404,len:3876
entry 0x4008064c
[0;32mI (32) boot: ESP-IDF v5.1-dirty 2nd stage bootloader[0m
[0;32mI (33) boot: compile time May 21 2024 12:53:41[0m
[0;32mI (33) boot: Multicore bootloader[0m
[0;32mI (37) boot: chip revision: v3.1[0m
[0;32mI (41) boot.esp32: SPI Speed      : 40MHz[0m
[0;32mI (46) boot.esp32: SPI Mode       : DIO[0m
[0;32mI (50) boot.esp32: SPI Flash Size : 2MB[0m
[0;32mI (55) boot: Enabling RNG early entropy source...[0m
[0;32mI (60) boot: Partition Table:[0m
[0;32mI (64) boot: ## Label            Usage          Type ST Offset   Length[0m
[0;32mI (71) boot:  0 nvs              WiFi data        01 02 00009000 00006000[0m
[0;32mI (79) boot:  1 phy_init         RF data          01 01 0000f000 00001000[0m
[0;32mI (86) boot:  2 factory          factory app      00 00 00010000 00100000[0m
[0;32mI (94) boot: End of partition table[0m
[0;32mI (98) esp_image: segment 0: paddr=00010020 vaddr=3f400020 size=25794h (153492) map[0m
[0;32mI (162) esp_image: segment 1: paddr=000357bc vaddr=3ffbdb60 size=0476ch ( 18284) load[0m
[0;32mI (169) esp_image: segment 2: paddr=00039f30 vaddr=40080000 size=060e8h ( 24808) load[0m
[0;32mI (180) esp_image: segment 3: paddr=00040020 vaddr=400d0020 size=8f548h (587080) map[0m
[0;32mI (392) esp_image: segment 4: paddr=000cf570 vaddr=400860e8 size=147ach ( 83884) load[0m
[0;32mI (440) boot: Loaded app from partition at offset 0x10000[0m
[0;32mI (441) boot: Disabling RNG early entropy source...[0m
[0;32mI (452) cpu_start: Multicore app[0m
[0;32mI (452) cpu_start: Pro cpu up.[0m
[0;32mI (453) cpu_start: Starting app cpu, entry point is 0x40081544[0m
[0;32mI (439) cpu_start: App cpu up.[0m
[0;32mI (470) cpu_start: Pro cpu start user code[0m
[0;32mI (470) cpu_start: cpu freq: 160000000 Hz[0m
[0;32mI (471) cpu_start: Application information:[0m
[0;32mI (475) cpu_start: Project name:     Potentio_ESP[0m
[0;32mI (481) cpu_start: App version:      b1d72289b-dirty[0m
[0;32mI (486) cpu_start: Compile time:     Jun 17 2024 14:16:29[0m
[0;32mI (492) cpu_start: ELF file SHA256:  f89a04ceeef545cd...[0m
[0;32mI (498) cpu_start: ESP-IDF:          v5.1-dirty[0m
[0;32mI (504) cpu_start: Min chip rev:     v0.0[0m
[0;32mI (508) cpu_start: Max chip rev:     v3.99 [0m
[0;32mI (513) cpu_start: Chip rev:         v3.1[0m
[0;32mI (518) heap_init: Initializing. RAM available for dynamic allocation:[0m
[0;32mI (525) heap_init: At 3FFAFF10 len 000000F0 (0 KiB): DRAM[0m
[0;32mI (531) heap_init: At 3FFB6388 len 00001C78 (7 KiB): DRAM[0m
[0;32mI (537) heap_init: At 3FFB9A20 len 00004108 (16 KiB): DRAM[0m
[0;32mI (543) heap_init: At 3FFC7C60 len 000183A0 (96 KiB): DRAM[0m
[0;32mI (549) heap_init: At 3FFE0440 len 00003AE0 (14 KiB): D/IRAM[0m
[0;32mI (556) heap_init: At 3FFE4350 len 0001BCB0 (111 KiB): D/IRAM[0m
[0;32mI (562) heap_init: At 4009A894 len 0000576C (21 KiB): IRAM[0m
[0;32mI (570) spi_flash: detected chip: generic[0m
[0;32mI (573) spi_flash: flash io: dio[0m
[0;33mW (577) spi_flash: Detected size(16384k) larger than the size in the binary image header(2048k). Using the size in the binary image header.[0m
[0;32mI (591) coexist: coex firmware version: ebddf30[0m
[0;32mI (596) app_start: Starting scheduler on CPU0[0m
[0;32m[0;32mI (601) app_start: Starting scheduler on CPU1[0m
I (601) main_task: Started on CPU0[0m
[0;32mI (611) main_task: Calling app_main()[0m
========================================================= 
.______     ______   .___________. _______ .__   __. .___________. __    ______        _______.___________.    ___   .___________.     
|   _  \  /  __   \ |            ||   ____||  \ |  | |           ||  |  /  __  \      /       |           |   /   \  |           |     
|  |_)  | |  |  |  | `---|  |----`|  |__   |   \|  | `---|  |----`|  | |  |  |  |    |   (----`---|  |----`  /  ^  \ `---|  |----`     
|   ___/  |  |  |  |     |  |     |   __|  |  . `  |     |  |     |  | |  |  |  |     \   \       |  |      /  /_\  \    |  |          
|  |      |  `--'  |     |  |     |  |____ |  |\   |     |  |     |  | |  `--'  | .----)   |      |  |     /  _____  \   |  |          
| _|       \______/      |__|     |_______||__| \__|     |__|     |__|  \______/  |_______/       |__|    /__/     \__\  |__|          
========================================================= 
[0;32mI (701) BTDM_INIT: BT controller compile version [ad2b7cd][0m
[0;32mI (711) phy_init: phy_version 4670,719f9f6,Feb 18 2021,17:07:07[0m
[0;32mI (1141) GATTS_DEMO: REGISTER_APP_EVT, status 0, app_id 0
[0m
[0;32mI (1151) GATTS_DEMO: CREATE_SERVICE_EVT, status 0,  service_handle 40
[0m
[0;32mI (1151) GATTS_DEMO: REGISTER_APP_EVT, status 0, app_id 1
[0m
[0;32mI (1151) SDCARD: Initializing SD card[0m
[0;32mI (1161) SDCARD: Using SPI peripheral[0m
[0;32mI (1161) main_task: Returned from app_main()[0m
[0;32mI (1171) GATTS_DEMO: SERVICE_START_EVT, status 0, service_handle 40
[0m
[0;32mI (1161) SDCARD: Mounting filesystem[0m
[0;32mI (1171) GATTS_DEMO: ADD_CHAR_EVT, status 0,  attr_handle 42, service_handle 40
[0m
[0;32mI (1181) gpio: GPIO[13]| InputEn: 0| OutputEn: 1| OpenDrain: 0| Pullup: 0| Pulldown: 0| Intr:0 [0m
[0;32mI (1191) GATTS_DEMO: the gatts demo char length = 3
[0m
[0;32mI (1201) GATTS_DEMO: prf_char[0] =11
[0m
[0;32mI (1211) GATTS_DEMO: prf_char[1] =22
[0m
[0;32mI (1211) GATTS_DEMO: prf_char[2] =33
[0m
[0;32mI (1211) GATTS_DEMO: CREATE_SERVICE_EVT, status 0,  service_handle 44
[0m
[0;31mE (1221) vfs_fat_sdmmc: sdmmc_card_init failed (0x107).[0m
[0;32mI (1231) GATTS_DEMO: ADD_DESCR_EVT, status 0, attr_handle 43, service_handle 40
[0m
[0;32mI (1231) gpio: GPIO[13]| InputEn: 1| OutputEn: 0| OpenDrain: 0| Pullup: 0| Pulldown: 0| Intr:0 [0m
[0;32mI (1241) GATTS_DEMO: SERVICE_START_EVT, status 0, service_handle 44
[0m
[0;31mE (1251) SDCARD: Failed to initialize the card (ESP_ERR_TIMEOUT). Make sure SD card lines have pull-up resistors in place.[0m
[0;32mI (1251) GATTS_DEMO: ADD_CHAR_EVT, status 0,  attr_handle 46, service_handle 44
[0m
[0;32mI (1261) SDCARD: Filesystem mounted[0m
[0;32mI (1271) GATTS_DEMO: the gatts demo char length = 3
[0m
Guru Meditation Error: Core  1 panic'ed (LoadProhibited). Exception was unhandled.

Core  1 register dump:
PC      : 0x400014fd  PS      : 0x00060330  A0      : 0x801502e2  A1      : 0x3ffd0920  
A2      : 0x0000004c  A3      : 0x00000048  A4      : 0x000000ff  A5      : 0x0000ff00  
A6      : 0x00ff0000  A7      : 0xff000000  A8      : 0x00000000  A9      : 0x3ffd08e0  
A10     : 0x3ffd0900  A11     : 0x00060d23  A12     : 0x00060d20  A13     : 0x00000010  
A14     : 0x00ff0000  A15     : 0xff000000  SAR     : 0x00000004  EXCCAUSE: 0x0000001c  
EXCVADDR: 0x0000004c  LBEG    : 0x400014fd  LEND    : 0x4000150d  LCOUNT  : 0xffffffff  


Backtrace: 0x400014fa:0x3ffd0920 0x401502df:0x3ffd0930 0x401455d5:0x3ffd0c50 0x400deb87:0x3ffd0ca0 0x400d7b2d:0x3ffd0ce0 0x400d7b3a:0x3ffd0d60 0x40095279:0x3ffd0d80




ELF file SHA256: f89a04ceeef545cd

Rebooting...
ets Jul 29 2019 12:21:46

rst:0xc (SW_CPU_RESET),boot:0x13 (SPI_FAST_FLASH_BOOT)
configsip: 0, SPIWP:0xee
clk_drv:0x00,q_drv:0x00,d_drv:0x00,cs0_drv:0x00,hd_drv:0x00,wp_drv:0x00
mode:DIO, clock div:2
load:0x3fff0030,len:7084
ho 0 tail 12 room 4
load:0x40078000,len:15576
ho 0 tail 12 room 4
load:0x40080400,len:4
load:0x40080404,len:3876
entry 0x4008064c
[0;32mI (32) boot: ESP-IDF v5.1-dirty 2nd stage bootloader[0m
[0;32mI (33) boot: compile time May 21 2024 12:53:41[0m
[0;32mI (33) boot: Multicore bootloader[0m
[0;32mI (37) boot: chip revision: v3.1[0m
[0;32mI (41) boot.esp32: SPI Speed      : 40MHz[0m
[0;32mI (46) boot.esp32: SPI Mode       : DIO[0m
[0;32mI (50) boot.esp32: SPI Flash Size : 2MB[0m
[0;32mI (55) boot: Enabling RNG early entropy source...[0m
[0;32mI (60) boot: Partition Table:[0m
[0;32mI (64) boot: ## Label            Usage          Type ST Offset   Length[0m
[0;32mI (71) boot:  0 nvs              WiFi data        01 02 00009000 00006000[0m
[0;32mI (79) boot:  1 phy_init         RF data          01 01 0000f000 00001000[0m
[0;32mI (86) boot:  2 factory          factory app      00 00 00010000 00100000[0m
[0;32mI (94) boot: End of partition table[0m
[0;32mI (98) esp_image: segment 0: paddr=00010020 vaddr=3f400020 size=25794h (153492) map[0m
[0;32mI (162) esp_image: segment 1: paddr=000357bc vaddr=3ffbdb60 size=0476ch ( 18284) load[0m
[0;32mI (169) esp_image: segment 2: paddr=00039f30 vaddr=40080000 size=060e8h ( 24808) load[0m
[0;32mI (180) esp_image: segment 3: paddr=00040020 vaddr=400d0020 size=8f548h (587080) map[0m
[0;32mI (392) esp_image: segment 4: paddr=000cf570 vaddr=400860e8 size=147ach ( 83884) load[0m
[0;32mI (440) boot: Loaded app from partition at offset 0x10000[0m
[0;32mI (441) boot: Disabling RNG early entropy source...[0m
[0;32mI (452) cpu_start: Multicore app[0m
[0;32mI (452) cpu_start: Pro cpu up.[0m
[0;32mI (453) cpu_start: Starting app cpu, entry point is 0x40081544[0m
[0;32mI (439) cpu_start: App cpu up.[0m
[0;32mI (470) cpu_start: Pro cpu start user code[0m
[0;32mI (470) cpu_start: cpu freq: 160000000 Hz[0m
[0;32mI (471) cpu_start: Application information:[0m
[0;32mI (475) cpu_start: Project name:     Potentio_ESP[0m
[0;32mI (481) cpu_start: App version:      b1d72289b-dirty[0m
[0;32mI (486) cpu_start: Compile time:     Jun 17 2024 14:16:29[0m
[0;32mI (492) cpu_start: ELF file SHA256:  f89a04ceeef545cd...[0m
[0;32mI (498) cpu_start: ESP-IDF:          v5.1-dirty[0m
[0;32mI (504) cpu_start: Min chip rev:     v0.0[0m
[0;32mI (508) cpu_start: Max chip rev:     v3.99 [0m
[0;32mI (513) cpu_start: Chip rev:         v3.1[0m
[0;32mI (518) heap_init: Initializing. RAM available for dynamic allocation:[0m
[0;32mI (525) heap_init: At 3FFAFF10 len 000000F0 (0 KiB): DRAM[0m
[0;32mI (531) heap_init: At 3FFB6388 len 00001C78 (7 KiB): DRAM[0m
[0;32mI (537) heap_init: At 3FFB9A20 len 00004108 (16 KiB): DRAM[0m
[0;32mI (543) heap_init: At 3FFC7C60 len 000183A0 (96 KiB): DRAM[0m
[0;32mI (549) heap_init: At 3FFE0440 len 00003AE0 (14 KiB): D/IRAM[0m
[0;32mI (556) heap_init: At 3FFE4350 len 0001BCB0 (111 KiB): D/IRAM[0m
[0;32mI (562) heap_init: At 4009A894 len 0000576C (21 KiB): IRAM[0m
[0;32mI (570) spi_flash: detected chip: generic[0m
[0;32mI (573) spi_flash: flash io: dio[0m
[0;33mW (577) spi_flash: Detected size(16384k) larger than the size in the binary image header(2048k). Using the size in the binary image header.[0m
[0;32mI (591) coexist: coex firmware version: ebddf30[0m
[0;32mI (596) app_start: Starting scheduler on CPU0[0m
[0;32m[0;32mI (601) app_start: Starting scheduler on CPU1[0m
I (601) main_task: Started on CPU0[0m
[0;32mI (611) main_task: Calling app_main()[0m
========================================================= 
.______     ______   .___________. _______ .__   __. .___________. __    ______        _______.___________.    ___   .___________.     
|   _  \  /  __   \ |            ||   ____||  \ |  | |           ||  |  /  __  \      /       |           |   /   \  |           |     
|  |_)  | |  |  |  | `---|  |----`|  |__   |   \|  | `---|  |----`|  | |  |  |  |    |   (----`---|  |----`  /  ^  \ `---|  |----`     
|   ___/  |  |  |  |     |  |     |   __|  |  . `  |     |  |     |  | |  |  |  |     \   \       |  |      /  /_\  \    |  |          
|  |      |  `--'  |     |  |     |  |____ |  |\   |     |  |     |  | |  `--'  | .----)   |      |  |     /  _____  \   |  |          
| _|       \______/      |__|     |_______||__| \__|     |__|     |__|  \______/  |_______/       |__|    /__/     \__\  |__|          
========================================================= 
[0;32mI (701) BTDM_INIT: BT controller compile version [ad2b7cd][0m
[0;32mI (711) phy_init: phy_version 4670,719f9f6,Feb 18 2021,17:07:07[0m
[0;32mI (1131) GATTS_DEMO: REGISTER_APP_EVT, status 0, app_id 0
[0m
[0;32mI (1141) GATTS_DEMO: CREATE_SERVICE_EVT, status 0,  service_handle 40
[0m
[0;32mI (1141) GATTS_DEMO: REGISTER_APP_EVT, status 0, app_id 1
[0m
[0;32mI (1141) SDCARD: Initializing SD card[0m
[0;32mI (1151) SDCARD: Using SPI peripheral[0m
[0;32mI (1151) SDCARD: Mounting filesystem[0m
[0;32mI (1161) GATTS_DEMO: SERVICE_START_EVT, status 0, service_handle 40
[0m
[0;32mI (1161) gpio: GPIO[13]| InputEn: 0| OutputEn: 1| OpenDrain: 0| Pullup: 0| Pulldown: 0| Intr:0 [0m
[0;32mI (1161) GATTS_DEMO: ADD_CHAR_EVT, status 0,  attr_handle 42, service_handle 40
[0m
[0;32mI (1181) GATTS_DEMO: the gatts demo char length = 3
[0m
[0;32mI (1191) GATTS_DEMO: prf_char[0] =11
[0m
[0;32mI (1191) GATTS_DEMO: prf_char[1] =22
[0m
[0;31mE (1191) vfs_fat_sdmmc: sdmmc_card_init failed (0x107).[0m
[0;32mI (1191) GATTS_DEMO: prf_char[2] =33
[0m
[0;32mI (1201) gpio: GPIO[13]| InputEn: 1| OutputEn: 0| OpenDrain: 0| Pullup: 0| Pulldown: 0| Intr:0 [0m
[0;32mI (1201) GATTS_DEMO: CREATE_SERVICE_EVT, status 0,  service_handle 44
[0m
[0;31mE (1211) SDCARD: Failed to initialize the card (ESP_ERR_TIMEOUT). Make sure SD card lines have pull-up resistors in place.[0m
[0;32mI (1221) GATTS_DEMO: ADD_DESCR_EVT, status 0, attr_handle 43, service_handle 40
[0m
[0;32mI (1231) SDCARD: Filesystem mounted[0m
[0;32mI (1241) GATTS_DEMO: SERVICE_START_EVT, status 0, service_handle 44
[0m
Guru Meditation Error: Core  1 panic'ed (LoadProhibited). Exception was unhandled.

Core  1 register dump:
PC      : 0x400014fd  PS      : 0x00060930  A0      : 0x801502e2  A1      : 0x3ffd0920  
A2      : 0x0000004c  A3      : 0x00000048  A4      : 0x000000ff  A5      : 0x0000ff00  
A6      : 0x00ff0000  A7      : 0xff000000  A8      : 0x00000000  A9      : 0x3ffd08e0  
A10     : 0x3ffd0900  A11     : 0x00060323  A12     : 0x00060320  A13     : 0x00000010  
A14     : 0x00ff0000  A15     : 0xff000000  SAR     : 0x00000004  EXCCAUSE: 0x0000001c  
EXCVADDR: 0x0000004c  LBEG    : 0x400014fd  LEND    : 0x4000150d  LCOUNT  : 0xffffffff  


Backtrace: 0x400014fa:0x3ffd0920 0x401502df:0x3ffd0930 0x401455d5:0x3ffd0c50 0x400deb87:0x3ffd0ca0 0x400d7b2d:0x3ffd0ce0 0x400d7b3a:0x3ffd0d60 0x40095279:0x3ffd0d80




ELF file SHA256: f89a04ceeef545cd

Rebooting...
ets Jul 29 2019 12:21:46

rst:0xc (SW_CPU_RESET),boot:0x13 (SPI_FAST_FLASH_BOOT)
configsip: 0, SPIWP:0xee
clk_drv:0x00,q_drv:0x00,d_drv:0x00,cs0_drv:0x00,hd_drv:0x00,wp_drv:0x00
mode:DIO, clock div:2
load:0x3fff0030,len:7084
ho 0 tail 12 room 4
load:0x40078000,len:15576
ho 0 tail 12 room 4
load:0x40080400,len:4
load:0x40080404,len:3876
entry 0x4008064c
[0;32mI (32) boot: ESP-IDF v5.1-dirty 2nd stage bootloader[0m
[0;32mI (33) boot: compile time May 21 2024 12:53:41[0m
[0;32mI (33) boot: Multicore bootloader[0m
[0;32mI (37) boot: chip revision: v3.1[0m
[0;32mI (41) boot.esp32: SPI Speed      : 40MHz[0m
[0;32mI (46) boot.esp32: SPI Mode       : DIO[0m
[0;32mI (50) boot.esp32: SPI Flash Size : 2MB[0m
[0;32mI (55) boot: Enabling RNG early entropy source...[0m
[0;32mI (60) boot: Partition Table:[0m
[0;32mI (64) boot: ## Label            Usage          Type ST Offset   Length[0m
[0;32mI (71) boot:  0 nvs              WiFi data        01 02 00009000 00006000[0m
[0;32mI (79) boot:  1 phy_init         RF data          01 01 0000f000 00001000[0m
[0;32mI (86) boot:  2 factory          factory app      00 00 00010000 00100000[0m
[0;32mI (94) boot: End of partition table[0m
[0;32mI (98) esp_image: segment 0: paddr=00010020 vaddr=3f400020 size=25794h (153492) map[0m
[0;32mI (162) esp_image: segment 1: paddr=000357bc vaddr=3ffbdb60 size=0476ch ( 18284) load[0m
[0;32mI (169) esp_image: segment 2: paddr=00039f30 vaddr=40080000 size=060e8h ( 24808) load[0m
[0;32mI (180) esp_image: segment 3: paddr=00040020 vaddr=400d0020 size=8f548h (587080) map[0m
[0;32mI (392) esp_image: segment 4: paddr=000cf570 vaddr=400860e8 size=147ach ( 83884) load[0m
[0;32mI (440) boot: Loaded app from partition at offset 0x10000[0m
[0;32mI (441) boot: Disabling RNG early entropy source...[0m
[0;32mI (452) cpu_start: Multicore app[0m
[0;32mI (452) cpu_start: Pro cpu up.[0m
[0;32mI (453) cpu_start: Starting app cpu, entry point is 0x40081544[0m
[0;32mI (439) cpu_start: App cpu up.[0m
[0;32mI (470) cpu_start: Pro cpu start user code[0m
[0;32mI (470) cpu_start: cpu freq: 160000000 Hz[0m
[0;32mI (471) cpu_start: Application information:[0m
[0;32mI (475) cpu_start: Project name:     Potentio_ESP[0m
[0;32mI (481) cpu_start: App version:      b1d72289b-dirty[0m
[0;32mI (486) cpu_start: Compile time:     Jun 17 2024 14:16:29[0m
[0;32mI (492) cpu_start: ELF file SHA256:  f89a04ceeef545cd...[0m
[0;32mI (498) cpu_start: ESP-IDF:          v5.1-dirty[0m
[0;32mI (504) cpu_start: Min chip rev:     v0.0[0m
[0;32mI (508) cpu_start: Max chip rev:     v3.99 [0m
[0;32mI (513) cpu_start: Chip rev:         v3.1[0m
[0;32mI (518) heap_init: Initializing. RAM available for dynamic allocation:[0m
[0;32mI (525) heap_init: At 3FFAFF10 len 000000F0 (0 KiB): DRAM[0m
[0;32mI (531) heap_init: At 3FFB6388 len 00001C78 (7 KiB): DRAM[0m
[0;32mI (537) heap_init: At 3FFB9A20 len 00004108 (16 KiB): DRAM[0m
[0;32mI (543) heap_init: At 3FFC7C60 len 000183A0 (96 KiB): DRAM[0m
[0;32mI (549) heap_init: At 3FFE0440 len 00003AE0 (14 KiB): D/IRAM[0m
[0;32mI (556) heap_init: At 3FFE4350 len 0001BCB0 (111 KiB): D/IRAM[0m
[0;32mI (562) heap_init: At 4009A894 len 0000576C (21 KiB): IRAM[0m
[0;32mI (570) spi_flash: detected chip: generic[0m
[0;32mI (573) spi_flash: flash io: dio[0m
[0;33mW (577) spi_flash: Detected size(16384k) larger than the size in the binary image header(2048k). Using the size in the binary image header.[0m
[0;32mI (591) coexist: coex firmware version: ebddf30[0m
[0;32mI (596) app_start: Starting scheduler on CPU0[0m
[0;32m[0;32mI (601) app_start: Starting scheduler on CPU1[0m
I (601) main_task: Started on CPU0[0m
[0;32mI (611) main_task: Calling app_main()[0m
========================================================= 
.______     ______   .___________. _______ .__   __. .___________. __    ______        _______.___________.    ___   .___________.     
|   _  \  /  __   \ |            ||   ____||  \ |  | |           ||  |  /  __  \      /       |           |   /   \  |           |     
|  |_)  | |  |  |  | `---|  |----`|  |__   |   \|  | `---|  |----`|  | |  |  |  |    |   (----`---|  |----`  /  ^  \ `---|  |----`     
|   ___/  |  |  |  |     |  |     |   __|  |  . `  |     |  |     |  | |  |  |  |     \   \       |  |      /  /_\  \    |  |          
|  |      |  `--'  |     |  |     |  |____ |  |\   |     |  |     |  | |  `--'  | .----)   |      |  |     /  _____  \   |  |          
| _|       \______/      |__|     |_______||__| \__|     |__|     |__|  \______/  |_______/       |__|    /__/     \__\  |__|          
========================================================= 
[0;32mI (701) BTDM_INIT: BT controller compile version [ad2b7cd][0m
[0;32mI (711) phy_init: phy_version 4670,719f9f6,Feb 18 2021,17:07:07[0m
[0;32mI (1131) GATTS_DEMO: REGISTER_APP_EVT, status 0, app_id 0
[0m
[0;32mI (1141) GATTS_DEMO: CREATE_SERVICE_EVT, status 0,  service_handle 40
[0m
[0;32mI (1151) GATTS_DEMO: REGISTER_APP_EVT, status 0, app_id 1
[0m
[0;32mI (1151) SDCARD: Initializing SD card[0m
[0;32mI (1151) SDCARD: Using SPI peripheral[0m
[0;32mI (1161) SDCARD: Mounting filesystem[0m
[0;32mI (1171) GATTS_DEMO: SERVICE_START_EVT, status 0, service_handle 40
[0m
[0;32mI (1171) GATTS_DEMO: ADD_CHAR_EVT, status 0,  attr_handle 42, service_handle 40
[0m
[0;32mI (1171) gpio: GPIO[13]| InputEn: 0| OutputEn: 1| OpenDrain: 0| Pullup: 0| Pulldown: 0| Intr:0 [0m
[0;32mI (1181) GATTS_DEMO: the gatts demo char length = 3
[0m
[0;32mI (1191) GATTS_DEMO: prf_char[0] =11
[0m
[0;32mI (1201) GATTS_DEMO: prf_char[1] =22
[0m
[0;32mI (1201) GATTS_DEMO: prf_char[2] =33
[0m
[0;32mI (1201) GATTS_DEMO: CREATE_SERVICE_EVT, status 0,  service_handle 44
[0m
[0;31mE (1211) vfs_fat_sdmmc: sdmmc_card_init failed (0x107).[0m
[0;32mI (1211) GATTS_DEMO: ADD_DESCR_EVT, status 0, attr_handle 43, service_handle 40
[0m
[0;32mI (1221) gpio: GPIO[13]| InputEn: 1| OutputEn: 0| OpenDrain: 0| Pullup: 0| Pulldown: 0| Intr:0 [0m
[0;32mI (1231) GATTS_DEMO: SERVICE_START_EVT, status 0, service_handle 44
[0m
[0;31mE (1231) SDCARD: Failed to initialize the card (ESP_ERR_TIMEOUT). Make sure SD card lines have pull-up resistors in place.[0m
[0;32mI (1241) GATTS_DEMO: ADD_CHAR_EVT, status 0,  attr_handle 46, service_handle 44
[0m
[0;32mI (1251) SDCARD: Filesystem mounted[0m
[0;32mI (1261) GATTS_DEMO: the gatts demo char length = 3
[0m
Guru Meditation Error: Core  1 panic'ed (LoadProhibited). Exception was unhandled.

Core  1 register dump:
PC      : 0x400014fd  PS      : 0x00060130  A0      : 0x801502e2  A1      : 0x3ffd08f0  
A2      : 0x0000004c  A3      : 0x00000048  A4      : 0x000000ff  A5      : 0x0000ff00  
A6      : 0x00ff0000  A7      : 0xff000000  A8      : 0x00000000  A9      : 0x3ffd08b0  
A10     : 0x3ffd08d0  A11     : 0x00060b23  A12     : 0x00060b20  A13     : 0x00000010  
A14     : 0x00ff0000  A15     : 0xff000000  SAR     : 0x00000004  EXCCAUSE: 0x0000001c  
EXCVADDR: 0x0000004c  LBEG    : 0x400014fd  LEND    : 0x4000150d  LCOUNT  : 0xffffffff  


Backtrace: 0x400014fa:0x3ffd08f0 0x401502df:0x3ffd0900 0x401455d5:0x3ffd0c20 0x400deb87:0x3ffd0c70 0x400d7b2d:0x3ffd0cb0 0x400d7b3a:0x3ffd0d30 0x40095279:0x3ffd0d50




ELF file SHA256: f89a04ceeef545cd

Rebooting...
ets Jul 29 2019 12:21:46

rst:0xc (SW_CPU_RESET),boot:0x13 (SPI_FAST_FLASH_BOOT)
configsip: 0, SPIWP:0xee
clk_drv:0x00,q_drv:0x00,d_drv:0x00,cs0_drv:0x00,hd_drv:0x00,wp_drv:0x00
mode:DIO, clock div:2
load:0x3fff0030,len:7084
ho 0 tail 12 room 4
load:0x40078000,len:15576
ho 0 tail 12 room 4
load:0x40080400,len:4
load:0x40080404,len:3876
entry 0x4008064c
[0;32mI (32) boot: ESP-IDF v5.1-dirty 2nd stage bootloader[0m
[0;32mI (33) boot: compile time May 21 2024 12:53:41[0m
[0;32mI (33) boot: Multicore bootloader[0m
[0;32mI (37) boot: chip revision: v3.1[0m
[0;32mI (41) boot.esp32: SPI Speed      : 40MHz[0m
[0;32mI (46) boot.esp32: SPI Mode       : DIO[0m
[0;32mI (50) boot.esp32: SPI Flash Size : 2MB[0m
[0;32mI (55) boot: Enabling RNG early entropy source...[0m
[0;32mI (60) boot: Partition Table:[0m
[0;32mI (64) boot: ## Label            Usage          Type ST Offset   Length[0m
[0;32mI (71) boot:  0 nvs              WiFi data        01 02 00009000 00006000[0m
[0;32mI (79) boot:  1 phy_init         RF data          01 01 0000f000 00001000[0m
[0;32mI (86) boot:  2 factory          factory app      00 00 00010000 00100000[0m
[0;32mI (94) boot: End of partition table[0m
[0;32mI (98) esp_image: segment 0: paddr=00010020 vaddr=3f400020 size=25794h (153492) map[0m
[0;32mI (162) esp_image: segment 1: paddr=000357bc vaddr=3ffbdb60 size=0476ch ( 18284) load[0m
[0;32mI (169) esp_image: segment 2: paddr=00039f30 vaddr=40080000 size=060e8h ( 24808) load[0m
[0;32mI (180) esp_image: segment 3: paddr=00040020 vaddr=400d0020 size=8f548h (587080) map[0m
[0;32mI (392) esp_image: segment 4: paddr=000cf570 vaddr=400860e8 size=147ach ( 83884) load[0m
[0;32mI (440) boot: Loaded app from partition at offset 0x10000[0m
[0;32mI (441) boot: Disabling RNG early entropy source...[0m
[0;32mI (452) cpu_start: Multicore app[0m
[0;32mI (452) cpu_start: Pro cpu up.[0m
[0;32mI (453) cpu_start: Starting app cpu, entry point is 0x40081544[0m
[0;32mI (439) cpu_start: App cpu up.[0m
[0;32mI (470) cpu_start: Pro cpu start user code[0m
[0;32mI (470) cpu_start: cpu freq: 160000000 Hz[0m
[0;32mI (471) cpu_start: Application information:[0m
[0;32mI (475) cpu_start: Project name:     Potentio_ESP[0m
[0;32mI (481) cpu_start: App version:      b1d72289b-dirty[0m
[0;32mI (486) cpu_start: Compile time:     Jun 17 2024 14:16:29[0m
[0;32mI (492) cpu_start: ELF file SHA256:  f89a04ceeef545cd...[0m
[0;32mI (498) cpu_start: ESP-IDF:          v5.1-dirty[0m
[0;32mI (504) cpu_start: Min chip rev:     v0.0[0m
[0;32mI (508) cpu_start: Max chip rev:     v3.99 [0m
[0;32mI (513) cpu_start: Chip rev:         v3.1[0m
[0;32mI (518) heap_init: Initializing. RAM available for dynamic allocation:[0m
[0;32mI (525) heap_init: At 3FFAFF10 len 000000F0 (0 KiB): DRAM[0m
[0;32mI (531) heap_init: At 3FFB6388 len 00001C78 (7 KiB): DRAM[0m
[0;32mI (537) heap_init: At 3FFB9A20 len 00004108 (16 KiB): DRAM[0m
[0;32mI (543) heap_init: At 3FFC7C60 len 000183A0 (96 KiB): DRAM[0m
[0;32mI (549) heap_init: At 3FFE0440 len 00003AE0 (14 KiB): D/IRAM[0m
[0;32mI (556) heap_init: At 3FFE4350 len 0001BCB0 (111 KiB): D/IRAM[0m
[0;32mI (562) heap_init: At 4009A894 len 0000576C (21 KiB): IRAM[0m
[0;32mI (570) spi_flash: detected chip: generic[0m
[0;32mI (573) spi_flash: flash io: dio[0m
[0;33mW (577) spi_flash: Detected size(16384k) larger than the size in the binary image header(2048k). Using the size in the binary image header.[0m
[0;32mI (591) coexist: coex firmware version: ebddf30[0m
[0;32mI (596) app_start: Starting scheduler on CPU0[0m
[0;32m[0;32mI (601) app_start: Starting scheduler on CPU1[0m
I (601) main_task: Started on CPU0[0m
[0;32mI (611) main_task: Calling app_main()[0m
========================================================= 
.______     ______   .___________. _______ .__   __. .___________. __    ______        _______.___________.    ___   .___________.     
|   _  \  /  __   \ |            ||   ____||  \ |  | |           ||  |  /  __  \      /       |           |   /   \  |           |     
|  |_)  | |  |  |  | `---|  |----`|  |__   |   \|  | `---|  |----`|  | |  |  |  |    |   (----`---|  |----`  /  ^  \ `---|  |----`     
|   ___/  |  |  |  |     |  |     |   __|  |  . `  |     |  |     |  | |  |  |  |     \   \       |  |      /  /_\  \    |  |          
|  |      |  `--'  |     |  |     |  |____ |  |\   |     |  |     |  | |  `--'  | .----)   |      |  |     /  _____  \   |  |          
| _|       \______/      |__|     |_______||__| \__|     |__|     |__|  \______/  |_______/       |__|    /__/     \__\  |__|          
========================================================= 
[0;32mI (701) BTDM_INIT: BT controller compile version [ad2b7cd][0m
[0;32mI (711) phy_init: phy_version 4670,719f9f6,Feb 18 2021,17:07:07[0m
[0;32mI (1131) GATTS_DEMO: REGISTER_APP_EVT, status 0, app_id 0
[0m
[0;32mI (1141) GATTS_DEMO: CREATE_SERVICE_EVT, status 0,  service_handle 40
[0m
[0;32mI (1141) GATTS_DEMO: REGISTER_APP_EVT, status 0, app_id 1
[0m
[0;32mI (1151) SDCARD: Initializing SD card[0m
[0;32mI (1151) SDCARD: Using SPI peripheral[0m
[0;32mI (1151) main_task: Returned from app_main()[0m
[0;32mI (1161) GATTS_DEMO: SERVICE_START_EVT, status 0, service_handle 40
[0m
[0;32mI (1161) SDCARD: Mounting filesystem[0m
[0;32mI (1171) GATTS_DEMO: ADD_CHAR_EVT, status 0,  attr_handle 42, service_handle 40
[0m
[0;32mI (1171) gpio: GPIO[13]| InputEn: 0| OutputEn: 1| OpenDrain: 0| Pullup: 0| Pulldown: 0| Intr:0 [0m
[0;32mI (1181) GATTS_DEMO: the gatts demo char length = 3
[0m
[0;32mI (1201) GATTS_DEMO: prf_char[0] =11
[0m
[0;32mI (1201) GATTS_DEMO: prf_char[1] =22
[0m
[0;32mI (1201) GATTS_DEMO: prf_char[2] =33
[0m
[0;32mI (1211) GATTS_DEMO: CREATE_SERVICE_EVT, status 0,  service_handle 44
[0m
[0;31mE (1211) vfs_fat_sdmmc: sdmmc_card_init failed (0x107).[0m
[0;32mI (1221) GATTS_DEMO: ADD_DESCR_EVT, status 0, attr_handle 43, service_handle 40
[0m
[0;32mI (1221) gpio: GPIO[13]| InputEn: 1| OutputEn: 0| OpenDrain: 0| Pullup: 0| Pulldown: 0| Intr:0 [0m
[0;32mI (1231) GATTS_DEMO: SERVICE_START_EVT, status 0, service_handle 44
[0m
[0;31mE (1241) SDCARD: Failed to initialize the card (ESP_ERR_TIMEOUT). Make sure SD card lines have pull-up resistors in place.[0m
[0;32mI (1251) GATTS_DEMO: ADD_CHAR_EVT, status 0,  attr_handle 46, service_handle 44
[0m
[0;32mI (1261) SDCARD: Filesystem mounted[0m
[0;32mI (1271) GATTS_DEMO: the gatts demo char length = 3
[0m
Guru Meditation Error: Core  1 panic'ed (LoadProhibited). Exception was unhandled.

Core  1 register dump:
PC      : 0x400014fd  PS      : 0x00060f30  A0      : 0x801502e2  A1      : 0x3ffd0920  
A2      : 0x0000004c  A3      : 0x00000048  A4      : 0x000000ff  A5      : 0x0000ff00  
A6      : 0x00ff0000  A7      : 0xff000000  A8      : 0x00000000  A9      : 0x3ffd08e0  
A10     : 0x3ffd0900  A11     : 0x00060923  A12     : 0x00060920  A13     : 0x00000010  
A14     : 0x00ff0000  A15     : 0xff000000  SAR     : 0x00000004  EXCCAUSE: 0x0000001c  
EXCVADDR: 0x0000004c  LBEG    : 0x400014fd  LEND    : 0x4000150d  LCOUNT  : 0xffffffff  


Backtrace: 0x400014fa:0x3ffd0920 0x401502df:0x3ffd0930 0x401455d5:0x3ffd0c50 0x400deb87:0x3ffd0ca0 0x400d7b2d:0x3ffd0ce0 0x400d7b3a:0x3ffd0d60 0x40095279:0x3ffd0d80




ELF file SHA256: f89a04ceeef545cd

Rebooting...
ets Jul 29 2019 12:21:46

rst:0xc (SW_CPU_RESET),boot:0x13 (SPI_FAST_FLASH_BOOT)
configsip: 0, SPIWP:0xee
clk_drv:0x00,q_drv:0x00,d_drv:0x00,cs0_drv:0x00,hd_drv:0x00,wp_drv:0x00
mode:DIO, clock div:2
load:0x3fff0030,len:7084
ho 0 tail 12 room 4
load:0x40078000,len:15576
ho 0 tail 12 room 4
load:0x40080400,len:4
load:0x40080404,len:3876
entry 0x4008064c
[0;32mI (32) boot: ESP-IDF v5.1-dirty 2nd stage bootloader[0m
[0;32mI (33) boot: compile time May 21 2024 12:53:41[0m
[0;32mI (33) boot: Multicore bootloader[0m
[0;32mI (37) boot: chip revision: v3.1[0m
[0;32mI (41) boot.esp32: SPI Speed      : 40MHz[0m
[0;32mI (46) boot.esp32: SPI Mode       : DIO[0m
[0;32mI (50) boot.esp32: SPI Flash Size : 2MB[0m
[0;32mI (55) boot: Enabling RNG early entropy source...[0m
[0;32mI (60) boot: Partition Table:[0m
[0;32mI (64) boot: ## Label            Usage          Type ST Offset   Length[0m
[0;32mI (71) boot:  0 nvs              WiFi data        01 02 00009000 00006000[0m
[0;32mI (79) boot:  1 phy_init         RF data          01 01 0000f000 00001000[0m
[0;32mI (86) boot:  2 factory          factory app      00 00 00010000 00100000[0m
[0;32mI (94) boot: End of partition table[0m
[0;32mI (98) esp_image: segment 0: paddr=00010020 vaddr=3f400020 size=25794h (153492) map[0m
[0;32mI (162) esp_image: segment 1: paddr=000357bc vaddr=3ffbdb60 size=0476ch ( 18284) load[0m
[0;32mI (169) esp_image: segment 2: paddr=00039f30 vaddr=40080000 size=060e8h ( 24808) load[0m
[0;32mI (180) esp_image: segment 3: paddr=00040020 vaddr=400d0020 size=8f548h (587080) map[0m
[0;32mI (392) esp_image: segment 4: paddr=000cf570 vaddr=400860e8 size=147ach ( 83884) load[0m
[0;32mI (440) boot: Loaded app from partition at offset 0x10000[0m
[0;32mI (441) boot: Disabling RNG early entropy source...[0m
[0;32mI (452) cpu_start: Multicore app[0m
[0;32mI (452) cpu_start: Pro cpu up.[0m
[0;32mI (453) cpu_start: Starting app cpu, entry point is 0x40081544[0m
[0;32mI (439) cpu_start: App cpu up.[0m
[0;32mI (470) cpu_start: Pro cpu start user code[0m
[0;32mI (470) cpu_start: cpu freq: 160000000 Hz[0m
[0;32mI (471) cpu_start: Application information:[0m
[0;32mI (475) cpu_start: Project name:     Potentio_ESP[0m
[0;32mI (481) cpu_start: App version:      b1d72289b-dirty[0m
[0;32mI (486) cpu_start: Compile time:     Jun 17 2024 14:16:29[0m
[0;32mI (492) cpu_start: ELF file SHA256:  f89a04ceeef545cd...[0m
[0;32mI (498) cpu_start: ESP-IDF:          v5.1-dirty[0m
[0;32mI (504) cpu_start: Min chip rev:     v0.0[0m
[0;32mI (508) cpu_start: Max chip rev:     v3.99 [0m
[0;32mI (513) cpu_start: Chip rev:         v3.1[0m
[0;32mI (518) heap_init: Initializing. RAM available for dynamic allocation:[0m
[0;32mI (525) heap_init: At 3FFAFF10 len 000000F0 (0 KiB): DRAM[0m
[0;32mI (531) heap_init: At 3FFB6388 len 00001C78 (7 KiB): DRAM[0m
[0;32mI (537) heap_init: At 3FFB9A20 len 00004108 (16 KiB): DRAM[0m
[0;32mI (543) heap_init: At 3FFC7C60 len 000183A0 (96 KiB): DRAM[0m
[0;32mI (549) heap_init: At 3FFE0440 len 00003AE0 (14 KiB): D/IRAM[0m
[0;32mI (556) heap_init: At 3FFE4350 len 0001BCB0 (111 KiB): D/IRAM[0m
[0;32mI (562) heap_init: At 4009A894 len 0000576C (21 KiB): IRAM[0m
[0;32mI (570) spi_flash: detected chip: generic[0m
[0;32mI (573) spi_flash: flash io: dio[0m
[0;33mW (577) spi_flash: Detected size(16384k) larger than the size in the binary image header(2048k). Using the size in the binary image header.[0m
[0;32mI (591) coexist: coex firmware version: ebddf30[0m
[0;32mI (596) app_start: Starting scheduler on CPU0[0m
[0;32m[0;32mI (601) app_start: Starting scheduler on CPU1[0m
I (601) main_task: Started on CPU0[0m
[0;32mI (611) main_task: Calling app_main()[0m
========================================================= 
.______     ______   .___________. _______ .__   __. .___________. __    ______        _______.___________.    ___   .___________.     
|   _  \  /  __   \ |            ||   ____||  \ |  | |           ||  |  /  __  \      /       |           |   /   \  |           |     
|  |_)  | |  |  |  | `---|  |----`|  |__   |   \|  | `---|  |----`|  | |  |  |  |    |   (----`---|  |----`  /  ^  \ `---|  |----`     
|   ___/  |  |  |  |     |  |     |   __|  |  . `  |     |  |     |  | |  |  |  |     \   \       |  |      /  /_\  \    |  |          
|  |      |  `--'  |     |  |     |  |____ |  |\   |     |  |     |  | |  `--'  | .----)   |      |  |     /  _____  \   |  |          
| _|       \______/      |__|     |_______||__| \__|     |__|     |__|  \______/  |_______/       |__|    /__/     \__\  |__|          
========================================================= 
[0;32mI (701) BTDM_INIT: BT controller compile version [ad2b7cd][0m
[0;32mI (711) phy_init: phy_version 4670,719f9f6,Feb 18 2021,17:07:07[0m
[0;32mI (1131) GATTS_DEMO: REGISTER_APP_EVT, status 0, app_id 0
[0m
[0;32mI (1151) GATTS_DEMO: CREATE_SERVICE_EVT, status 0,  service_handle 40
[0m
[0;32mI (1151) GATTS_DEMO: REGISTER_APP_EVT, status 0, app_id 1
[0m
[0;32mI (1151) SDCARD: Initializing SD card[0m
[0;32mI (1151) SDCARD: Using SPI peripheral[0m
[0;32mI (1161) SDCARD: Mounting filesystem[0m
[0;32mI (1161) main_task: Returned from app_main()[0m
[0;32mI (1171) GATTS_DEMO: SERVICE_START_EVT, status 0, service_handle 40
[0m
[0;32mI (1161) gpio: GPIO[13]| InputEn: 0| OutputEn: 1| OpenDrain: 0| Pullup: 0| Pulldown: 0| Intr:0 [0m
[0;32mI (1171) GATTS_DEMO: ADD_CHAR_EVT, status 0,  attr_handle 42, service_handle 40
[0m
[0;32mI (1191) GATTS_DEMO: the gatts demo char length = 3
[0m
[0;32mI (1201) GATTS_DEMO: prf_char[0] =11
[0m
[0;31mE (1201) vfs_fat_sdmmc: sdmmc_card_init failed (0x107).[0m
[0;32mI (1201) GATTS_DEMO: prf_char[1] =22
[0m
[0;32mI (1211) gpio: GPIO[13]| InputEn: 1| OutputEn: 0| OpenDrain: 0| Pullup: 0| Pulldown: 0| Intr:0 [0m
[0;32mI (1211) GATTS_DEMO: prf_char[2] =33
[0m
[0;31mE (1221) SDCARD: Failed to initialize the card (ESP_ERR_TIMEOUT). Make sure SD card lines have pull-up resistors in place.[0m
[0;32mI (1231) GATTS_DEMO: CREATE_SERVICE_EVT, status 0,  service_handle 44
[0m
[0;32mI (1241) SDCARD: Filesystem mounted[0m
[0;32mI (1251) GATTS_DEMO: ADD_DESCR_EVT, status 0, attr_handle 43, service_handle 40
[0m
Guru Meditation Error: Core  1 panic'ed (LoadProhibited). Exception was unhandled.

Core  1 register dump:
PC      : 0x400014fd  PS      : 0x00060f30  A0      : 0x801502e2  A1      : 0x3ffd08f0  
A2      : 0x0000004c  A3      : 0x00000048  A4      : 0x000000ff  A5      : 0x0000ff00  
A6      : 0x00ff0000  A7      : 0xff000000  A8      : 0x00000000  A9      : 0x3ffd08b0  
A10     : 0x3ffd08d0  A11     : 0x00060923  A12     : 0x00060920  A13     : 0x00000010  
A14     : 0x00ff0000  A15     : 0xff000000  SAR     : 0x00000004  EXCCAUSE: 0x0000001c  
EXCVADDR: 0x0000004c  LBEG    : 0x400014fd  LEND    : 0x4000150d  LCOUNT  : 0xffffffff  


Backtrace: 0x400014fa:0x3ffd08f0 0x401502df:0x3ffd0900 0x401455d5:0x3ffd0c20 0x400deb87:0x3ffd0c70 0x400d7b2d:0x3ffd0cb0 0x400d7b3a:0x3ffd0d30 0x40095279:0x3ffd0d50




ELF file SHA256: f89a04ceeef545cd

Rebooting...
ets Jul 29 2019 12:21:46

rst:0xc (SW_CPU_RESET),boot:0x13 (SPI_FAST_FLASH_BOOT)
configsip: 0, SPIWP:0xee
clk_drv:0x00,q_drv:0x00,d_drv:0x00,cs0_drv:0x00,hd_drv:0x00,wp_drv:0x00
mode:DIO, clock div:2
load:0x3fff0030,len:7084
ho 0 tail 12 room 4
load:0x40078000,len:15576
ho 0 tail 12 room 4
load:0x40080400,len:4
load:0x40080404,len:3876
entry 0x4008064c
[0;32mI (32) boot: ESP-IDF v5.1-dirty 2nd stage bootloader[0m
[0;32mI (33) boot: compile time May 21 2024 12:53:41[0m
[0;32mI (33) boot: Multicore bootloader[0m
[0;32mI (37) boot: chip revision: v3.1[0m
[0;32mI (41) boot.esp32: SPI Speed      : 40MHz[0m
[0;32mI (46) boot.esp32: SPI Mode       : DIO[0m
[0;32mI (50) boot.esp32: SPI Flash Size : 2MB[0m
[0;32mI (55) boot: Enabling RNG early entropy source...[0m
[0;32mI (60) boot: Partition Table:[0m
[0;32mI (64) boot: ## Label            Usage          Type ST Offset   Length[0m
[0;32mI (71) boot:  0 nvs              WiFi data        01 02 00009000 00006000[0m
[0;32mI (79) boot:  1 phy_init         RF data          01 01 0000f000 00001000[0m
[0;32mI (86) boot:  2 factory          factory app      00 00 00010000 00100000[0m
[0;32mI (94) boot: End of partition table[0m
[0;32mI (98) esp_image: segment 0: paddr=00010020 vaddr=3f400020 size=25794h (153492) map[0m
[0;32mI (162) esp_image: segment 1: paddr=000357bc vaddr=3ffbdb60 size=0476ch ( 18284) load[0m
[0;32mI (169) esp_image: segment 2: paddr=00039f30 vaddr=40080000 size=060e8h ( 24808) load[0m
[0;32mI (180) esp_image: segment 3: paddr=00040020 vaddr=400d0020 size=8f548h (587080) map[0m
[0;32mI (392) esp_image: segment 4: paddr=000cf570 vaddr=400860e8 size=147ach ( 83884) load[0m
[0;32mI (440) boot: Loaded app from partition at offset 0x10000[0m
[0;32mI (441) boot: Disabling RNG early entropy source...[0m
[0;32mI (452) cpu_start: Multicore app[0m
[0;32mI (452) cpu_start: Pro cpu up.[0m
[0;32mI (453) cpu_start: Starting app cpu, entry point is 0x40081544[0m
[0;32mI (439) cpu_start: App cpu up.[0m
[0;32mI (470) cpu_start: Pro cpu start user code[0m
[0;32mI (470) cpu_start: cpu freq: 160000000 Hz[0m
[0;32mI (471) cpu_start: Application information:[0m
[0;32mI (475) cpu_start: Project name:     Potentio_ESP[0m
[0;32mI (481) cpu_start: App version:      b1d72289b-dirty[0m
[0;32mI (486) cpu_start: Compile time:     Jun 17 2024 14:16:29[0m
[0;32mI (492) cpu_start: ELF file SHA256:  f89a04ceeef545cd...[0m
[0;32mI (498) cpu_start: ESP-IDF:          v5.1-dirty[0m
[0;32mI (504) cpu_start: Min chip rev:     v0.0[0m
[0;32mI (508) cpu_start: Max chip rev:     v3.99 [0m
[0;32mI (513) cpu_start: Chip rev:         v3.1[0m
[0;32mI (518) heap_init: Initializing. RAM available for dynamic allocation:[0m
[0;32mI (525) heap_init: At 3FFAFF10 len 000000F0 (0 KiB): DRAM[0m
[0;32mI (531) heap_init: At 3FFB6388 len 00001C78 (7 KiB): DRAM[0m
[0;32mI (537) heap_init: At 3FFB9A20 len 00004108 (16 KiB): DRAM[0m
[0;32mI (543) heap_init: At 3FFC7C60 len 000183A0 (96 KiB): DRAM[0m
[0;32mI (549) heap_init: At 3FFE0440 len 00003AE0 (14 KiB): D/IRAM[0m
[0;32mI (556) heap_init: At 3FFE4350 len 0001BCB0 (111 KiB): D/IRAM[0m
[0;32mI (562) heap_init: At 4009A894 len 0000576C (21 KiB): IRAM[0m
[0;32mI (570) spi_flash: detected chip: generic[0m
[0;32mI (573) spi_flash: flash io: dio[0m
[0;33mW (577) spi_flash: Detected size(16384k) larger than the size in the binary image header(2048k). Using the size in the binary image header.[0m
[0;32mI (591) coexist: coex firmware version: ebddf30[0m
[0;32mI (596) app_start: Starting scheduler on CPU0[0m
[0;32m[0;32mI (601) app_start: Starting scheduler on CPU1[0m
I (601) main_task: Started on CPU0[0m
[0;32mI (611) main_task: Calling app_main()[0m
========================================================= 
.______     ______   .___________. _______ .__   __. .___________. __    ______        _______.___________.    ___   .___________.     
|   _  \  /  __   \ |            ||   ____||  \ |  | |           ||  |  /  __  \      /       |           |   /   \  |           |     
|  |_)  | |  |  |  | `---|  |----`|  |__   |   \|  | `---|  |----`|  | |  |  |  |    |   (----`---|  |----`  /  ^  \ `---|  |----`     
|   ___/  |  |  |  |     |  |     |   __|  |  . `  |     |  |     |  | |  |  |  |     \   \       |  |      /  /_\  \    |  |          
|  |      |  `--'  |     |  |     |  |____ |  |\   |     |  |     |  | |  `--'  | .----)   |      |  |     /  _____  \   |  |          
| _|       \______/      |__|     |_______||__| \__|     |__|     |__|  \______/  |_______/       |__|    /__/     \__\  |__|          
========================================================= 
[0;32mI (701) BTDM_INIT: BT controller compile version [ad2b7cd][0m
[0;32mI (711) phy_init: phy_version 4670,719f9f6,Feb 18 2021,17:07:07[0m
[0;32mI (1131) GATTS_DEMO: REGISTER_APP_EVT, status 0, app_id 0
[0m
[0;32mI (1141) GATTS_DEMO: CREATE_SERVICE_EVT, status 0,  service_handle 40
[0m
[0;32mI (1141) GATTS_DEMO: REGISTER_APP_EVT, status 0, app_id 1
[0m
[0;32mI (1151) SDCARD: Initializing SD card[0m
[0;32mI (1151) SDCARD: Using SPI peripheral[0m
[0;32mI (1151) main_task: Returned from app_main()[0m
[0;32mI (1161) GATTS_DEMO: SERVICE_START_EVT, status 0, service_handle 40
[0m
[0;32mI (1161) SDCARD: Mounting filesystem[0m
[0;32mI (1171) GATTS_DEMO: ADD_CHAR_EVT, status 0,  attr_handle 42, service_handle 40
[0m
[0;32mI (1171) gpio: GPIO[13]| InputEn: 0| OutputEn: 1| OpenDrain: 0| Pullup: 0| Pulldown: 0| Intr:0 [0m
[0;32mI (1181) GATTS_DEMO: the gatts demo char length = 3
[0m
[0;32mI (1201) GATTS_DEMO: prf_char[0] =11
[0m
[0;32mI (1201) GATTS_DEMO: prf_char[1] =22
[0m
[0;32mI (1201) GATTS_DEMO: prf_char[2] =33
[0m
[0;32mI (1211) GATTS_DEMO: CREATE_SERVICE_EVT, status 0,  service_handle 44
[0m
[0;31mE (1211) vfs_fat_sdmmc: sdmmc_card_init failed (0x107).[0m
[0;32mI (1221) GATTS_DEMO: ADD_DESCR_EVT, status 0, attr_handle 43, service_handle 40
[0m
[0;32mI (1221) gpio: GPIO[13]| InputEn: 1| OutputEn: 0| OpenDrain: 0| Pullup: 0| Pulldown: 0| Intr:0 [0m
[0;32mI (1231) GATTS_DEMO: SERVICE_START_EVT, status 0, service_handle 44
[0m
[0;31mE (1241) SDCARD: Failed to initialize the card (ESP_ERR_TIMEOUT). Make sure SD card lines have pull-up resistors in place.[0m
[0;32mI (1251) GATTS_DEMO: ADD_CHAR_EVT, status 0,  attr_handle 46, service_handle 44
[0m
[0;32mI (1261) SDCARD: Filesystem mounted[0m
[0;32mI (1271) GATTS_DEMO: the gatts demo char length = 3
[0m
Guru Meditation Error: Core  1 panic'ed (LoadProhibited). Exception was unhandled.

Core  1 register dump:
PC      : 0x400014fd  PS      : 0x00060130  A0      : 0x801502e2  A1      : 0x3ffd0920  
A2      : 0x0000004c  A3      : 0x00000048  A4      : 0x000000ff  A5      : 0x0000ff00  
A6      : 0x00ff0000  A7      : 0xff000000  A8      : 0x00000000  A9      : 0x3ffd08e0  
A10     : 0x3ffd0900  A11     : 0x00060b23  A12     : 0x00060b20  A13     : 0x00000010  
A14     : 0x00ff0000  A15     : 0xff000000  SAR     : 0x00000004  EXCCAUSE: 0x0000001c  
EXCVADDR: 0x0000004c  LBEG    : 0x400014fd  LEND    : 0x4000150d  LCOUNT  : 0xffffffff  


Backtrace: 0x400014fa:0x3ffd0920 0x401502df:0x3ffd0930 0x401455d5:0x3ffd0c50 0x400deb87:0x3ffd0ca0 0x400d7b2d:0x3ffd0ce0 0x400d7b3a:0x3ffd0d60 0x40095279:0x3ffd0d80




ELF file SHA256: f89a04ceeef545cd

Rebooting...
ets Jul 29 2019 12:21:46

rst:0xc (SW_CPU_RESET),boot:0x13 (SPI_FAST_FLASH_BOOT)
configsip: 0, SPIWP:0xee
clk_drv:0x00,q_drv:0x00,d_drv:0x00,cs0_drv:0x00,hd_drv:0x00,wp_drv:0x00
mode:DIO, clock div:2
load:0x3fff0030,len:7084
ho 0 tail 12 room 4
load:0x40078000,len:15576
ho 0 tail 12 room 4
load:0x40080400,len:4
load:0x40080404,len:3876
entry 0x4008064c
[0;32mI (32) boot: ESP-IDF v5.1-dirty 2nd stage bootloader[0m
[0;32mI (33) boot: compile time May 21 2024 12:53:41[0m
[0;32mI (33) boot: Multicore bootloader[0m
[0;32mI (37) boot: chip revision: v3.1[0m
[0;32mI (41) boot.esp32: SPI Speed      : 40MHz[0m
[0;32mI (46) boot.esp32: SPI Mode       : DIO[0m
[0;32mI (50) boot.esp32: SPI Flash Size : 2MB[0m
[0;32mI (55) boot: Enabling RNG early entropy source...[0m
[0;32mI (60) boot: Partition Table:[0m
[0;32mI (64) boot: ## Label            Usage          Type ST Offset   Length[0m
[0;32mI (71) boot:  0 nvs              WiFi data        01 02 00009000 00006000[0m
[0;32mI (79) boot:  1 phy_init         RF data          01 01 0000f000 00001000[0m
[0;32mI (86) boot:  2 factory          factory app      00 00 00010000 00100000[0m
[0;32mI (94) boot: End of partition table[0m
[0;32mI (98) esp_image: segment 0: paddr=00010020 vaddr=3f400020 size=25794h (153492) map[0m
[0;32mI (162) esp_image: segment 1: paddr=000357bc vaddr=3ffbdb60 size=0476ch ( 18284) load[0m
[0;32mI (169) esp_image: segment 2: paddr=00039f30 vaddr=40080000 size=060e8h ( 24808) load[0m
[0;32mI (180) esp_image: segment 3: paddr=00040020 vaddr=400d0020 size=8f548h (587080) map[0m
[0;32mI (392) esp_image: segment 4: paddr=000cf570 vaddr=400860e8 size=147ach ( 83884) load[0m
[0;32mI (440) boot: Loaded app from partition at offset 0x10000[0m
[0;32mI (441) boot: Disabling RNG early entropy source...[0m
[0;32mI (452) cpu_start: Multicore app[0m
[0;32mI (452) cpu_start: Pro cpu up.[0m
[0;32mI (453) cpu_start: Starting app cpu, entry point is 0x40081544[0m
[0;32mI (439) cpu_start: App cpu up.[0m
[0;32mI (470) cpu_start: Pro cpu start user code[0m
[0;32mI (470) cpu_start: cpu freq: 160000000 Hz[0m
[0;32mI (471) cpu_start: Application information:[0m
[0;32mI (475) cpu_start: Project name:     Potentio_ESP[0m
[0;32mI (481) cpu_start: App version:      b1d72289b-dirty[0m
[0;32mI (486) cpu_start: Compile time:     Jun 17 2024 14:16:29[0m
[0;32mI (492) cpu_start: ELF file SHA256:  f89a04ceeef545cd...[0m
[0;32mI (498) cpu_start: ESP-IDF:          v5.1-dirty[0m
[0;32mI (504) cpu_start: Min chip rev:     v0.0[0m
[0;32mI (508) cpu_start: Max chip rev:     v3.99 [0m
[0;32mI (513) cpu_start: Chip rev:         v3.1[0m
[0;32mI (518) heap_init: Initializing. RAM available for dynamic allocation:[0m
[0;32mI (525) heap_init: At 3FFAFF10 len 000000F0 (0 KiB): DRAM[0m
[0;32mI (531) heap_init: At 3FFB6388 len 00001C78 (7 KiB): DRAM[0m
[0;32mI (537) heap_init: At 3FFB9A20 len 00004108 (16 KiB): DRAM[0m
[0;32mI (543) heap_init: At 3FFC7C60 len 000183A0 (96 KiB): DRAM[0m
[0;32mI (549) heap_init: At 3FFE0440 len 00003AE0 (14 KiB): D/IRAM[0m
[0;32mI (556) heap_init: At 3FFE4350 len 0001BCB0 (111 KiB): D/IRAM[0m
[0;32mI (562) heap_init: At 4009A894 len 0000576C (21 KiB): IRAM[0m
[0;32mI (570) spi_flash: detected chip: generic[0m
[0;32mI (573) spi_flash: flash io: dio[0m
[0;33mW (577) spi_flash: Detected size(16384k) larger than the size in the binary image header(2048k). Using the size in the binary image header.[0m
[0;32mI (591) coexist: coex firmware version: ebddf30[0m
[0;32mI (596) app_start: Starting scheduler on CPU0[0m
[0;32m[0;32mI (601) app_start: Starting scheduler on CPU1[0m
I (601) main_task: Started on CPU0[0m
[0;32mI (611) main_task: Calling app_main()[0m
========================================================= 
.______     ______   .___________. _______ .__   __. .___________. __    ______        _______.___________.    ___   .___________.     
|   _  \  /  __   \ |            ||   ____||  \ |  | |           ||  |  /  __  \      /       |           |   /   \  |           |     
|  |_)  | |  |  |  | `---|  |----`|  |__   |   \|  | `---|  |----`|  | |  |  |  |    |   (----`---|  |----`  /  ^  \ `---|  |----`     
|   ___/  |  |  |  |     |  |     |   __|  |  . `  |     |  |     |  | |  |  |  |     \   \       |  |      /  /_\  \    |  |          
|  |      |  `--'  |     |  |     |  |____ |  |\   |     |  |     |  | |  `--'  | .----)   |      |  |     /  _____  \   |  |          
| _|       \______/      |__|     |_______||__| \__|     |__|     |__|  \______/  |_______/       |__|    /__/     \__\  |__|          
========================================================= 
[0;32mI (701) BTDM_INIT: BT controller compile version [ad2b7cd][0m
[0;32mI (711) phy_init: phy_version 4670,719f9f6,Feb 18 2021,17:07:07[0m
[0;32mI (1131) GATTS_DEMO: REGISTER_APP_EVT, status 0, app_id 0
[0m
[0;32mI (1141) GATTS_DEMO: CREATE_SERVICE_EVT, status 0,  service_handle 40
[0m
[0;32mI (1141) GATTS_DEMO: REGISTER_APP_EVT, status 0, app_id 1
[0m
[0;32mI (1151) SDCARD: Initializing SD card[0m
[0;32mI (1151) SDCARD: Using SPI peripheral[0m
[0;32mI (1151) main_task: Returned from app_main()[0m
[0;32mI (1161) GATTS_DEMO: SERVICE_START_EVT, status 0, service_handle 40
[0m
[0;32mI (1161) SDCARD: Mounting filesystem[0m
[0;32mI (1171) GATTS_DEMO: ADD_CHAR_EVT, status 0,  attr_handle 42, service_handle 40
[0m
[0;32mI (1171) gpio: GPIO[13]| InputEn: 0| OutputEn: 1| OpenDrain: 0| Pullup: 0| Pulldown: 0| Intr:0 [0m
[0;32mI (1181) GATTS_DEMO: the gatts demo char length = 3
[0m
[0;32mI (1201) GATTS_DEMO: prf_char[0] =11
[0m
[0;32mI (1201) GATTS_DEMO: prf_char[1] =22
[0m
[0;32mI (1201) GATTS_DEMO: prf_char[2] =33
[0m
[0;32mI (1211) GATTS_DEMO: CREATE_SERVICE_EVT, status 0,  service_handle 44
[0m
[0;31mE (1211) vfs_fat_sdmmc: sdmmc_card_init failed (0x107).[0m
[0;32mI (1221) GATTS_DEMO: ADD_DESCR_EVT, status 0, attr_handle 43, service_handle 40
[0m
[0;32mI (1221) gpio: GPIO[13]| InputEn: 1| OutputEn: 0| OpenDrain: 0| Pullup: 0| Pulldown: 0| Intr:0 [0m
[0;32mI (1231) GATTS_DEMO: SERVICE_START_EVT, status 0, service_handle 44
[0m
[0;31mE (1241) SDCARD: Failed to initialize the card (ESP_ERR_TIMEOUT). Make sure SD card lines have pull-up resistors in place.[0m
[0;32mI (1251) GATTS_DEMO: ADD_CHAR_EVT, status 0,  attr_handle 46, service_handle 44
[0m
[0;32mI (1261) SDCARD: Filesystem mounted[0m
[0;32mI (1271) GATTS_DEMO: the gatts demo char length = 3
[0m
Guru Meditation Error: Core  1 panic'ed (LoadProhibited). Exception was unhandled.

Core  1 register dump:
PC      : 0x400014fd  PS      : 0x00060d30  A0      : 0x801502e2  A1      : 0x3ffd0920  
A2      : 0x0000004c  A3      : 0x00000048  A4      : 0x000000ff  A5      : 0x0000ff00  
A6      : 0x00ff0000  A7      : 0xff000000  A8      : 0x00000000  A9      : 0x3ffd08e0  
A10     : 0x3ffd0900  A11     : 0x00060723  A12     : 0x00060720  A13     : 0x00000010  
A14     : 0x00ff0000  A15     : 0xff000000  SAR     : 0x00000004  EXCCAUSE: 0x0000001c  
EXCVADDR: 0x0000004c  LBEG    : 0x400014fd  LEND    : 0x4000150d  LCOUNT  : 0xffffffff  


Backtrace: 0x400014fa:0x3ffd0920 0x401502df:0x3ffd0930 0x401455d5:0x3ffd0c50 0x400deb87:0x3ffd0ca0 0x400d7b2d:0x3ffd0ce0 0x400d7b3a:0x3ffd0d60 0x40095279:0x3ffd0d80




ELF file SHA256: f89a04ceeef545cd

Rebooting...
ets Jul 29 2019 12:21:46

rst:0xc (SW_CPU_RESET),boot:0x13 (SPI_FAST_FLASH_BOOT)
configsip: 0, SPIWP:0xee
clk_drv:0x00,q_drv:0x00,d_drv:0x00,cs0_drv:0x00,hd_drv:0x00,wp_drv:0x00
mode:DIO, clock div:2
load:0x3fff0030,len:7084
ho 0 tail 12 room 4
load:0x40078000,len:15576
ho 0 tail 12 room 4
load:0x40080400,len:4
load:0x40080404,len:3876
entry 0x4008064c
[0;32mI (32) boot: ESP-IDF v5.1-dirty 2nd stage bootloader[0m
[0;32mI (33) boot: compile time May 21 2024 12:53:41[0m
[0;32mI (33) boot: Multicore bootloader[0m
[0;32mI (37) boot: chip revision: v3.1[0m
[0;32mI (41) boot.esp32: SPI Speed      : 40MHz[0m
[0;32mI (46) boot.esp32: SPI Mode       : DIO[0m
[0;32mI (50) boot.esp32: SPI Flash Size : 2MB[0m
[0;32mI (55) boot: Enabling RNG early entropy source...[0m
[0;32mI (60) boot: Partition Table:[0m
[0;32mI (64) boot: ## Label            Usage          Type ST Offset   Length[0m
[0;32mI (71) boot:  0 nvs              WiFi data        01 02 00009000 00006000[0m
[0;32mI (79) boot:  1 phy_init         RF data          01 01 0000f000 00001000[0m
[0;32mI (86) boot:  2 factory          factory app      00 00 00010000 00100000[0m
[0;32mI (94) boot: End of partition table[0m
[0;32mI (98) esp_image: segment 0: paddr=00010020 vaddr=3f400020 size=25794h (153492) map[0m
[0;32mI (162) esp_image: segment 1: paddr=000357bc vaddr=3ffbdb60 size=0476ch ( 18284) load[0m
[0;32mI (169) esp_image: segment 2: paddr=00039f30 vaddr=40080000 size=060e8h ( 24808) load[0m
[0;32mI (180) esp_image: segment 3: paddr=00040020 vaddr=400d0020 size=8f548h (587080) map[0m
[0;32mI (392) esp_image: segment 4: paddr=000cf570 vaddr=400860e8 size=147ach ( 83884) load[0m
[0;32mI (440) boot: Loaded app from partition at offset 0x10000[0m
[0;32mI (441) boot: Disabling RNG early entropy source...[0m
[0;32mI (452) cpu_start: Multicore app[0m
[0;32mI (452) cpu_start: Pro cpu up.[0m
[0;32mI (453) cpu_start: Starting app cpu, entry point is 0x40081544[0m
[0;32mI (439) cpu_start: App cpu up.[0m
[0;32mI (470) cpu_start: Pro cpu start user code[0m
[0;32mI (470) cpu_start: cpu freq: 160000000 Hz[0m
[0;32mI (471) cpu_start: Application information:[0m
[0;32mI (475) cpu_start: Project name:     Potentio_ESP[0m
[0;32mI (481) cpu_start: App version:      b1d72289b-dirty[0m
[0;32mI (486) cpu_start: Compile time:     Jun 17 2024 14:16:29[0m
[0;32mI (492) cpu_start: ELF file SHA256:  f89a04ceeef545cd...[0m
[0;32mI (498) cpu_start: ESP-IDF:          v5.1-dirty[0m
[0;32mI (504) cpu_start: Min chip rev:     v0.0[0m
[0;32mI (508) cpu_start: Max chip rev:     v3.99 [0m
[0;32mI (513) cpu_start: Chip rev:         v3.1[0m
[0;32mI (518) heap_init: Initializing. RAM available for dynamic allocation:[0m
[0;32mI (525) heap_init: At 3FFAFF10 len 000000F0 (0 KiB): DRAM[0m
[0;32mI (531) heap_init: At 3FFB6388 len 00001C78 (7 KiB): DRAM[0m
[0;32mI (537) heap_init: At 3FFB9A20 len 00004108 (16 KiB): DRAM[0m
[0;32mI (543) heap_init: At 3FFC7C60 len 000183A0 (96 KiB): DRAM[0m
[0;32mI (549) heap_init: At 3FFE0440 len 00003AE0 (14 KiB): D/IRAM[0m
[0;32mI (556) heap_init: At 3FFE4350 len 0001BCB0 (111 KiB): D/IRAM[0m
[0;32mI (562) heap_init: At 4009A894 len 0000576C (21 KiB): IRAM[0m
[0;32mI (570) spi_flash: detected chip: generic[0m
[0;32mI (573) spi_flash: flash io: dio[0m
[0;33mW (577) spi_flash: Detected size(16384k) larger than the size in the binary image header(2048k). Using the size in the binary image header.[0m
[0;32mI (591) coexist: coex firmware version: ebddf30[0m
[0;32mI (596) app_start: Starting scheduler on CPU0[0m
[0;32m[0;32mI (601) app_start: Starting scheduler on CPU1[0m
I (601) main_task: Started on CPU0[0m
[0;32mI (611) main_task: Calling app_main()[0m
========================================================= 
.______     ______   .___________. _______ .__   __. .___________. __    ______        _______.___________.    ___   .___________.     
|   _  \  /  __   \ |            ||   ____||  \ |  | |           ||  |  /  __  \      /       |           |   /   \  |           |     
|  |_)  | |  |  |  | `---|  |----`|  |__   |   \|  | `---|  |----`|  | |  |  |  |    |   (----`---|  |----`  /  ^  \ `---|  |----`     
|   ___/  |  |  |  |     |  |     |   __|  |  . `  |     |  |     |  | |  |  |  |     \   \       |  |      /  /_\  \    |  |          
|  |      |  `--'  |     |  |     |  |____ |  |\   |     |  |     |  | |  `--'  | .----)   |      |  |     /  _____  \   |  |          
| _|       \______/      |__|     |_______||__| \__|     |__|     |__|  \______/  |_______/       |__|    /__/     \__\  |__|          
========================================================= 
[0;32mI (701) BTDM_INIT: BT controller compile version [ad2b7cd][0m
[0;32mI (711) phy_init: phy_version 4670,719f9f6,Feb 18 2021,17:07:07[0m
[0;32mI (1141) GATTS_DEMO: REGISTER_APP_EVT, status 0, app_id 0
[0m
[0;32mI (1161) GATTS_DEMO: CREATE_SERVICE_EVT, status 0,  service_handle 40
[0m
[0;32mI (1161) GATTS_DEMO: REGISTER_APP_EVT, status 0, app_id 1
[0m
[0;32mI (1161) SDCARD: Initializing SD card[0m
[0;32mI (1161) SDCARD: Using SPI peripheral[0m
[0;32mI (1171) SDCARD: Mounting filesystem[0m
[0;32mI (1171) main_task: Returned from app_main()[0m
[0;32mI (1181) GATTS_DEMO: SERVICE_START_EVT, status 0, service_handle 40
[0m
[0;32mI (1171) gpio: GPIO[13]| InputEn: 0| OutputEn: 1| OpenDrain: 0| Pullup: 0| Pulldown: 0| Intr:0 [0m
[0;32mI (1181) GATTS_DEMO: ADD_CHAR_EVT, status 0,  attr_handle 42, service_handle 40
[0m
[0;32mI (1201) GATTS_DEMO: the gatts demo char length = 3
[0m
[0;32mI (1211) GATTS_DEMO: prf_char[0] =11
[0m
[0;31mE (1211) vfs_fat_sdmmc: sdmmc_card_init failed (0x107).[0m
[0;32mI (1211) GATTS_DEMO: prf_char[1] =22
[0m
[0;32mI (1221) gpio: GPIO[13]| InputEn: 1| OutputEn: 0| OpenDrain: 0| Pullup: 0| Pulldown: 0| Intr:0 [0m
[0;32mI (1221) GATTS_DEMO: prf_char[2] =33
[0m
[0;31mE (1231) SDCARD: Failed to initialize the card (ESP_ERR_TIMEOUT). Make sure SD card lines have pull-up resistors in place.[0m
[0;32mI (1241) GATTS_DEMO: CREATE_SERVICE_EVT, status 0,  service_handle 44
[0m
[0;32mI (1251) SDCARD: Filesystem mounted[0m
[0;32mI (1261) GATTS_DEMO: ADD_DESCR_EVT, status 0, attr_handle 43, service_handle 40
[0m
Guru Meditation Error: Core  1 panic'ed (LoadProhibited). Exception was unhandled.

Core  1 register dump:
PC      : 0x400014fd  PS      : 0x00060f30  A0      : 0x801502e2  A1      : 0x3ffd08f0  
A2      : 0x0000004c  A3      : 0x00000048  A4      : 0x000000ff  A5      : 0x0000ff00  
A6      : 0x00ff0000  A7      : 0xff000000  A8      : 0x00000000  A9      : 0x3ffd08b0  
A10     : 0x3ffd08d0  A11     : 0x00060923  A12     : 0x00060920  A13     : 0x00000010  
A14     : 0x00ff0000  A15     : 0xff000000  SAR     : 0x00000004  EXCCAUSE: 0x0000001c  
EXCVADDR: 0x0000004c  LBEG    : 0x400014fd  LEND    : 0x4000150d  LCOUNT  : 0xffffffff  


Backtrace: 0x400014fa:0x3ffd08f0 0x401502df:0x3ffd0900 0x401455d5:0x3ffd0c20 0x400deb87:0x3ffd0c70 0x400d7b2d:0x3ffd0cb0 0x400d7b3a:0x3ffd0d30 0x40095279:0x3ffd0d50




ELF file SHA256: f89a04ceeef545cd

Rebooting...
ets Jul 29 2019 12:21:46

rst:0xc (SW_CPU_RESET),boot:0x13 (SPI_FAST_FLASH_BOOT)
configsip: 0, SPIWP:0xee
clk_drv:0x00,q_drv:0x00,d_drv:0x00,cs0_drv:0x00,hd_drv:0x00,wp_drv:0x00
mode:DIO, clock div:2
load:0x3fff0030,len:7084
ho 0 tail 12 room 4
load:0x40078000,len:15576
ho 0 tail 12 room 4
load:0x40080400,len:4
load:0x40080404,len:3876
entry 0x4008064c
[0;32mI (32) boot: ESP-IDF v5.1-dirty 2nd stage bootloader[0m
[0;32mI (33) boot: compile time May 21 2024 12:53:41[0m
[0;32mI (33) boot: Multicore bootloader[0m
[0;32mI (37) boot: chip revision: v3.1[0m
[0;32mI (41) boot.esp32: SPI Speed      : 40MHz[0m
[0;32mI (46) boot.esp32: SPI Mode       : DIO[0m
[0;32mI (50) boot.esp32: SPI Flash Size : 2MB[0m
[0;32mI (55) boot: Enabling RNG early entropy source...[0m
[0;32mI (60) boot: Partition Table:[0m
[0;32mI (64) boot: ## Label            Usage          Type ST Offset   Length[0m
[0;32mI (71) boot:  0 nvs              WiFi data        01 02 00009000 00006000[0m
[0;32mI (79) boot:  1 phy_init         RF data          01 01 0000f000 00001000[0m
[0;32mI (86) boot:  2 factory          factory app      00 00 00010000 00100000[0m
[0;32mI (94) boot: End of partition table[0m
[0;32mI (98) esp_image: segment 0: paddr=00010020 vaddr=3f400020 size=25794h (153492) map[0m
[0;32mI (162) esp_image: segment 1: paddr=000357bc vaddr=3ffbdb60 size=0476ch ( 18284) load[0m
[0;32mI (169) esp_image: segment 2: paddr=00039f30 vaddr=40080000 size=060e8h ( 24808) load[0m
[0;32mI (180) esp_image: segment 3: paddr=00040020 vaddr=400d0020 size=8f548h (587080) map[0m
[0;32mI (392) esp_image: segment 4: paddr=000cf570 vaddr=400860e8 size=147ach ( 83884) load[0m
[0;32mI (440) boot: Loaded app from partition at offset 0x10000[0m
[0;32mI (441) boot: Disabling RNG early entropy source...[0m
[0;32mI (452) cpu_start: Multicore app[0m
[0;32mI (452) cpu_start: Pro cpu up.[0m
[0;32mI (453) cpu_start: Starting app cpu, entry point is 0x40081544[0m
[0;32mI (439) cpu_start: App cpu up.[0m
[0;32mI (470) cpu_start: Pro cpu start user code[0m
[0;32mI (470) cpu_start: cpu freq: 160000000 Hz[0m
[0;32mI (471) cpu_start: Application information:[0m
[0;32mI (475) cpu_start: Project name:     Potentio_ESP[0m
[0;32mI (481) cpu_start: App version:      b1d72289b-dirty[0m
[0;32mI (486) cpu_start: Compile time:     Jun 17 2024 14:16:29[0m
[0;32mI (492) cpu_start: ELF file SHA256:  f89a04ceeef545cd...[0m
[0;32mI (498) cpu_start: ESP-IDF:          v5.1-dirty[0m
[0;32mI (504) cpu_start: Min chip rev:     v0.0[0m
[0;32mI (508) cpu_start: Max chip rev:     v3.99 [0m
[0;32mI (513) cpu_start: Chip rev:         v3.1[0m
[0;32mI (518) heap_init: Initializing. RAM available for dynamic allocation:[0m
[0;32mI (525) heap_init: At 3FFAFF10 len 000000F0 (0 KiB): DRAM[0m
[0;32mI (531) heap_init: At 3FFB6388 len 00001C78 (7 KiB): DRAM[0m
[0;32mI (537) heap_init: At 3FFB9A20 len 00004108 (16 KiB): DRAM[0m
[0;32mI (543) heap_init: At 3FFC7C60 len 000183A0 (96 KiB): DRAM[0m
[0;32mI (549) heap_init: At 3FFE0440 len 00003AE0 (14 KiB): D/IRAM[0m
[0;32mI (556) heap_init: At 3FFE4350 len 0001BCB0 (111 KiB): D/IRAM[0m
[0;32mI (562) heap_init: At 4009A894 len 0000576C (21 KiB): IRAM[0m
[0;32mI (570) spi_flash: detected chip: generic[0m
[0;32mI (573) spi_flash: flash io: dio[0m
[0;33mW (577) spi_flash: Detected size(16384k) larger than the size in the binary image header(2048k). Using the size in the binary image header.[0m
[0;32mI (591) coexist: coex firmware version: ebddf30[0m
[0;32mI (596) app_start: Starting scheduler on CPU0[0m
[0;32m[0;32mI (601) app_start: Starting scheduler on CPU1[0m
I (601) main_task: Started on CPU0[0m
[0;32mI (611) main_task: Calling app_main()[0m
========================================================= 
.______     ______   .___________. _______ .__   __. .___________. __    ______        _______.___________.    ___   .___________.     
|   _  \  /  __   \ |            ||   ____||  \ |  | |           ||  |  /  __  \      /       |           |   /   \  |           |     
|  |_)  | |  |  |  | `---|  |----`|  |__   |   \|  | `---|  |----`|  | |  |  |  |    |   (----`---|  |----`  /  ^  \ `---|  |----`     
|   ___/  |  |  |  |     |  |     |   __|  |  . `  |     |  |     |  | |  |  |  |     \   \       |  |      /  /_\  \    |  |          
|  |      |  `--'  |     |  |     |  |____ |  |\   |     |  |     |  | |  `--'  | .----)   |      |  |     /  _____  \   |  |          
| _|       \______/      |__|     |_______||__| \__|     |__|     |__|  \______/  |_______/       |__|    /__/     \__\  |__|          
========================================================= 
[0;32mI (701) BTDM_INIT: BT controller compile version [ad2b7cd][0m
[0;32mI (711) phy_init: phy_version 4670,719f9f6,Feb 18 2021,17:07:07[0m
[0;32mI (1141) GATTS_DEMO: REGISTER_APP_EVT, status 0, app_id 0
[0m
[0;32mI (1151) GATTS_DEMO: CREATE_SERVICE_EVT, status 0,  service_handle 40
[0m
[0;32mI (1161) GATTS_DEMO: REGISTER_APP_EVT, status 0, app_id 1
[0m
[0;32mI (1161) SDCARD: Initializing SD card[0m
[0;32mI (1161) SDCARD: Using SPI peripheral[0m
[0;32mI (1171) SDCARD: Mounting filesystem[0m
[0;32mI (1181) GATTS_DEMO: SERVICE_START_EVT, status 0, service_handle 40
[0m
[0;32mI (1181) GATTS_DEMO: ADD_CHAR_EVT, status 0,  attr_handle 42, service_handle 40
[0m
[0;32mI (1181) gpio: GPIO[13]| InputEn: 0| OutputEn: 1| OpenDrain: 0| Pullup: 0| Pulldown: 0| Intr:0 [0m
[0;32mI (1191) GATTS_DEMO: the gatts demo char length = 3
[0m
[0;32mI (1201) GATTS_DEMO: prf_char[0] =11
[0m
[0;32mI (1211) GATTS_DEMO: prf_char[1] =22
[0m
[0;32mI (1211) GATTS_DEMO: prf_char[2] =33
[0m
[0;32mI (1211) GATTS_DEMO: CREATE_SERVICE_EVT, status 0,  service_handle 44
[0m
[0;31mE (1221) vfs_fat_sdmmc: sdmmc_card_init failed (0x107).[0m
[0;32mI (1221) GATTS_DEMO: ADD_DESCR_EVT, status 0, attr_handle 43, service_handle 40
[0m
[0;32mI (1231) gpio: GPIO[13]| InputEn: 1| OutputEn: 0| OpenDrain: 0| Pullup: 0| Pulldown: 0| Intr:0 [0m
[0;32mI (1241) GATTS_DEMO: SERVICE_START_EVT, status 0, service_handle 44
[0m
[0;31mE (1241) SDCARD: Failed to initialize the card (ESP_ERR_TIMEOUT). Make sure SD card lines have pull-up resistors in place.[0m
[0;32mI (1261) SDCARD: Filesystem mounted[0m
[0;32mI (1251) GATTS_DEMO: ADD_CHAR_EVT, status 0,  attr_handle 46, service_handle 44
[0m
Guru Meditation Error: Core  1 panic'ed (LoadProhibited). Exception was unhandled.

Core  1 register dump:
PC      : 0x400014fd  PS      : 0x00060330  A0      : 0x801502e2  A1      : 0x3ffd08f0  
A2      : 0x0000004c  A3      : 0x00000048  A4      : 0x000000ff  A5      : 0x0000ff00  
A6      : 0x00ff0000  A7      : 0xff000000  A8      : 0x00000000  A9      : 0x3ffd08b0  
A10     : 0x3ffd08d0  A11     : 0x00060d23  A12     : 0x00060d20  A13     : 0x00000010  
A14     : 0x00ff0000  A15     : 0xff000000  SAR     : 0x00000004  EXCCAUSE: 0x0000001c  
EXCVADDR: 0x0000004c  LBEG    : 0x400014fd  LEND    : 0x4000150d  LCOUNT  : 0xffffffff  


Backtrace: 0x400014fa:0x3ffd08f0 0x401502df:0x3ffd0900 0x401455d5:0x3ffd0c20 0x400deb87:0x3ffd0c70 0x400d7b2d:0x3ffd0cb0 0x400d7b3a:0x3ffd0d30 0x40095279:0x3ffd0d50




ELF file SHA256: f89a04ceeef545cd

Rebooting...
ets Jul 29 2019 12:21:46

rst:0xc (SW_CPU_RESET),boot:0x13 (SPI_FAST_FLASH_BOOT)
configsip: 0, SPIWP:0xee
clk_drv:0x00,q_drv:0x00,d_drv:0x00,cs0_drv:0x00,hd_drv:0x00,wp_drv:0x00
mode:DIO, clock div:2
load:0x3fff0030,len:7084
ho 0 tail 12 room 4
load:0x40078000,len:15576
ho 0 tail 12 room 4
load:0x40080400,len:4
load:0x40080404,len:3876
entry 0x4008064c
[0;32mI (32) boot: ESP-IDF v5.1-dirty 2nd stage bootloader[0m
[0;32mI (33) boot: compile time May 21 2024 12:53:41[0m
[0;32mI (33) boot: Multicore bootloader[0m
[0;32mI (37) boot: chip revision: v3.1[0m
[0;32mI (41) boot.esp32: SPI Speed      : 40MHz[0m
[0;32mI (46) boot.esp32: SPI Mode       : DIO[0m
[0;32mI (50) boot.esp32: SPI Flash Size : 2MB[0m
[0;32mI (55) boot: Enabling RNG early entropy source...[0m
[0;32mI (60) boot: Partition Table:[0m
[0;32mI (64) boot: ## Label            Usage          Type ST Offset   Length[0m
[0;32mI (71) boot:  0 nvs              WiFi data        01 02 00009000 00006000[0m
[0;32mI (79) boot:  1 phy_init         RF data          01 01 0000f000 00001000[0m
[0;32mI (86) boot:  2 factory          factory app      00 00 00010000 00100000[0m
[0;32mI (94) boot: End of partition table[0m
[0;32mI (98) esp_image: segment 0: paddr=00010020 vaddr=3f400020 size=25794h (153492) map[0m
[0;32mI (162) esp_image: segment 1: paddr=000357bc vaddr=3ffbdb60 size=0476ch ( 18284) load[0m
[0;32mI (169) esp_image: segment 2: paddr=00039f30 vaddr=40080000 size=060e8h ( 24808) load[0m
[0;32mI (180) esp_image: segment 3: paddr=00040020 vaddr=400d0020 size=8f548h (587080) map[0m
[0;32mI (392) esp_image: segment 4: paddr=000cf570 vaddr=400860e8 size=147ach ( 83884) load[0m
[0;32mI (440) boot: Loaded app from partition at offset 0x10000[0m
[0;32mI (441) boot: Disabling RNG early entropy source...[0m
[0;32mI (452) cpu_start: Multicore app[0m
[0;32mI (452) cpu_start: Pro cpu up.[0m
[0;32mI (453) cpu_start: Starting app cpu, entry point is 0x40081544[0m
[0;32mI (439) cpu_start: App cpu up.[0m
[0;32mI (470) cpu_start: Pro cpu start user code[0m
[0;32mI (470) cpu_start: cpu freq: 160000000 Hz[0m
[0;32mI (471) cpu_start: Application information:[0m
[0;32mI (475) cpu_start: Project name:     Potentio_ESP[0m
[0;32mI (481) cpu_start: App version:      b1d72289b-dirty[0m
[0;32mI (486) cpu_start: Compile time:     Jun 17 2024 14:16:29[0m
[0;32mI (492) cpu_start: ELF file SHA256:  f89a04ceeef545cd...[0m
[0;32mI (498) cpu_start: ESP-IDF:          v5.1-dirty[0m
[0;32mI (504) cpu_start: Min chip rev:     v0.0[0m
[0;32mI (508) cpu_start: Max chip rev:     v3.99 [0m
[0;32mI (513) cpu_start: Chip rev:         v3.1[0m
[0;32mI (518) heap_init: Initializing. RAM available for dynamic allocation:[0m
[0;32mI (525) heap_init: At 3FFAFF10 len 000000F0 (0 KiB): DRAM[0m
[0;32mI (531) heap_init: At 3FFB6388 len 00001C78 (7 KiB): DRAM[0m
[0;32mI (537) heap_init: At 3FFB9A20 len 00004108 (16 KiB): DRAM[0m
[0;32mI (543) heap_init: At 3FFC7C60 len 000183A0 (96 KiB): DRAM[0m
[0;32mI (549) heap_init: At 3FFE0440 len 00003AE0 (14 KiB): D/IRAM[0m
[0;32mI (556) heap_init: At 3FFE4350 len 0001BCB0 (111 KiB): D/IRAM[0m
[0;32mI (562) heap_init: At 4009A894 len 0000576C (21 KiB): IRAM[0m
[0;32mI (570) spi_flash: detected chip: generic[0m
[0;32mI (573) spi_flash: flash io: dio[0m
[0;33mW (577) spi_flash: Detected size(16384k) larger than the size in the binary image header(2048k). Using the size in the binary image header.[0m
[0;32mI (591) coexist: coex firmware version: ebddf30[0m
[0;32mI (596) app_start: Starting scheduler on CPU0[0m
[0;32m[0;32mI (601) app_start: Starting scheduler on CPU1[0m
I (601) main_task: Started on CPU0[0m
[0;32mI (611) main_task: Calling app_main()[0m
========================================================= 
.______     ______   .___________. _______ .__   __. .___________. __    ______        _______.___________.    ___   .___________.     
|   _  \  /  __   \ |            ||   ____||  \ |  | |           ||  |  /  __  \      /       |           |   /   \  |           |     
|  |_)  | |  |  |  | `---|  |----`|  |__   |   \|  | `---|  |----`|  | |  |  |  |    |   (----`---|  |----`  /  ^  \ `---|  |----`     
|   ___/  |  |  |  |     |  |     |   __|  |  . `  |     |  |     |  | |  |  |  |     \   \       |  |      /  /_\  \    |  |          
|  |      |  `--'  |     |  |     |  |____ |  |\   |     |  |     |  | |  `--'  | .----)   |      |  |     /  _____  \   |  |          
| _|       \______/      |__|     |_______||__| \__|     |__|     |__|  \______/  |_______/       |__|    /__/     \__\  |__|          
========================================================= 
[0;32mI (701) BTDM_INIT: BT controller compile version [ad2b7cd][0m
[0;32mI (711) phy_init: phy_version 4670,719f9f6,Feb 18 2021,17:07:07[0m
[0;32mI (1131) GATTS_DEMO: REGISTER_APP_EVT, status 0, app_id 0
[0m
[0;32mI (1141) GATTS_DEMO: CREATE_SERVICE_EVT, status 0,  service_handle 40
[0m
[0;32mI (1141) GATTS_DEMO: REGISTER_APP_EVT, status 0, app_id 1
[0m
[0;32mI (1141) SDCARD: Initializing SD card[0m
[0;32mI (1151) SDCARD: Using SPI peripheral[0m
[0;32mI (1151) main_task: Returned from app_main()[0m
[0;32mI (1161) GATTS_DEMO: SERVICE_START_EVT, status 0, service_handle 40
[0m
[0;32mI (1151) SDCARD: Mounting filesystem[0m
[0;32mI (1171) GATTS_DEMO: ADD_CHAR_EVT, status 0,  attr_handle 42, service_handle 40
[0m
[0;32mI (1171) gpio: GPIO[13]| InputEn: 0| OutputEn: 1| OpenDrain: 0| Pullup: 0| Pulldown: 0| Intr:0 [0m
[0;32mI (1181) GATTS_DEMO: the gatts demo char length = 3
[0m
[0;32mI (1191) GATTS_DEMO: prf_char[0] =11
[0m
[0;32mI (1201) GATTS_DEMO: prf_char[1] =22
[0m
[0;32mI (1201) GATTS_DEMO: prf_char[2] =33
[0m
[0;32mI (1211) GATTS_DEMO: CREATE_SERVICE_EVT, status 0,  service_handle 44
[0m
[0;31mE (1211) vfs_fat_sdmmc: sdmmc_card_init failed (0x107).[0m
[0;32mI (1211) GATTS_DEMO: ADD_DESCR_EVT, status 0, attr_handle 43, service_handle 40
[0m
[0;32mI (1221) gpio: GPIO[13]| InputEn: 1| OutputEn: 0| OpenDrain: 0| Pullup: 0| Pulldown: 0| Intr:0 [0m
[0;32mI (1231) GATTS_DEMO: SERVICE_START_EVT, status 0, service_handle 44
[0m
[0;31mE (1241) SDCARD: Failed to initialize the card (ESP_ERR_TIMEOUT). Make sure SD card lines have pull-up resistors in place.[0m
[0;32mI (1241) GATTS_DEMO: ADD_CHAR_EVT, status 0,  attr_handle 46, service_handle 44
[0m
[0;32mI (1251) SDCARD: Filesystem mounted[0m
[0;32mI (1261) GATTS_DEMO: the gatts demo char length = 3
[0m
Guru Meditation Error: Core  1 panic'ed (LoadProhibited). Exception was unhandled.

Core  1 register dump:
PC      : 0x400014fd  PS      : 0x00060b30  A0      : 0x801502e2  A1      : 0x3ffd0920  
A2      : 0x0000004c  A3      : 0x00000048  A4      : 0x000000ff  A5      : 0x0000ff00  
A6      : 0x00ff0000  A7      : 0xff000000  A8      : 0x00000000  A9      : 0x3ffd08e0  
A10     : 0x3ffd0900  A11     : 0x00060523  A12     : 0x00060520  A13     : 0x00000010  
A14     : 0x00ff0000  A15     : 0xff000000  SAR     : 0x00000004  EXCCAUSE: 0x0000001c  
EXCVADDR: 0x0000004c  LBEG    : 0x400014fd  LEND    : 0x4000150d  LCOUNT  : 0xffffffff  


Backtrace: 0x400014fa:0x3ffd0920 0x401502df:0x3ffd0930 0x401455d5:0x3ffd0c50 0x400deb87:0x3ffd0ca0 0x400d7b2d:0x3ffd0ce0 0x400d7b3a:0x3ffd0d60 0x40095279:0x3ffd0d80




ELF file SHA256: f89a04ceeef545cd

Rebooting...
ets Jul 29 2019 12:21:46

rst:0xc (SW_CPU_RESET),boot:0x13 (SPI_FAST_FLASH_BOOT)
configsip: 0, SPIWP:0xee
clk_drv:0x00,q_drv:0x00,d_drv:0x00,cs0_drv:0x00,hd_drv:0x00,wp_drv:0x00
mode:DIO, clock div:2
load:0x3fff0030,len:7084
ho 0 tail 12 room 4
load:0x40078000,len:15576
ho 0 tail 12 room 4
load:0x40080400,len:4
load:0x40080404,len:3876
entry 0x4008064c
[0;32mI (32) boot: ESP-IDF v5.1-dirty 2nd stage bootloader[0m
[0;32mI (33) boot: compile time May 21 2024 12:53:41[0m
[0;32mI (33) boot: Multicore bootloader[0m
[0;32mI (37) boot: chip revision: v3.1[0m
[0;32mI (41) boot.esp32: SPI Speed      : 40MHz[0m
[0;32mI (46) boot.esp32: SPI Mode       : DIO[0m
[0;32mI (50) boot.esp32: SPI Flash Size : 2MB[0m
[0;32mI (55) boot: Enabling RNG early entropy source...[0m
[0;32mI (60) boot: Partition Table:[0m
[0;32mI (64) boot: ## Label            Usage          Type ST Offset   Length[0m
[0;32mI (71) boot:  0 nvs              WiFi data        01 02 00009000 00006000[0m
[0;32mI (79) boot:  1 phy_init         RF data          01 01 0000f000 00001000[0m
[0;32mI (86) boot:  2 factory          factory app      00 00 00010000 00100000[0m
[0;32mI (94) boot: End of partition table[0m
[0;32mI (98) esp_image: segment 0: paddr=00010020 vaddr=3f400020 size=25794h (153492) map[0m
[0;32mI (162) esp_image: segment 1: paddr=000357bc vaddr=3ffbdb60 size=0476ch ( 18284) load[0m
