ets Jul 29 2019 12:21:46

rst:0x1 (POWERON_RESET),boot:0x13 (SPI_FAST_FLASH_BOOT)
configsip: 0, SPIWP:0xee
clk_drv:0x00,q_drv:0x00,d_drv:0x00,cs0_drv:0x00,hd_drv:0x00,wp_drv:0x00
mode:DIO, clock div:2
load:0x3fff0030,len:7084
ho 0 tail 12 room 4
load:0x40078000,len:15576
ho 0 tail 12 room 4
load:0x40080400,len:4
load:0x40080404,len:3876
entry 0x4008064c
[0;32mI (33) boot: ESP-IDF v5.1-dirty 2nd stage bootloader[0m
[0;32mI (33) boot: compile time Jun 21 2024 16:36:30[0m
[0;32mI (33) boot: Multicore bootloader[0m
[0;32mI (38) boot: chip revision: v3.1[0m
[0;32mI (41) boot.esp32: SPI Speed      : 40MHz[0m
[0;32mI (46) boot.esp32: SPI Mode       : DIO[0m
[0;32mI (51) boot.esp32: SPI Flash Size : 4MB[0m
[0;32mI (55) boot: Enabling RNG early entropy source...[0m
[0;32mI (61) boot: Partition Table:[0m
[0;32mI (64) boot: ## Label            Usage          Type ST Offset   Length[0m
[0;32mI (71) boot:  0 nvs              WiFi data        01 02 00009000 00006000[0m
[0;32mI (79) boot:  1 phy_init         RF data          01 01 0000f000 00001000[0m
[0;32mI (86) boot:  2 factory          factory app      00 00 00010000 00100000[0m
[0;32mI (94) boot: End of partition table[0m
[0;32mI (98) esp_image: segment 0: paddr=00010020 vaddr=3f400020 size=261e4h (156132) map[0m
[0;32mI (163) esp_image: segment 1: paddr=0003620c vaddr=3ffbdb60 size=0476ch ( 18284) load[0m
[0;32mI (170) esp_image: segment 2: paddr=0003a980 vaddr=40080000 size=05698h ( 22168) load[0m
[0;32mI (180) esp_image: segment 3: paddr=00040020 vaddr=400d0020 size=90e68h (593512) map[0m
[0;32mI (394) esp_image: segment 4: paddr=000d0e90 vaddr=40085698 size=151fch ( 86524) load[0m
[0;32mI (444) boot: Loaded app from partition at offset 0x10000[0m
[0;32mI (444) boot: Disabling RNG early entropy source...[0m
[0;32mI (455) cpu_start: Multicore app[0m
[0;32mI (456) cpu_start: Pro cpu up.[0m
[0;32mI (456) cpu_start: Starting app cpu, entry point is 0x40081544[0m
[0;32mI (0) cpu_start: App cpu up.[0m
[0;32mI (474) cpu_start: Pro cpu start user code[0m
[0;32mI (474) cpu_start: cpu freq: 160000000 Hz[0m
[0;32mI (474) cpu_start: Application information:[0m
[0;32mI (478) cpu_start: Project name:     Potentio_ESP[0m
[0;32mI (484) cpu_start: App version:      b1d72289b-dirty[0m
[0;32mI (489) cpu_start: Compile time:     Jun 21 2024 16:36:18[0m
[0;32mI (496) cpu_start: ELF file SHA256:  340cec0d48700040...[0m
[0;32mI (502) cpu_start: ESP-IDF:          v5.1-dirty[0m
[0;32mI (507) cpu_start: Min chip rev:     v0.0[0m
[0;32mI (511) cpu_start: Max chip rev:     v3.99 [0m
[0;32mI (516) cpu_start: Chip rev:         v3.1[0m
[0;32mI (521) heap_init: Initializing. RAM available for dynamic allocation:[0m
[0;32mI (528) heap_init: At 3FFAFF10 len 000000F0 (0 KiB): DRAM[0m
[0;32mI (534) heap_init: At 3FFB6388 len 00001C78 (7 KiB): DRAM[0m
[0;32mI (540) heap_init: At 3FFB9A20 len 00004108 (16 KiB): DRAM[0m
[0;32mI (546) heap_init: At 3FFC7D28 len 000182D8 (96 KiB): DRAM[0m
[0;32mI (553) heap_init: At 3FFE0440 len 00003AE0 (14 KiB): D/IRAM[0m
[0;32mI (559) heap_init: At 3FFE4350 len 0001BCB0 (111 KiB): D/IRAM[0m
[0;32mI (565) heap_init: At 4009A894 len 0000576C (21 KiB): IRAM[0m
[0;32mI (573) spi_flash: detected chip: generic[0m
[0;32mI (576) spi_flash: flash io: dio[0m
[0;33mW (580) spi_flash: Detected size(16384k) larger than the size in the binary image header(4096k). Using the size in the binary image header.[0m
[0;32mI (594) coexist: coex firmware version: ebddf30[0m
[0;32mI (599) app_start: Starting scheduler on CPU0[0m
[0;32m[0;32mI (604) app_start: Starting scheduler on CPU1[0m
I (604) main_task: Started on CPU0[0m
[0;32mI (614) main_task: Calling app_main()[0m
========================================================= 
.______     ______   .___________. _______ .__   __. .___________. __    ______        _______.___________.    ___   .___________.     
|   _  \  /  __   \ |            ||   ____||  \ |  | |           ||  |  /  __  \      /       |           |   /   \  |           |     
|  |_)  | |  |  |  | `---|  |----`|  |__   |   \|  | `---|  |----`|  | |  |  |  |    |   (----`---|  |----`  /  ^  \ `---|  |----`     
|   ___/  |  |  |  |     |  |     |   __|  |  . `  |     |  |     |  | |  |  |  |     \   \       |  |      /  /_\  \    |  |          
|  |      |  `--'  |     |  |     |  |____ |  |\   |     |  |     |  | |  `--'  | .----)   |      |  |     /  _____  \   |  |          
| _|       \______/      |__|     |_______||__| \__|     |__|     |__|  \______/  |_______/       |__|    /__/     \__\  |__|          
========================================================= 
[0;32mI (704) BTDM_INIT: BT controller compile version [ad2b7cd][0m
[0;32mI (714) phy_init: phy_version 4670,719f9f6,Feb 18 2021,17:07:07[0m
[0;32mI (1134) GATTS_DEMO: REGISTER_APP_EVT, status 0, app_id 0
[0m
[0;32mI (1144) SDCARD: Initializing SD card[0m
[0;32mI (1144) SDCARD: Using SPI peripheral[0m
[0;32mI (1144) SDCARD: Mounting filesystem[0m
[0;32mI (1154) gpio: GPIO[13]| Input
***ERROR*** A stack overflow in task ADC has been detected.


Backtrace: 0x40081bde:0x3ffd10d0 0x40092b61:0x3ffd10f0 0x400955aa:0x3ffd1110 0x400941e3:0x3ffd1190 0x400956f8:0x3ffd11b0 0x400956aa:0x0000000c |<-CORRUPTED




ELF file SHA256: 340cec0d48700040

Rebooting...
ets Jul 29 2019 12:21:46

rst:0xc (SW_CPU_RESET),boot:0x13 (SPI_FAST_FLASH_BOOT)
configsip: 0, SPIWP:0xee
clk_drv:0x00,q_drv:0x00,d_drv:0x00,cs0_drv:0x00,hd_drv:0x00,wp_drv:0x00
mode:DIO, clock div:2
load:0x3fff0030,len:7084
ho 0 tail 12 room 4
load:0x40078000,len:15576
ho 0 tail 12 room 4
load:0x40080400,len:4
load:0x40080404,len:3876
entry 0x4008064c
[0;32mI (32) boot: ESP-IDF v5.1-dirty 2nd stage bootloader[0m
[0;32mI (33) boot: compile time Jun 21 2024 16:36:30[0m
[0;32mI (33) boot: Multicore bootloader[0m
[0;32mI (37) boot: chip revision: v3.1[0m
[0;32mI (41) boot.esp32: SPI Speed      : 40MHz[0m
[0;32mI (46) boot.esp32: SPI Mode       : DIO[0m
[0;32mI (50) boot.esp32: SPI Flash Size : 4MB[0m
[0;32mI (55) boot: Enabling RNG early entropy source...[0m
[0;32mI (60) boot: Partition Table:[0m
[0;32mI (64) boot: ## Label            Usage          Type ST Offset   Length[0m
[0;32mI (71) boot:  0 nvs              WiFi data        01 02 00009000 00006000[0m
[0;32mI (79) boot:  1 phy_init         RF data          01 01 0000f000 00001000[0m
[0;32mI (86) boot:  2 factory          factory app      00 00 00010000 00100000[0m
[0;32mI (94) boot: End of partition table[0m
[0;32mI (98) esp_image: segment 0: paddr=00010020 vaddr=3f400020 size=261e4h (156132) map[0m
[0;32mI (163) esp_image: segment 1: paddr=0003620c vaddr=3ffbdb60 size=0476ch ( 18284) load[0m
[0;32mI (170) esp_image: segment 2: paddr=0003a980 vaddr=40080000 size=05698h ( 22168) load[0m
[0;32mI (180) esp_image: segment 3: paddr=00040020 vaddr=400d0020 size=90e68h (593512) map[0m
[0;32mI (394) esp_image: segment 4: paddr=000d0e90 vaddr=40085698 size=151fch ( 86524) load[0m
[0;32mI (444) boot: Loaded app from partition at offset 0x10000[0m
[0;32mI (444) boot: Disabling RNG early entropy source...[0m
[0;32mI (455) cpu_start: Multicore app[0m
[0;32mI (456) cpu_start: Pro cpu up.[0m
[0;32mI (456) cpu_start: Starting app cpu, entry point is 0x40081544[0m
[0;32mI (442) cpu_start: App cpu up.[0m
[0;32mI (474) cpu_start: Pro cpu start user code[0m
[0;32mI (474) cpu_start: cpu freq: 160000000 Hz[0m
[0;32mI (474) cpu_start: Application information:[0m
[0;32mI (479) cpu_start: Project name:     Potentio_ESP[0m
[0;32mI (484) cpu_start: App version:      b1d72289b-dirty[0m
[0;32mI (490) cpu_start: Compile time:     Jun 21 2024 16:36:18[0m
[0;32mI (496) cpu_start: ELF file SHA256:  340cec0d48700040...[0m
[0;32mI (502) cpu_start: ESP-IDF:          v5.1-dirty[0m
[0;32mI (507) cpu_start: Min chip rev:     v0.0[0m
[0;32mI (511) cpu_start: Max chip rev:     v3.99 [0m
[0;32mI (516) cpu_start: Chip rev:         v3.1[0m
[0;32mI (521) heap_init: Initializing. RAM available for dynamic allocation:[0m
[0;32mI (528) heap_init: At 3FFAFF10 len 000000F0 (0 KiB): DRAM[0m
[0;32mI (534) heap_init: At 3FFB6388 len 00001C78 (7 KiB): DRAM[0m
[0;32mI (540) heap_init: At 3FFB9A20 len 00004108 (16 KiB): DRAM[0m
[0;32mI (547) heap_init: At 3FFC7D28 len 000182D8 (96 KiB): DRAM[0m
[0;32mI (553) heap_init: At 3FFE0440 len 00003AE0 (14 KiB): D/IRAM[0m
[0;32mI (559) heap_init: At 3FFE4350 len 0001BCB0 (111 KiB): D/IRAM[0m
[0;32mI (566) heap_init: At 4009A894 len 0000576C (21 KiB): IRAM[0m
[0;32mI (573) spi_flash: detected chip: generic[0m
[0;32mI (576) spi_flash: flash io: dio[0m
[0;33mW (580) spi_flash: Detected size(16384k) larger than the size in the binary image header(4096k). Using the size in the binary image header.[0m
[0;32mI (594) coexist: coex firmware version: ebddf30[0m
[0;32mI (599) app_start: Starting scheduler on CPU0[0m
[0;32m[0;32mI (604) app_start: Starting scheduler on CPU1[0m
I (604) main_task: Started on CPU0[0m
[0;32mI (614) main_task: Calling app_main()[0m
========================================================= 
.______     ______   .___________. _______ .__   __. .___________. __    ______        _______.___________.    ___   .___________.     
|   _  \  /  __   \ |            ||   ____||  \ |  | |           ||  |  /  __  \      /       |           |   /   \  |           |     
|  |_)  | |  |  |  | `---|  |----`|  |__   |   \|  | `---|  |----`|  | |  |  |  |    |   (----`---|  |----`  /  ^  \ `---|  |----`     
|   ___/  |  |  |  |     |  |     |   __|  |  . `  |     |  |     |  | |  |  |  |     \   \       |  |      /  /_\  \    |  |          
|  |      |  `--'  |     |  |     |  |____ |  |\   |     |  |     |  | |  `--'  | .----)   |      |  |     /  _____  \   |  |          
| _|       \______/      |__|     |_______||__| \__|     |__|     |__|  \______/  |_______/       |__|    /__/     \__\  |__|          
========================================================= 
[0;32mI (704) BTDM_INIT: BT controller compile version [ad2b7cd][0m
[0;32mI (714) phy_init: phy_version 4670,719f9f6,Feb 18 2021,17:07:07[0m
[0;32mI (1134) GATTS_DEMO: REGISTER_APP_EVT, status 0, app_id 0
[0m
[0;32mI (1154) GATTS_DEMO: CREATE_SERVICE_EVT, status 0,  service_handle 40
[0m
[0;32mI (1154) GATTS_DEMO: REGISTER_APP_EVT, status 0, app_id 1
[0m
[0;32mI (1154) SDCARD: Initializing SD card[0m
[0;32mI (1154) SDCARD: Using SPI peripheral[0m
[0;32mI (1164) SDCARD: Mounting filesystem[0m

***ERROR*** A stack overflow in task ADC has been detected.


Backtrace: 0x40081bde:0x3ffd0d60 0x40092b61:0x3ffd0d80 0x400955aa:0x3ffd0da0 0x400941e3:0x3ffd0e20 0x400956f8:0x3ffd0e40 0x400956aa:0x00000001 |<-CORRUPTED




ELF file SHA256: 340cec0d48700040

Rebooting...
ets Jul 29 2019 12:21:46

rst:0xc (SW_CPU_RESET),boot:0x13 (SPI_FAST_FLASH_BOOT)
configsip: 0, SPIWP:0xee
clk_drv:0x00,q_drv:0x00,d_drv:0x00,cs0_drv:0x00,hd_drv:0x00,wp_drv:0x00
mode:DIO, clock div:2
load:0x3fff0030,len:7084
ho 0 tail 12 room 4
load:0x40078000,len:15576
ho 0 tail 12 room 4
load:0x40080400,len:4
load:0x40080404,len:3876
entry 0x4008064c
[0;32mI (32) boot: ESP-IDF v5.1-dirty 2nd stage bootloader[0m
[0;32mI (33) boot: compile time Jun 21 2024 16:36:30[0m
[0;32mI (33) boot: Multicore bootloader[0m
[0;32mI (37) boot: chip revision: v3.1[0m
[0;32mI (41) boot.esp32: SPI Speed      : 40MHz[0m
[0;32mI (46) boot.esp32: SPI Mode       : DIO[0m
[0;32mI (50) boot.esp32: SPI Flash Size : 4MB[0m
[0;32mI (55) boot: Enabling RNG early entropy source...[0m
[0;32mI (60) boot: Partition Table:[0m
[0;32mI (64) boot: ## Label            Usage          Type ST Offset   Length[0m
[0;32mI (71) boot:  0 nvs              WiFi data        01 02 00009000 00006000[0m
[0;32mI (79) boot:  1 phy_init         RF data          01 01 0000f000 00001000[0m
[0;32mI (86) boot:  2 factory          factory app      00 00 00010000 00100000[0m
[0;32mI (94) boot: End of partition table[0m
[0;32mI (98) esp_image: segment 0: paddr=00010020 vaddr=3f400020 size=261e4h (156132) map[0m
[0;32mI (163) esp_image: segment 1: paddr=0003620c vaddr=3ffbdb60 size=0476ch ( 18284) load[0m
[0;32mI (170) esp_image: segment 2: paddr=0003a980 vaddr=40080000 size=05698h ( 22168) load[0m
[0;32mI (180) esp_image: segment 3: paddr=00040020 vaddr=400d0020 size=90e68h (593512) map[0m
[0;32mI (394) esp_image: segment 4: paddr=000d0e90 vaddr=40085698 size=151fch ( 86524) load[0m
[0;32mI (444) boot: Loaded app from partition at offset 0x10000[0m
[0;32mI (444) boot: Disabling RNG early entropy source...[0m
[0;32mI (455) cpu_start: Multicore app[0m
[0;32mI (456) cpu_start: Pro cpu up.[0m
[0;32mI (456) cpu_start: Starting app cpu, entry point is 0x40081544[0m
[0;32mI (442) cpu_start: App cpu up.[0m
[0;32mI (474) cpu_start: Pro cpu start user code[0m
[0;32mI (474) cpu_start: cpu freq: 160000000 Hz[0m
[0;32mI (474) cpu_start: Application information:[0m
[0;32mI (479) cpu_start: Project name:     Potentio_ESP[0m
[0;32mI (484) cpu_start: App version:      b1d72289b-dirty[0m
[0;32mI (490) cpu_start: Compile time:     Jun 21 2024 16:36:18[0m
[0;32mI (496) cpu_start: ELF file SHA256:  340cec0d48700040...[0m
[0;32mI (502) cpu_start: ESP-IDF:          v5.1-dirty[0m
[0;32mI (507) cpu_start: Min chip rev:     v0.0[0m
[0;32mI (511) cpu_start: Max chip rev:     v3.99 [0m
[0;32mI (516) cpu_start: Chip rev:         v3.1[0m
[0;32mI (521) heap_init: Initializing. RAM available for dynamic allocation:[0m
[0;32mI (528) heap_init: At 3FFAFF10 len 000000F0 (0 KiB): DRAM[0m
[0;32mI (534) heap_init: At 3FFB6388 len 00001C78 (7 KiB): DRAM[0m
[0;32mI (540) heap_init: At 3FFB9A20 len 00004108 (16 KiB): DRAM[0m
[0;32mI (547) heap_init: At 3FFC7D28 len 000182D8 (96 KiB): DRAM[0m
[0;32mI (553) heap_init: At 3FFE0440 len 00003AE0 (14 KiB): D/IRAM[0m
[0;32mI (559) heap_init: At 3FFE4350 len 0001BCB0 (111 KiB): D/IRAM[0m
[0;32mI (566) heap_init: At 4009A894 len 0000576C (21 KiB): IRAM[0m
[0;32mI (573) spi_flash: detected chip: generic[0m
[0;32mI (576) spi_flash: flash io: dio[0m
[0;33mW (580) spi_flash: Detected size(16384k) larger than the size in the binary image header(4096k). Using the size in the binary image header.[0m
[0;32mI (594) coexist: coex firmware version: ebddf30[0m
[0;32mI (599) app_start: Starting scheduler on CPU0[0m
[0;32m[0;32mI (604) app_start: Starting scheduler on CPU1[0m
I (604) main_task: Started on CPU0[0m
[0;32mI (614) main_task: Calling app_main()[0m
========================================================= 
.______     ______   .___________. _______ .__   __. .___________. __    ______        _______.___________.    ___   .___________.     
|   _  \  /  __   \ |            ||   ____||  \ |  | |           ||  |  /  __  \      /       |           |   /   \  |           |     
|  |_)  | |  |  |  | `---|  |----`|  |__   |   \|  | `---|  |----`|  | |  |  |  |    |   (----`---|  |----`  /  ^  \ `---|  |----`     
|   ___/  |  |  |  |     |  |     |   __|  |  . `  |     |  |     |  | |  |  |  |     \   \       |  |      /  /_\  \    |  |          
|  |      |  `--'  |     |  |     |  |____ |  |\   |     |  |     |  | |  `--'  | .----)   |      |  |     /  _____  \   |  |          
| _|       \______/      |__|     |_______||__| \__|     |__|     |__|  \______/  |_______/       |__|    /__/     \__\  |__|          
========================================================= 
[0;32mI (704) BTDM_INIT: BT controller compile version [ad2b7cd][0m
[0;32mI (714) phy_init: phy_version 4670,719f9f6,Feb 18 2021,17:07:07[0m
[0;32mI (1134) GATTS_DEMO: REGISTER_APP_EVT, status 0, app_id 0
[0m
[0;32mI (1144) GATTS_DEMO: CREATE_SERVICE_EVT, status 0,  service_handle 40
[0m
[0;32mI (1144) GATTS_DEMO: REGISTER_APP_EVT, status 0, app_id 1
[0m
[0;32mI (1154) SDCARD: Initializing SD card[0m
[0;32mI (1154) SDCAR
***ERROR*** A stack overflow in task ADC has been detected.


Backtrace: 0x40081bde:0x3ffd0cc0 0x40092b61:0x3ffd0ce0 0x400955aa:0x3ffd0d00 0x400941e3:0x3ffd0d80 0x400956f8:0x3ffd0da0 0x400956aa:0xa5a5a5a5 |<-CORRUPTED




ELF file SHA256: 340cec0d48700040

Rebooting...
ets Jul 29 2019 12:21:46

rst:0xc (SW_CPU_RESET),boot:0x13 (SPI_FAST_FLASH_BOOT)
configsip: 0, SPIWP:0xee
clk_drv:0x00,q_drv:0x00,d_drv:0x00,cs0_drv:0x00,hd_drv:0x00,wp_drv:0x00
mode:DIO, clock div:2
load:0x3fff0030,len:7084
ho 0 tail 12 room 4
load:0x40078000,len:15576
ho 0 tail 12 room 4
load:0x40080400,len:4
load:0x40080404,len:3876
entry 0x4008064c
[0;32mI (32) boot: ESP-IDF v5.1-dirty 2nd stage bootloader[0m
[0;32mI (33) boot: compile time Jun 21 2024 16:36:30[0m
[0;32mI (33) boot: Multicore bootloader[0m
[0;32mI (37) boot: chip revision: v3.1[0m
[0;32mI (41) boot.esp32: SPI Speed      : 40MHz[0m
[0;32mI (46) boot.esp32: SPI Mode       : DIO[0m
[0;32mI (50) boot.esp32: SPI Flash Size : 4MB[0m
[0;32mI (55) boot: Enabling RNG early entropy source...[0m
[0;32mI (60) boot: Partition Table:[0m
[0;32mI (64) boot: ## Label            Usage          Type ST Offset   Length[0m
[0;32mI (71) boot:  0 nvs              WiFi data        01 02 00009000 00006000[0m
[0;32mI (79) boot:  1 phy_init         RF data          01 01 0000f000 00001000[0m
[0;32mI (86) boot:  2 factory          factory app      00 00 00010000 00100000[0m
[0;32mI (94) boot: End of partition table[0m
[0;32mI (98) esp_image: segment 0: paddr=00010020 vaddr=3f400020 size=261e4h (156132) map[0m
[0;32mI (163) esp_image: segment 1: paddr=0003620c vaddr=3ffbdb60 size=0476ch ( 18284) load[0m
[0;32mI (170) esp_image: segment 2: paddr=0003a980 vaddr=40080000 size=05698h ( 22168) load[0m
[0;32mI (180) esp_image: segment 3: paddr=00040020 vaddr=400d0020 size=90e68h (593512) map[0m
[0;32mI (394) esp_image: segment 4: paddr=000d0e90 vaddr=40085698 size=151fch ( 86524) load[0m
[0;32mI (444) boot: Loaded app from partition at offset 0x10000[0m
[0;32mI (444) boot: Disabling RNG early entropy source...[0m
[0;32mI (455) cpu_start: Multicore app[0m
[0;32mI (456) cpu_start: Pro cpu up.[0m
[0;32mI (456) cpu_start: Starting app cpu, entry point is 0x40081544[0m
[0;32mI (442) cpu_start: App cpu up.[0m
[0;32mI (474) cpu_start: Pro cpu start user code[0m
[0;32mI (474) cpu_start: cpu freq: 160000000 Hz[0m
[0;32mI (474) cpu_start: Application information:[0m
[0;32mI (479) cpu_start: Project name:     Potentio_ESP[0m
[0;32mI (484) cpu_start: App version:      b1d72289b-dirty[0m
[0;32mI (490) cpu_start: Compile time:     Jun 21 2024 16:36:18[0m
[0;32mI (496) cpu_start: ELF file SHA256:  340cec0d48700040...[0m
[0;32mI (502) cpu_start: ESP-IDF:          v5.1-dirty[0m
[0;32mI (507) cpu_start: Min chip rev:     v0.0[0m
[0;32mI (511) cpu_start: Max chip rev:     v3.99 [0m
[0;32mI (516) cpu_start: Chip rev:         v3.1[0m
[0;32mI (521) heap_init: Initializing. RAM available for dynamic allocation:[0m
[0;32mI (528) heap_init: At 3FFAFF10 len 000000F0 (0 KiB): DRAM[0m
[0;32mI (534) heap_init: At 3FFB6388 len 00001C78 (7 KiB): DRAM[0m
[0;32mI (540) heap_init: At 3FFB9A20 len 00004108 (16 KiB): DRAM[0m
[0;32mI (547) heap_init: At 3FFC7D28 len 000182D8 (96 KiB): DRAM[0m
[0;32mI (553) heap_init: At 3FFE0440 len 00003AE0 (14 KiB): D/IRAM[0m
[0;32mI (559) heap_init: At 3FFE4350 len 0001BCB0 (111 KiB): D/IRAM[0m
[0;32mI (566) heap_init: At 4009A894 len 0000576C (21 KiB): IRAM[0m
[0;32mI (573) spi_flash: detected chip: generic[0m
[0;32mI (576) spi_flash: flash io: dio[0m
[0;33mW (580) spi_flash: Detected size(16384k) larger than the size in the binary image header(4096k). Using the size in the binary image header.[0m
[0;32mI (594) coexist: coex firmware version: ebddf30[0m
[0;32mI (599) app_start: Starting scheduler on CPU0[0m
[0;32m[0;32mI (604) app_start: Starting scheduler on CPU1[0m
I (604) main_task: Started on CPU0[0m
[0;32mI (614) main_task: Calling app_main()[0m
========================================================= 
.______     ______   .___________. _______ .__   __. .___________. __    ______        _______.___________.    ___   .___________.     
|   _  \  /  __   \ |            ||   ____||  \ |  | |           ||  |  /  __  \      /       |           |   /   \  |           |     
|  |_)  | |  |  |  | `---|  |----`|  |__   |   \|  | `---|  |----`|  | |  |  |  |    |   (----`---|  |----`  /  ^  \ `---|  |----`     
|   ___/  |  |  |  |     |  |     |   __|  |  . `  |     |  |     |  | |  |  |  |     \   \       |  |      /  /_\  \    |  |          
|  |      |  `--'  |     |  |     |  |____ |  |\   |     |  |     |  | |  `--'  | .----)   |      |  |     /  _____  \   |  |          
| _|       \______/      |__|     |_______||__| \__|     |__|     |__|  \______/  |_______/       |__|    /__/     \__\  |__|          
========================================================= 
[0;32mI (704) BTDM_INIT: BT controller compile version [ad2b7cd][0m
[0;32mI (714) phy_init: phy_version 4670,719f9f6,Feb 18 2021,17:07:07[0m
[0;32mI (1134) GATTS_DEMO: REGISTER_APP_EVT, status 0, app_id 0
[0m
[0;32mI (1144) GATTS_DEMO: CREATE_SERVICE_EVT, status 0,  service_handle 40
[0m
[0;32mI (1154) GATTS_DEMO: REGISTER_APP_EVT, status 0, app_id 1
[0m
[0;32mI (1154) SDCARD: Initializing SD card[0m
[0;32mI (1154) SDCARD
***ERROR*** A stack overflow in task ADC has been detected.


Backtrace: 0x40081bde:0x3ffd0cc0 0x40092b61:0x3ffd0ce0 0x400955aa:0x3ffd0d00 0x400941e3:0x3ffd0d80 0x400956f8:0x3ffd0da0 0x400956aa:0xa5a5a5a5 |<-CORRUPTED




ELF file SHA256: 340cec0d48700040

Rebooting...
ets Jul 29 2019 12:21:46

rst:0xc (SW_CPU_RESET),boot:0x13 (SPI_FAST_FLASH_BOOT)
configsip: 0, SPIWP:0xee
clk_drv:0x00,q_drv:0x00,d_drv:0x00,cs0_drv:0x00,hd_drv:0x00,wp_drv:0x00
mode:DIO, clock div:2
load:0x3fff0030,len:7084
ho 0 tail 12 room 4
load:0x40078000,len:15576
ho 0 tail 12 room 4
load:0x40080400,len:4
load:0x40080404,len:3876
entry 0x4008064c
[0;32mI (32) boot: ESP-IDF v5.1-dirty 2nd stage bootloader[0m
[0;32mI (33) boot: compile time Jun 21 2024 16:36:30[0m
[0;32mI (33) boot: Multicore bootloader[0m
[0;32mI (37) boot: chip revision: v3.1[0m
[0;32mI (41) boot.esp32: SPI Speed      : 40MHz[0m
[0;32mI (46) boot.esp32: SPI Mode       : DIO[0m
[0;32mI (50) boot.esp32: SPI Flash Size : 4MB[0m
[0;32mI (55) boot: Enabling RNG early entropy source...[0m
[0;32mI (60) boot: Partition Table:[0m
[0;32mI (64) boot: ## Label            Usage          Type ST Offset   Length[0m
[0;32mI (71) boot:  0 nvs              WiFi data        01 02 00009000 00006000[0m
[0;32mI (79) boot:  1 phy_init         RF data          01 01 0000f000 00001000[0m
[0;32mI (86) boot:  2 factory          factory app      00 00 00010000 00100000[0m
[0;32mI (94) boot: End of partition table[0m
[0;32mI (98) esp_image: segment 0: paddr=00010020 vaddr=3f400020 size=261e4h (156132) map[0m
[0;32mI (163) esp_image: segment 1: paddr=0003620c vaddr=3ffbdb60 size=0476ch ( 18284) load[0m
[0;32mI (170) esp_image: segment 2: paddr=0003a980 vaddr=40080000 size=05698h ( 22168) load[0m
[0;32mI (180) esp_image: segment 3: paddr=00040020 vaddr=400d0020 size=90e68h (593512) map[0m
[0;32mI (394) esp_image: segment 4: paddr=000d0e90 vaddr=40085698 size=151fch ( 86524) load[0m
[0;32mI (444) boot: Loaded app from partition at offset 0x10000[0m
[0;32mI (444) boot: Disabling RNG early entropy source...[0m
[0;32mI (455) cpu_start: Multicore app[0m
[0;32mI (456) cpu_start: Pro cpu up.[0m
[0;32mI (456) cpu_start: Starting app cpu, entry point is 0x40081544[0m
[0;32mI (442) cpu_start: App cpu up.[0m
[0;32mI (474) cpu_start: Pro cpu start user code[0m
[0;32mI (474) cpu_start: cpu freq: 160000000 Hz[0m
[0;32mI (474) cpu_start: Application information:[0m
[0;32mI (479) cpu_start: Project name:     Potentio_ESP[0m
[0;32mI (484) cpu_start: App version:      b1d72289b-dirty[0m
[0;32mI (490) cpu_start: Compile time:     Jun 21 2024 16:36:18[0m
[0;32mI (496) cpu_start: ELF file SHA256:  340cec0d48700040...[0m
[0;32mI (502) cpu_start: ESP-IDF:          v5.1-dirty[0m
[0;32mI (507) cpu_start: Min chip rev:     v0.0[0m
[0;32mI (511) cpu_start: Max chip rev:     v3.99 [0m
[0;32mI (516) cpu_start: Chip rev:         v3.1[0m
[0;32mI (521) heap_init: Initializing. RAM available for dynamic allocation:[0m
[0;32mI (528) heap_init: At 3FFAFF10 len 000000F0 (0 KiB): DRAM[0m
[0;32mI (534) heap_init: At 3FFB6388 len 00001C78 (7 KiB): DRAM[0m
[0;32mI (540) heap_init: At 3FFB9A20 len 00004108 (16 KiB): DRAM[0m
[0;32mI (547) heap_init: At 3FFC7D28 len 000182D8 (96 KiB): DRAM[0m
[0;32mI (553) heap_init: At 3FFE0440 len 00003AE0 (14 KiB): D/IRAM[0m
[0;32mI (559) heap_init: At 3FFE4350 len 0001BCB0 (111 KiB): D/IRAM[0m
[0;32mI (566) heap_init: At 4009A894 len 0000576C (21 KiB): IRAM[0m
[0;32mI (573) spi_flash: detected chip: generic[0m
[0;32mI (576) spi_flash: flash io: dio[0m
[0;33mW (580) spi_flash: Detected size(16384k) larger than the size in the binary image header(4096k). Using the size in the binary image header.[0m
[0;32mI (594) coexist: coex firmware version: ebddf30[0m
[0;32mI (599) app_start: Starting scheduler on CPU0[0m
[0;32m[0;32mI (604) app_start: Starting scheduler on CPU1[0m
I (604) main_task: Started on CPU0[0m
[0;32mI (614) main_task: Calling app_main()[0m
========================================================= 
.______     ______   .___________. _______ .__   __. .___________. __    ______        _______.___________.    ___   .___________.     
|   _  \  /  __   \ |            ||   ____||  \ |  | |           ||  |  /  __  \      /       |           |   /   \  |           |     
|  |_)  | |  |  |  | `---|  |----`|  |__   |   \|  | `---|  |----`|  | |  |  |  |    |   (----`---|  |----`  /  ^  \ `---|  |----`     
|   ___/  |  |  |  |     |  |     |   __|  |  . `  |     |  |     |  | |  |  |  |     \   \       |  |      /  /_\  \    |  |          
|  |      |  `--'  |     |  |     |  |____ |  |\   |     |  |     |  | |  `--'  | .----)   |      |  |     /  _____  \   |  |          
| _|       \______/      |__|     |_______||__| \__|     |__|     |__|  \______/  |_______/       |__|    /__/     \__\  |__|          
========================================================= 
[0;32mI (704) BTDM_INIT: BT controller compile version [ad2b7cd][0m
[0;32mI (714) phy_init: phy_version 4670,719f9f6,Feb 18 2021,17:07:07[0m
[0;32mI (1134) GATTS_DEMO: REGISTER_APP_EVT, status 0, app_id 0
[0m
[0;32mI (1144) GATTS_DEMO: CREATE_SERVICE_EVT, status 0,  service_handle 40
[0m
[0;32mI (1144) GATTS_DEMO: REGISTER_APP_EVT, status 0, app_id 1
[0m
[0;32mI (1154) SDCARD: Initializing SD card[0m
[0;32mI (1154) SDCARD: Using SPI peripheral[0m
[0;32mI
***ERROR*** A stack overflow in task ADC has been detected.


Backtrace: 0x40081bde:0x3ffd0c70 0x40092b61:0x3ffd0c90 0x400955aa:0x3ffd0cb0 0x400941e3:0x3ffd0d30 0x400956f8:0x3ffd0d50 0x400956aa:0x3ffd0d70 0x40133888:0x00000000 |<-CORRUPTED




ELF file SHA256: 340cec0d48700040

Rebooting...
ets Jul 29 2019 12:21:46

rst:0xc (SW_CPU_RESET),boot:0x13 (SPI_FAST_FLASH_BOOT)
configsip: 0, SPIWP:0xee
clk_drv:0x00,q_drv:0x00,d_drv:0x00,cs0_drv:0x00,hd_drv:0x00,wp_drv:0x00
mode:DIO, clock div:2
load:0x3fff0030,len:7084
ho 0 tail 12 room 4
load:0x40078000,len:15576
ho 0 tail 12 room 4
load:0x40080400,len:4
load:0x40080404,len:3876
entry 0x4008064c
[0;32mI (32) boot: ESP-IDF v5.1-dirty 2nd stage bootloader[0m
[0;32mI (33) boot: compile time Jun 21 2024 16:36:30[0m
[0;32mI (33) boot: Multicore bootloader[0m
[0;32mI (37) boot: chip revision: v3.1[0m
[0;32mI (41) boot.esp32: SPI Speed      : 40MHz[0m
[0;32mI (46) boot.esp32: SPI Mode       : DIO[0m
[0;32mI (50) boot.esp32: SPI Flash Size : 4MB[0m
[0;32mI (55) boot: Enabling RNG early entropy source...[0m
[0;32mI (60) boot: Partition Table:[0m
[0;32mI (64) boot: ## Label            Usage          Type ST Offset   Length[0m
[0;32mI (71) boot:  0 nvs              WiFi data        01 02 00009000 00006000[0m
[0;32mI (79) boot:  1 phy_init         RF data          01 01 0000f000 00001000[0m
[0;32mI (86) boot:  2 factory          factory app      00 00 00010000 00100000[0m
[0;32mI (94) boot: End of partition table[0m
[0;32mI (98) esp_image: segment 0: paddr=00010020 vaddr=3f400020 size=261e4h (156132) map[0m
[0;32mI (163) esp_image: segment 1: paddr=0003620c vaddr=3ffbdb60 size=0476ch ( 18284) load[0m
[0;32mI (170) esp_image: segment 2: paddr=0003a980 vaddr=40080000 size=05698h ( 22168) load[0m
[0;32mI (180) esp_image: segment 3: paddr=00040020 vaddr=400d0020 size=90e68h (593512) map[0m
[0;32mI (394) esp_image: segment 4: paddr=000d0e90 vaddr=40085698 size=151fch ( 86524) load[0m
[0;32mI (444) boot: Loaded app from partition at offset 0x10000[0m
[0;32mI (444) boot: Disabling RNG early entropy source...[0m
[0;32mI (455) cpu_start: Multicore app[0m
[0;32mI (456) cpu_start: Pro cpu up.[0m
[0;32mI (456) cpu_start: Starting app cpu, entry point is 0x40081544[0m
[0;32mI (442) cpu_start: App cpu up.[0m
[0;32mI (474) cpu_start: Pro cpu start user code[0m
[0;32mI (474) cpu_start: cpu freq: 160000000 Hz[0m
[0;32mI (474) cpu_start: Application information:[0m
[0;32mI (479) cpu_start: Project name:     Potentio_ESP[0m
[0;32mI (484) cpu_start: App version:      b1d72289b-dirty[0m
[0;32mI (490) cpu_start: Compile time:     Jun 21 2024 16:36:18[0m
[0;32mI (496) cpu_start: ELF file SHA256:  340cec0d48700040...[0m
[0;32mI (502) cpu_start: ESP-IDF:          v5.1-dirty[0m
[0;32mI (507) cpu_start: Min chip rev:     v0.0[0m
[0;32mI (511) cpu_start: Max chip rev:     v3.99 [0m
[0;32mI (516) cpu_start: Chip rev:         v3.1[0m
[0;32mI (521) heap_init: Initializing. RAM available for dynamic allocation:[0m
[0;32mI (528) heap_init: At 3FFAFF10 len 000000F0 (0 KiB): DRAM[0m
[0;32mI (534) heap_init: At 3FFB6388 len 00001C78 (7 KiB): DRAM[0m
[0;32mI (540) heap_init: At 3FFB9A20 len 00004108 (16 KiB): DRAM[0m
[0;32mI (547) heap_init: At 3FFC7D28 len 000182D8 (96 KiB): DRAM[0m
[0;32mI (553) heap_init: At 3FFE0440 len 00003AE0 (14 KiB): D/IRAM[0m
[0;32mI (559) heap_init: At 3FFE4350 len 0001BCB0 (111 KiB): D/IRAM[0m
[0;32mI (566) heap_init: At 4009A894 len 0000576C (21 KiB): IRAM[0m
[0;32mI (573) spi_flash: detected chip: generic[0m
[0;32mI (576) spi_flash: flash io: dio[0m
[0;33mW (580) spi_flash: Detected size(16384k) larger than the size in the binary image header(4096k). Using the size in the binary image header.[0m
[0;32mI (594) coexist: coex firmware version: ebddf30[0m
[0;32mI (599) app_start: Starting scheduler on CPU0[0m
[0;32m[0;32mI (604) app_start: Starting scheduler on CPU1[0m
I (604) main_task: Started on CPU0[0m
[0;32mI (614) main_task: Calling app_main()[0m
========================================================= 
.______     ______   .___________. _______ .__   __. .___________. __    ______        _______.___________.    ___   .___________.     
|   _  \  /  __   \ |            ||   ____||  \ |  | |           ||  |  /  __  \      /       |           |   /   \  |           |     
|  |_)  | |  |  |  | `---|  |----`|  |__   |   \|  | `---|  |----`|  | |  |  |  |    |   (----`---|  |----`  /  ^  \ `---|  |----`     
|   ___/  |  |  |  |     |  |     |   __|  |  . `  |     |  |     |  | |  |  |  |     \   \       |  |      /  /_\  \    |  |          
|  |      |  `--'  |     |  |     |  |____ |  |\   |     |  |     |  | |  `--'  | .----)   |      |  |     /  _____  \   |  |          
| _|       \______/      |__|     |_______||__| \__|     |__|     |__|  \______/  |_______/       |__|    /__/     \__\  |__|          
========================================================= 
[0;32mI (704) BTDM_INIT: BT controller compile version [ad2b7cd][0m
[0;32mI (714) phy_init: phy_version 4670,719f9f6,Feb 18 2021,17:07:07[0m
[0;32mI (1144) GATTS_DEMO: REGISTER_APP_EVT, status 0, app_id 0
[0m
[0;32mI (1154) GATTS_DEMO: CREATE_SERVICE_EVT, status 0,  service_handle 40
[0m
[0;32mI (1154) GATTS_DEMO: REGISTER_APP_EVT, status 0, app_id 1
[0m
[0;32mI (1154) SDCARD: Initializing SD card[0m
[0;32mI (1164) SDCARD: Using SPI peripheral[0m

***ERROR*** A stack overflow in task ADC has been detected.


Backtrace: 0x0000007d:0x00000000 |<-CORRUPTED




ELF file SHA256: 340cec0d48700040

Rebooting...
ets Jul 29 2019 12:21:46

rst:0xc (SW_CPU_RESET),boot:0x13 (SPI_FAST_FLASH_BOOT)
configsip: 0, SPIWP:0xee
clk_drv:0x00,q_drv:0x00,d_drv:0x00,cs0_drv:0x00,hd_drv:0x00,wp_drv:0x00
mode:DIO, clock div:2
load:0x3fff0030,len:7084
ho 0 tail 12 room 4
load:0x40078000,len:15576
ho 0 tail 12 room 4
load:0x40080400,len:4
load:0x40080404,len:3876
entry 0x4008064c
[0;32mI (32) boot: ESP-IDF v5.1-dirty 2nd stage bootloader[0m
[0;32mI (33) boot: compile time Jun 21 2024 16:36:30[0m
[0;32mI (33) boot: Multicore bootloader[0m
[0;32mI (37) boot: chip revision: v3.1[0m
[0;32mI (41) boot.esp32: SPI Speed      : 40MHz[0m
[0;32mI (46) boot.esp32: SPI Mode       : DIO[0m
[0;32mI (50) boot.esp32: SPI Flash Size : 4MB[0m
[0;32mI (55) boot: Enabling RNG early entropy source...[0m
[0;32mI (60) boot: Partition Table:[0m
[0;32mI (64) boot: ## Label            Usage          Type ST Offset   Length[0m
[0;32mI (71) boot:  0 nvs              WiFi data        01 02 00009000 00006000[0m
[0;32mI (79) boot:  1 phy_init         RF data          01 01 0000f000 00001000[0m
[0;32mI (86) boot:  2 factory          factory app      00 00 00010000 00100000[0m
[0;32mI (94) boot: End of partition table[0m
[0;32mI (98) esp_image: segment 0: paddr=00010020 vaddr=3f400020 size=261e4h (156132) map[0m
[0;32mI (163) esp_image: segment 1: paddr=0003620c vaddr=3ffbdb60 size=0476ch ( 18284) load[0m
[0;32mI (170) esp_image: segment 2: paddr=0003a980 vaddr=40080000 size=05698h ( 22168) load[0m
[0;32mI (180) esp_image: segment 3: paddr=00040020 vaddr=400d0020 size=90e68h (593512) map[0m
[0;32mI (394) esp_image: segment 4: paddr=000d0e90 vaddr=40085698 size=151fch ( 86524) load[0m
[0;32mI (444) boot: Loaded app from partition at offset 0x10000[0m
[0;32mI (444) boot: Disabling RNG early entropy source...[0m
[0;32mI (455) cpu_start: Multicore app[0m
[0;32mI (456) cpu_start: Pro cpu up.[0m
[0;32mI (456) cpu_start: Starting app cpu, entry point is 0x40081544[0m
[0;32mI (442) cpu_start: App cpu up.[0m
[0;32mI (474) cpu_start: Pro cpu start user code[0m
[0;32mI (474) cpu_start: cpu freq: 160000000 Hz[0m
[0;32mI (474) cpu_start: Application information:[0m
[0;32mI (479) cpu_start: Project name:     Potentio_ESP[0m
[0;32mI (484) cpu_start: App version:      b1d72289b-dirty[0m
[0;32mI (490) cpu_start: Compile time:     Jun 21 2024 16:36:18[0m
[0;32mI (496) cpu_start: ELF file SHA256:  340cec0d48700040...[0m
[0;32mI (502) cpu_start: ESP-IDF:          v5.1-dirty[0m
[0;32mI (507) cpu_start: Min chip rev:     v0.0[0m
[0;32mI (511) cpu_start: Max chip rev:     v3.99 [0m
[0;32mI (516) cpu_start: Chip rev:         v3.1[0m
[0;32mI (521) heap_init: Initializing. RAM available for dynamic allocation:[0m
[0;32mI (528) heap_init: At 3FFAFF10 len 000000F0 (0 KiB): DRAM[0m
[0;32mI (534) heap_init: At 3FFB6388 len 00001C78 (7 KiB): DRAM[0m
[0;32mI (540) heap_init: At 3FFB9A20 len 00004108 (16 KiB): DRAM[0m
[0;32mI (547) heap_init: At 3FFC7D28 len 000182D8 (96 KiB): DRAM[0m
[0;32mI (553) heap_init: At 3FFE0440 len 00003AE0 (14 KiB): D/IRAM[0m
[0;32mI (559) heap_init: At 3FFE4350 len 0001BCB0 (111 KiB): D/IRAM[0m
[0;32mI (566) heap_init: At 4009A894 len 0000576C (21 KiB): IRAM[0m
[0;32mI (573) spi_flash: detected chip: generic[0m
[0;32mI (576) spi_flash: flash io: dio[0m
[0;33mW (580) spi_flash: Detected size(16384k) larger than the size in the binary image header(4096k). Using the size in the binary image header.[0m
[0;32mI (594) coexist: coex firmware version: ebddf30[0m
[0;32mI (599) app_start: Starting scheduler on CPU0[0m
[0;32m[0;32mI (604) app_start: Starting scheduler on CPU1[0m
I (604) main_task: Started on CPU0[0m
[0;32mI (614) main_task: Calling app_main()[0m
========================================================= 
.______     ______   .___________. _______ .__   __. .___________. __    ______        _______.___________.    ___   .___________.     
|   _  \  /  __   \ |            ||   ____||  \ |  | |           ||  |  /  __  \      /       |           |   /   \  |           |     
|  |_)  | |  |  |  | `---|  |----`|  |__   |   \|  | `---|  |----`|  | |  |  |  |    |   (----`---|  |----`  /  ^  \ `---|  |----`     
|   ___/  |  |  |  |     |  |     |   __|  |  . `  |     |  |     |  | |  |  |  |     \   \       |  |      /  /_\  \    |  |          
|  |      |  `--'  |     |  |     |  |____ |  |\   |     |  |     |  | |  `--'  | .----)   |      |  |     /  _____  \   |  |          
| _|       \______/      |__|     |_______||__| \__|     |__|     |__|  \______/  |_______/       |__|    /__/     \__\  |__|          
========================================================= 
[0;32mI (704) BTDM_INIT: BT controller compile version [ad2b7cd][0m
[0;32mI (714) phy_init: phy_version 4670,719f9f6,Feb 18 2021,17:07:07[0m
[0;32mI (1134) GATTS_DEMO: REGISTER_APP_EVT, status 0, app_id 0
[0m
[0;32mI (1144) GATTS_DEMO: CREATE_SERVICE_EVT, status 0,  service_handle 40
[0m
[0;32mI (1144) GATTS_DEMO: REGISTER_APP_EVT, status 0, app_id 1
[0m
[0;32mI (1154) SDCARD: Initializing SD card[0m
[0;32mI (1154) SDCA
***ERROR*** A stack overflow in task ADC has been detected.


Backtrace: 0x40081bde:0x3ffd0cc0 0x40092b61:0x3ffd0ce0 0x400955aa:0x3ffd0d00 0x400941e3:0x3ffd0d80 0x400956f8:0x3ffd0da0 0x400956aa:0xa5a5a5a5 |<-CORRUPTED




ELF file SHA256: 340cec0d48700040

Rebooting...
ets Jul 29 2019 12:21:46

rst:0xc (SW_CPU_RESET),boot:0x13 (SPI_FAST_FLASH_BOOT)
configsip: 0, SPIWP:0xee
clk_drv:0x00,q_drv:0x00,d_drv:0x00,cs0_drv:0x00,hd_drv:0x00,wp_drv:0x00
mode:DIO, clock div:2
load:0x3fff0030,len:7084
ho 0 tail 12 room 4
load:0x40078000,len:15576
ho 0 tail 12 room 4
load:0x40080400,len:4
load:0x40080404,len:3876
entry 0x4008064c
[0;32mI (32) boot: ESP-IDF v5.1-dirty 2nd stage bootloader[0m
[0;32mI (33) boot: compile time Jun 21 2024 16:36:30[0m
[0;32mI (33) boot: Multicore bootloader[0m
[0;32mI (37) boot: chip revision: v3.1[0m
[0;32mI (41) boot.esp32: SPI Speed      : 40MHz[0m
[0;32mI (46) boot.esp32: SPI Mode       : DIO[0m
[0;32mI (50) boot.esp32: SPI Flash Size : 4MB[0m
[0;32mI (55) boot: Enabling RNG early entropy source...[0m
[0;32mI (60) boot: Partition Table:[0m
[0;32mI (64) boot: ## Label            Usage          Type ST Offset   Length[0m
[0;32mI (71) boot:  0 nvs              WiFi data        01 02 00009000 00006000[0m
[0;32mI (79) boot:  1 phy_init         RF data          01 01 0000f000 00001000[0m
[0;32mI (86) boot:  2 factory          factory app      00 00 00010000 00100000[0m
[0;32mI (94) boot: End of partition table[0m
[0;32mI (98) esp_image: segment 0: paddr=00010020 vaddr=3f400020 size=261e4h (156132) map[0m
[0;32mI (163) esp_image: segment 1: paddr=0003620c vaddr=3ffbdb60 size=0476ch ( 18284) load[0m
[0;32mI (170) esp_image: segment 2: paddr=0003a980 vaddr=40080000 size=05698h ( 22168) load[0m
[0;32mI (180) esp_image: segment 3: paddr=00040020 vaddr=400d0020 size=90e68h (593512) map[0m
[0;32mI (394) esp_image: segment 4: paddr=000d0e90 vaddr=40085698 size=151fch ( 86524) load[0m
[0;32mI (444) boot: Loaded app from partition at offset 0x10000[0m
[0;32mI (444) boot: Disabling RNG early entropy source...[0m
[0;32mI (455) cpu_start: Multicore app[0m
[0;32mI (456) cpu_start: Pro cpu up.[0m
[0;32mI (456) cpu_start: Starting app cpu, entry point is 0x40081544[0m
[0;32mI (442) cpu_start: App cpu up.[0m
[0;32mI (474) cpu_start: Pro cpu start user code[0m
[0;32mI (474) cpu_start: cpu freq: 160000000 Hz[0m
[0;32mI (474) cpu_start: Application information:[0m
[0;32mI (479) cpu_start: Project name:     Potentio_ESP[0m
[0;32mI (484) cpu_start: App version:      b1d72289b-dirty[0m
[0;32mI (490) cpu_start: Compile time:     Jun 21 2024 16:36:18[0m
[0;32mI (496) cpu_start: ELF file SHA256:  340cec0d48700040...[0m
[0;32mI (502) cpu_start: ESP-IDF:          v5.1-dirty[0m
[0;32mI (507) cpu_start: Min chip rev:     v0.0[0m
[0;32mI (511) cpu_start: Max chip rev:     v3.99 [0m
[0;32mI (516) cpu_start: Chip rev:         v3.1[0m
[0;32mI (521) heap_init: Initializing. RAM available for dynamic allocation:[0m
[0;32mI (528) heap_init: At 3FFAFF10 len 000000F0 (0 KiB): DRAM[0m
[0;32mI (534) heap_init: At 3FFB6388 len 00001C78 (7 KiB): DRAM[0m
[0;32mI (540) heap_init: At 3FFB9A20 len 00004108 (16 KiB): DRAM[0m
[0;32mI (547) heap_init: At 3FFC7D28 len 000182D8 (96 KiB): DRAM[0m
[0;32mI (553) heap_init: At 3FFE0440 len 00003AE0 (14 KiB): D/IRAM[0m
[0;32mI (559) heap_init: At 3FFE4350 len 0001BCB0 (111 KiB): D/IRAM[0m
[0;32mI (566) heap_init: At 4009A894 len 0000576C (21 KiB): IRAM[0m
[0;32mI (573) spi_flash: detected chip: generic[0m
[0;32mI (576) spi_flash: flash io: dio[0m
[0;33mW (580) spi_flash: Detected size(16384k) larger than the size in the binary image header(4096k). Using the size in the binary image header.[0m
[0;32mI (594) coexist: coex firmware version: ebddf30[0m
[0;32mI (599) app_start: Starting scheduler on CPU0[0m
[0;32m[0;32mI (604) app_start: Starting scheduler on CPU1[0m
I (604) main_task: Started on CPU0[0m
[0;32mI (614) main_task: Calling app_main()[0m
========================================================= 
.______     ______   .___________. _______ .__   __. .___________. __    ______        _______.___________.    ___   .___________.     
|   _  \  /  __   \ |            ||   ____||  \ |  | |           ||  |  /  __  \      /       |           |   /   \  |           |     
|  |_)  | |  |  |  | `---|  |----`|  |__   |   \|  | `---|  |----`|  | |  |  |  |    |   (----`---|  |----`  /  ^  \ `---|  |----`     
|   ___/  |  |  |  |     |  |     |   __|  |  . `  |     |  |     |  | |  |  |  |     \   \       |  |      /  /_\  \    |  |          
|  |      |  `--'  |     |  |     |  |____ |  |\   |     |  |     |  | |  `--'  | .----)   |      |  |     /  _____  \   |  |          
| _|       \______/      |__|     |_______||__| \__|     |__|     |__|  \______/  |_______/       |__|    /__/     \__\  |__|          
========================================================= 
[0;32mI (704) BTDM_INIT: BT controller compile version [ad2b7cd][0m
[0;32mI (714) phy_init: phy_version 4670,719f9f6,Feb 18 2021,17:07:07[0m
[0;32mI (1124) GATTS_DEMO: REGISTER_APP_EVT, status 0, app_id 0
[0m
[0;32mI (1134) SDCARD: Initializing SD card[0m
[0;32mI (1134) SDCARD: Using SPI peripheral[0m
[0;32mI (1134) SDCARD: Mounting filesystem[0m
[0;32mI (1144) gpio: GPIO[13]| 
***ERROR*** A stack overflow in task ADC has been detected.


Backtrace: 0x40081bde:0x3ffd10f0 0x40092b61:0x3ffd1110 0x400955aa:0x3ffd1130 0x400941e3:0x3ffd11b0 0x400956f8:0x3ffd11d0 0x400956aa:0x00000000 |<-CORRUPTED




ELF file SHA256: 340cec0d48700040

Rebooting...
ets Jul 29 2019 12:21:46

rst:0xc (SW_CPU_RESET),boot:0x13 (SPI_FAST_FLASH_BOOT)
configsip: 0, SPIWP:0xee
clk_drv:0x00,q_drv:0x00,d_drv:0x00,cs0_drv:0x00,hd_drv:0x00,wp_drv:0x00
mode:DIO, clock div:2
load:0x3fff0030,len:7084
ho 0 tail 12 room 4
load:0x40078000,len:15576
ho 0 tail 12 room 4
load:0x40080400,len:4
load:0x40080404,len:3876
entry 0x4008064c
[0;32mI (32) boot: ESP-IDF v5.1-dirty 2nd stage bootloader[0m
[0;32mI (33) boot: compile time Jun 21 2024 16:36:30[0m
[0;32mI (33) boot: Multicore bootloader[0m
[0;32mI (37) boot: chip revision: v3.1[0m
[0;32mI (41) boot.esp32: SPI Speed      : 40MHz[0m
[0;32mI (46) boot.esp32: SPI Mode       : DIO[0m
[0;32mI (50) boot.esp32: SPI Flash Size : 4MB[0m
[0;32mI (55) boot: Enabling RNG early entropy source...[0m
[0;32mI (60) boot: Partition Table:[0m
[0;32mI (64) boot: ## Label            Usage          Type ST Offset   Length[0m
[0;32mI (71) boot:  0 nvs              WiFi data        01 02 00009000 00006000[0m
[0;32mI (79) boot:  1 phy_init         RF data          01 01 0000f000 00001000[0m
[0;32mI (86) boot:  2 factory          factory app      00 00 00010000 00100000[0m
[0;32mI (94) boot: End of partition table[0m
[0;32mI (98) esp_image: segment 0: paddr=00010020 vaddr=3f400020 size=261e4h (156132) map[0m
[0;32mI (163) esp_image: segment 1: paddr=0003620c vaddr=3ffbdb60 size=0476ch ( 18284) load[0m
[0;32mI (170) esp_image: segment 2: paddr=0003a980 vaddr=40080000 size=05698h ( 22168) load[0m
[0;32mI (180) esp_image: segment 3: paddr=00040020 vaddr=400d0020 size=90e68h (593512) map[0m
[0;32mI (394) esp_image: segment 4: paddr=000d0e90 vaddr=40085698 size=151fch ( 86524) load[0m
[0;32mI (444) boot: Loaded app from partition at offset 0x10000[0m
[0;32mI (444) boot: Disabling RNG early entropy source...[0m
[0;32mI (455) cpu_start: Multicore app[0m
[0;32mI (456) cpu_start: Pro cpu up.[0m
[0;32mI (456) cpu_start: Starting app cpu, entry point is 0x40081544[0m
[0;32mI (442) cpu_start: App cpu up.[0m
[0;32mI (474) cpu_start: Pro cpu start user code[0m
[0;32mI (474) cpu_start: cpu freq: 160000000 Hz[0m
[0;32mI (474) cpu_start: Application information:[0m
[0;32mI (479) cpu_start: Project name:     Potentio_ESP[0m
[0;32mI (484) cpu_start: App version:      b1d72289b-dirty[0m
[0;32mI (490) cpu_start: Compile time:     Jun 21 2024 16:36:18[0m
[0;32mI (496) cpu_start: ELF file SHA256:  340cec0d48700040...[0m
[0;32mI (502) cpu_start: ESP-IDF:          v5.1-dirty[0m
[0;32mI (507) cpu_start: Min chip rev:     v0.0[0m
[0;32mI (511) cpu_start: Max chip rev:     v3.99 [0m
[0;32mI (516) cpu_start: Chip rev:         v3.1[0m
[0;32mI (521) heap_init: Initializing. RAM available for dynamic allocation:[0m
[0;32mI (528) heap_init: At 3FFAFF10 len 000000F0 (0 KiB): DRAM[0m
[0;32mI (534) heap_init: At 3FFB6388 len 00001C78 (7 KiB): DRAM[0m
[0;32mI (540) heap_init: At 3FFB9A20 len 00004108 (16 KiB): DRAM[0m
[0;32mI (547) heap_init: At 3FFC7D28 len 000182D8 (96 KiB): DRAM[0m
[0;32mI (553) heap_init: At 3FFE0440 len 00003AE0 (14 KiB): D/IRAM[0m
[0;32mI (559) heap_init: At 3FFE4350 len 0001BCB0 (111 KiB): D/IRAM[0m
[0;32mI (566) heap_init: At 4009A894 len 0000576C (21 KiB): IRAM[0m
[0;32mI (573) spi_flash: detected chip: generic[0m
[0;32mI (576) spi_flash: flash io: dio[0m
[0;33mW (580) spi_flash: Detected size(16384k) larger than the size in the binary image header(4096k). Using the size in the binary image header.[0m
[0;32mI (594) coexist: coex firmware version: ebddf30[0m
[0;32mI (599) app_start: Starting scheduler on CPU0[0m
[0;32m[0;32mI (604) app_start: Starting scheduler on CPU1[0m
I (604) main_task: Started on CPU0[0m
[0;32mI (614) main_task: Calling app_main()[0m
========================================================= 
.______     ______   .___________. _______ .__   __. .___________. __    ______        _______.___________.    ___   .___________.     
|   _  \  /  __   \ |            ||   ____||  \ |  | |           ||  |  /  __  \      /       |           |   /   \  |           |     
|  |_)  | |  |  |  | `---|  |----`|  |__   |   \|  | `---|  |----`|  | |  |  |  |    |   (----`---|  |----`  /  ^  \ `---|  |----`     
|   ___/  |  |  |  |     |  |     |   __|  |  . `  |     |  |     |  | |  |  |  |     \   \       |  |      /  /_\  \    |  |          
|  |      |  `--'  |     |  |     |  |____ |  |\   |     |  |     |  | |  `--'  | .----)   |      |  |     /  _____  \   |  |          
| _|       \______/      |__|     |_______||__| \__|     |__|     |__|  \______/  |_______/       |__|    /__/     \__\  |__|          
========================================================= 
[0;32mI (704) BTDM_INIT: BT controller compile version [ad2b7cd][0m
[0;32mI (714) phy_init: phy_version 4670,719f9f6,Feb 18 2021,17:07:07[0m
[0;32mI (1134) GATTS_DEMO: REGISTER_APP_EVT, status 0, app_id 0
[0m
[0;32mI (1144) GATTS_DEMO: CREATE_SERVICE_EVT, status 0,  service_handle 40
[0m
[0;32mI (1144) GATTS_DEMO: REGISTER_APP_EVT, status 0, app_id 1
[0m
[0;32mI (1154) SDCARD: Initializing SD card[0m
[0;32mI (1154) SDC
***ERROR*** A stack overflow in task ADC has been detected.


Backtrace: 0x40081bde:0x3ffd0cc0 0x40092b61:0x3ffd0ce0 0x400955aa:0x3ffd0d00 0x400941e3:0x3ffd0d80 0x400956f8:0x3ffd0da0 0x400956aa:0xa5a5a5a5 |<-CORRUPTED




ELF file SHA256: 340cec0d48700040

Rebooting...
ets Jul 29 2019 12:21:46

rst:0xc (SW_CPU_RESET),boot:0x13 (SPI_FAST_FLASH_BOOT)
configsip: 0, SPIWP:0xee
clk_drv:0x00,q_drv:0x00,d_drv:0x00,cs0_drv:0x00,hd_drv:0x00,wp_drv:0x00
mode:DIO, clock div:2
load:0x3fff0030,len:7084
ho 0 tail 12 room 4
load:0x40078000,len:15576
ho 0 tail 12 room 4
load:0x40080400,len:4
load:0x40080404,len:3876
entry 0x4008064c
[0;32mI (32) boot: ESP-IDF v5.1-dirty 2nd stage bootloader[0m
[0;32mI (33) boot: compile time Jun 21 2024 16:36:30[0m
[0;32mI (33) boot: Multicore bootloader[0m
[0;32mI (37) boot: chip revision: v3.1[0m
[0;32mI (41) boot.esp32: SPI Speed      : 40MHz[0m
[0;32mI (46) boot.esp32: SPI Mode       : DIO[0m
[0;32mI (50) boot.esp32: SPI Flash Size : 4MB[0m
[0;32mI (55) boot: Enabling RNG early entropy source...[0m
[0;32mI (60) boot: Partition Table:[0m
[0;32mI (64) boot: ## Label            Usage          Type ST Offset   Length[0m
[0;32mI (71) boot:  0 nvs              WiFi data        01 02 00009000 00006000[0m
[0;32mI (79) boot:  1 phy_init         RF data          01 01 0000f000 00001000[0m
[0;32mI (86) boot:  2 factory          factory app      00 00 00010000 00100000[0m
[0;32mI (94) boot: End of partition table[0m
[0;32mI (98) esp_image: segment 0: paddr=00010020 vaddr=3f400020 size=261e4h (156132) map[0m
[0;32mI (163) esp_image: segment 1: paddr=0003620c vaddr=3ffbdb60 size=0476ch ( 18284) load[0m
[0;32mI (170) esp_image: segment 2: paddr=0003a980 vaddr=40080000 size=05698h ( 22168) load[0m
[0;32mI (180) esp_image: segment 3: paddr=00040020 vaddr=400d0020 size=90e68h (593512) map[0m
[0;32mI (394) esp_image: segment 4: paddr=000d0e90 vaddr=40085698 size=151fch ( 86524) load[0m
[0;32mI (444) boot: Loaded app from partition at offset 0x10000[0m
[0;32mI (444) boot: Disabling RNG early entropy source...[0m
[0;32mI (455) cpu_start: Multicore app[0m
[0;32mI (456) cpu_start: Pro cpu up.[0m
[0;32mI (456) cpu_start: Starting app cpu, entry point is 0x40081544[0m
[0;32mI (442) cpu_start: App cpu up.[0m
[0;32mI (474) cpu_start: Pro cpu start user code[0m
[0;32mI (474) cpu_start: cpu freq: 160000000 Hz[0m
[0;32mI (474) cpu_start: Application information:[0m
[0;32mI (479) cpu_start: Project name:     Potentio_ESP[0m
[0;32mI (484) cpu_start: App version:      b1d72289b-dirty[0m
[0;32mI (490) cpu_start: Compile time:     Jun 21 2024 16:36:18[0m
[0;32mI (496) cpu_start: ELF file SHA256:  340cec0d48700040...[0m
[0;32mI (502) cpu_start: ESP-IDF:          v5.1-dirty[0m
[0;32mI (507) cpu_start: Min chip rev:     v0.0[0m
[0;32mI (511) cpu_start: Max chip rev:     v3.99 [0m
[0;32mI (516) cpu_start: Chip rev:         v3.1[0m
[0;32mI (521) heap_init: Initializing. RAM available for dynamic allocation:[0m
[0;32mI (528) heap_init: At 3FFAFF10 len 000000F0 (0 KiB): DRAM[0m
[0;32mI (534) heap_init: At 3FFB6388 len 00001C78 (7 KiB): DRAM[0m
[0;32mI (540) heap_init: At 3FFB9A20 len 00004108 (16 KiB): DRAM[0m
[0;32mI (547) heap_init: At 3FFC7D28 len 000182D8 (96 KiB): DRAM[0m
[0;32mI (553) heap_init: At 3FFE0440 len 00003AE0 (14 KiB): D/IRAM[0m
[0;32mI (559) heap_init: At 3FFE4350 len 0001BCB0 (111 KiB): D/IRAM[0m
[0;32mI (566) heap_init: At 4009A894 len 0000576C (21 KiB): IRAM[0m
[0;32mI (573) spi_flash: detected chip: generic[0m
[0;32mI (576) spi_flash: flash io: dio[0m
[0;33mW (580) spi_flash: Detected size(16384k) larger than the size in the binary image header(4096k). Using the size in the binary image header.[0m
[0;32mI (594) coexist: coex firmware version: ebddf30[0m
[0;32mI (599) app_start: Starting scheduler on CPU0[0m
[0;32m[0;32mI (604) app_start: Starting scheduler on CPU1[0m
I (604) main_task: Started on CPU0[0m
[0;32mI (614) main_task: Calling app_main()[0m
========================================================= 
.______     ______   .___________. _______ .__   __. .___________. __    ______        _______.___________.    ___   .___________.     
|   _  \  /  __   \ |            ||   ____||  \ |  | |           ||  |  /  __  \      /       |           |   /   \  |           |     
|  |_)  | |  |  |  | `---|  |----`|  |__   |   \|  | `---|  |----`|  | |  |  |  |    |   (----`---|  |----`  /  ^  \ `---|  |----`     
|   ___/  |  |  |  |     |  |     |   __|  |  . `  |     |  |     |  | |  |  |  |     \   \       |  |      /  /_\  \    |  |          
|  |      |  `--'  |     |  |     |  |____ |  |\   |     |  |     |  | |  `--'  | .----)   |      |  |     /  _____  \   |  |          
| _|       \______/      |__|     |_______||__| \__|     |__|     |__|  \______/  |_______/       |__|    /__/     \__\  |__|          
========================================================= 
[0;32mI (704) BTDM_INIT: BT controller compile version [ad2b7cd][0m
[0;32mI (714) phy_init: phy_version 4670,719f9f6,Feb 18 2021,17:07:07[0m
[0;32mI (1124) GATTS_DEMO: REGISTER_APP_EVT, status 0, app_id 0
[0m
[0;32mI (1134) GATTS_DEMO: CREATE_SERVICE_EVT, status 0,  service_handle 40
[0m
[0;32mI (1144) GATTS_DEMO: REGISTER_APP_EVT, status 0, app_id 1
[0m
[0;32mI (1144) SDCARD: Initializing SD card[0m
[0;32mI (1144) SDCAR
***ERROR*** A stack overflow in task ADC has been detected.


Backtrace: 0x40081bde:0x3ffd0cc0 0x40092b61:0x3ffd0ce0 0x400955aa:0x3ffd0d00 0x400941e3:0x3ffd0d80 0x400956f8:0x3ffd0da0 0x400956aa:0xa5a5a5a5 |<-CORRUPTED




ELF file SHA256: 340cec0d48700040

Rebooting...
ets Jul 29 2019 12:21:46

rst:0xc (SW_CPU_RESET),boot:0x13 (SPI_FAST_FLASH_BOOT)
configsip: 0, SPIWP:0xee
clk_drv:0x00,q_drv:0x00,d_drv:0x00,cs0_drv:0x00,hd_drv:0x00,wp_drv:0x00
mode:DIO, clock div:2
load:0x3fff0030,len:7084
ho 0 tail 12 room 4
load:0x40078000,len:15576
ho 0 tail 12 room 4
load:0x40080400,len:4
load:0x40080404,len:3876
entry 0x4008064c
[0;32mI (32) boot: ESP-IDF v5.1-dirty 2nd stage bootloader[0m
[0;32mI (33) boot: compile time Jun 21 2024 16:36:30[0m
[0;32mI (33) boot: Multicore bootloader[0m
[0;32mI (37) boot: chip revision: v3.1[0m
[0;32mI (41) boot.esp32: SPI Speed      : 40MHz[0m
[0;32mI (46) boot.esp32: SPI Mode       : DIO[0m
[0;32mI (50) boot.esp32: SPI Flash Size : 4MB[0m
[0;32mI (55) boot: Enabling RNG early entropy source...[0m
[0;32mI (60) boot: Partition Table:[0m
[0;32mI (64) boot: ## Label            Usage          Type ST Offset   Length[0m
[0;32mI (71) boot:  0 nvs              WiFi data        01 02 00009000 00006000[0m
[0;32mI (79) boot:  1 phy_init         RF data          01 01 0000f000 00001000[0m
[0;32mI (86) boot:  2 factory          factory app      00 00 00010000 00100000[0m
[0;32mI (94) boot: End of partition table[0m
[0;32mI (98) esp_image: segment 0: paddr=00010020 vaddr=3f400020 size=261e4h (156132) map[0m
[0;32mI (163) esp_image: segment 1: paddr=0003620c vaddr=3ffbdb60 size=0476ch ( 18284) load[0m
[0;32mI (170) esp_image: segment 2: paddr=0003a980 vaddr=40080000 size=05698h ( 22168) load[0m
[0;32mI (180) esp_image: segment 3: paddr=00040020 vaddr=400d0020 size=90e68h (593512) map[0m
[0;32mI (394) esp_image: segment 4: paddr=000d0e90 vaddr=40085698 size=151fch ( 86524) load[0m
[0;32mI (444) boot: Loaded app from partition at offset 0x10000[0m
[0;32mI (444) boot: Disabling RNG early entropy source...[0m
[0;32mI (455) cpu_start: Multicore app[0m
[0;32mI (456) cpu_start: Pro cpu up.[0m
[0;32mI (456) cpu_start: Starting app cpu, entry point is 0x40081544[0m
[0;32mI (442) cpu_start: App cpu up.[0m
[0;32mI (474) cpu_start: Pro cpu start user code[0m
[0;32mI (474) cpu_start: cpu freq: 160000000 Hz[0m
[0;32mI (474) cpu_start: Application information:[0m
[0;32mI (479) cpu_start: Project name:     Potentio_ESP[0m
[0;32mI (484) cpu_start: App version:      b1d72289b-dirty[0m
[0;32mI (490) cpu_start: Compile time:     Jun 21 2024 16:36:18[0m
[0;32mI (496) cpu_start: ELF file SHA256:  340cec0d48700040...[0m
[0;32mI (502) cpu_start: ESP-IDF:          v5.1-dirty[0m
[0;32mI (507) cpu_start: Min chip rev:     v0.0[0m
[0;32mI (511) cpu_start: Max chip rev:     v3.99 [0m
[0;32mI (516) cpu_start: Chip rev:         v3.1[0m
[0;32mI (521) heap_init: Initializing. RAM available for dynamic allocation:[0m
[0;32mI (528) heap_init: At 3FFAFF10 len 000000F0 (0 KiB): DRAM[0m
[0;32mI (534) heap_init: At 3FFB6388 len 00001C78 (7 KiB): DRAM[0m
[0;32mI (540) heap_init: At 3FFB9A20 len 00004108 (16 KiB): DRAM[0m
[0;32mI (547) heap_init: At 3FFC7D28 len 000182D8 (96 KiB): DRAM[0m
[0;32mI (553) heap_init: At 3FFE0440 len 00003AE0 (14 KiB): D/IRAM[0m
[0;32mI (559) heap_init: At 3FFE4350 len 0001BCB0 (111 KiB): D/IRAM[0m
[0;32mI (566) heap_init: At 4009A894 len 0000576C (21 KiB): IRAM[0m
[0;32mI (573) spi_flash: detected chip: generic[0m
[0;32mI (576) spi_flash: flash io: dio[0m
[0;33mW (580) spi_flash: Detected size(16384k) larger than the size in the binary image header(4096k). Using the size in the binary image header.[0m
[0;32mI (594) coexist: coex firmware version: ebddf30[0m
[0;32mI (599) app_start: Starting scheduler on CPU0[0m
[0;32m[0;32mI (604) app_start: Starting scheduler on CPU1[0m
I (604) main_task: Started on CPU0[0m
[0;32mI (614) main_task: Calling app_main()[0m
========================================================= 
.______     ______   .___________. _______ .__   __. .___________. __    ______        _______.___________.    ___   .___________.     
|   _  \  /  __   \ |            ||   ____||  \ |  | |           ||  |  /  __  \      /       |           |   /   \  |           |     
|  |_)  | |  |  |  | `---|  |----`|  |__   |   \|  | `---|  |----`|  | |  |  |  |    |   (----`---|  |----`  /  ^  \ `---|  |----`     
|   ___/  |  |  |  |     |  |     |   __|  |  . `  |     |  |     |  | |  |  |  |     \   \       |  |      /  /_\  \    |  |          
|  |      |  `--'  |     |  |     |  |____ |  |\   |     |  |     |  | |  `--'  | .----)   |      |  |     /  _____  \   |  |          
| _|       \______/      |__|     |_______||__| \__|     |__|     |__|  \______/  |_______/       |__|    /__/     \__\  |__|          
========================================================= 
[0;32mI (704) BTDM_INIT: BT controller compile version [ad2b7cd][0m
[0;32mI (714) phy_init: phy_version 4670,719f9f6,Feb 18 2021,17:07:07[0m
[0;32mI (1134) GATTS_DEMO: REGISTER_APP_EVT, status 0, app_id 0
[0m
[0;32mI (1144) GATTS_DEMO: CREATE_SERVICE_EVT, status 0,  service_handle 40
[0m
[0;32mI (1154) GATTS_DEMO: REGISTER_APP_EVT, status 0, app_id 1
[0m
[0;32mI (1154) SDCARD: Initializing SD card[0m
[0;32mI (1154) SDCARD
***ERROR*** A stack overflow in task ADC has been detected.


Backtrace: 0x40081bde:0x3ffd0cc0 0x40092b61:0x3ffd0ce0 0x400955aa:0x3ffd0d00 0x400941e3:0x3ffd0d80 0x400956f8:0x3ffd0da0 0x400956aa:0xa5a5a5a5 |<-CORRUPTED




ELF file SHA256: 340cec0d48700040

Rebooting...
ets Jul 29 2019 12:21:46

rst:0xc (SW_CPU_RESET),boot:0x13 (SPI_FAST_FLASH_BOOT)
configsip: 0, SPIWP:0xee
clk_drv:0x00,q_drv:0x00,d_drv:0x00,cs0_drv:0x00,hd_drv:0x00,wp_drv:0x00
mode:DIO, clock div:2
load:0x3fff0030,len:7084
ho 0 tail 12 room 4
load:0x40078000,len:15576
ho 0 tail 12 room 4
load:0x40080400,len:4
load:0x40080404,len:3876
entry 0x4008064c
[0;32mI (32) boot: ESP-IDF v5.1-dirty 2nd stage bootloader[0m
[0;32mI (33) boot: compile time Jun 21 2024 16:36:30[0m
[0;32mI (33) boot: Multicore bootloader[0m
[0;32mI (37) boot: chip revision: v3.1[0m
[0;32mI (41) boot.esp32: SPI Speed      : 40MHz[0m
[0;32mI (46) boot.esp32: SPI Mode       : DIO[0m
[0;32mI (50) boot.esp32: SPI Flash Size : 4MB[0m
[0;32mI (55) boot: Enabling RNG early entropy source...[0m
[0;32mI (60) boot: Partition Table:[0m
[0;32mI (64) boot: ## Label            Usage          Type ST Offset   Length[0m
[0;32mI (71) boot:  0 nvs              WiFi data        01 02 00009000 00006000[0m
[0;32mI (79) boot:  1 phy_init         RF data          01 01 0000f000 00001000[0m
[0;32mI (86) boot:  2 factory          factory app      00 00 00010000 00100000[0m
[0;32mI (94) boot: End of partition table[0m
[0;32mI (98) esp_image: segment 0: paddr=00010020 vaddr=3f400020 size=261e4h (156132) map[0m
[0;32mI (163) esp_image: segment 1: paddr=0003620c vaddr=3ffbdb60 size=0476ch ( 18284) load[0m
[0;32mI (170) esp_image: segment 2: paddr=0003a980 vaddr=40080000 size=05698h ( 22168) load[0m
[0;32mI (180) esp_image: segment 3: paddr=00040020 vaddr=400d0020 size=90e68h (593512) map[0m
[0;32mI (394) esp_image: segment 4: paddr=000d0e90 vaddr=40085698 size=151fch ( 86524) load[0m
[0;32mI (444) boot: Loaded app from partition at offset 0x10000[0m
[0;32mI (444) boot: Disabling RNG early entropy source...[0m
[0;32mI (455) cpu_start: Multicore app[0m
[0;32mI (456) cpu_start: Pro cpu up.[0m
[0;32mI (456) cpu_start: Starting app cpu, entry point is 0x40081544[0m
[0;32mI (442) cpu_start: App cpu up.[0m
[0;32mI (474) cpu_start: Pro cpu start user code[0m
[0;32mI (474) cpu_start: cpu freq: 160000000 Hz[0m
[0;32mI (474) cpu_start: Application information:[0m
[0;32mI (479) cpu_start: Project name:     Potentio_ESP[0m
[0;32mI (484) cpu_start: App version:      b1d72289b-dirty[0m
[0;32mI (490) cpu_start: Compile time:     Jun 21 2024 16:36:18[0m
[0;32mI (496) cpu_start: ELF file SHA256:  340cec0d48700040...[0m
[0;32mI (502) cpu_start: ESP-IDF:          v5.1-dirty[0m
[0;32mI (507) cpu_start: Min chip rev:     v0.0[0m
[0;32mI (511) cpu_start: Max chip rev:     v3.99 [0m
[0;32mI (516) cpu_start: Chip rev:         v3.1[0m
[0;32mI (521) heap_init: Initializing. RAM available for dynamic allocation:[0m
[0;32mI (528) heap_init: At 3FFAFF10 len 000000F0 (0 KiB): DRAM[0m
[0;32mI (534) heap_init: At 3FFB6388 len 00001C78 (7 KiB): DRAM[0m
[0;32mI (540) heap_init: At 3FFB9A20 len 00004108 (16 KiB): DRAM[0m
[0;32mI (547) heap_init: At 3FFC7D28 len 000182D8 (96 KiB): DRAM[0m
[0;32mI (553) heap_init: At 3FFE0440 len 00003AE0 (14 KiB): D/IRAM[0m
[0;32mI (559) heap_init: At 3FFE4350 len 0001BCB0 (111 KiB): D/IRAM[0m
[0;32mI (566) heap_init: At 4009A894 len 0000576C (21 KiB): IRAM[0m
[0;32mI (573) spi_flash: detected chip: generic[0m
[0;32mI (576) spi_flash: flash io: dio[0m
[0;33mW (580) spi_flash: Detected size(16384k) larger than the size in the binary image header(4096k). Using the size in the binary image header.[0m
[0;32mI (594) coexist: coex firmware version: ebddf30[0m
[0;32mI (599) app_start: Starting scheduler on CPU0[0m
[0;32m[0;32mI (604) app_start: Starting scheduler on CPU1[0m
I (604) main_task: Started on CPU0[0m
[0;32mI (614) main_task: Calling app_main()[0m
========================================================= 
.______     ______   .___________. _______ .__   __. .___________. __    ______        _______.___________.    ___   .___________.     
|   _  \  /  __   \ |            ||   ____||  \ |  | |           ||  |  /  __  \      /       |           |   /   \  |           |     
|  |_)  | |  |  |  | `---|  |----`|  |__   |   \|  | `---|  |----`|  | |  |  |  |    |   (----`---|  |----`  /  ^  \ `---|  |----`     
|   ___/  |  |  |  |     |  |     |   __|  |  . `  |     |  |     |  | |  |  |  |     \   \       |  |      /  /_\  \    |  |          
|  |      |  `--'  |     |  |     |  |____ |  |\   |     |  |     |  | |  `--'  | .----)   |      |  |     /  _____  \   |  |          
| _|       \______/      |__|     |_______||__| \__|     |__|     |__|  \______/  |_______/       |__|    /__/     \__\  |__|          
========================================================= 
[0;32mI (704) BTDM_INIT: BT controller compile version [ad2b7cd][0m
[0;32mI (714) phy_init: phy_version 4670,719f9f6,Feb 18 2021,17:07:07[0m
[0;32mI (1144) GATTS_DEMO: REGISTER_APP_EVT, status 0, app_id 0
[0m
[0;32mI (1144) SDCARD: Initializing SD card[0m
[0;32mI (1144) SDCARD: Using SPI peripheral[0m
[0;32mI (1154) GATTS_DEMO: CREATE_SERVICE_EVT, status 0,  service_handle 40
[0m
[0;32mI (1154) GATTS_DEMO: REGISTER_APP_EVT, status 0, app_id 1
[0m
[0;32mI (1154) SDCARD: Mounting filesystem[0m
[0;32mI (1164) ADC: caGuru Meditation Error: Core  1 panic'ed (LoadProhibited). Exception was unhandled.

Core  1 register dump:
PC      : 0x4000c26c  PS      : 0x00060033  A0      : 0x80094207  A1      : 0x3ffd0580  
A2      : 0x00060623  A3      : 0x3f4037f8  A4      : 0x00000014  A5      : 0x00060023  
A6      : 0xb33fffff  A7      : 0xb33fffff  A8      : 0x00000001  A9      : 0x00060623  
A10     : 0x00000001  A11     : 0x00000000  A12     : 0x00000000  A13     : 0x3ffd0740  
A14     : 0x3ffd0760  A15     : 0x00060923  SAR     : 0x0000000d  EXCCAUSE: 0x0000001c  
EXCVADDR: 0x00060623  LBEG    : 0x4000c2e0  LEND    : 0x4000c2f6  LCOUNT  : 0x00000000  


Backtrace: 0x4000c269:0x3ffd0580 0x40094204:0x3ffd05a0 0x400956f8:0x3ffd05c0 0x400956aa:0xa5a5a5a5 |<-CORRUPTED




ELF file SHA256: 340cec0d48700040

Rebooting...
ets Jul 29 2019 12:21:46

rst:0xc (SW_CPU_RESET),boot:0x13 (SPI_FAST_FLASH_BOOT)
configsip: 0, SPIWP:0xee
clk_drv:0x00,q_drv:0x00,d_drv:0x00,cs0_drv:0x00,hd_drv:0x00,wp_drv:0x00
mode:DIO, clock div:2
load:0x3fff0030,len:7084
ho 0 tail 12 room 4
load:0x40078000,len:15576
ho 0 tail 12 room 4
load:0x40080400,len:4
load:0x40080404,len:3876
entry 0x4008064c
[0;32mI (32) boot: ESP-IDF v5.1-dirty 2nd stage bootloader[0m
[0;32mI (33) boot: compile time Jun 21 2024 16:36:30[0m
[0;32mI (33) boot: Multicore bootloader[0m
[0;32mI (37) boot: chip revision: v3.1[0m
[0;32mI (41) boot.esp32: SPI Speed      : 40MHz[0m
[0;32mI (46) boot.esp32: SPI Mode       : DIO[0m
[0;32mI (50) boot.esp32: SPI Flash Size : 4MB[0m
[0;32mI (55) boot: Enabling RNG early entropy source...[0m
[0;32mI (60) boot: Partition Table:[0m
[0;32mI (64) boot: ## Label            Usage          Type ST Offset   Length[0m
[0;32mI (71) boot:  0 nvs              WiFi data        01 02 00009000 00006000[0m
[0;32mI (79) boot:  1 phy_init         RF data          01 01 0000f000 00001000[0m
[0;32mI (86) boot:  2 factory          factory app      00 00 00010000 00100000[0m
[0;32mI (94) boot: End of partition table[0m
[0;32mI (98) esp_image: segment 0: paddr=00010020 vaddr=3f400020 size=261e4h (156132) map[0m
[0;32mI (163) esp_image: segment 1: paddr=0003620c vaddr=3ffbdb60 size=0476ch ( 18284) load[0m
[0;32mI (170) esp_image: segment 2: paddr=0003a980 vaddr=40080000 size=05698h ( 22168) load[0m
[0;32mI (180) esp_image: segment 3: paddr=00040020 vaddr=400d0020 size=90e68h (593512) map[0m
[0;32mI (394) esp_image: segment 4: paddr=000d0e90 vaddr=40085698 size=151fch ( 86524) load[0m
[0;32mI (444) boot: Loaded app from partition at offset 0x10000[0m
[0;32mI (444) boot: Disabling RNG early entropy source...[0m
[0;32mI (455) cpu_start: Multicore app[0m
[0;32mI (456) cpu_start: Pro cpu up.[0m
[0;32mI (456) cpu_start: Starting app cpu, entry point is 0x40081544[0m
[0;32mI (442) cpu_start: App cpu up.[0m
[0;32mI (474) cpu_start: Pro cpu start user code[0m
[0;32mI (474) cpu_start: cpu freq: 160000000 Hz[0m
[0;32mI (474) cpu_start: Application information:[0m
[0;32mI (478) cpu_start: Project name:     Potentio_ESP[0m
[0;32mI (484) cpu_start: App version:      b1d72289b-dirty[0m
[0;32mI (490) cpu_start: Compile time:     Jun 21 2024 16:36:18[0m
[0;32mI (496) cpu_start: ELF file SHA256:  340cec0d48700040...[0m
[0;32mI (502) cpu_start: ESP-IDF:          v5.1-dirty[0m
[0;32mI (507) cpu_start: Min chip rev:     v0.0[0m
[0;32mI (511) cpu_start: Max chip rev:     v3.99 [0m
[0;32mI (516) cpu_start: Chip rev:         v3.1[0m
[0;32mI (521) heap_init: Initializing. RAM available for dynamic allocation:[0m
[0;32mI (528) heap_init: At 3FFAFF10 len 000000F0 (0 KiB): DRAM[0m
[0;32mI (534) heap_init: At 3FFB6388 len 00001C78 (7 KiB): DRAM[0m
[0;32mI (540) heap_init: At 3FFB9A20 len 00004108 (16 KiB): DRAM[0m
[0;32mI (547) heap_init: At 3FFC7D28 len 000182D8 (96 KiB): DRAM[0m
[0;32mI (553) heap_init: At 3FFE0440 len 00003AE0 (14 KiB): D/IRAM[0m
[0;32mI (559) heap_init: At 3FFE4350 len 0001BCB0 (111 KiB): D/IRAM[0m
[0;32mI (566) heap_init: At 4009A894 len 0000576C (21 KiB): IRAM[0m
[0;32mI (573) spi_flash: detected chip: generic[0m
[0;32mI (576) spi_flash: flash io: dio[0m
[0;33mW (580) spi_flash: Detected size(16384k) larger than the size in the binary image header(4096k). Using the size in the binary image header.[0m
[0;32mI (594) coexist: coex firmware version: ebddf30[0m
[0;32mI (599) app_start: Starting scheduler on CPU0[0m
[0;32m[0;32mI (604) app_start: Starting scheduler on CPU1[0m
I (604) main_task: Started on CPU0[0m
[0;32mI (614) main_task: Calling app_main()[0m
========================================================= 
.______     ______   .___________. _______ .__   __. .___________. __    ______        _______.___________.    ___   .___________.     
|   _  \  /  __   \ |            ||   ____||  \ |  | |           ||  |  /  __  \      /       |           |   /   \  |           |     
|  |_)  | |  |  |  | `---|  |----`|  |__   |   \|  | `---|  |----`|  | |  |  |  |    |   (----`---|  |----`  /  ^  \ `---|  |----`     
|   ___/  |  |  |  |     |  |     |   __|  |  . `  |     |  |     |  | |  |  |  |     \   \       |  |      /  /_\  \    |  |          
|  |      |  `--'  |     |  |     |  |____ |  |\   |     |  |     |  | |  `--'  | .----)   |      |  |     /  _____  \   |  |          
| _|       \______/      |__|     |_______||__| \__|     |__|     |__|  \______/  |_______/       |__|    /__/     \__\  |__|          
========================================================= 
[0;32mI (704) BTDM_INIT: BT controller compile version [ad2b7cd][0m
[0;32mI (714) phy_init: phy_version 4670,719f9f6,Feb 18 2021,17:07:07[0m
[0;32mI (1144) GATTS_DEMO: REGISTER_APP_EVT, status 0, app_id 0
[0m
[0;32mI (1154) SDCARD: Initializing SD card[0m
[0;32mI (1154) SDCARD: Using SPI peripheral[0m
[0;32mI (1154) SDCARD: Mounting filesystem[0m
[0;32mI (1164) gpio: GPIO[13]| Inp
***ERROR*** A stack overflow in task ADC has been detected.


Backtrace: 0x40081bde:0x3ffd10d0 0x40092b61:0x3ffd10f0 0x400955aa:0x3ffd1110 0x400941e3:0x3ffd1190 0x400956f8:0x3ffd11b0 0x400956aa:0x00000080 |<-CORRUPTED




ELF file SHA256: 340cec0d48700040

Rebooting...
ets Jul 29 2019 12:21:46

rst:0xc (SW_CPU_RESET),boot:0x13 (SPI_FAST_FLASH_BOOT)
configsip: 0, SPIWP:0xee
clk_drv:0x00,q_drv:0x00,d_drv:0x00,cs0_drv:0x00,hd_drv:0x00,wp_drv:0x00
mode:DIO, clock div:2
load:0x3fff0030,len:7084
ho 0 tail 12 room 4
load:0x40078000,len:15576
ho 0 tail 12 room 4
load:0x40080400,len:4
load:0x40080404,len:3876
entry 0x4008064c
[0;32mI (32) boot: ESP-IDF v5.1-dirty 2nd stage bootloader[0m
[0;32mI (33) boot: compile time Jun 21 2024 16:36:30[0m
[0;32mI (33) boot: Multicore bootloader[0m
[0;32mI (37) boot: chip revision: v3.1[0m
[0;32mI (41) boot.esp32: SPI Speed      : 40MHz[0m
[0;32mI (46) boot.esp32: SPI Mode       : DIO[0m
[0;32mI (50) boot.esp32: SPI Flash Size : 4MB[0m
[0;32mI (55) boot: Enabling RNG early entropy source...[0m
[0;32mI (60) boot: Partition Table:[0m
[0;32mI (64) boot: ## Label            Usage          Type ST Offset   Length[0m
[0;32mI (71) boot:  0 nvs              WiFi data        01 02 00009000 00006000[0m
[0;32mI (79) boot:  1 phy_init         RF data          01 01 0000f000 00001000[0m
[0;32mI (86) boot:  2 factory          factory app      00 00 00010000 00100000[0m
[0;32mI (94) boot: End of partition table[0m
[0;32mI (98) esp_image: segment 0: paddr=00010020 vaddr=3f400020 size=261e4h (156132) map[0m
[0;32mI (163) esp_image: segment 1: paddr=0003620c vaddr=3ffbdb60 size=0476ch ( 18284) load[0m
[0;32mI (170) esp_image: segment 2: paddr=0003a980 vaddr=40080000 size=05698h ( 22168) load[0m
[0;32mI (180) esp_image: segment 3: paddr=00040020 vaddr=400d0020 size=90e68h (593512) map[0m
[0;32mI (394) esp_image: segment 4: paddr=000d0e90 vaddr=40085698 size=151fch ( 86524) load[0m
[0;32mI (444) boot: Loaded app from partition at offset 0x10000[0m
[0;32mI (444) boot: Disabling RNG early entropy source...[0m
[0;32mI (455) cpu_start: Multicore app[0m
[0;32mI (456) cpu_start: Pro cpu up.[0m
[0;32mI (456) cpu_start: Starting app cpu, entry point is 0x40081544[0m
[0;32mI (442) cpu_start: App cpu up.[0m
[0;32mI (474) cpu_start: Pro cpu start user code[0m
[0;32mI (474) cpu_start: cpu freq: 160000000 Hz[0m
[0;32mI (474) cpu_start: Application information:[0m
[0;32mI (479) cpu_start: Project name:     Potentio_ESP[0m
[0;32mI (484) cpu_start: App version:      b1d72289b-dirty[0m
[0;32mI (490) cpu_start: Compile time:     Jun 21 2024 16:36:18[0m
[0;32mI (496) cpu_start: ELF file SHA256:  340cec0d48700040...[0m
[0;32mI (502) cpu_start: ESP-IDF:          v5.1-dirty[0m
[0;32mI (507) cpu_start: Min chip rev:     v0.0[0m
[0;32mI (511) cpu_start: Max chip rev:     v3.99 [0m
[0;32mI (516) cpu_start: Chip rev:         v3.1[0m
[0;32mI (521) heap_init: Initializing. RAM available for dynamic allocation:[0m
[0;32mI (528) heap_init: At 3FFAFF10 len 000000F0 (0 KiB): DRAM[0m
[0;32mI (534) heap_init: At 3FFB6388 len 00001C78 (7 KiB): DRAM[0m
[0;32mI (540) heap_init: At 3FFB9A20 len 00004108 (16 KiB): DRAM[0m
[0;32mI (547) heap_init: At 3FFC7D28 len 000182D8 (96 KiB): DRAM[0m
[0;32mI (553) heap_init: At 3FFE0440 len 00003AE0 (14 KiB): D/IRAM[0m
[0;32mI (559) heap_init: At 3FFE4350 len 0001BCB0 (111 KiB): D/IRAM[0m
[0;32mI (566) heap_init: At 4009A894 len 0000576C (21 KiB): IRAM[0m
[0;32mI (573) spi_flash: detected chip: generic[0m
[0;32mI (576) spi_flash: flash io: dio[0m
[0;33mW (580) spi_flash: Detected size(16384k) larger than the size in the binary image header(4096k). Using the size in the binary image header.[0m
[0;32mI (594) coexist: coex firmware version: ebddf30[0m
[0;32mI (599) app_start: Starting scheduler on CPU0[0m
[0;32m[0;32mI (604) app_start: Starting scheduler on CPU1[0m
I (604) main_task: Started on CPU0[0m
[0;32mI (614) main_task: Calling app_main()[0m
========================================================= 
.______     ______   .___________. _______ .__   __. .___________. __    ______        _______.___________.    ___   .___________.     
|   _  \  /  __   \ |            ||   ____||  \ |  | |           ||  |  /  __  \      /       |           |   /   \  |           |     
|  |_)  | |  |  |  | `---|  |----`|  |__   |   \|  | `---|  |----`|  | |  |  |  |    |   (----`---|  |----`  /  ^  \ `---|  |----`     
|   ___/  |  |  |  |     |  |     |   __|  |  . `  |     |  |     |  | |  |  |  |     \   \       |  |      /  /_\  \    |  |          
|  |      |  `--'  |     |  |     |  |____ |  |\   |     |  |     |  | |  `--'  | .----)   |      |  |     /  _____  \   |  |          
| _|       \______/      |__|     |_______||__| \__|     |__|     |__|  \______/  |_______/       |__|    /__/     \__\  |__|          
========================================================= 
[0;32mI (704) BTDM_INIT: BT controller compile version [ad2b7cd][0m
[0;32mI (714) phy_init: phy_version 4670,719f9f6,Feb 18 2021,17:07:07[0m
[0;32mI (1134) GATTS_DEMO: REGISTER_APP_EVT, status 0, app_id 0
[0m
[0;32mI (1144) GATTS_DEMO: CREATE_SERVICE_EVT, status 0,  service_handle 40
[0m
[0;32mI (1144) GATTS_DEMO: REGISTER_APP_EVT, status 0, app_id 1
[0m
[0;32mI (1144) SDCARD: Initializing SD card[0m
[0;32mI (1154) SDCARD: Using SPI peripheral[0m

***ERROR*** A stack overflow in task ADC has been detected.


Backtrace: 0x40081bde:0x3ffd0dd0 0x40092b61:0x3ffd0df0 0x400955aa:0x3ffd0e10 0x400941e3:0x3ffd0e90 0x400956f8:0x3ffd0eb0 0x400956aa:0xa5a5a5a5 |<-CORRUPTED




ELF file SHA256: 340cec0d48700040

Rebooting...
ets Jul 29 2019 12:21:46

rst:0xc (SW_CPU_RESET),boot:0x13 (SPI_FAST_FLASH_BOOT)
configsip: 0, SPIWP:0xee
clk_drv:0x00,q_drv:0x00,d_drv:0x00,cs0_drv:0x00,hd_drv:0x00,wp_drv:0x00
mode:DIO, clock div:2
load:0x3fff0030,len:7084
ho 0 tail 12 room 4
load:0x40078000,len:15576
ho 0 tail 12 room 4
load:0x40080400,len:4
load:0x40080404,len:3876
entry 0x4008064c
[0;32mI (32) boot: ESP-IDF v5.1-dirty 2nd stage bootloader[0m
[0;32mI (33) boot: compile time Jun 21 2024 16:36:30[0m
[0;32mI (33) boot: Multicore bootloader[0m
[0;32mI (37) boot: chip revision: v3.1[0m
[0;32mI (41) boot.esp32: SPI Speed      : 40MHz[0m
[0;32mI (46) boot.esp32: SPI Mode       : DIO[0m
[0;32mI (50) boot.esp32: SPI Flash Size : 4MB[0m
[0;32mI (55) boot: Enabling RNG early entropy source...[0m
[0;32mI (60) boot: Partition Table:[0m
[0;32mI (64) boot: ## Label            Usage          Type ST Offset   Length[0m
[0;32mI (71) boot:  0 nvs              WiFi data        01 02 00009000 00006000[0m
[0;32mI (79) boot:  1 phy_init         RF data          01 01 0000f000 00001000[0m
[0;32mI (86) boot:  2 factory          factory app      00 00 00010000 00100000[0m
[0;32mI (94) boot: End of partition table[0m
[0;32mI (98) esp_image: segment 0: paddr=00010020 vaddr=3f400020 size=261e4h (156132) map[0m
[0;32mI (163) esp_image: segment 1: paddr=0003620c vaddr=3ffbdb60 size=0476ch ( 18284) load[0m
[0;32mI (170) esp_image: segment 2: paddr=0003a980 vaddr=40080000 size=05698h ( 22168) load[0m
[0;32mI (180) esp_image: segment 3: paddr=00040020 vaddr=400d0020 size=90e68h (593512) map[0m
[0;32mI (394) esp_image: segment 4: paddr=000d0e90 vaddr=40085698 size=151fch ( 86524) load[0m
[0;32mI (444) boot: Loaded app from partition at offset 0x10000[0m
[0;32mI (444) boot: Disabling RNG early entropy source...[0m
[0;32mI (455) cpu_start: Multicore app[0m
[0;32mI (456) cpu_start: Pro cpu up.[0m
[0;32mI (456) cpu_start: Starting app cpu, entry point is 0x40081544[0m
[0;32mI (442) cpu_start: App cpu up.[0m
[0;32mI (474) cpu_start: Pro cpu start user code[0m
[0;32mI (474) cpu_start: cpu freq: 160000000 Hz[0m
[0;32mI (474) cpu_start: Application information:[0m
[0;32mI (479) cpu_start: Project name:     Potentio_ESP[0m
[0;32mI (484) cpu_start: App version:      b1d72289b-dirty[0m
[0;32mI (490) cpu_start: Compile time:     Jun 21 2024 16:36:18[0m
[0;32mI (496) cpu_start: ELF file SHA256:  340cec0d48700040...[0m
[0;32mI (502) cpu_start: ESP-IDF:          v5.1-dirty[0m
[0;32mI (507) cpu_start: Min chip rev:     v0.0[0m
[0;32mI (511) cpu_start: Max chip rev:     v3.99 [0m
[0;32mI (516) cpu_start: Chip rev:         v3.1[0m
[0;32mI (521) heap_init: Initializing. RAM available for dynamic allocation:[0m
[0;32mI (528) heap_init: At 3FFAFF10 len 000000F0 (0 KiB): DRAM[0m
[0;32mI (534) heap_init: At 3FFB6388 len 00001C78 (7 KiB): DRAM[0m
[0;32mI (540) heap_init: At 3FFB9A20 len 00004108 (16 KiB): DRAM[0m
[0;32mI (547) heap_init: At 3FFC7D28 len 000182D8 (96 KiB): DRAM[0m
[0;32mI (553) heap_init: At 3FFE0440 len 00003AE0 (14 KiB): D/IRAM[0m
[0;32mI (559) heap_init: At 3FFE4350 len 0001BCB0 (111 KiB): D/IRAM[0m
[0;32mI (566) heap_init: At 4009A894 len 0000576C (21 KiB): IRAM[0m
[0;32mI (573) spi_flash: detected chip: generic[0m
[0;32mI (576) spi_flash: flash io: dio[0m
[0;33mW (580) spi_flash: Detected size(16384k) larger than the size in the binary image header(4096k). Using the size in the binary image header.[0m
[0;32mI (594) coexist: coex firmware version: ebddf30[0m
[0;32mI (599) app_start: Starting scheduler on CPU0[0m
[0;32m[0;32mI (604) app_start: Starting scheduler on CPU1[0m
I (604) main_task: Started on CPU0[0m
[0;32mI (614) main_task: Calling app_main()[0m
========================================================= 
.______     ______   .___________. _______ .__   __. .___________. __    ______        _______.___________.    ___   .___________.     
|   _  \  /  __   \ |            ||   ____||  \ |  | |           ||  |  /  __  \      /       |           |   /   \  |           |     
|  |_)  | |  |  |  | `---|  |----`|  |__   |   \|  | `---|  |----`|  | |  |  |  |    |   (----`---|  |----`  /  ^  \ `---|  |----`     
|   ___/  |  |  |  |     |  |     |   __|  |  . `  |     |  |     |  | |  |  |  |     \   \       |  |      /  /_\  \    |  |          
|  |      |  `--'  |     |  |     |  |____ |  |\   |     |  |     |  | |  `--'  | .----)   |      |  |     /  _____  \   |  |          
| _|       \______/      |__|     |_______||__| \__|     |__|     |__|  \______/  |_______/       |__|    /__/     \__\  |__|          
========================================================= 
[0;32mI (704) BTDM_INIT: BT controller compile version [ad2b7cd][0m
[0;32mI (714) phy_init: phy_version 4670,719f9f6,Feb 18 2021,17:07:07[0m
[0;32mI (1134) GATTS_DEMO: REGISTER_APP_EVT, status 0, app_id 0
[0m
[0;32mI (1144) GATTS_DEMO: CREATE_SERVICE_EVT, status 0,  service_handle 40
[0m
[0;32mI (1144) GATTS_DEMO: REGISTER_APP_EVT, status 0, app_id 1
[0m
[0;32mI (1154) SDCARD: Initializing SD card[0m
[0;32mI (1154) SDC
***ERROR*** A stack overflow in task ADC has been detected.


Backtrace: 0x40081bde:0x3ffd0cc0 0x40092b61:0x3ffd0ce0 0x400955aa:0x3ffd0d00 0x400941e3:0x3ffd0d80 0x400956f8:0x3ffd0da0 0x400956aa:0xa5a5a5a5 |<-CORRUPTED




ELF file SHA256: 340cec0d48700040

Rebooting...
ets Jul 29 2019 12:21:46

rst:0xc (SW_CPU_RESET),boot:0x13 (SPI_FAST_FLASH_BOOT)
configsip: 0, SPIWP:0xee
clk_drv:0x00,q_drv:0x00,d_drv:0x00,cs0_drv:0x00,hd_drv:0x00,wp_drv:0x00
mode:DIO, clock div:2
load:0x3fff0030,len:7084
ho 0 tail 12 room 4
load:0x40078000,len:15576
ho 0 tail 12 room 4
load:0x40080400,len:4
load:0x40080404,len:3876
entry 0x4008064c
[0;32mI (32) boot: ESP-IDF v5.1-dirty 2nd stage bootloader[0m
[0;32mI (33) boot: compile time Jun 21 2024 16:36:30[0m
[0;32mI (33) boot: Multicore bootloader[0m
[0;32mI (37) boot: chip revision: v3.1[0m
[0;32mI (41) boot.esp32: SPI Speed      : 40MHz[0m
[0;32mI (46) boot.esp32: SPI Mode       : DIO[0m
[0;32mI (50) boot.esp32: SPI Flash Size : 4MB[0m
[0;32mI (55) boot: Enabling RNG early entropy source...[0m
[0;32mI (60) boot: Partition Table:[0m
[0;32mI (64) boot: ## Label            Usage          Type ST Offset   Length[0m
[0;32mI (71) boot:  0 nvs              WiFi data        01 02 00009000 00006000[0m
[0;32mI (79) boot:  1 phy_init         RF data          01 01 0000f000 00001000[0m
[0;32mI (86) boot:  2 factory          factory app      00 00 00010000 00100000[0m
[0;32mI (94) boot: End of partition table[0m
[0;32mI (98) esp_image: segment 0: paddr=00010020 vaddr=3f400020 size=261e4h (156132) map[0m
[0;32mI (163) esp_image: segment 1: paddr=0003620c vaddr=3ffbdb60 size=0476ch ( 18284) load[0m
[0;32mI (170) esp_image: segment 2: paddr=0003a980 vaddr=40080000 size=05698h ( 22168) load[0m
[0;32mI (180) esp_image: segment 3: paddr=00040020 vaddr=400d0020 size=90e68h (593512) map[0m
[0;32mI (394) esp_image: segment 4: paddr=000d0e90 vaddr=40085698 size=151fch ( 86524) load[0m
[0;32mI (444) boot: Loaded app from partition at offset 0x10000[0m
[0;32mI (444) boot: Disabling RNG early entropy source...[0m
[0;32mI (455) cpu_start: Multicore app[0m
[0;32mI (456) cpu_start: Pro cpu up.[0m
[0;32mI (456) cpu_start: Starting app cpu, entry point is 0x40081544[0m
[0;32mI (442) cpu_start: App cpu up.[0m
[0;32mI (474) cpu_start: Pro cpu start user code[0m
[0;32mI (474) cpu_start: cpu freq: 160000000 Hz[0m
[0;32mI (474) cpu_start: Application information:[0m
[0;32mI (479) cpu_start: Project name:     Potentio_ESP[0m
[0;32mI (484) cpu_start: App version:      b1d72289b-dirty[0m
[0;32mI (490) cpu_start: Compile time:     Jun 21 2024 16:36:18[0m
[0;32mI (496) cpu_start: ELF file SHA256:  340cec0d48700040...[0m
[0;32mI (502) cpu_start: ESP-IDF:          v5.1-dirty[0m
[0;32mI (507) cpu_start: Min chip rev:     v0.0[0m
[0;32mI (511) cpu_start: Max chip rev:     v3.99 [0m
[0;32mI (516) cpu_start: Chip rev:         v3.1[0m
[0;32mI (521) heap_init: Initializing. RAM available for dynamic allocation:[0m
[0;32mI (528) heap_init: At 3FFAFF10 len 000000F0 (0 KiB): DRAM[0m
[0;32mI (534) heap_init: At 3FFB6388 len 00001C78 (7 KiB): DRAM[0m
[0;32mI (540) heap_init: At 3FFB9A20 len 00004108 (16 KiB): DRAM[0m
[0;32mI (547) heap_init: At 3FFC7D28 len 000182D8 (96 KiB): DRAM[0m
[0;32mI (553) heap_init: At 3FFE0440 len 00003AE0 (14 KiB): D/IRAM[0m
[0;32mI (559) heap_init: At 3FFE4350 len 0001BCB0 (111 KiB): D/IRAM[0m
[0;32mI (566) heap_init: At 4009A894 len 0000576C (21 KiB): IRAM[0m
[0;32mI (573) spi_flash: detected chip: generic[0m
[0;32mI (576) spi_flash: flash io: dio[0m
[0;33mW (580) spi_flash: Detected size(16384k) larger than the size in the binary image header(4096k). Using the size in the binary image header.[0m
[0;32mI (594) coexist: coex firmware version: ebddf30[0m
[0;32mI (599) app_start: Starting scheduler on CPU0[0m
[0;32m[0;32mI (604) app_start: Starting scheduler on CPU1[0m
I (604) main_task: Started on CPU0[0m
[0;32mI (614) main_task: Calling app_main()[0m
========================================================= 
.______     ______   .___________. _______ .__   __. .___________. __    ______        _______.___________.    ___   .___________.     
|   _  \  /  __   \ |            ||   ____||  \ |  | |           ||  |  /  __  \      /       |           |   /   \  |           |     
|  |_)  | |  |  |  | `---|  |----`|  |__   |   \|  | `---|  |----`|  | |  |  |  |    |   (----`---|  |----`  /  ^  \ `---|  |----`     
|   ___/  |  |  |  |     |  |     |   __|  |  . `  |     |  |     |  | |  |  |  |     \   \       |  |      /  /_\  \    |  |          
|  |      |  `--'  |     |  |     |  |____ |  |\   |     |  |     |  | |  `--'  | .----)   |      |  |     /  _____  \   |  |          
| _|       \______/      |__|     |_______||__| \__|     |__|     |__|  \______/  |_______/       |__|    /__/     \__\  |__|          
========================================================= 
[0;32mI (704) BTDM_INIT: BT controller compile version [ad2b7cd][0m
[0;32mI (714) phy_init: phy_version 4670,719f9f6,Feb 18 2021,17:07:07[0m
[0;32mI (1134) GATTS_DEMO: REGISTER_APP_EVT, status 0, app_id 0
[0m
[0;32mI (1144) GATTS_DEMO: CREATE_SERVICE_EVT, status 0,  service_handle 40
[0m
[0;32mI (1144) GATTS_DEMO: REGISTER_APP_EVT, status 0, app_id 1
[0m
[0;32mI (1154) SDCARD: Initializing SD card[0m
[0;32mI (1154) SDC
***ERROR*** A stack overflow in task ADC has been detected.


Backtrace: 0x40081bde:0x3ffd0cc0 0x40092b61:0x3ffd0ce0 0x400955aa:0x3ffd0d00 0x400941e3:0x3ffd0d80 0x400956f8:0x3ffd0da0 0x400956aa:0xa5a5a5a5 |<-CORRUPTED




ELF file SHA256: 340cec0d48700040

Rebooting...
ets Jul 29 2019 12:21:46

rst:0xc (SW_CPU_RESET),boot:0x13 (SPI_FAST_FLASH_BOOT)
configsip: 0, SPIWP:0xee
clk_drv:0x00,q_drv:0x00,d_drv:0x00,cs0_drv:0x00,hd_drv:0x00,wp_drv:0x00
mode:DIO, clock div:2
load:0x3fff0030,len:7084
ho 0 tail 12 room 4
load:0x40078000,len:15576
ho 0 tail 12 room 4
load:0x40080400,len:4
load:0x40080404,len:3876
entry 0x4008064c
[0;32mI (32) boot: ESP-IDF v5.1-dirty 2nd stage bootloader[0m
[0;32mI (33) boot: compile time Jun 21 2024 16:36:30[0m
[0;32mI (33) boot: Multicore bootloader[0m
[0;32mI (37) boot: chip revision: v3.1[0m
[0;32mI (41) boot.esp32: SPI Speed      : 40MHz[0m
[0;32mI (46) boot.esp32: SPI Mode       : DIO[0m
[0;32mI (50) boot.esp32: SPI Flash Size : 4MB[0m
[0;32mI (55) boot: Enabling RNG early entropy source...[0m
[0;32mI (60) boot: Partition Table:[0m
[0;32mI (64) boot: ## Label            Usage          Type ST Offset   Length[0m
[0;32mI (71) boot:  0 nvs              WiFi data        01 02 00009000 00006000[0m
[0;32mI (79) boot:  1 phy_init         RF data          01 01 0000f000 00001000[0m
[0;32mI (86) boot:  2 factory          factory app      00 00 00010000 00100000[0m
[0;32mI (94) boot: End of partition table[0m
[0;32mI (98) esp_image: segment 0: paddr=00010020 vaddr=3f400020 size=261e4h (156132) map[0m
[0;32mI (163) esp_image: segment 1: paddr=0003620c vaddr=3ffbdb60 size=0476ch ( 18284) load[0m
[0;32mI (170) esp_image: segment 2: paddr=0003a980 vaddr=40080000 size=05698h ( 22168) load[0m
[0;32mI (180) esp_image: segment 3: paddr=00040020 vaddr=400d0020 size=90e68h (593512) map[0m
[0;32mI (394) esp_image: segment 4: paddr=000d0e90 vaddr=40085698 size=151fch ( 86524) load[0m
[0;32mI (444) boot: Loaded app from partition at offset 0x10000[0m
[0;32mI (444) boot: Disabling RNG early entropy source...[0m
[0;32mI (455) cpu_start: Multicore app[0m
[0;32mI (456) cpu_start: Pro cpu up.[0m
[0;32mI (456) cpu_start: Starting app cpu, entry point is 0x40081544[0m
[0;32mI (442) cpu_start: App cpu up.[0m
[0;32mI (474) cpu_start: Pro cpu start user code[0m
[0;32mI (474) cpu_start: cpu freq: 160000000 Hz[0m
[0;32mI (474) cpu_start: Application information:[0m
[0;32mI (479) cpu_start: Project name:     Potentio_ESP[0m
[0;32mI (484) cpu_start: App version:      b1d72289b-dirty[0m
[0;32mI (490) cpu_start: Compile time:     Jun 21 2024 16:36:18[0m
[0;32mI (496) cpu_start: ELF file SHA256:  340cec0d48700040...[0m
[0;32mI (502) cpu_start: ESP-IDF:          v5.1-dirty[0m
[0;32mI (507) cpu_start: Min chip rev:     v0.0[0m
[0;32mI (511) cpu_start: Max chip rev:     v3.99 [0m
[0;32mI (516) cpu_start: Chip rev:         v3.1[0m
[0;32mI (521) heap_init: Initializing. RAM available for dynamic allocation:[0m
[0;32mI (528) heap_init: At 3FFAFF10 len 000000F0 (0 KiB): DRAM[0m
[0;32mI (534) heap_init: At 3FFB6388 len 00001C78 (7 KiB): DRAM[0m
[0;32mI (540) heap_init: At 3FFB9A20 len 00004108 (16 KiB): DRAM[0m
[0;32mI (547) heap_init: At 3FFC7D28 len 000182D8 (96 KiB): DRAM[0m
[0;32mI (553) heap_init: At 3FFE0440 len 00003AE0 (14 KiB): D/IRAM[0m
[0;32mI (559) heap_init: At 3FFE4350 len 0001BCB0 (111 KiB): D/IRAM[0m
[0;32mI (566) heap_init: At 4009A894 len 0000576C (21 KiB): IRAM[0m
[0;32mI (573) spi_flash: detected chip: generic[0m
[0;32mI (576) spi_flash: flash io: dio[0m
[0;33mW (580) spi_flash: Detected size(16384k) larger than the size in the binary image header(4096k). Using the size in the binary image header.[0m
[0;32mI (594) coexist: coex firmware version: ebddf30[0m
[0;32mI (599) app_start: Starting scheduler on CPU0[0m
[0;32m[0;32mI (604) app_start: Starting scheduler on CPU1[0m
I (604) main_task: Started on CPU0[0m
[0;32mI (614) main_task: Calling app_main()[0m
========================================================= 
.______     ______   .___________. _______ .__   __. .___________. __    ______        _______.___________.    ___   .___________.     
|   _  \  /  __   \ |            ||   ____||  \ |  | |           ||  |  /  __  \      /       |           |   /   \  |           |     
|  |_)  | |  |  |  | `---|  |----`|  |__   |   \|  | `---|  |----`|  | |  |  |  |    |   (----`---|  |----`  /  ^  \ `---|  |----`     
|   ___/  |  |  |  |     |  |     |   __|  |  . `  |     |  |     |  | |  |  |  |     \   \       |  |      /  /_\  \    |  |          
|  |      |  `--'  |     |  |     |  |____ |  |\   |     |  |     |  | |  `--'  | .----)   |      |  |     /  _____  \   |  |          
| _|       \______/      |__|     |_______||__| \__|     |__|     |__|  \______/  |_______/       |__|    /__/     \__\  |__|          
========================================================= 
[0;32mI (704) BTDM_INIT: BT controller compile version [ad2b7cd][0m
[0;32mI (714) phy_init: phy_version 4670,719f9f6,Feb 18 2021,17:07:07[0m
[0;32mI (1134) GATTS_DEMO: REGISTER_APP_EVT, status 0, app_id 0
[0m
[0;32mI (1144) SDCARD: Initializing SD card[0m
[0;32mI (1144) SDCARD: Using SPI peripheral[0m
[0;32mI (1154) GATTS_DEMO: CREATE_SERVICE_EVT, status 0,  service_handle 40
[0m
[0;32mI (1154) GATTS_DEMO: REGISTER_APP_EVT, status 0, app_id 1
[0m
[0;32mI (1154) SDCARD: Mounting filesystem[0m
[0;32mI (1164) ADC: ca
assert failed: xTaskPriorityDisinherit tasks.c:5194 (pxTCB->uxMutexesHeld)


Backtrace: 0x40081bde:0x3ffd08b0 0x40092b61:0x3ffd08d0 0x40098b65:0x3ffd08f0 0x40094a5b:0x3ffd0a10 0x40092b85:0x3ffd0a30 0x40093041:0x3ffd0a50 0x40098956:0x3ffd0a90 0x4015f7f8:0x3ffd0ab0 0x4015f952:0x3ffd0ae0 0x400988b9:0x3ffd0b10 0x40132261:0x3ffd0b60 0x40134338:0x3ffd0bc0 0x400d9eed:0x3ffd0c00 0x400d9f71:0x3ffd0c20 0x400d7b37:0x3ffd0ca0 0x400d7ba6:0x3ffd0d20 0x40095279:0x3ffd0d40




ELF file SHA256: 340cec0d48700040

Rebooting...
ets Jul 29 2019 12:21:46

rst:0xc (SW_CPU_RESET),boot:0x13 (SPI_FAST_FLASH_BOOT)
configsip: 0, SPIWP:0xee
clk_drv:0x00,q_drv:0x00,d_drv:0x00,cs0_drv:0x00,hd_drv:0x00,wp_drv:0x00
mode:DIO, clock div:2
load:0x3fff0030,len:7084
ho 0 tail 12 room 4
load:0x40078000,len:15576
ho 0 tail 12 room 4
load:0x40080400,len:4
load:0x40080404,len:3876
entry 0x4008064c
[0;32mI (32) boot: ESP-IDF v5.1-dirty 2nd stage bootloader[0m
[0;32mI (33) boot: compile time Jun 21 2024 16:36:30[0m
[0;32mI (33) boot: Multicore bootloader[0m
[0;32mI (37) boot: chip revision: v3.1[0m
[0;32mI (41) boot.esp32: SPI Speed      : 40MHz[0m
[0;32mI (46) boot.esp32: SPI Mode       : DIO[0m
[0;32mI (50) boot.esp32: SPI Flash Size : 4MB[0m
[0;32mI (55) boot: Enabling RNG early entropy source...[0m
[0;32mI (60) boot: Partition Table:[0m
[0;32mI (64) boot: ## Label            Usage          Type ST Offset   Length[0m
[0;32mI (71) boot:  0 nvs              WiFi data        01 02 00009000 00006000[0m
[0;32mI (79) boot:  1 phy_init         RF data          01 01 0000f000 00001000[0m
[0;32mI (86) boot:  2 factory          factory app      00 00 00010000 00100000[0m
[0;32mI (94) boot: End of partition table[0m
[0;32mI (98) esp_image: segment 0: paddr=00010020 vaddr=3f400020 size=261e4h (156132) map[0m
[0;32mI (163) esp_image: segment 1: paddr=0003620c vaddr=3ffbdb60 size=0476ch ( 18284) load[0m
[0;32mI (170) esp_image: segment 2: paddr=0003a980 vaddr=40080000 size=05698h ( 22168) load[0m
[0;32mI (180) esp_image: segment 3: paddr=00040020 vaddr=400d0020 size=90e68h (593512) map[0m
[0;32mI (394) esp_image: segment 4: paddr=000d0e90 vaddr=40085698 size=151fch ( 86524) load[0m
[0;32mI (444) boot: Loaded app from partition at offset 0x10000[0m
[0;32mI (444) boot: Disabling RNG early entropy source...[0m
[0;32mI (455) cpu_start: Multicore app[0m
[0;32mI (456) cpu_start: Pro cpu up.[0m
[0;32mI (456) cpu_start: Starting app cpu, entry point is 0x40081544[0m
[0;32mI (442) cpu_start: App cpu up.[0m
[0;32mI (474) cpu_start: Pro cpu start user code[0m
[0;32mI (474) cpu_start: cpu freq: 160000000 Hz[0m
[0;32mI (474) cpu_start: Application information:[0m
[0;32mI (478) cpu_start: Project name:     Potentio_ESP[0m
[0;32mI (484) cpu_start: App version:      b1d72289b-dirty[0m
[0;32mI (490) cpu_start: Compile time:     Jun 21 2024 16:36:18[0m
[0;32mI (496) cpu_start: ELF file SHA256:  340cec0d48700040...[0m
[0;32mI (502) cpu_start: ESP-IDF:          v5.1-dirty[0m
[0;32mI (507) cpu_start: Min chip rev:     v0.0[0m
[0;32mI (511) cpu_start: Max chip rev:     v3.99 [0m
[0;32mI (516) cpu_start: Chip rev:         v3.1[0m
[0;32mI (521) heap_init: Initializing. RAM available for dynamic allocation:[0m
[0;32mI (528) heap_init: At 3FFAFF10 len 000000F0 (0 KiB): DRAM[0m
[0;32mI (534) heap_init: At 3FFB6388 len 00001C78 (7 KiB): DRAM[0m
[0;32mI (540) heap_init: At 3FFB9A20 len 00004108 (16 KiB): DRAM[0m
[0;32mI (547) heap_init: At 3FFC7D28 len 000182D8 (96 KiB): DRAM[0m
[0;32mI (553) heap_init: At 3FFE0440 len 00003AE0 (14 KiB): D/IRAM[0m
[0;32mI (559) heap_init: At 3FFE4350 len 0001BCB0 (111 KiB): D/IRAM[0m
[0;32mI (566) heap_init: At 4009A894 len 0000576C (21 KiB): IRAM[0m
[0;32mI (573) spi_flash: detected chip: generic[0m
[0;32mI (576) spi_flash: flash io: dio[0m
[0;33mW (580) spi_flash: Detected size(16384k) larger than the size in the binary image header(4096k). Using the size in the binary image header.[0m
[0;32mI (594) coexist: coex firmware version: ebddf30[0m
[0;32mI (599) app_start: Starting scheduler on CPU0[0m
[0;32m[0;32mI (604) app_start: Starting scheduler on CPU1[0m
I (604) main_task: Started on CPU0[0m
[0;32mI (614) main_task: Calling app_main()[0m
